== S12_dense_256_u4_u8in_int6_p7mvu2 P7 stitched port widths
              <spirit:left spirit:format="long">7</spirit:left>
              <spirit:right spirit:format="long">0</spirit:right>
              <spirit:left spirit:format="long">7</spirit:left>
              <spirit:right spirit:format="long">0</spirit:right>
== S12_dense_256_u4_u8in_int6_fps250_lat200 P7 stitched port widths
              <spirit:left spirit:format="long">7</spirit:left>
              <spirit:right spirit:format="long">0</spirit:right>
              <spirit:left spirit:format="long">7</spirit:left>
              <spirit:right spirit:format="long">0</spirit:right>
== S12_dense_256_u4_analytical_v1_ft15ep_int6_fps250_lat200 P7 stitched port widths
              <spirit:left spirit:format="long">7</spirit:left>
              <spirit:right spirit:format="long">0</spirit:right>
              <spirit:left spirit:format="long">7</spirit:left>
              <spirit:right spirit:format="long">0</spirit:right>
== ILA slot 7 width: original vs new project
-- /home/thelegendiv/finn/vivado_projects/S12_256_analytical/s12_256_analytical
-- /home/thelegendiv/finn/vivado_projects/S12_256_analytical_p7mvu2/s12_256_analytical_p7mvu2
== 8-bit warning in original project logs?
/tmp/make_proj_p7mvu2.log
/tmp/regen_u8in.log
/tmp/upgrade_live_p1fix.log
