# set OLD_MARK /finn_build_tmp/S12_dense_256_u4_u8in_int6_fps250_lat200/GenericPartition_7/
INFO: [IP_Flow 19-1700] Loaded user IP repository '/home/thelegendiv/finn/notebooks/enet/finn_build_tmp/S12_dense_256_u4_analytical_v1_ft15ep_int6_fps250_lat200/GenericPartition_7/code_gen_ipgen_IODMA_hls_0_094h060g/project_IODMA_hls_0/sol1/impl/ip'.
INFO: [IP_Flow 19-1700] Loaded user IP repository '/home/thelegendiv/finn/notebooks/enet/finn_build_tmp/S12_dense_256_u4_u8in_int6_fps250_lat200/GenericPartition_7/code_gen_ipgen_GenericPartition_7_AddStreams_hls_0_y2pevnq7/project_GenericPartition_7_AddStreams_hls_0/sol1/impl/ip'.
INFO: [IP_Flow 19-1700] Loaded user IP repository '/home/thelegendiv/finn/notebooks/enet/finn_build_tmp/S12_dense_256_u4_u8in_int6_fps250_lat200/GenericPartition_7/code_gen_ipgen_GenericPartition_7_ChannelwiseOp_hls_0_9dl6ht6n/project_GenericPartition_7_ChannelwiseOp_hls_0/sol1/impl/ip'.
INFO: [IP_Flow 19-1700] Loaded user IP repository '/home/thelegendiv/finn/notebooks/enet/finn_build_tmp/S12_dense_256_u4_u8in_int6_fps250_lat200/GenericPartition_7/code_gen_ipgen_GenericPartition_7_DuplicateStreams_hls_0_1n7vvga8/project_GenericPartition_7_DuplicateStreams_hls_0/sol1/impl/ip'.
INFO: [IP_Flow 19-1700] Loaded user IP repository '/home/thelegendiv/finn/notebooks/enet/finn_build_tmp/S12_dense_256_u4_u8in_int6_fps250_lat200/GenericPartition_7/code_gen_ipgen_GenericPartition_7_FMPadding_Pixel_hls_0_40txg2p9/project_GenericPartition_7_FMPadding_Pixel_hls_0/sol1/impl/ip'.
INFO: [IP_Flow 19-1700] Loaded user IP repository '/home/thelegendiv/finn/notebooks/enet/finn_build_tmp/S12_dense_256_u4_u8in_int6_fps250_lat200/GenericPartition_7/code_gen_ipgen_GenericPartition_7_LabelSelect_hls_0_x_mmrm8g/project_GenericPartition_7_LabelSelect_hls_0/sol1/impl/ip'.
INFO: [IP_Flow 19-1700] Loaded user IP repository '/home/thelegendiv/finn/notebooks/enet/finn_build_tmp/S12_dense_256_u4_u8in_int6_fps250_lat200/GenericPartition_7/code_gen_ipgen_GenericPartition_7_VVAU_hls_0_0smfoads/project_GenericPartition_7_VVAU_hls_0/sol1/impl/ip'.
INFO: [IP_Flow 19-1700] Loaded user IP repository '/home/thelegendiv/finn/notebooks/enet/finn_build_tmp/S12_dense_256_u4_u8in_int6_fps250_lat200/GenericPartition_7/vivado_stitch_proj_ul86bwbf/ip'.
INFO: [Coretcl 2-133] re-setting run 'top_GenericPartition_7_0_0_synth_1'...
INFO: [Coretcl 2-133] re-setting run 'top_GenericPartition_7_0_0_impl_1'...
# puts "=== new project: [get_property DIRECTORY [current_project]] ==="
=== new project: /home/thelegendiv/finn/vivado_projects/S12_256_analytical_p7mvu2/s12_256_analytical_p7mvu2 ===
#     if {[string first $OLD_MARK $p] >= 0} { incr dropped; puts "  DROP $p" } else { lappend kept $p }
  DROP /home/thelegendiv/finn/notebooks/enet/finn_build_tmp/S12_dense_256_u4_u8in_int6_fps250_lat200/GenericPartition_7/code_gen_ipgen_GenericPartition_7_AddStreams_hls_0_y2pevnq7/project_GenericPartition_7_AddStreams_hls_0/sol1/impl/ip
  DROP /home/thelegendiv/finn/notebooks/enet/finn_build_tmp/S12_dense_256_u4_u8in_int6_fps250_lat200/GenericPartition_7/code_gen_ipgen_GenericPartition_7_ChannelwiseOp_hls_0_9dl6ht6n/project_GenericPartition_7_ChannelwiseOp_hls_0/sol1/impl/ip
  DROP /home/thelegendiv/finn/notebooks/enet/finn_build_tmp/S12_dense_256_u4_u8in_int6_fps250_lat200/GenericPartition_7/code_gen_ipgen_GenericPartition_7_DuplicateStreams_hls_0_1n7vvga8/project_GenericPartition_7_DuplicateStreams_hls_0/sol1/impl/ip
  DROP /home/thelegendiv/finn/notebooks/enet/finn_build_tmp/S12_dense_256_u4_u8in_int6_fps250_lat200/GenericPartition_7/code_gen_ipgen_GenericPartition_7_FMPadding_Pixel_hls_0_40txg2p9/project_GenericPartition_7_FMPadding_Pixel_hls_0/sol1/impl/ip
  DROP /home/thelegendiv/finn/notebooks/enet/finn_build_tmp/S12_dense_256_u4_u8in_int6_fps250_lat200/GenericPartition_7/code_gen_ipgen_GenericPartition_7_LabelSelect_hls_0_x_mmrm8g/project_GenericPartition_7_LabelSelect_hls_0/sol1/impl/ip
  DROP /home/thelegendiv/finn/notebooks/enet/finn_build_tmp/S12_dense_256_u4_u8in_int6_fps250_lat200/GenericPartition_7/code_gen_ipgen_GenericPartition_7_VVAU_hls_0_0smfoads/project_GenericPartition_7_VVAU_hls_0/sol1/impl/ip
  DROP /home/thelegendiv/finn/notebooks/enet/finn_build_tmp/S12_dense_256_u4_u8in_int6_fps250_lat200/GenericPartition_7/vivado_stitch_proj_ul86bwbf/ip
# puts "existing=[llength $existing] dropped_p7=$dropped kept=[llength $kept]"
existing=78 dropped_p7=7 kept=71
# set stitch [glob -nocomplain -type d $NEW_BUILD/GenericPartition_7/vivado_stitch_proj_*/ip]
# set hls [glob -nocomplain -type d $NEW_BUILD/GenericPartition_7/code_gen_ipgen_*_hls_*/*/sol1/impl/ip]
# puts "  P7 stitch=1 hls_children=[llength $hls]"
  P7 stitch=1 hls_children=6
# puts "new=[llength $new_paths] final=[llength $all_paths]"
new=7 final=78
INFO: [IP_Flow 19-1700] Loaded user IP repository '/home/thelegendiv/finn/notebooks/enet/finn_build_tmp/S12_dense_256_u4_analytical_v1_ft15ep_int6_fps250_lat200/GenericPartition_7/code_gen_ipgen_IODMA_hls_0_094h060g/project_IODMA_hls_0/sol1/impl/ip'.
# foreach d [get_ipdefs -quiet *GenericPartition_7*] { puts "  $d [get_property REPOSITORY $d]" }
  xilinx.com:hls:GenericPartition_7_AddStreams_hls_0:1.0 /home/thelegendiv/finn/notebooks/enet/finn_build_tmp/S12_dense_256_u4_u8in_int6_p7mvu2/GenericPartition_7/code_gen_ipgen_GenericPartition_7_AddStreams_hls_0_j5h3_4fd/project_GenericPartition_7_AddStreams_hls_0/sol1/impl/ip
  xilinx.com:hls:GenericPartition_7_ChannelwiseOp_hls_0:1.0 /home/thelegendiv/finn/notebooks/enet/finn_build_tmp/S12_dense_256_u4_u8in_int6_p7mvu2/GenericPartition_7/code_gen_ipgen_GenericPartition_7_ChannelwiseOp_hls_0_vsur4244/project_GenericPartition_7_ChannelwiseOp_hls_0/sol1/impl/ip
  xilinx.com:hls:GenericPartition_7_DuplicateStreams_hls_0:1.0 /home/thelegendiv/finn/notebooks/enet/finn_build_tmp/S12_dense_256_u4_u8in_int6_p7mvu2/GenericPartition_7/code_gen_ipgen_GenericPartition_7_DuplicateStreams_hls_0_6htaed8l/project_GenericPartition_7_DuplicateStreams_hls_0/sol1/impl/ip
  xilinx.com:hls:GenericPartition_7_FMPadding_Pixel_hls_0:1.0 /home/thelegendiv/finn/notebooks/enet/finn_build_tmp/S12_dense_256_u4_u8in_int6_p7mvu2/GenericPartition_7/code_gen_ipgen_GenericPartition_7_FMPadding_Pixel_hls_0_167pi18p/project_GenericPartition_7_FMPadding_Pixel_hls_0/sol1/impl/ip
  xilinx.com:hls:GenericPartition_7_LabelSelect_hls_0:1.0 /home/thelegendiv/finn/notebooks/enet/finn_build_tmp/S12_dense_256_u4_u8in_int6_p7mvu2/GenericPartition_7/code_gen_ipgen_GenericPartition_7_LabelSelect_hls_0_cqv4cqu9/project_GenericPartition_7_LabelSelect_hls_0/sol1/impl/ip
  xilinx.com:hls:GenericPartition_7_VVAU_hls_0:1.0 /home/thelegendiv/finn/notebooks/enet/finn_build_tmp/S12_dense_256_u4_u8in_int6_p7mvu2/GenericPartition_7/code_gen_ipgen_GenericPartition_7_VVAU_hls_0_xksdk1e8/project_GenericPartition_7_VVAU_hls_0/sol1/impl/ip
  xilinx_finn:finn:GenericPartition_7:1.0 /home/thelegendiv/finn/notebooks/enet/finn_build_tmp/S12_dense_256_u4_u8in_int6_p7mvu2/GenericPartition_7/vivado_stitch_proj_3ui7e11k/ip
Adding component instance block -- xilinx_finn:finn:GenericPartition_7:1.0 - GenericPartition_7_0
# upgrade_ip [get_ips top_GenericPartition_7_0_0] -log /tmp/upgrade_p7mvu2.log
WARNING: [Vivado 12-3647] The given sub-design is not contained in the block fileset 'top_GenericPartition_7_0_0'. Sub-design: '/home/thelegendiv/finn/vivado_projects/S12_256_analytical_p7mvu2/s12_256_analytical_p7mvu2/s12_256_analytical_p7mvu2.srcs/sources_1/bd/top/ip/top_GenericPartition_7_0_0/top
INFO: [IP_Flow 19-3420] Updated top_GenericPartition_7_0_0 to use current project options
INFO: [Coretcl 2-1525] Wrote upgrade log to '/tmp/upgrade_p7mvu2.log'.
WARNING: [BD 41-2384] Width mismatch when connecting pin: '/system_ila_0/SLOT_7_AXIS_tdata'(32) to pin: '/GenericPartition_7_0/m_axis_0_tdata'(8) - Only lower order bits will be connected.
WARNING: [BD 41-2384] Width mismatch when connecting pin: '/system_ila_0/SLOT_7_AXIS_tdata'(32) to pin: '/GenericPartition_7_0/m_axis_0_tdata'(8) - Only lower order bits will be connected.
INFO: [BD 41-1029] Generation completed for the IP Integrator block GenericPartition_7_0 .
| top_GenericPartition_7_0_0                                             | Up-to-date | No changes required | Change    | GenericPartition_7 | 1.0     | 1.0 (Rev. 2)          | Included   | xczu7ev-ffvc1156-2-e |
| GenericPartition_7_GenericPartition_7_AddStreams_hls_0_0               | Up-to-date | No changes required | Change    | Genericpartition_7 | 1.0     | 1.0 (Rev. 2114821738) | Included   | xczu7ev-ffvc1156-2-e |
| GenericPartition_7_GenericPartition_7_ChannelwiseOp_hls_0_0            | Up-to-date | No changes required | Change    | Genericpartition_7 | 1.0     | 1.0 (Rev. 2114821737) | Included   | xczu7ev-ffvc1156-2-e |
| GenericPartition_7_GenericPartition_7_DuplicateStreams_hls_0_0         | Up-to-date | No changes required | Change    | Genericpartition_7 | 1.0     | 1.0 (Rev. 2114821739) | Included   | xczu7ev-ffvc1156-2-e |
| GenericPartition_7_GenericPartition_7_FMPadding_Pixel_hls_0_0          | Up-to-date | No changes required | Change    | Genericpartition_7 | 1.0     | 1.0 (Rev. 2114821737) | Included   | xczu7ev-ffvc1156-2-e |
| GenericPartition_7_GenericPartition_7_LabelSelect_hls_0_0              | Up-to-date | No changes required | Change    | Genericpartition_7 | 1.0     | 1.0 (Rev. 2114821736) | Included   | xczu7ev-ffvc1156-2-e |
| GenericPartition_7_GenericPartition_7_MVAU_rtl_0_wstrm_0               | Up-to-date | No changes required | Change    | memstream          | 1.0     | 1.0 (Rev. 5)          | Included   | xczu7ev-ffvc1156-2-e |
| GenericPartition_7_GenericPartition_7_MVAU_rtl_1_wstrm_0               | Up-to-date | No changes required | Change    | memstream          | 1.0     | 1.0 (Rev. 5)          | Included   | xczu7ev-ffvc1156-2-e |
| GenericPartition_7_GenericPartition_7_MVAU_rtl_2_wstrm_0               | Up-to-date | No changes required | Change    | memstream          | 1.0     | 1.0 (Rev. 5)          | Included   | xczu7ev-ffvc1156-2-e |
| GenericPartition_7_GenericPartition_7_VVAU_hls_0_0                     | Up-to-date | No changes required | Change    | Genericpartition_7 | 1.0     | 1.0 (Rev. 2114821738) | Included   | xczu7ev-ffvc1156-2-e |
| GenericPartition_7_GenericPartition_7_VVAU_hls_0_wstrm_0               | Up-to-date | No changes required | Change    | memstream          | 1.0     | 1.0 (Rev. 5)          | Included   | xczu7ev-ffvc1156-2-e |
| GenericPartition_7_fifo_0                                              | Up-to-date | No changes required |  *(42)    | AXI4-Stream Data   | 2.0     | 2.0 (Rev. 9)          | Included   | xczu7ev-ffvc1156-2-e |
# puts "=== MAKE_PROJ_P7MVU2_DONE ==="
=== MAKE_PROJ_P7MVU2_DONE ===
---- ip status / runs
# puts "=== report_ip_status ==="
=== report_ip_status ===
# report_ip_status
Copyright 1986-2022 Xilinx, Inc. All Rights Reserved.
------------------------------------------------------------------------------------
| Tool Version : Vivado v.2022.2 (lin64) Build 3671981 Fri Oct 14 04:59:54 MDT 2022
| Date         : Sat Oct 10 01:05:32 2026
| Host         : finn_dev_thelegendiv running 64-bit Ubuntu 22.04.1 LTS
| Command      : report_ip_status
------------------------------------------------------------------------------------

IP Status Summary

1. Project IP Status
--------------------
Your project uses 235 IP. Some of these IP may have undergone changes in this release of the software. Please review the recommended actions.

More information on the Xilinx versioning policy is available at www.xilinx.com.

Project IP Instances
+------------------------------------------------------------------------+------------+---------------------+-----------+--------------------+---------+-----------------------+------------+----------------------+
| Instance Name                                                          | Status     | Recommendation      | Change    | IP Name            | IP      | New Version           | New        | Original Part        |
|                                                                        |            |                     | Log       |                    | Version |                       | License    |                      |
+------------------------------------------------------------------------+------------+---------------------+-----------+--------------------+---------+-----------------------+------------+----------------------+
| top_GenericPartition_0_0_0                                             | Up-to-date | No changes required | Change    | GenericPartition_0 | 1.0     | 1.0 (Rev. 2)          | Included   | xczu7ev-ffvc1156-2-e |
|                                                                        |            |                     | Log not   |                    | (Rev.   |                       |            |                      |
|                                                                        |            |                     | available |                    | 2)      |                       |            |                      |
+------------------------------------------------------------------------+------------+---------------------+-----------+--------------------+---------+-----------------------+------------+----------------------+
| top_GenericPartition_1_0_0                                             | Up-to-date | No changes required | Change    | GenericPartition_1 | 1.0     | 1.0 (Rev. 2)          | Included   | xczu7ev-ffvc1156-2-e |
|                                                                        |            |                     | Log not   |                    | (Rev.   |                       |            |                      |
|                                                                        |            |                     | available |                    | 2)      |                       |            |                      |
+------------------------------------------------------------------------+------------+---------------------+-----------+--------------------+---------+-----------------------+------------+----------------------+
| top_GenericPartition_2_0_0                                             | Up-to-date | No changes required | Change    | GenericPartition_2 | 1.0     | 1.0 (Rev. 2)          | Included   | xczu7ev-ffvc1156-2-e |
|                                                                        |            |                     | Log not   |                    | (Rev.   |                       |            |                      |
|                                                                        |            |                     | available |                    | 2)      |                       |            |                      |
+------------------------------------------------------------------------+------------+---------------------+-----------+--------------------+---------+-----------------------+------------+----------------------+
| top_GenericPartition_3_0_0                                             | Up-to-date | No changes required | Change    | GenericPartition_3 | 1.0     | 1.0 (Rev. 2)          | Included   | xczu7ev-ffvc1156-2-e |
|                                                                        |            |                     | Log not   |                    | (Rev.   |                       |            |                      |
|                                                                        |            |                     | available |                    | 2)      |                       |            |                      |
+------------------------------------------------------------------------+------------+---------------------+-----------+--------------------+---------+-----------------------+------------+----------------------+
| top_GenericPartition_4_0_0                                             | Up-to-date | No changes required | Change    | GenericPartition_4 | 1.0     | 1.0 (Rev. 2)          | Included   | xczu7ev-ffvc1156-2-e |
|                                                                        |            |                     | Log not   |                    | (Rev.   |                       |            |                      |
|                                                                        |            |                     | available |                    | 2)      |                       |            |                      |
+------------------------------------------------------------------------+------------+---------------------+-----------+--------------------+---------+-----------------------+------------+----------------------+
| top_GenericPartition_5_0_0                                             | Up-to-date | No changes required | Change    | GenericPartition_5 | 1.0     | 1.0 (Rev. 2)          | Included   | xczu7ev-ffvc1156-2-e |
|                                                                        |            |                     | Log not   |                    | (Rev.   |                       |            |                      |
|                                                                        |            |                     | available |                    | 2)      |                       |            |                      |
+------------------------------------------------------------------------+------------+---------------------+-----------+--------------------+---------+-----------------------+------------+----------------------+
| top_GenericPartition_6_0_0                                             | Up-to-date | No changes required | Change    | GenericPartition_6 | 1.0     | 1.0 (Rev. 2)          | Included   | xczu7ev-ffvc1156-2-e |
|                                                                        |            |                     | Log not   |                    | (Rev.   |                       |            |                      |
|                                                                        |            |                     | available |                    | 2)      |                       |            |                      |
+------------------------------------------------------------------------+------------+---------------------+-----------+--------------------+---------+-----------------------+------------+----------------------+
| top_GenericPartition_7_0_0                                             | Up-to-date | No changes required | Change    | GenericPartition_7 | 1.0     | 1.0 (Rev. 2)          | Included   | xczu7ev-ffvc1156-2-e |
|                                                                        |            |                     | Log not   |                    | (Rev.   |                       |            |                      |
|                                                                        |            |                     | available |                    | 2)      |                       |            |                      |
+------------------------------------------------------------------------+------------+---------------------+-----------+--------------------+---------+-----------------------+------------+----------------------+
| top_axi_smc_0                                                          | Up-to-date | No changes required |  *(1)     | AXI SmartConnect   | 1.0     | 1.0 (Rev. 19)         | Included   | xczu7ev-ffvc1156-2-e |
|                                                                        |            |                     |           |                    | (Rev.   |                       |            |                      |
|                                                                        |            |                     |           |                    | 19)     |                       |            |                      |
+------------------------------------------------------------------------+------------+---------------------+-----------+--------------------+---------+-----------------------+------------+----------------------+
