Copyright 1986-2022 Xilinx, Inc. All Rights Reserved.
------------------------------------------------------------------------------------------------------------------
| Tool Version : Vivado v.2022.2 (lin64) Build 3671981 Fri Oct 14 04:59:54 MDT 2022
| Date         : Wed Sep 16 18:04:50 2026
| Host         : finn_dev_thelegendiv running 64-bit Ubuntu 22.04.1 LTS
| Command      : report_utilization -hierarchical -hierarchical_depth 4 -file /tmp/hier_probe_dense_int6_pemh.rpt
| Design       : finn_design_wrapper
| Device       : xczu7ev-ffvc1156-2-e
| Speed File   : -2
| Design State : Routed
------------------------------------------------------------------------------------------------------------------

Utilization Design Information

Table of Contents
-----------------
1. Utilization by Hierarchy

1. Utilization by Hierarchy
---------------------------

+---------------------------------------------+----------------------------------------------------------+------------+------------+---------+------+-------+--------+--------+------+------------+
|                   Instance                  |                          Module                          | Total LUTs | Logic LUTs | LUTRAMs | SRLs |  FFs  | RAMB36 | RAMB18 | URAM | DSP Blocks |
+---------------------------------------------+----------------------------------------------------------+------------+------------+---------+------+-------+--------+--------+------+------------+
| finn_design_wrapper                         |                                                    (top) |      12379 |      10195 |     888 | 1296 | 19904 |     43 |     33 |    0 |         64 |
|   (finn_design_wrapper)                     |                                                    (top) |          0 |          0 |       0 |    0 |     0 |      0 |      0 |    0 |          0 |
|   finn_design_i                             |                                              finn_design |      12379 |      10195 |     888 | 1296 | 19904 |     43 |     33 |    0 |         64 |
|     AddStreams_hls_0                        |                           finn_design_AddStreams_hls_0_0 |         70 |         70 |       0 |    0 |    92 |      0 |      0 |    0 |          0 |
|       inst                                  |                                         AddStreams_hls_0 |         70 |         70 |       0 |    0 |    92 |      0 |      0 |    0 |          0 |
|         (inst)                              |                                         AddStreams_hls_0 |          8 |          8 |       0 |    0 |    29 |      0 |      0 |    0 |          0 |
|         flow_control_loop_pipe_no_ap_cont_U |       AddStreams_hls_0_flow_control_loop_pipe_no_ap_cont |         23 |         23 |       0 |    0 |     1 |      0 |      0 |    0 |          0 |
|         regslice_both_in0_V_U               |                           AddStreams_hls_0_regslice_both |         11 |         11 |       0 |    0 |    20 |      0 |      0 |    0 |          0 |
|         regslice_both_in1_V_U               |                        AddStreams_hls_0_regslice_both_88 |         11 |         11 |       0 |    0 |    20 |      0 |      0 |    0 |          0 |
|         regslice_both_out_V_U               |           AddStreams_hls_0_regslice_both__parameterized0 |         19 |         19 |       0 |    0 |    22 |      0 |      0 |    0 |          0 |
|     AddStreams_hls_1                        |                           finn_design_AddStreams_hls_1_0 |         70 |         70 |       0 |    0 |    92 |      0 |      0 |    0 |          0 |
|       inst                                  |                                         AddStreams_hls_1 |         70 |         70 |       0 |    0 |    92 |      0 |      0 |    0 |          0 |
|         (inst)                              |                                         AddStreams_hls_1 |          8 |          8 |       0 |    0 |    29 |      0 |      0 |    0 |          0 |
|         flow_control_loop_pipe_no_ap_cont_U |       AddStreams_hls_1_flow_control_loop_pipe_no_ap_cont |         23 |         23 |       0 |    0 |     1 |      0 |      0 |    0 |          0 |
|         regslice_both_in0_V_U               |                           AddStreams_hls_1_regslice_both |         12 |         12 |       0 |    0 |    20 |      0 |      0 |    0 |          0 |
|         regslice_both_in1_V_U               |                        AddStreams_hls_1_regslice_both_87 |         11 |         11 |       0 |    0 |    20 |      0 |      0 |    0 |          0 |
|         regslice_both_out_V_U               |           AddStreams_hls_1_regslice_both__parameterized0 |         19 |         19 |       0 |    0 |    22 |      0 |      0 |    0 |          0 |
|     ConvolutionInputGenerator_rtl_0         |            finn_design_ConvolutionInputGenerator_rtl_0_0 |        397 |        229 |     168 |    0 |   129 |      0 |      0 |    0 |          0 |
|       inst                                  |                          ConvolutionInputGenerator_rtl_0 |        397 |        229 |     168 |    0 |   129 |      0 |      0 |    0 |          0 |
|         impl                                |                     ConvolutionInputGenerator_rtl_0_impl |        397 |        229 |     168 |    0 |   129 |      0 |      0 |    0 |          0 |
|     ConvolutionInputGenerator_rtl_1         |            finn_design_ConvolutionInputGenerator_rtl_1_0 |        625 |        289 |     336 |    0 |   141 |      0 |      0 |    0 |          0 |
|       inst                                  |                          ConvolutionInputGenerator_rtl_1 |        625 |        289 |     336 |    0 |   141 |      0 |      0 |    0 |          0 |
|         impl                                |                     ConvolutionInputGenerator_rtl_1_impl |        625 |        289 |     336 |    0 |   141 |      0 |      0 |    0 |          0 |
|     DuplicateStreams_hls_0                  |                     finn_design_DuplicateStreams_hls_0_0 |         64 |         64 |       0 |    0 |    75 |      0 |      0 |    0 |          0 |
|       inst                                  |                                   DuplicateStreams_hls_0 |         64 |         64 |       0 |    0 |    75 |      0 |      0 |    0 |          0 |
|         (inst)                              |                                   DuplicateStreams_hls_0 |          0 |          0 |       0 |    0 |    26 |      0 |      0 |    0 |          0 |
|         flow_control_loop_pipe_no_ap_cont_U | DuplicateStreams_hls_0_flow_control_loop_pipe_no_ap_cont |         29 |         29 |       0 |    0 |     1 |      0 |      0 |    0 |          0 |
|         regslice_both_in0_V_U               |                     DuplicateStreams_hls_0_regslice_both |         10 |         10 |       0 |    0 |    16 |      0 |      0 |    0 |          0 |
|         regslice_both_out0_V_U              |                  DuplicateStreams_hls_0_regslice_both_85 |          8 |          8 |       0 |    0 |    16 |      0 |      0 |    0 |          0 |
|         regslice_both_out1_V_U              |                  DuplicateStreams_hls_0_regslice_both_86 |         18 |         18 |       0 |    0 |    16 |      0 |      0 |    0 |          0 |
|     DuplicateStreams_hls_1                  |                     finn_design_DuplicateStreams_hls_1_0 |         65 |         65 |       0 |    0 |    75 |      0 |      0 |    0 |          0 |
|       inst                                  |                                   DuplicateStreams_hls_1 |         65 |         65 |       0 |    0 |    75 |      0 |      0 |    0 |          0 |
|         (inst)                              |                                   DuplicateStreams_hls_1 |          0 |          0 |       0 |    0 |    26 |      0 |      0 |    0 |          0 |
|         flow_control_loop_pipe_no_ap_cont_U | DuplicateStreams_hls_1_flow_control_loop_pipe_no_ap_cont |         29 |         29 |       0 |    0 |     1 |      0 |      0 |    0 |          0 |
|         regslice_both_in0_V_U               |                     DuplicateStreams_hls_1_regslice_both |         10 |         10 |       0 |    0 |    16 |      0 |      0 |    0 |          0 |
|         regslice_both_out0_V_U              |                  DuplicateStreams_hls_1_regslice_both_83 |          8 |          8 |       0 |    0 |    16 |      0 |      0 |    0 |          0 |
|         regslice_both_out1_V_U              |                  DuplicateStreams_hls_1_regslice_both_84 |         18 |         18 |       0 |    0 |    16 |      0 |      0 |    0 |          0 |
|     FMPadding_rtl_0                         |                            finn_design_FMPadding_rtl_0_0 |         71 |         71 |       0 |    0 |   111 |      0 |      0 |    0 |          0 |
|       inst                                  |                                          FMPadding_rtl_0 |         71 |         71 |       0 |    0 |   111 |      0 |      0 |    0 |          0 |
|         impl                                |                                            fmpadding_axi |         71 |         71 |       0 |    0 |   111 |      0 |      0 |    0 |          0 |
|     FMPadding_rtl_1                         |                            finn_design_FMPadding_rtl_1_0 |         71 |         71 |       0 |    0 |   111 |      0 |      0 |    0 |          0 |
|       inst                                  |                                          FMPadding_rtl_1 |         71 |         71 |       0 |    0 |   111 |      0 |      0 |    0 |          0 |
|         impl                                |                            fmpadding_axi__parameterized0 |         71 |         71 |       0 |    0 |   111 |      0 |      0 |    0 |          0 |
|     MVAU_rtl_0                              |                                   MVAU_rtl_0_imp_1DNJB9Y |        508 |        508 |       0 |    0 |  1850 |      0 |      0 |    0 |         16 |
|       MVAU_rtl_0                            |                                 finn_design_MVAU_rtl_0_0 |        508 |        508 |       0 |    0 |  1848 |      0 |      0 |    0 |         16 |
|         inst                                |                                               MVAU_rtl_0 |        508 |        508 |       0 |    0 |  1848 |      0 |      0 |    0 |         16 |
|       MVAU_rtl_0_wstrm                      |                           finn_design_MVAU_rtl_0_wstrm_0 |          0 |          0 |       0 |    0 |     2 |      0 |      0 |    0 |          0 |
|         inst                                |                                    memstream_axi_wrapper |          0 |          0 |       0 |    0 |     2 |      0 |      0 |    0 |          0 |
|     MVAU_rtl_1                              |                                    MVAU_rtl_1_imp_BGQB3T |        276 |        252 |      24 |    0 |   613 |      0 |      0 |    0 |          4 |
|       MVAU_rtl_1                            |                                 finn_design_MVAU_rtl_1_0 |        247 |        247 |       0 |    0 |   553 |      0 |      0 |    0 |          4 |
|         inst                                |                                               MVAU_rtl_1 |        247 |        247 |       0 |    0 |   553 |      0 |      0 |    0 |          4 |
|       MVAU_rtl_1_wstrm                      |                           finn_design_MVAU_rtl_1_wstrm_0 |         30 |          6 |      24 |    0 |    60 |      0 |      0 |    0 |          0 |
|         inst                                |                    memstream_axi_wrapper__parameterized0 |         30 |          6 |      24 |    0 |    60 |      0 |      0 |    0 |          0 |
|     MVAU_rtl_2                              |                                    MVAU_rtl_2_imp_QB0MDL |        385 |        313 |      72 |    0 |   652 |      0 |      0 |    0 |          4 |
|       MVAU_rtl_2                            |                                 finn_design_MVAU_rtl_2_0 |        257 |        257 |       0 |    0 |   587 |      0 |      0 |    0 |          4 |
|         inst                                |                                               MVAU_rtl_2 |        257 |        257 |       0 |    0 |   587 |      0 |      0 |    0 |          4 |
|       MVAU_rtl_2_wstrm                      |                           finn_design_MVAU_rtl_2_wstrm_0 |        129 |         57 |      72 |    0 |    65 |      0 |      0 |    0 |          0 |
|         inst                                |                    memstream_axi_wrapper__parameterized1 |        129 |         57 |      72 |    0 |    65 |      0 |      0 |    0 |          0 |
|     MVAU_rtl_3                              |                                   MVAU_rtl_3_imp_1IRXAUE |        970 |        874 |      96 |    0 |  2247 |      0 |      0 |    0 |         16 |
|       MVAU_rtl_3                            |                                 finn_design_MVAU_rtl_3_0 |        871 |        871 |       0 |    0 |  2044 |      0 |      0 |    0 |         16 |
|         inst                                |                                               MVAU_rtl_3 |        871 |        871 |       0 |    0 |  2044 |      0 |      0 |    0 |         16 |
|       MVAU_rtl_3_wstrm                      |                           finn_design_MVAU_rtl_3_wstrm_0 |        100 |          4 |      96 |    0 |   203 |      0 |      0 |    0 |          0 |
|         inst                                |                    memstream_axi_wrapper__parameterized2 |        100 |          4 |      96 |    0 |   203 |      0 |      0 |    0 |          0 |
|     MVAU_rtl_4                              |                                   MVAU_rtl_4_imp_1DDGY3T |        276 |        252 |      24 |    0 |   613 |      0 |      0 |    0 |          4 |
|       MVAU_rtl_4                            |                                 finn_design_MVAU_rtl_4_0 |        247 |        247 |       0 |    0 |   553 |      0 |      0 |    0 |          4 |
|         inst                                |                                               MVAU_rtl_4 |        247 |        247 |       0 |    0 |   553 |      0 |      0 |    0 |          4 |
|       MVAU_rtl_4_wstrm                      |                           finn_design_MVAU_rtl_4_wstrm_0 |         30 |          6 |      24 |    0 |    60 |      0 |      0 |    0 |          0 |
|         inst                                |                    memstream_axi_wrapper__parameterized3 |         30 |          6 |      24 |    0 |    60 |      0 |      0 |    0 |          0 |
|     MVAU_rtl_5                              |                                    MVAU_rtl_5_imp_BQYGG6 |        387 |        315 |      72 |    0 |   652 |      0 |      0 |    0 |          4 |
|       MVAU_rtl_5                            |                                 finn_design_MVAU_rtl_5_0 |        258 |        258 |       0 |    0 |   587 |      0 |      0 |    0 |          4 |
|         inst                                |                                               MVAU_rtl_5 |        258 |        258 |       0 |    0 |   587 |      0 |      0 |    0 |          4 |
|       MVAU_rtl_5_wstrm                      |                           finn_design_MVAU_rtl_5_wstrm_0 |        130 |         58 |      72 |    0 |    65 |      0 |      0 |    0 |          0 |
|         inst                                |                    memstream_axi_wrapper__parameterized4 |        130 |         58 |      72 |    0 |    65 |      0 |      0 |    0 |          0 |
|     MVAU_rtl_6                              |                                    MVAU_rtl_6_imp_Q0SX86 |        684 |        588 |      96 |    0 |  2115 |      0 |      0 |    0 |         16 |
|       MVAU_rtl_6                            |                                 finn_design_MVAU_rtl_6_0 |        585 |        585 |       0 |    0 |  1916 |      0 |      0 |    0 |         16 |
|         inst                                |                                               MVAU_rtl_6 |        585 |        585 |       0 |    0 |  1916 |      0 |      0 |    0 |         16 |
|       MVAU_rtl_6_wstrm                      |                           finn_design_MVAU_rtl_6_wstrm_0 |         99 |          3 |      96 |    0 |   199 |      0 |      0 |    0 |          0 |
|         inst                                |                    memstream_axi_wrapper__parameterized5 |         99 |          3 |      96 |    0 |   199 |      0 |      0 |    0 |          0 |
|     StreamingDataWidthConverter_rtl_0       |          finn_design_StreamingDataWidthConverter_rtl_0_0 |        460 |        460 |       0 |    0 |   488 |      0 |      0 |    0 |          0 |
|       inst                                  |                        StreamingDataWidthConverter_rtl_0 |        460 |        460 |       0 |    0 |   488 |      0 |      0 |    0 |          0 |
|         impl                                |                                               dwc_axi_74 |        460 |        460 |       0 |    0 |   488 |      0 |      0 |    0 |          0 |
|     StreamingDataWidthConverter_rtl_1       |          finn_design_StreamingDataWidthConverter_rtl_1_0 |        135 |        135 |       0 |    0 |   166 |      0 |      0 |    0 |          0 |
|       inst                                  |                        StreamingDataWidthConverter_rtl_1 |        135 |        135 |       0 |    0 |   166 |      0 |      0 |    0 |          0 |
|         impl                                |                               dwc_axi__parameterized0_72 |        135 |        135 |       0 |    0 |   166 |      0 |      0 |    0 |          0 |
|     StreamingDataWidthConverter_rtl_10      |         finn_design_StreamingDataWidthConverter_rtl_10_0 |        451 |        451 |       0 |    0 |   484 |      0 |      0 |    0 |          0 |
|       inst                                  |                       StreamingDataWidthConverter_rtl_10 |        451 |        451 |       0 |    0 |   484 |      0 |      0 |    0 |          0 |
|         impl                                |                                                  dwc_axi |        451 |        451 |       0 |    0 |   484 |      0 |      0 |    0 |          0 |
|     StreamingDataWidthConverter_rtl_2       |          finn_design_StreamingDataWidthConverter_rtl_2_0 |         12 |         12 |       0 |    0 |    59 |      0 |      0 |    0 |          0 |
|       inst                                  |                        StreamingDataWidthConverter_rtl_2 |         12 |         12 |       0 |    0 |    59 |      0 |      0 |    0 |          0 |
|         impl                                |                               dwc_axi__parameterized1_70 |         12 |         12 |       0 |    0 |    59 |      0 |      0 |    0 |          0 |
|     StreamingDataWidthConverter_rtl_3       |          finn_design_StreamingDataWidthConverter_rtl_3_0 |         55 |         55 |       0 |    0 |    66 |      0 |      0 |    0 |          0 |
|       inst                                  |                        StreamingDataWidthConverter_rtl_3 |         55 |         55 |       0 |    0 |    66 |      0 |      0 |    0 |          0 |
|         impl                                |                               dwc_axi__parameterized2_68 |         55 |         55 |       0 |    0 |    66 |      0 |      0 |    0 |          0 |
|     StreamingDataWidthConverter_rtl_4       |          finn_design_StreamingDataWidthConverter_rtl_4_0 |        145 |        145 |       0 |    0 |   176 |      0 |      0 |    0 |          0 |
|       inst                                  |                        StreamingDataWidthConverter_rtl_4 |        145 |        145 |       0 |    0 |   176 |      0 |      0 |    0 |          0 |
|         impl                                |                               dwc_axi__parameterized3_66 |        145 |        145 |       0 |    0 |   176 |      0 |      0 |    0 |          0 |
|     StreamingDataWidthConverter_rtl_5       |          finn_design_StreamingDataWidthConverter_rtl_5_0 |        498 |        498 |       0 |    0 |   522 |      0 |      0 |    0 |          0 |
|       inst                                  |                        StreamingDataWidthConverter_rtl_5 |        498 |        498 |       0 |    0 |   522 |      0 |      0 |    0 |          0 |
|         impl                                |                                  dwc_axi__parameterized4 |        498 |        498 |       0 |    0 |   522 |      0 |      0 |    0 |          0 |
|     StreamingDataWidthConverter_rtl_6       |          finn_design_StreamingDataWidthConverter_rtl_6_0 |        135 |        135 |       0 |    0 |   166 |      0 |      0 |    0 |          0 |
|       inst                                  |                        StreamingDataWidthConverter_rtl_6 |        135 |        135 |       0 |    0 |   166 |      0 |      0 |    0 |          0 |
|         impl                                |                                  dwc_axi__parameterized0 |        135 |        135 |       0 |    0 |   166 |      0 |      0 |    0 |          0 |
|     StreamingDataWidthConverter_rtl_7       |          finn_design_StreamingDataWidthConverter_rtl_7_0 |         11 |         11 |       0 |    0 |    59 |      0 |      0 |    0 |          0 |
|       inst                                  |                        StreamingDataWidthConverter_rtl_7 |         11 |         11 |       0 |    0 |    59 |      0 |      0 |    0 |          0 |
|         impl                                |                                  dwc_axi__parameterized1 |         11 |         11 |       0 |    0 |    59 |      0 |      0 |    0 |          0 |
|     StreamingDataWidthConverter_rtl_8       |          finn_design_StreamingDataWidthConverter_rtl_8_0 |         54 |         54 |       0 |    0 |    66 |      0 |      0 |    0 |          0 |
|       inst                                  |                        StreamingDataWidthConverter_rtl_8 |         54 |         54 |       0 |    0 |    66 |      0 |      0 |    0 |          0 |
|         impl                                |                                  dwc_axi__parameterized2 |         54 |         54 |       0 |    0 |    66 |      0 |      0 |    0 |          0 |
|     StreamingDataWidthConverter_rtl_9       |          finn_design_StreamingDataWidthConverter_rtl_9_0 |        144 |        144 |       0 |    0 |   176 |      0 |      0 |    0 |          0 |
|       inst                                  |                        StreamingDataWidthConverter_rtl_9 |        144 |        144 |       0 |    0 |   176 |      0 |      0 |    0 |          0 |
|         impl                                |                                  dwc_axi__parameterized3 |        144 |        144 |       0 |    0 |   176 |      0 |      0 |    0 |          0 |
|     StreamingFIFO_rtl_0_0                   |                        StreamingFIFO_rtl_0_0_imp_12KXAMR |         67 |         67 |       0 |    0 |    55 |      0 |      1 |    0 |          0 |
|       fifo                                  |                                       finn_design_fifo_0 |         67 |         67 |       0 |    0 |    55 |      0 |      1 |    0 |          0 |
|         inst                                |                     axis_data_fifo_v2_0_9_top__xdcDup__1 |         67 |         67 |       0 |    0 |    55 |      0 |      1 |    0 |          0 |
|     StreamingFIFO_rtl_0_1                   |                      finn_design_StreamingFIFO_rtl_0_1_0 |        109 |         45 |       0 |   64 |    22 |      0 |      0 |    0 |          0 |
|       inst                                  |                                    StreamingFIFO_rtl_0_1 |        109 |         45 |       0 |   64 |    22 |      0 |      0 |    0 |          0 |
|         impl                                |                                                    Q_srl |        109 |         45 |       0 |   64 |    22 |      0 |      0 |    0 |          0 |
|     StreamingFIFO_rtl_0_2                   |                      finn_design_StreamingFIFO_rtl_0_2_0 |        100 |         52 |       0 |   48 |    22 |      0 |      0 |    0 |          0 |
|       inst                                  |                                    StreamingFIFO_rtl_0_2 |        100 |         52 |       0 |   48 |    22 |      0 |      0 |    0 |          0 |
|         impl                                |                                    Q_srl__parameterized0 |        100 |         52 |       0 |   48 |    22 |      0 |      0 |    0 |          0 |
|     StreamingFIFO_rtl_1                     |                          StreamingFIFO_rtl_1_imp_1KRB1SN |         69 |         69 |       0 |    0 |    59 |     12 |      1 |    0 |          0 |
|       fifo                                  |                                       finn_design_fifo_1 |         69 |         69 |       0 |    0 |    59 |     12 |      1 |    0 |          0 |
|         inst                                |                axis_data_fifo_v2_0_9_top__parameterized0 |         69 |         69 |       0 |    0 |    59 |     12 |      1 |    0 |          0 |
|     StreamingFIFO_rtl_10                    |                       finn_design_StreamingFIFO_rtl_10_0 |        121 |         73 |       0 |   48 |    59 |      0 |      0 |    0 |          0 |
|       inst                                  |                                     StreamingFIFO_rtl_10 |        121 |         73 |       0 |   48 |    59 |      0 |      0 |    0 |          0 |
|         impl                                |                                 Q_srl__parameterized1_53 |        121 |         73 |       0 |   48 |    59 |      0 |      0 |    0 |          0 |
|     StreamingFIFO_rtl_11                    |                       finn_design_StreamingFIFO_rtl_11_0 |        478 |         94 |       0 |  384 |    70 |      0 |      0 |    0 |          0 |
|       inst                                  |                                     StreamingFIFO_rtl_11 |        478 |         94 |       0 |  384 |    70 |      0 |      0 |    0 |          0 |
|         impl                                |                                    Q_srl__parameterized2 |        478 |         94 |       0 |  384 |    70 |      0 |      0 |    0 |          0 |
|     StreamingFIFO_rtl_12_0                  |                       StreamingFIFO_rtl_12_0_imp_1NDW7LM |        105 |        105 |       0 |    0 |    71 |     11 |      0 |    0 |          0 |
|       fifo                                  |                                       finn_design_fifo_5 |        105 |        105 |       0 |    0 |    71 |     11 |      0 |    0 |          0 |
|         inst                                |                axis_data_fifo_v2_0_9_top__parameterized1 |        105 |        105 |       0 |    0 |    71 |     11 |      0 |    0 |          0 |
|     StreamingFIFO_rtl_12_1                  |                        StreamingFIFO_rtl_12_1_imp_LJH89H |         68 |         68 |       0 |    0 |    59 |      1 |      1 |    0 |          0 |
|       fifo                                  |                                       finn_design_fifo_6 |         68 |         68 |       0 |    0 |    59 |      1 |      1 |    0 |          0 |
|         inst                                |     axis_data_fifo_v2_0_9_top__parameterized2__xdcDup__1 |         68 |         68 |       0 |    0 |    59 |      1 |      1 |    0 |          0 |
|     StreamingFIFO_rtl_13                    |                       finn_design_StreamingFIFO_rtl_13_0 |         14 |         14 |       0 |    0 |    17 |      0 |      0 |    0 |          0 |
|       inst                                  |                                     StreamingFIFO_rtl_13 |         14 |         14 |       0 |    0 |    17 |      0 |      0 |    0 |          0 |
|         impl                                |                                 Q_srl__parameterized3_42 |         14 |         14 |       0 |    0 |    17 |      0 |      0 |    0 |          0 |
|     StreamingFIFO_rtl_14                    |                       finn_design_StreamingFIFO_rtl_14_0 |        141 |        141 |       0 |    0 |   277 |      0 |      0 |    0 |          0 |
|       inst                                  |                                     StreamingFIFO_rtl_14 |        141 |        141 |       0 |    0 |   277 |      0 |      0 |    0 |          0 |
|         impl                                |                                 Q_srl__parameterized4_41 |        141 |        141 |       0 |    0 |   277 |      0 |      0 |    0 |          0 |
|     StreamingFIFO_rtl_15                    |                       finn_design_StreamingFIFO_rtl_15_0 |         24 |         24 |       0 |    0 |    39 |      0 |      0 |    0 |          0 |
|       inst                                  |                                     StreamingFIFO_rtl_15 |         24 |         24 |       0 |    0 |    39 |      0 |      0 |    0 |          0 |
|         impl                                |                                 Q_srl__parameterized5_40 |         24 |         24 |       0 |    0 |    39 |      0 |      0 |    0 |          0 |
|     StreamingFIFO_rtl_16                    |                       finn_design_StreamingFIFO_rtl_16_0 |         15 |         15 |       0 |    0 |    17 |      0 |      0 |    0 |          0 |
|       inst                                  |                                     StreamingFIFO_rtl_16 |         15 |         15 |       0 |    0 |    17 |      0 |      0 |    0 |          0 |
|         impl                                |                                 Q_srl__parameterized3_39 |         15 |         15 |       0 |    0 |    17 |      0 |      0 |    0 |          0 |
|     StreamingFIFO_rtl_17                    |                       finn_design_StreamingFIFO_rtl_17_0 |        489 |        489 |       0 |    0 |   977 |      0 |      0 |    0 |          0 |
|       inst                                  |                                     StreamingFIFO_rtl_17 |        489 |        489 |       0 |    0 |   977 |      0 |      0 |    0 |          0 |
|         impl                                |                                    Q_srl__parameterized6 |        489 |        489 |       0 |    0 |   977 |      0 |      0 |    0 |          0 |
|     StreamingFIFO_rtl_18                    |                       finn_design_StreamingFIFO_rtl_18_0 |         23 |         23 |       0 |    0 |    35 |      0 |      0 |    0 |          0 |
|       inst                                  |                                     StreamingFIFO_rtl_18 |         23 |         23 |       0 |    0 |    35 |      0 |      0 |    0 |          0 |
|         impl                                |                                 Q_srl__parameterized7_38 |         23 |         23 |       0 |    0 |    35 |      0 |      0 |    0 |          0 |
|     StreamingFIFO_rtl_19                    |                       finn_design_StreamingFIFO_rtl_19_0 |         14 |         14 |       0 |    0 |    21 |      0 |      0 |    0 |          0 |
|       inst                                  |                                     StreamingFIFO_rtl_19 |         14 |         14 |       0 |    0 |    21 |      0 |      0 |    0 |          0 |
|         impl                                |                                 Q_srl__parameterized3_37 |         14 |         14 |       0 |    0 |    21 |      0 |      0 |    0 |          0 |
|     StreamingFIFO_rtl_2                     |                        finn_design_StreamingFIFO_rtl_2_0 |         22 |         22 |       0 |    0 |    33 |      0 |      0 |    0 |          0 |
|       inst                                  |                                      StreamingFIFO_rtl_2 |         22 |         22 |       0 |    0 |    33 |      0 |      0 |    0 |          0 |
|         impl                                |                                 Q_srl__parameterized7_36 |         22 |         22 |       0 |    0 |    33 |      0 |      0 |    0 |          0 |
|     StreamingFIFO_rtl_20                    |                       finn_design_StreamingFIFO_rtl_20_0 |         16 |         16 |       0 |    0 |    23 |      0 |      0 |    0 |          0 |
|       inst                                  |                                     StreamingFIFO_rtl_20 |         16 |         16 |       0 |    0 |    23 |      0 |      0 |    0 |          0 |
|         impl                                |                                 Q_srl__parameterized7_35 |         16 |         16 |       0 |    0 |    23 |      0 |      0 |    0 |          0 |
|     StreamingFIFO_rtl_21                    |                       finn_design_StreamingFIFO_rtl_21_0 |         15 |         15 |       0 |    0 |    21 |      0 |      0 |    0 |          0 |
|       inst                                  |                                     StreamingFIFO_rtl_21 |         15 |         15 |       0 |    0 |    21 |      0 |      0 |    0 |          0 |
|         impl                                |                                 Q_srl__parameterized3_34 |         15 |         15 |       0 |    0 |    21 |      0 |      0 |    0 |          0 |
|     StreamingFIFO_rtl_22                    |                       finn_design_StreamingFIFO_rtl_22_0 |         12 |         12 |       0 |    0 |    17 |      0 |      0 |    0 |          0 |
|       inst                                  |                                     StreamingFIFO_rtl_22 |         12 |         12 |       0 |    0 |    17 |      0 |      0 |    0 |          0 |
|         impl                                |                                 Q_srl__parameterized3_33 |         12 |         12 |       0 |    0 |    17 |      0 |      0 |    0 |          0 |
|     StreamingFIFO_rtl_23                    |                       finn_design_StreamingFIFO_rtl_23_0 |         13 |         13 |       0 |    0 |    17 |      0 |      0 |    0 |          0 |
|       inst                                  |                                     StreamingFIFO_rtl_23 |         13 |         13 |       0 |    0 |    17 |      0 |      0 |    0 |          0 |
|         impl                                |                                 Q_srl__parameterized3_32 |         13 |         13 |       0 |    0 |    17 |      0 |      0 |    0 |          0 |
|     StreamingFIFO_rtl_24                    |                       finn_design_StreamingFIFO_rtl_24_0 |         12 |         12 |       0 |    0 |    17 |      0 |      0 |    0 |          0 |
|       inst                                  |                                     StreamingFIFO_rtl_24 |         12 |         12 |       0 |    0 |    17 |      0 |      0 |    0 |          0 |
|         impl                                |                                 Q_srl__parameterized3_31 |         12 |         12 |       0 |    0 |    17 |      0 |      0 |    0 |          0 |
|     StreamingFIFO_rtl_25                    |                       finn_design_StreamingFIFO_rtl_25_0 |        134 |        134 |       0 |    0 |   261 |      0 |      0 |    0 |          0 |
|       inst                                  |                                     StreamingFIFO_rtl_25 |        134 |        134 |       0 |    0 |   261 |      0 |      0 |    0 |          0 |
|         impl                                |                                 Q_srl__parameterized8_30 |        134 |        134 |       0 |    0 |   261 |      0 |      0 |    0 |          0 |
|     StreamingFIFO_rtl_26_0                  |                       StreamingFIFO_rtl_26_0_imp_1PTUGWO |         83 |         83 |       0 |    0 |    67 |      1 |      0 |    0 |          0 |
|       fifo                                  |                                       finn_design_fifo_7 |         83 |         83 |       0 |    0 |    67 |      1 |      0 |    0 |          0 |
|         inst                                |     axis_data_fifo_v2_0_9_top__parameterized3__xdcDup__1 |         83 |         83 |       0 |    0 |    67 |      1 |      0 |    0 |          0 |
|     StreamingFIFO_rtl_26_1                  |                     finn_design_StreamingFIFO_rtl_26_1_0 |        100 |         52 |       0 |   48 |    22 |      0 |      0 |    0 |          0 |
|       inst                                  |                                   StreamingFIFO_rtl_26_1 |        100 |         52 |       0 |   48 |    22 |      0 |      0 |    0 |          0 |
|         impl                                |                                    Q_srl__parameterized9 |        100 |         52 |       0 |   48 |    22 |      0 |      0 |    0 |          0 |
|     StreamingFIFO_rtl_27                    |                       finn_design_StreamingFIFO_rtl_27_0 |         24 |         24 |       0 |    0 |    37 |      0 |      0 |    0 |          0 |
|       inst                                  |                                     StreamingFIFO_rtl_27 |         24 |         24 |       0 |    0 |    37 |      0 |      0 |    0 |          0 |
|         impl                                |                                 Q_srl__parameterized7_23 |         24 |         24 |       0 |    0 |    37 |      0 |      0 |    0 |          0 |
|     StreamingFIFO_rtl_28                    |                       finn_design_StreamingFIFO_rtl_28_0 |         12 |         12 |       0 |    0 |    17 |      0 |      0 |    0 |          0 |
|       inst                                  |                                     StreamingFIFO_rtl_28 |         12 |         12 |       0 |    0 |    17 |      0 |      0 |    0 |          0 |
|         impl                                |                                 Q_srl__parameterized3_22 |         12 |         12 |       0 |    0 |    17 |      0 |      0 |    0 |          0 |
|     StreamingFIFO_rtl_29                    |                       finn_design_StreamingFIFO_rtl_29_0 |        121 |         73 |       0 |   48 |    59 |      0 |      0 |    0 |          0 |
|       inst                                  |                                     StreamingFIFO_rtl_29 |        121 |         73 |       0 |   48 |    59 |      0 |      0 |    0 |          0 |
|         impl                                |                                    Q_srl__parameterized1 |        121 |         73 |       0 |   48 |    59 |      0 |      0 |    0 |          0 |
|     StreamingFIFO_rtl_3                     |                        finn_design_StreamingFIFO_rtl_3_0 |         35 |         29 |       0 |    6 |    17 |      0 |      0 |    0 |          0 |
|       inst                                  |                                      StreamingFIFO_rtl_3 |         35 |         29 |       0 |    6 |    17 |      0 |      0 |    0 |          0 |
|         impl                                |                                   Q_srl__parameterized10 |         35 |         29 |       0 |    6 |    17 |      0 |      0 |    0 |          0 |
|     StreamingFIFO_rtl_30_0                  |                     finn_design_StreamingFIFO_rtl_30_0_0 |        470 |         86 |       0 |  384 |    62 |      0 |      0 |    0 |          0 |
|       inst                                  |                                   StreamingFIFO_rtl_30_0 |        470 |         86 |       0 |  384 |    62 |      0 |      0 |    0 |          0 |
|         impl                                |                                   Q_srl__parameterized11 |        470 |         86 |       0 |  384 |    62 |      0 |      0 |    0 |          0 |
|     StreamingFIFO_rtl_30_1                  |                     finn_design_StreamingFIFO_rtl_30_1_0 |        122 |         74 |       0 |   48 |    59 |      0 |      0 |    0 |          0 |
|       inst                                  |                                   StreamingFIFO_rtl_30_1 |        122 |         74 |       0 |   48 |    59 |      0 |      0 |    0 |          0 |
|         impl                                |                                   Q_srl__parameterized12 |        122 |         74 |       0 |   48 |    59 |      0 |      0 |    0 |          0 |
|     StreamingFIFO_rtl_31_0                  |                         StreamingFIFO_rtl_31_0_imp_SQGQ8 |         70 |         70 |       0 |    0 |    59 |      1 |      1 |    0 |          0 |
|       fifo                                  |                                       finn_design_fifo_8 |         70 |         70 |       0 |    0 |    59 |      1 |      1 |    0 |          0 |
|         inst                                |                axis_data_fifo_v2_0_9_top__parameterized2 |         70 |         70 |       0 |    0 |    59 |      1 |      1 |    0 |          0 |
|     StreamingFIFO_rtl_31_1                  |                     finn_design_StreamingFIFO_rtl_31_1_0 |        121 |         73 |       0 |   48 |    59 |      0 |      0 |    0 |          0 |
|       inst                                  |                                   StreamingFIFO_rtl_31_1 |        121 |         73 |       0 |   48 |    59 |      0 |      0 |    0 |          0 |
|         impl                                |                                   Q_srl__parameterized13 |        121 |         73 |       0 |   48 |    59 |      0 |      0 |    0 |          0 |
|     StreamingFIFO_rtl_32                    |                       finn_design_StreamingFIFO_rtl_32_0 |         13 |         13 |       0 |    0 |    17 |      0 |      0 |    0 |          0 |
|       inst                                  |                                     StreamingFIFO_rtl_32 |         13 |         13 |       0 |    0 |    17 |      0 |      0 |    0 |          0 |
|         impl                                |                                 Q_srl__parameterized3_17 |         13 |         13 |       0 |    0 |    17 |      0 |      0 |    0 |          0 |
|     StreamingFIFO_rtl_33                    |                       finn_design_StreamingFIFO_rtl_33_0 |        141 |        141 |       0 |    0 |   277 |      0 |      0 |    0 |          0 |
|       inst                                  |                                     StreamingFIFO_rtl_33 |        141 |        141 |       0 |    0 |   277 |      0 |      0 |    0 |          0 |
|         impl                                |                                    Q_srl__parameterized4 |        141 |        141 |       0 |    0 |   277 |      0 |      0 |    0 |          0 |
|     StreamingFIFO_rtl_34                    |                       finn_design_StreamingFIFO_rtl_34_0 |         25 |         25 |       0 |    0 |    39 |      0 |      0 |    0 |          0 |
|       inst                                  |                                     StreamingFIFO_rtl_34 |         25 |         25 |       0 |    0 |    39 |      0 |      0 |    0 |          0 |
|         impl                                |                                    Q_srl__parameterized5 |         25 |         25 |       0 |    0 |    39 |      0 |      0 |    0 |          0 |
|     StreamingFIFO_rtl_35                    |                       finn_design_StreamingFIFO_rtl_35_0 |         13 |         13 |       0 |    0 |    17 |      0 |      0 |    0 |          0 |
|       inst                                  |                                     StreamingFIFO_rtl_35 |         13 |         13 |       0 |    0 |    17 |      0 |      0 |    0 |          0 |
|         impl                                |                                 Q_srl__parameterized3_16 |         13 |         13 |       0 |    0 |    17 |      0 |      0 |    0 |          0 |
|     StreamingFIFO_rtl_36                    |                       finn_design_StreamingFIFO_rtl_36_0 |        459 |        459 |       0 |    0 |   905 |      0 |      0 |    0 |          0 |
|       inst                                  |                                     StreamingFIFO_rtl_36 |        459 |        459 |       0 |    0 |   905 |      0 |      0 |    0 |          0 |
|         impl                                |                                   Q_srl__parameterized14 |        459 |        459 |       0 |    0 |   905 |      0 |      0 |    0 |          0 |
|     StreamingFIFO_rtl_37                    |                       finn_design_StreamingFIFO_rtl_37_0 |         22 |         22 |       0 |    0 |    33 |      0 |      0 |    0 |          0 |
|       inst                                  |                                     StreamingFIFO_rtl_37 |         22 |         22 |       0 |    0 |    33 |      0 |      0 |    0 |          0 |
|         impl                                |                                 Q_srl__parameterized7_15 |         22 |         22 |       0 |    0 |    33 |      0 |      0 |    0 |          0 |
|     StreamingFIFO_rtl_38                    |                       finn_design_StreamingFIFO_rtl_38_0 |         14 |         14 |       0 |    0 |    21 |      0 |      0 |    0 |          0 |
|       inst                                  |                                     StreamingFIFO_rtl_38 |         14 |         14 |       0 |    0 |    21 |      0 |      0 |    0 |          0 |
|         impl                                |                                 Q_srl__parameterized3_14 |         14 |         14 |       0 |    0 |    21 |      0 |      0 |    0 |          0 |
|     StreamingFIFO_rtl_39                    |                       finn_design_StreamingFIFO_rtl_39_0 |         16 |         16 |       0 |    0 |    23 |      0 |      0 |    0 |          0 |
|       inst                                  |                                     StreamingFIFO_rtl_39 |         16 |         16 |       0 |    0 |    23 |      0 |      0 |    0 |          0 |
|         impl                                |                                 Q_srl__parameterized7_13 |         16 |         16 |       0 |    0 |    23 |      0 |      0 |    0 |          0 |
|     StreamingFIFO_rtl_40                    |                       finn_design_StreamingFIFO_rtl_40_0 |         16 |         16 |       0 |    0 |    21 |      0 |      0 |    0 |          0 |
|       inst                                  |                                     StreamingFIFO_rtl_40 |         16 |         16 |       0 |    0 |    21 |      0 |      0 |    0 |          0 |
|         impl                                |                                 Q_srl__parameterized3_12 |         16 |         16 |       0 |    0 |    21 |      0 |      0 |    0 |          0 |
|     StreamingFIFO_rtl_41                    |                       finn_design_StreamingFIFO_rtl_41_0 |         12 |         12 |       0 |    0 |    17 |      0 |      0 |    0 |          0 |
|       inst                                  |                                     StreamingFIFO_rtl_41 |         12 |         12 |       0 |    0 |    17 |      0 |      0 |    0 |          0 |
|         impl                                |                                 Q_srl__parameterized3_11 |         12 |         12 |       0 |    0 |    17 |      0 |      0 |    0 |          0 |
|     StreamingFIFO_rtl_4_0                   |                        StreamingFIFO_rtl_4_0_imp_14OLQ14 |         84 |         84 |       0 |    0 |    67 |      1 |      0 |    0 |          0 |
|       fifo                                  |                                       finn_design_fifo_2 |         84 |         84 |       0 |    0 |    67 |      1 |      0 |    0 |          0 |
|         inst                                |                axis_data_fifo_v2_0_9_top__parameterized3 |         84 |         84 |       0 |    0 |    67 |      1 |      0 |    0 |          0 |
|     StreamingFIFO_rtl_4_1                   |                         StreamingFIFO_rtl_4_1_imp_2I3WX3 |         67 |         67 |       0 |    0 |    55 |      0 |      1 |    0 |          0 |
|       fifo                                  |                                       finn_design_fifo_3 |         67 |         67 |       0 |    0 |    55 |      0 |      1 |    0 |          0 |
|         inst                                |                                axis_data_fifo_v2_0_9_top |         67 |         67 |       0 |    0 |    55 |      0 |      1 |    0 |          0 |
|     StreamingFIFO_rtl_4_2                   |                      finn_design_StreamingFIFO_rtl_4_2_0 |         37 |         31 |       0 |    6 |    17 |      0 |      0 |    0 |          0 |
|       inst                                  |                                    StreamingFIFO_rtl_4_2 |         37 |         31 |       0 |    6 |    17 |      0 |      0 |    0 |          0 |
|         impl                                |                                   Q_srl__parameterized15 |         37 |         31 |       0 |    6 |    17 |      0 |      0 |    0 |          0 |
|     StreamingFIFO_rtl_5                     |                        finn_design_StreamingFIFO_rtl_5_0 |         12 |         12 |       0 |    0 |    17 |      0 |      0 |    0 |          0 |
|       inst                                  |                                      StreamingFIFO_rtl_5 |         12 |         12 |       0 |    0 |    17 |      0 |      0 |    0 |          0 |
|         impl                                |                                  Q_srl__parameterized3_2 |         12 |         12 |       0 |    0 |    17 |      0 |      0 |    0 |          0 |
|     StreamingFIFO_rtl_6                     |                        finn_design_StreamingFIFO_rtl_6_0 |        134 |        134 |       0 |    0 |   261 |      0 |      0 |    0 |          0 |
|       inst                                  |                                      StreamingFIFO_rtl_6 |        134 |        134 |       0 |    0 |   261 |      0 |      0 |    0 |          0 |
|         impl                                |                                    Q_srl__parameterized8 |        134 |        134 |       0 |    0 |   261 |      0 |      0 |    0 |          0 |
|     StreamingFIFO_rtl_7                     |                           StreamingFIFO_rtl_7_imp_9WJZ93 |         82 |         82 |       0 |    0 |    79 |      8 |      0 |    0 |          0 |
|       fifo                                  |                                       finn_design_fifo_4 |         82 |         82 |       0 |    0 |    79 |      8 |      0 |    0 |          0 |
|         inst                                |                axis_data_fifo_v2_0_9_top__parameterized4 |         82 |         82 |       0 |    0 |    79 |      8 |      0 |    0 |          0 |
|     StreamingFIFO_rtl_8                     |                        finn_design_StreamingFIFO_rtl_8_0 |         24 |         24 |       0 |    0 |    37 |      0 |      0 |    0 |          0 |
|       inst                                  |                                      StreamingFIFO_rtl_8 |         24 |         24 |       0 |    0 |    37 |      0 |      0 |    0 |          0 |
|         impl                                |                                    Q_srl__parameterized7 |         24 |         24 |       0 |    0 |    37 |      0 |      0 |    0 |          0 |
|     StreamingFIFO_rtl_9                     |                        finn_design_StreamingFIFO_rtl_9_0 |         12 |         12 |       0 |    0 |    17 |      0 |      0 |    0 |          0 |
|       inst                                  |                                      StreamingFIFO_rtl_9 |         12 |         12 |       0 |    0 |    17 |      0 |      0 |    0 |          0 |
|         impl                                |                                    Q_srl__parameterized3 |         12 |         12 |       0 |    0 |    17 |      0 |      0 |    0 |          0 |
|     Thresholding_rtl_0                      |                         finn_design_Thresholding_rtl_0_0 |         82 |         70 |       0 |   12 |   244 |      0 |      1 |    0 |          0 |
|       inst                                  |                           Thresholding_rtl_0_axi_wrapper |         82 |         70 |       0 |   12 |   244 |      0 |      1 |    0 |          0 |
|         core                                |                                         thresholding_axi |         82 |         70 |       0 |   12 |   244 |      0 |      1 |    0 |          0 |
|     Thresholding_rtl_1                      |                         finn_design_Thresholding_rtl_1_0 |         58 |         39 |       0 |   19 |   198 |      1 |      2 |    0 |          0 |
|       inst                                  |                           Thresholding_rtl_1_axi_wrapper |         58 |         39 |       0 |   19 |   198 |      1 |      2 |    0 |          0 |
|         core                                |                         thresholding_axi__parameterized0 |         58 |         39 |       0 |   19 |   198 |      1 |      2 |    0 |          0 |
|     Thresholding_rtl_10                     |                        finn_design_Thresholding_rtl_10_0 |         86 |         77 |       0 |    9 |   378 |      3 |      4 |    0 |          0 |
|       inst                                  |                          Thresholding_rtl_10_axi_wrapper |         86 |         77 |       0 |    9 |   378 |      3 |      4 |    0 |          0 |
|         core                                |                         thresholding_axi__parameterized1 |         86 |         77 |       0 |    9 |   378 |      3 |      4 |    0 |          0 |
|     Thresholding_rtl_11                     |                        finn_design_Thresholding_rtl_11_0 |         78 |         64 |       0 |   14 |   280 |      1 |      3 |    0 |          0 |
|       inst                                  |                          Thresholding_rtl_11_axi_wrapper |         78 |         64 |       0 |   14 |   280 |      1 |      3 |    0 |          0 |
|         core                                |                         thresholding_axi__parameterized2 |         78 |         64 |       0 |   14 |   280 |      1 |      3 |    0 |          0 |
|     Thresholding_rtl_12                     |                        finn_design_Thresholding_rtl_12_0 |         58 |         44 |       0 |   14 |   143 |      0 |      1 |    0 |          0 |
|       inst                                  |                          Thresholding_rtl_12_axi_wrapper |         58 |         44 |       0 |   14 |   143 |      0 |      1 |    0 |          0 |
|         core                                |                         thresholding_axi__parameterized3 |         58 |         44 |       0 |   14 |   143 |      0 |      1 |    0 |          0 |
|     Thresholding_rtl_2                      |                         finn_design_Thresholding_rtl_2_0 |         84 |         74 |       0 |   10 |   269 |      0 |      3 |    0 |          0 |
|       (Thresholding_rtl_2)                  |                         finn_design_Thresholding_rtl_2_0 |          5 |          5 |       0 |    0 |     0 |      0 |      1 |    0 |          0 |
|       inst                                  |                           Thresholding_rtl_2_axi_wrapper |         79 |         69 |       0 |   10 |   269 |      0 |      2 |    0 |          0 |
|         core                                |                         thresholding_axi__parameterized4 |         79 |         69 |       0 |   10 |   269 |      0 |      2 |    0 |          0 |
|     Thresholding_rtl_3                      |                         finn_design_Thresholding_rtl_3_0 |         86 |         76 |       0 |   10 |   283 |      0 |      3 |    0 |          0 |
|       (Thresholding_rtl_3)                  |                         finn_design_Thresholding_rtl_3_0 |          3 |          3 |       0 |    0 |     0 |      0 |      1 |    0 |          0 |
|       inst                                  |                           Thresholding_rtl_3_axi_wrapper |         84 |         74 |       0 |   10 |   283 |      0 |      2 |    0 |          0 |
|         core                                |                         thresholding_axi__parameterized5 |         84 |         74 |       0 |   10 |   283 |      0 |      2 |    0 |          0 |
|     Thresholding_rtl_4                      |                         finn_design_Thresholding_rtl_4_0 |         94 |         85 |       0 |    9 |   392 |      3 |      4 |    0 |          0 |
|       inst                                  |                           Thresholding_rtl_4_axi_wrapper |         94 |         85 |       0 |    9 |   392 |      3 |      4 |    0 |          0 |
|         core                                |                         thresholding_axi__parameterized6 |         94 |         85 |       0 |    9 |   392 |      3 |      4 |    0 |          0 |
|     Thresholding_rtl_5                      |                         finn_design_Thresholding_rtl_5_0 |         79 |         65 |       0 |   14 |   280 |      0 |      0 |    0 |          0 |
|       inst                                  |                           Thresholding_rtl_5_axi_wrapper |         79 |         65 |       0 |   14 |   280 |      0 |      0 |    0 |          0 |
|         core                                |                         thresholding_axi__parameterized7 |         79 |         65 |       0 |   14 |   280 |      0 |      0 |    0 |          0 |
|     Thresholding_rtl_6                      |                         finn_design_Thresholding_rtl_6_0 |         58 |         44 |       0 |   14 |   143 |      0 |      1 |    0 |          0 |
|       inst                                  |                           Thresholding_rtl_6_axi_wrapper |         58 |         44 |       0 |   14 |   143 |      0 |      1 |    0 |          0 |
|         core                                |                         thresholding_axi__parameterized8 |         58 |         44 |       0 |   14 |   143 |      0 |      1 |    0 |          0 |
|     Thresholding_rtl_7                      |                         finn_design_Thresholding_rtl_7_0 |         58 |         39 |       0 |   19 |   183 |      0 |      0 |    0 |          0 |
|       inst                                  |                           Thresholding_rtl_7_axi_wrapper |         58 |         39 |       0 |   19 |   183 |      0 |      0 |    0 |          0 |
|         core                                |                         thresholding_axi__parameterized9 |         58 |         39 |       0 |   19 |   183 |      0 |      0 |    0 |          0 |
|     Thresholding_rtl_8                      |                         finn_design_Thresholding_rtl_8_0 |         84 |         74 |       0 |   10 |   264 |      0 |      3 |    0 |          0 |
|       (Thresholding_rtl_8)                  |                         finn_design_Thresholding_rtl_8_0 |          0 |          0 |       0 |    0 |     0 |      0 |      1 |    0 |          0 |
|       inst                                  |                           Thresholding_rtl_8_axi_wrapper |         84 |         74 |       0 |   10 |   264 |      0 |      2 |    0 |          0 |
|         core                                |                        thresholding_axi__parameterized10 |         84 |         74 |       0 |   10 |   264 |      0 |      2 |    0 |          0 |
|     Thresholding_rtl_9                      |                         finn_design_Thresholding_rtl_9_0 |         89 |         79 |       0 |   10 |   284 |      0 |      3 |    0 |          0 |
|       (Thresholding_rtl_9)                  |                         finn_design_Thresholding_rtl_9_0 |          4 |          4 |       0 |    0 |     0 |      0 |      1 |    0 |          0 |
|       inst                                  |                           Thresholding_rtl_9_axi_wrapper |         86 |         76 |       0 |   10 |   284 |      0 |      2 |    0 |          0 |
|         core                                |                        thresholding_axi__parameterized11 |         86 |         76 |       0 |   10 |   284 |      0 |      2 |    0 |          0 |
+---------------------------------------------+----------------------------------------------------------+------------+------------+---------+------+-------+--------+--------+------+------------+
* Note: The sum of lower-level cells may be larger than their parent cells total, due to cross-hierarchy LUT combining


