Copyright 1986-2022 Xilinx, Inc. All Rights Reserved.
----------------------------------------------------------------------------------------------------
| Tool Version : Vivado v.2022.2 (lin64) Build 3671981 Fri Oct 14 04:59:54 MDT 2022
| Date         : Mon Sep 28 13:06:01 2026
| Host         : finn_dev_thelegendiv running 64-bit Ubuntu 22.04.1 LTS
| Command      : report_utilization -hierarchical -hierarchical_depth 3 -file /tmp/hier_p6_full.rpt
| Design       : GenericPartition_6_wrapper
| Device       : xczu7ev-ffvc1156-2-e
| Speed File   : -2
| Design State : Routed
----------------------------------------------------------------------------------------------------

Utilization Design Information

Table of Contents
-----------------
1. Utilization by Hierarchy

1. Utilization by Hierarchy
---------------------------

+------------------------------------------------------------+----------------------------------------------------------------------------+------------+------------+---------+------+-------+--------+--------+------+------------+
|                          Instance                          |                                   Module                                   | Total LUTs | Logic LUTs | LUTRAMs | SRLs |  FFs  | RAMB36 | RAMB18 | URAM | DSP Blocks |
+------------------------------------------------------------+----------------------------------------------------------------------------+------------+------------+---------+------+-------+--------+--------+------+------------+
| GenericPartition_6_wrapper                                 |                                                                      (top) |      12523 |      10724 |     608 | 1191 | 14345 |    147 |     25 |   16 |         45 |
|   (GenericPartition_6_wrapper)                             |                                                                      (top) |         24 |         24 |       0 |    0 |     0 |      0 |      0 |    0 |          0 |
|   GenericPartition_6_i                                     |                                                         GenericPartition_6 |      12499 |      10700 |     608 | 1191 | 14345 |    147 |     25 |   16 |         45 |
|     (GenericPartition_6_i)                                 |                                                         GenericPartition_6 |       1209 |       1209 |       0 |    0 |     0 |      0 |      0 |    0 |          0 |
|     GenericPartition_6_AddStreams_hls_0                    |                   GenericPartition_6_GenericPartition_6_AddStreams_hls_0_0 |         66 |         66 |       0 |    0 |    92 |      0 |      0 |    0 |          0 |
|       inst                                                 |                                                           AddStreams_hls_0 |         66 |         66 |       0 |    0 |    92 |      0 |      0 |    0 |          0 |
|     GenericPartition_6_AddStreams_hls_1                    |                   GenericPartition_6_GenericPartition_6_AddStreams_hls_1_0 |         69 |         69 |       0 |    0 |    92 |      0 |      0 |    0 |          0 |
|       inst                                                 |                                                           AddStreams_hls_1 |         69 |         69 |       0 |    0 |    92 |      0 |      0 |    0 |          0 |
|     GenericPartition_6_AddStreams_hls_2                    |                   GenericPartition_6_GenericPartition_6_AddStreams_hls_2_0 |         66 |         66 |       0 |    0 |    93 |      0 |      0 |    0 |          0 |
|       inst                                                 |                                                           AddStreams_hls_2 |         66 |         66 |       0 |    0 |    93 |      0 |      0 |    0 |          0 |
|     GenericPartition_6_ConvolutionInputGenerator_rtl_0     |    GenericPartition_6_GenericPartition_6_ConvolutionInputGenerator_rtl_0_0 |        275 |        225 |      50 |    0 |   104 |      0 |      0 |    0 |          0 |
|       inst                                                 |                                            ConvolutionInputGenerator_rtl_0 |        275 |        225 |      50 |    0 |   104 |      0 |      0 |    0 |          0 |
|     GenericPartition_6_ConvolutionInputGenerator_rtl_1     |    GenericPartition_6_GenericPartition_6_ConvolutionInputGenerator_rtl_1_0 |        263 |        223 |      40 |    0 |   182 |      0 |      0 |    0 |          0 |
|       inst                                                 |                                            ConvolutionInputGenerator_rtl_1 |        263 |        223 |      40 |    0 |   182 |      0 |      0 |    0 |          0 |
|     GenericPartition_6_ConvolutionInputGenerator_rtl_2     |    GenericPartition_6_GenericPartition_6_ConvolutionInputGenerator_rtl_2_0 |        417 |        273 |     144 |    0 |   118 |      0 |      0 |    0 |          0 |
|       (GenericPartition_6_ConvolutionInputGenerator_rtl_2) |    GenericPartition_6_GenericPartition_6_ConvolutionInputGenerator_rtl_2_0 |         42 |         42 |       0 |    0 |     0 |      0 |      0 |    0 |          0 |
|       inst                                                 |                                            ConvolutionInputGenerator_rtl_3 |        375 |        231 |     144 |    0 |   118 |      0 |      0 |    0 |          0 |
|     GenericPartition_6_ConvolutionInputGenerator_rtl_3     |    GenericPartition_6_GenericPartition_6_ConvolutionInputGenerator_rtl_3_0 |        265 |        225 |      40 |    0 |   106 |      0 |      0 |    0 |          0 |
|       inst                                                 |                                            ConvolutionInputGenerator_rtl_2 |        265 |        225 |      40 |    0 |   106 |      0 |      0 |    0 |          0 |
|     GenericPartition_6_DuplicateStreams_hls_0              |             GenericPartition_6_GenericPartition_6_DuplicateStreams_hls_0_0 |         64 |         64 |       0 |    0 |    75 |      0 |      0 |    0 |          0 |
|       inst                                                 |                                                     DuplicateStreams_hls_0 |         64 |         64 |       0 |    0 |    75 |      0 |      0 |    0 |          0 |
|     GenericPartition_6_DuplicateStreams_hls_1              |             GenericPartition_6_GenericPartition_6_DuplicateStreams_hls_1_0 |         64 |         64 |       0 |    0 |    75 |      0 |      0 |    0 |          0 |
|       inst                                                 |                                                     DuplicateStreams_hls_1 |         64 |         64 |       0 |    0 |    75 |      0 |      0 |    0 |          0 |
|     GenericPartition_6_DuplicateStreams_hls_2              |             GenericPartition_6_GenericPartition_6_DuplicateStreams_hls_2_0 |         66 |         66 |       0 |    0 |    75 |      0 |      0 |    0 |          0 |
|       inst                                                 |                                                     DuplicateStreams_hls_2 |         66 |         66 |       0 |    0 |    75 |      0 |      0 |    0 |          0 |
|     GenericPartition_6_FMPadding_Pixel_hls_0               |              GenericPartition_6_GenericPartition_6_FMPadding_Pixel_hls_0_0 |        272 |        272 |       0 |    0 |   133 |      0 |      0 |    0 |          0 |
|       inst                                                 |                                                      FMPadding_Pixel_hls_0 |        272 |        272 |       0 |    0 |   133 |      0 |      0 |    0 |          0 |
|     GenericPartition_6_FMPadding_rtl_0                     |                    GenericPartition_6_GenericPartition_6_FMPadding_rtl_0_0 |         58 |         58 |       0 |    0 |    49 |      0 |      0 |    0 |          0 |
|       inst                                                 |                                                            FMPadding_rtl_0 |         58 |         58 |       0 |    0 |    49 |      0 |      0 |    0 |          0 |
|     GenericPartition_6_FMPadding_rtl_1                     |                    GenericPartition_6_GenericPartition_6_FMPadding_rtl_1_0 |         53 |         53 |       0 |    0 |    41 |      0 |      0 |    0 |          0 |
|       inst                                                 |                                                            FMPadding_rtl_1 |         53 |         53 |       0 |    0 |    41 |      0 |      0 |    0 |          0 |
|     GenericPartition_6_FMPadding_rtl_2                     |                    GenericPartition_6_GenericPartition_6_FMPadding_rtl_2_0 |         72 |         72 |       0 |    0 |    67 |      0 |      0 |    0 |          0 |
|       inst                                                 |                                                            FMPadding_rtl_3 |         72 |         72 |       0 |    0 |    67 |      0 |      0 |    0 |          0 |
|     GenericPartition_6_FMPadding_rtl_3                     |                    GenericPartition_6_GenericPartition_6_FMPadding_rtl_3_0 |         47 |         47 |       0 |    0 |    43 |      0 |      0 |    0 |          0 |
|       inst                                                 |                                                            FMPadding_rtl_2 |         47 |         47 |       0 |    0 |    43 |      0 |      0 |    0 |          0 |
|     GenericPartition_6_MVAU_rtl_0                          |                                   GenericPartition_6_MVAU_rtl_0_imp_M6BRQ9 |         94 |         63 |      31 |    0 |   136 |      0 |      0 |    0 |          4 |
|       GenericPartition_6_MVAU_rtl_0                        |                         GenericPartition_6_GenericPartition_6_MVAU_rtl_0_0 |         77 |         61 |      16 |    0 |   101 |      0 |      0 |    0 |          4 |
|       GenericPartition_6_MVAU_rtl_0_wstrm                  |                   GenericPartition_6_GenericPartition_6_MVAU_rtl_0_wstrm_0 |         17 |          2 |      15 |    0 |    35 |      0 |      0 |    0 |          0 |
|     GenericPartition_6_MVAU_rtl_1                          |                                  GenericPartition_6_MVAU_rtl_1_imp_166UZY1 |        171 |         98 |      73 |    0 |   233 |      0 |      0 |    0 |          9 |
|       GenericPartition_6_MVAU_rtl_1                        |                         GenericPartition_6_GenericPartition_6_MVAU_rtl_1_0 |        138 |         96 |      42 |    0 |   165 |      0 |      0 |    0 |          9 |
|       GenericPartition_6_MVAU_rtl_1_wstrm                  |                   GenericPartition_6_GenericPartition_6_MVAU_rtl_1_wstrm_0 |         33 |          2 |      31 |    0 |    68 |      0 |      0 |    0 |          0 |
|     GenericPartition_6_MVAU_rtl_10                         |                                 GenericPartition_6_MVAU_rtl_10_imp_1CW9N18 |        153 |        107 |      46 |    0 |   174 |      0 |      0 |    0 |          4 |
|       GenericPartition_6_MVAU_rtl_10                       |                        GenericPartition_6_GenericPartition_6_MVAU_rtl_10_0 |         89 |         73 |      16 |    0 |   127 |      0 |      0 |    0 |          4 |
|       GenericPartition_6_MVAU_rtl_10_wstrm                 |                  GenericPartition_6_GenericPartition_6_MVAU_rtl_10_wstrm_0 |         65 |         35 |      30 |    0 |    47 |      0 |      0 |    0 |          0 |
|     GenericPartition_6_MVAU_rtl_2                          |                                   GenericPartition_6_MVAU_rtl_2_imp_GGRYZ4 |         48 |         40 |       8 |    0 |   108 |      0 |      0 |    0 |          1 |
|       GenericPartition_6_MVAU_rtl_2                        |                         GenericPartition_6_GenericPartition_6_MVAU_rtl_2_0 |         40 |         36 |       4 |    0 |    90 |      0 |      0 |    0 |          1 |
|       GenericPartition_6_MVAU_rtl_2_wstrm                  |                   GenericPartition_6_GenericPartition_6_MVAU_rtl_2_wstrm_0 |          8 |          4 |       4 |    0 |    18 |      0 |      0 |    0 |          0 |
|     GenericPartition_6_MVAU_rtl_3                          |                                  GenericPartition_6_MVAU_rtl_3_imp_1TOMGLK |         96 |         67 |      29 |    0 |   137 |      0 |      0 |    0 |          4 |
|       GenericPartition_6_MVAU_rtl_3                        |                         GenericPartition_6_GenericPartition_6_MVAU_rtl_3_0 |         81 |         65 |      16 |    0 |   105 |      0 |      0 |    0 |          4 |
|       GenericPartition_6_MVAU_rtl_3_wstrm                  |                   GenericPartition_6_GenericPartition_6_MVAU_rtl_3_wstrm_0 |         15 |          2 |      13 |    0 |    32 |      0 |      0 |    0 |          0 |
|     GenericPartition_6_MVAU_rtl_4                          |                                  GenericPartition_6_MVAU_rtl_4_imp_1A7AAIR |        274 |        239 |      35 |    0 |   266 |      0 |      0 |    0 |          9 |
|       GenericPartition_6_MVAU_rtl_4                        |                         GenericPartition_6_GenericPartition_6_MVAU_rtl_4_0 |        238 |        238 |       0 |    0 |   193 |      0 |      0 |    0 |          9 |
|       GenericPartition_6_MVAU_rtl_4_wstrm                  |                   GenericPartition_6_GenericPartition_6_MVAU_rtl_4_wstrm_0 |         36 |          1 |      35 |    0 |    73 |      0 |      0 |    0 |          0 |
|     GenericPartition_6_MVAU_rtl_5                          |                                   GenericPartition_6_MVAU_rtl_5_imp_VGQDGB |         49 |         41 |       8 |    0 |   112 |      0 |      0 |    0 |          1 |
|       GenericPartition_6_MVAU_rtl_5                        |                         GenericPartition_6_GenericPartition_6_MVAU_rtl_5_0 |         41 |         37 |       4 |    0 |    94 |      0 |      0 |    0 |          1 |
|       GenericPartition_6_MVAU_rtl_5_wstrm                  |                   GenericPartition_6_GenericPartition_6_MVAU_rtl_5_wstrm_0 |          8 |          4 |       4 |    0 |    18 |      0 |      0 |    0 |          0 |
|     GenericPartition_6_MVAU_rtl_6                          |                                  GenericPartition_6_MVAU_rtl_6_imp_1MBIFXU |         98 |         66 |      32 |    0 |   142 |      0 |      0 |    0 |          4 |
|       GenericPartition_6_MVAU_rtl_6                        |                         GenericPartition_6_GenericPartition_6_MVAU_rtl_6_0 |         79 |         63 |      16 |    0 |   103 |      0 |      0 |    0 |          4 |
|       GenericPartition_6_MVAU_rtl_6_wstrm                  |                   GenericPartition_6_GenericPartition_6_MVAU_rtl_6_wstrm_0 |         19 |          3 |      16 |    0 |    39 |      0 |      0 |    0 |          0 |
|     GenericPartition_6_MVAU_rtl_7                          |                                   GenericPartition_6_MVAU_rtl_7_imp_1M5XT6 |        124 |        117 |       7 |    0 |   150 |      0 |      0 |    0 |          4 |
|       (GenericPartition_6_MVAU_rtl_7)                      |                                   GenericPartition_6_MVAU_rtl_7_imp_1M5XT6 |          1 |          1 |       0 |    0 |     0 |      0 |      0 |    0 |          0 |
|       GenericPartition_6_MVAU_rtl_7                        |                         GenericPartition_6_GenericPartition_6_MVAU_rtl_7_0 |        116 |        116 |       0 |    0 |   132 |      0 |      0 |    0 |          4 |
|       GenericPartition_6_MVAU_rtl_7_wstrm                  |                   GenericPartition_6_GenericPartition_6_MVAU_rtl_7_wstrm_0 |          8 |          1 |       7 |    0 |    18 |      0 |      0 |    0 |          0 |
|     GenericPartition_6_MVAU_rtl_8                          |                                   GenericPartition_6_MVAU_rtl_8_imp_JI7XD0 |         95 |         66 |      29 |    0 |   137 |      0 |      0 |    0 |          4 |
|       GenericPartition_6_MVAU_rtl_8                        |                         GenericPartition_6_GenericPartition_6_MVAU_rtl_8_0 |         80 |         64 |      16 |    0 |   105 |      0 |      0 |    0 |          4 |
|       GenericPartition_6_MVAU_rtl_8_wstrm                  |                   GenericPartition_6_GenericPartition_6_MVAU_rtl_8_wstrm_0 |         15 |          2 |      13 |    0 |    32 |      0 |      0 |    0 |          0 |
|     GenericPartition_6_MVAU_rtl_9                          |                                  GenericPartition_6_MVAU_rtl_9_imp_14F7U2K |         44 |         36 |       8 |    0 |    99 |      0 |      0 |    0 |          1 |
|       GenericPartition_6_MVAU_rtl_9                        |                         GenericPartition_6_GenericPartition_6_MVAU_rtl_9_0 |         37 |         33 |       4 |    0 |    83 |      0 |      0 |    0 |          1 |
|       GenericPartition_6_MVAU_rtl_9_wstrm                  |                   GenericPartition_6_GenericPartition_6_MVAU_rtl_9_wstrm_0 |          7 |          3 |       4 |    0 |    16 |      0 |      0 |    0 |          0 |
|     GenericPartition_6_StreamingDataWidthConverter_rtl_0   |  GenericPartition_6_GenericPartition_6_StreamingDataWidthConverter_rtl_0_0 |          9 |          9 |       0 |    0 |    34 |      0 |      0 |    0 |          0 |
|       inst                                                 |                                          StreamingDataWidthConverter_rtl_0 |          9 |          9 |       0 |    0 |    34 |      0 |      0 |    0 |          0 |
|     GenericPartition_6_StreamingDataWidthConverter_rtl_1   |  GenericPartition_6_GenericPartition_6_StreamingDataWidthConverter_rtl_1_0 |         10 |         10 |       0 |    0 |    27 |      0 |      0 |    0 |          0 |
|       inst                                                 |                                          StreamingDataWidthConverter_rtl_1 |         10 |         10 |       0 |    0 |    27 |      0 |      0 |    0 |          0 |
|     GenericPartition_6_StreamingDataWidthConverter_rtl_10  | GenericPartition_6_GenericPartition_6_StreamingDataWidthConverter_rtl_10_0 |          9 |          9 |       0 |    0 |    34 |      0 |      0 |    0 |          0 |
|       inst                                                 |                                         StreamingDataWidthConverter_rtl_10 |          9 |          9 |       0 |    0 |    34 |      0 |      0 |    0 |          0 |
|     GenericPartition_6_StreamingDataWidthConverter_rtl_11  | GenericPartition_6_GenericPartition_6_StreamingDataWidthConverter_rtl_11_0 |         29 |         29 |       0 |    0 |    52 |      0 |      0 |    0 |          0 |
|       inst                                                 |                                         StreamingDataWidthConverter_rtl_11 |         29 |         29 |       0 |    0 |    52 |      0 |      0 |    0 |          0 |
|     GenericPartition_6_StreamingDataWidthConverter_rtl_12  | GenericPartition_6_GenericPartition_6_StreamingDataWidthConverter_rtl_12_0 |          9 |          9 |       0 |    0 |    34 |      0 |      0 |    0 |          0 |
|       inst                                                 |                                         StreamingDataWidthConverter_rtl_12 |          9 |          9 |       0 |    0 |    34 |      0 |      0 |    0 |          0 |
|     GenericPartition_6_StreamingDataWidthConverter_rtl_13  | GenericPartition_6_GenericPartition_6_StreamingDataWidthConverter_rtl_13_0 |          8 |          8 |       0 |    0 |    21 |      0 |      0 |    0 |          0 |
|       inst                                                 |                                         StreamingDataWidthConverter_rtl_13 |          8 |          8 |       0 |    0 |    21 |      0 |      0 |    0 |          0 |
|     GenericPartition_6_StreamingDataWidthConverter_rtl_14  | GenericPartition_6_GenericPartition_6_StreamingDataWidthConverter_rtl_14_0 |         29 |         29 |       0 |    0 |    52 |      0 |      0 |    0 |          0 |
|       inst                                                 |                                         StreamingDataWidthConverter_rtl_14 |         29 |         29 |       0 |    0 |    52 |      0 |      0 |    0 |          0 |
|     GenericPartition_6_StreamingDataWidthConverter_rtl_15  | GenericPartition_6_GenericPartition_6_StreamingDataWidthConverter_rtl_15_0 |         15 |         15 |       0 |    0 |    28 |      0 |      0 |    0 |          0 |
|       inst                                                 |                                         StreamingDataWidthConverter_rtl_15 |         15 |         15 |       0 |    0 |    28 |      0 |      0 |    0 |          0 |
|     GenericPartition_6_StreamingDataWidthConverter_rtl_16  | GenericPartition_6_GenericPartition_6_StreamingDataWidthConverter_rtl_16_0 |         15 |         15 |       0 |    0 |    39 |      0 |      0 |    0 |          0 |
|       inst                                                 |                                         StreamingDataWidthConverter_rtl_16 |         15 |         15 |       0 |    0 |    39 |      0 |      0 |    0 |          0 |
|     GenericPartition_6_StreamingDataWidthConverter_rtl_17  | GenericPartition_6_GenericPartition_6_StreamingDataWidthConverter_rtl_17_0 |          8 |          8 |       0 |    0 |    34 |      0 |      0 |    0 |          0 |
|       inst                                                 |                                         StreamingDataWidthConverter_rtl_17 |          8 |          8 |       0 |    0 |    34 |      0 |      0 |    0 |          0 |
|     GenericPartition_6_StreamingDataWidthConverter_rtl_2   |  GenericPartition_6_GenericPartition_6_StreamingDataWidthConverter_rtl_2_0 |         21 |         21 |       0 |    0 |    36 |      0 |      0 |    0 |          0 |
|       inst                                                 |                                          StreamingDataWidthConverter_rtl_2 |         21 |         21 |       0 |    0 |    36 |      0 |      0 |    0 |          0 |
|     GenericPartition_6_StreamingDataWidthConverter_rtl_3   |  GenericPartition_6_GenericPartition_6_StreamingDataWidthConverter_rtl_3_0 |         16 |         16 |       0 |    0 |    86 |      0 |      0 |    0 |          0 |
|       inst                                                 |                                          StreamingDataWidthConverter_rtl_3 |         16 |         16 |       0 |    0 |    86 |      0 |      0 |    0 |          0 |
|     GenericPartition_6_StreamingDataWidthConverter_rtl_4   |  GenericPartition_6_GenericPartition_6_StreamingDataWidthConverter_rtl_4_0 |          8 |          8 |       0 |    0 |    34 |      0 |      0 |    0 |          0 |
|       inst                                                 |                                          StreamingDataWidthConverter_rtl_4 |          8 |          8 |       0 |    0 |    34 |      0 |      0 |    0 |          0 |
|     GenericPartition_6_StreamingDataWidthConverter_rtl_5   |  GenericPartition_6_GenericPartition_6_StreamingDataWidthConverter_rtl_5_0 |          8 |          8 |       0 |    0 |    21 |      0 |      0 |    0 |          0 |
|       inst                                                 |                                          StreamingDataWidthConverter_rtl_5 |          8 |          8 |       0 |    0 |    21 |      0 |      0 |    0 |          0 |
|     GenericPartition_6_StreamingDataWidthConverter_rtl_6   |  GenericPartition_6_GenericPartition_6_StreamingDataWidthConverter_rtl_6_0 |         18 |         18 |       0 |    0 |    28 |      0 |      0 |    0 |          0 |
|       inst                                                 |                                          StreamingDataWidthConverter_rtl_6 |         18 |         18 |       0 |    0 |    28 |      0 |      0 |    0 |          0 |
|     GenericPartition_6_StreamingDataWidthConverter_rtl_7   |  GenericPartition_6_GenericPartition_6_StreamingDataWidthConverter_rtl_7_0 |         14 |         14 |       0 |    0 |    66 |      0 |      0 |    0 |          0 |
|       inst                                                 |                                          StreamingDataWidthConverter_rtl_7 |         14 |         14 |       0 |    0 |    66 |      0 |      0 |    0 |          0 |
|     GenericPartition_6_StreamingDataWidthConverter_rtl_8   |  GenericPartition_6_GenericPartition_6_StreamingDataWidthConverter_rtl_8_0 |         36 |         36 |       0 |    0 |    68 |      0 |      0 |    0 |          0 |
|       inst                                                 |                                          StreamingDataWidthConverter_rtl_8 |         36 |         36 |       0 |    0 |    68 |      0 |      0 |    0 |          0 |
|     GenericPartition_6_StreamingDataWidthConverter_rtl_9   |  GenericPartition_6_GenericPartition_6_StreamingDataWidthConverter_rtl_9_0 |          9 |          9 |       0 |    0 |    34 |      0 |      0 |    0 |          0 |
|       inst                                                 |                                          StreamingDataWidthConverter_rtl_9 |          9 |          9 |       0 |    0 |    34 |      0 |      0 |    0 |          0 |
|     GenericPartition_6_StreamingFIFO_rtl_0                 |                GenericPartition_6_GenericPartition_6_StreamingFIFO_rtl_0_0 |         15 |         15 |       0 |    0 |    23 |      0 |      0 |    0 |          0 |
|       inst                                                 |                                                        StreamingFIFO_rtl_0 |         15 |         15 |       0 |    0 |    23 |      0 |      0 |    0 |          0 |
|     GenericPartition_6_StreamingFIFO_rtl_1                 |                GenericPartition_6_GenericPartition_6_StreamingFIFO_rtl_1_0 |         14 |         14 |       0 |    0 |    21 |      0 |      0 |    0 |          0 |
|       inst                                                 |                                                        StreamingFIFO_rtl_1 |         14 |         14 |       0 |    0 |    21 |      0 |      0 |    0 |          0 |
|     GenericPartition_6_StreamingFIFO_rtl_10                |               GenericPartition_6_GenericPartition_6_StreamingFIFO_rtl_10_0 |         21 |         21 |       0 |    0 |    35 |      0 |      0 |    0 |          0 |
|       inst                                                 |                                                        StreamingFIFO_rtl_7 |         21 |         21 |       0 |    0 |    35 |      0 |      0 |    0 |          0 |
|     GenericPartition_6_StreamingFIFO_rtl_11                |                         GenericPartition_6_StreamingFIFO_rtl_11_imp_K81176 |         81 |         81 |       0 |    0 |    79 |      8 |      0 |    0 |          0 |
|       fifo                                                 |                                                  GenericPartition_6_fifo_3 |         81 |         81 |       0 |    0 |    79 |      8 |      0 |    0 |          0 |
|     GenericPartition_6_StreamingFIFO_rtl_12                |               GenericPartition_6_GenericPartition_6_StreamingFIFO_rtl_12_0 |         13 |         13 |       0 |    0 |    21 |      0 |      0 |    0 |          0 |
|       inst                                                 |                                                        StreamingFIFO_rtl_8 |         13 |         13 |       0 |    0 |    21 |      0 |      0 |    0 |          0 |
|     GenericPartition_6_StreamingFIFO_rtl_13                |               GenericPartition_6_GenericPartition_6_StreamingFIFO_rtl_13_0 |         53 |         37 |       0 |   16 |    27 |      0 |      0 |    0 |          0 |
|       inst                                                 |                                                        StreamingFIFO_rtl_9 |         53 |         37 |       0 |   16 |    27 |      0 |      0 |    0 |          0 |
|     GenericPartition_6_StreamingFIFO_rtl_14                |                         GenericPartition_6_StreamingFIFO_rtl_14_imp_WUQBC8 |         69 |         69 |       0 |    0 |    55 |      0 |      1 |    0 |          0 |
|       fifo                                                 |                                                  GenericPartition_6_fifo_4 |         69 |         69 |       0 |    0 |    55 |      0 |      1 |    0 |          0 |
|     GenericPartition_6_StreamingFIFO_rtl_15                |               GenericPartition_6_GenericPartition_6_StreamingFIFO_rtl_15_0 |         74 |         42 |       0 |   32 |    28 |      0 |      0 |    0 |          0 |
|       inst                                                 |                                    GenericPartition_6_StreamingFIFO_rtl_15 |         74 |         42 |       0 |   32 |    28 |      0 |      0 |    0 |          0 |
|     GenericPartition_6_StreamingFIFO_rtl_16                |                          GenericPartition_6_StreamingFIFO_rtl_16_imp_SKDUH |         92 |         92 |       0 |    0 |    71 |      2 |      0 |    0 |          0 |
|       fifo                                                 |                                                  GenericPartition_6_fifo_5 |         92 |         92 |       0 |    0 |    71 |      2 |      0 |    0 |          0 |
|     GenericPartition_6_StreamingFIFO_rtl_17                |                        GenericPartition_6_StreamingFIFO_rtl_17_imp_1N61H6P |         67 |         67 |       0 |    0 |    55 |      0 |      1 |    0 |          0 |
|       fifo                                                 |                                                  GenericPartition_6_fifo_6 |         67 |         67 |       0 |    0 |    55 |      0 |      1 |    0 |          0 |
|     GenericPartition_6_StreamingFIFO_rtl_18                |               GenericPartition_6_GenericPartition_6_StreamingFIFO_rtl_18_0 |         34 |         26 |       0 |    8 |    17 |      0 |      0 |    0 |          0 |
|       inst                                                 |                                    GenericPartition_6_StreamingFIFO_rtl_18 |         34 |         26 |       0 |    8 |    17 |      0 |      0 |    0 |          0 |
|     GenericPartition_6_StreamingFIFO_rtl_19                |               GenericPartition_6_GenericPartition_6_StreamingFIFO_rtl_19_0 |         13 |         13 |       0 |    0 |    21 |      0 |      0 |    0 |          0 |
|       inst                                                 |                                                       StreamingFIFO_rtl_12 |         13 |         13 |       0 |    0 |    21 |      0 |      0 |    0 |          0 |
|     GenericPartition_6_StreamingFIFO_rtl_2                 |                GenericPartition_6_GenericPartition_6_StreamingFIFO_rtl_2_0 |         11 |         11 |       0 |    0 |    17 |      0 |      0 |    0 |          0 |
|       inst                                                 |                                                        StreamingFIFO_rtl_2 |         11 |         11 |       0 |    0 |    17 |      0 |      0 |    0 |          0 |
|     GenericPartition_6_StreamingFIFO_rtl_20                |               GenericPartition_6_GenericPartition_6_StreamingFIFO_rtl_20_0 |         78 |         78 |       0 |    0 |   149 |      0 |      0 |    0 |          0 |
|       inst                                                 |                                                       StreamingFIFO_rtl_13 |         78 |         78 |       0 |    0 |   149 |      0 |      0 |    0 |          0 |
|     GenericPartition_6_StreamingFIFO_rtl_21                |               GenericPartition_6_GenericPartition_6_StreamingFIFO_rtl_21_0 |         26 |         26 |       0 |    0 |    43 |      0 |      0 |    0 |          0 |
|       inst                                                 |                                                       StreamingFIFO_rtl_14 |         26 |         26 |       0 |    0 |    43 |      0 |      0 |    0 |          0 |
|     GenericPartition_6_StreamingFIFO_rtl_22                |               GenericPartition_6_GenericPartition_6_StreamingFIFO_rtl_22_0 |         12 |         12 |       0 |    0 |    17 |      0 |      0 |    0 |          0 |
|       inst                                                 |                                                       StreamingFIFO_rtl_15 |         12 |         12 |       0 |    0 |    17 |      0 |      0 |    0 |          0 |
|     GenericPartition_6_StreamingFIFO_rtl_23                |               GenericPartition_6_GenericPartition_6_StreamingFIFO_rtl_23_0 |         22 |         22 |       0 |    0 |    37 |      0 |      0 |    0 |          0 |
|       inst                                                 |                                                       StreamingFIFO_rtl_16 |         22 |         22 |       0 |    0 |    37 |      0 |      0 |    0 |          0 |
|     GenericPartition_6_StreamingFIFO_rtl_24                |               GenericPartition_6_GenericPartition_6_StreamingFIFO_rtl_24_0 |         13 |         13 |       0 |    0 |    21 |      0 |      0 |    0 |          0 |
|       inst                                                 |                                                       StreamingFIFO_rtl_17 |         13 |         13 |       0 |    0 |    21 |      0 |      0 |    0 |          0 |
|     GenericPartition_6_StreamingFIFO_rtl_25                |               GenericPartition_6_GenericPartition_6_StreamingFIFO_rtl_25_0 |         15 |         15 |       0 |    0 |    23 |      0 |      0 |    0 |          0 |
|       inst                                                 |                                                       StreamingFIFO_rtl_18 |         15 |         15 |       0 |    0 |    23 |      0 |      0 |    0 |          0 |
|     GenericPartition_6_StreamingFIFO_rtl_26                |               GenericPartition_6_GenericPartition_6_StreamingFIFO_rtl_26_0 |         14 |         14 |       0 |    0 |    21 |      0 |      0 |    0 |          0 |
|       inst                                                 |                                                       StreamingFIFO_rtl_19 |         14 |         14 |       0 |    0 |    21 |      0 |      0 |    0 |          0 |
|     GenericPartition_6_StreamingFIFO_rtl_27                |               GenericPartition_6_GenericPartition_6_StreamingFIFO_rtl_27_0 |         11 |         11 |       0 |    0 |    17 |      0 |      0 |    0 |          0 |
|       inst                                                 |                                                       StreamingFIFO_rtl_20 |         11 |         11 |       0 |    0 |    17 |      0 |      0 |    0 |          0 |
|     GenericPartition_6_StreamingFIFO_rtl_28                |               GenericPartition_6_GenericPartition_6_StreamingFIFO_rtl_28_0 |         12 |         12 |       0 |    0 |    17 |      0 |      0 |    0 |          0 |
|       inst                                                 |                                                       StreamingFIFO_rtl_21 |         12 |         12 |       0 |    0 |    17 |      0 |      0 |    0 |          0 |
|     GenericPartition_6_StreamingFIFO_rtl_29                |               GenericPartition_6_GenericPartition_6_StreamingFIFO_rtl_29_0 |         11 |         11 |       0 |    0 |    17 |      0 |      0 |    0 |          0 |
|       inst                                                 |                                                       StreamingFIFO_rtl_22 |         11 |         11 |       0 |    0 |    17 |      0 |      0 |    0 |          0 |
|     GenericPartition_6_StreamingFIFO_rtl_3                 |                         GenericPartition_6_StreamingFIFO_rtl_3_imp_1FQ89MC |         79 |         79 |       0 |    0 |    69 |      0 |      0 |    1 |          0 |
|       fifo                                                 |                                                  GenericPartition_6_fifo_0 |         79 |         79 |       0 |    0 |    69 |      0 |      0 |    1 |          0 |
|     GenericPartition_6_StreamingFIFO_rtl_30                |               GenericPartition_6_GenericPartition_6_StreamingFIFO_rtl_30_0 |         29 |         29 |       0 |    0 |    53 |      0 |      0 |    0 |          0 |
|       inst                                                 |                                                       StreamingFIFO_rtl_23 |         29 |         29 |       0 |    0 |    53 |      0 |      0 |    0 |          0 |
|     GenericPartition_6_StreamingFIFO_rtl_31                |                        GenericPartition_6_StreamingFIFO_rtl_31_imp_104A9JY |         69 |         69 |       0 |    0 |    63 |      0 |      0 |    1 |          0 |
|       fifo                                                 |                                                  GenericPartition_6_fifo_7 |         69 |         69 |       0 |    0 |    63 |      0 |      0 |    1 |          0 |
|     GenericPartition_6_StreamingFIFO_rtl_32                |               GenericPartition_6_GenericPartition_6_StreamingFIFO_rtl_32_0 |         52 |         36 |       0 |   16 |    20 |      0 |      0 |    0 |          0 |
|       inst                                                 |                                    GenericPartition_6_StreamingFIFO_rtl_32 |         52 |         36 |       0 |   16 |    20 |      0 |      0 |    0 |          0 |
|     GenericPartition_6_StreamingFIFO_rtl_33                |               GenericPartition_6_GenericPartition_6_StreamingFIFO_rtl_33_0 |         22 |         22 |       0 |    0 |    37 |      0 |      0 |    0 |          0 |
|       inst                                                 |                                                       StreamingFIFO_rtl_25 |         22 |         22 |       0 |    0 |    37 |      0 |      0 |    0 |          0 |
|     GenericPartition_6_StreamingFIFO_rtl_34                |               GenericPartition_6_GenericPartition_6_StreamingFIFO_rtl_34_0 |         12 |         12 |       0 |    0 |    17 |      0 |      0 |    0 |          0 |
|       inst                                                 |                                                       StreamingFIFO_rtl_26 |         12 |         12 |       0 |    0 |    17 |      0 |      0 |    0 |          0 |
|     GenericPartition_6_StreamingFIFO_rtl_35                |               GenericPartition_6_GenericPartition_6_StreamingFIFO_rtl_35_0 |         17 |         17 |       0 |    0 |    29 |      0 |      0 |    0 |          0 |
|       inst                                                 |                                                       StreamingFIFO_rtl_27 |         17 |         17 |       0 |    0 |    29 |      0 |      0 |    0 |          0 |
|     GenericPartition_6_StreamingFIFO_rtl_36                |               GenericPartition_6_GenericPartition_6_StreamingFIFO_rtl_36_0 |         92 |         56 |       0 |   36 |    25 |      0 |      0 |    0 |          0 |
|       inst                                                 |                                                       StreamingFIFO_rtl_28 |         92 |         56 |       0 |   36 |    25 |      0 |      0 |    0 |          0 |
|     GenericPartition_6_StreamingFIFO_rtl_37                |               GenericPartition_6_GenericPartition_6_StreamingFIFO_rtl_37_0 |         94 |         46 |       0 |   48 |   117 |      0 |      0 |    0 |          0 |
|       inst                                                 |                                                       StreamingFIFO_rtl_29 |         94 |         46 |       0 |   48 |   117 |      0 |      0 |    0 |          0 |
|     GenericPartition_6_StreamingFIFO_rtl_38                |               GenericPartition_6_GenericPartition_6_StreamingFIFO_rtl_38_0 |         11 |         11 |       0 |    0 |    17 |      0 |      0 |    0 |          0 |
|       inst                                                 |                                                       StreamingFIFO_rtl_30 |         11 |         11 |       0 |    0 |    17 |      0 |      0 |    0 |          0 |
|     GenericPartition_6_StreamingFIFO_rtl_39                |               GenericPartition_6_GenericPartition_6_StreamingFIFO_rtl_39_0 |         60 |         60 |       0 |    0 |   113 |      0 |      0 |    0 |          0 |
|       inst                                                 |                                                       StreamingFIFO_rtl_31 |         60 |         60 |       0 |    0 |   113 |      0 |      0 |    0 |          0 |
|     GenericPartition_6_StreamingFIFO_rtl_4                 |                GenericPartition_6_GenericPartition_6_StreamingFIFO_rtl_4_0 |         11 |         11 |       0 |    0 |    17 |      0 |      0 |    0 |          0 |
|       inst                                                 |                                                        StreamingFIFO_rtl_4 |         11 |         11 |       0 |    0 |    17 |      0 |      0 |    0 |          0 |
|     GenericPartition_6_StreamingFIFO_rtl_40                |               GenericPartition_6_GenericPartition_6_StreamingFIFO_rtl_40_0 |         38 |         38 |       0 |    0 |    69 |      0 |      0 |    0 |          0 |
|       inst                                                 |                                                       StreamingFIFO_rtl_32 |         38 |         38 |       0 |    0 |    69 |      0 |      0 |    0 |          0 |
|     GenericPartition_6_StreamingFIFO_rtl_41                |               GenericPartition_6_GenericPartition_6_StreamingFIFO_rtl_41_0 |         22 |         22 |       0 |    0 |    37 |      0 |      0 |    0 |          0 |
|       inst                                                 |                                                       StreamingFIFO_rtl_33 |         22 |         22 |       0 |    0 |    37 |      0 |      0 |    0 |          0 |
|     GenericPartition_6_StreamingFIFO_rtl_42                |               GenericPartition_6_GenericPartition_6_StreamingFIFO_rtl_42_0 |         11 |         11 |       0 |    0 |    17 |      0 |      0 |    0 |          0 |
|       inst                                                 |                                                       StreamingFIFO_rtl_34 |         11 |         11 |       0 |    0 |    17 |      0 |      0 |    0 |          0 |
|     GenericPartition_6_StreamingFIFO_rtl_43                |               GenericPartition_6_GenericPartition_6_StreamingFIFO_rtl_43_0 |         23 |         23 |       0 |    0 |    39 |      0 |      0 |    0 |          0 |
|       inst                                                 |                                                       StreamingFIFO_rtl_35 |         23 |         23 |       0 |    0 |    39 |      0 |      0 |    0 |          0 |
|     GenericPartition_6_StreamingFIFO_rtl_44                |               GenericPartition_6_GenericPartition_6_StreamingFIFO_rtl_44_0 |         13 |         13 |       0 |    0 |    21 |      0 |      0 |    0 |          0 |
|       inst                                                 |                                                       StreamingFIFO_rtl_36 |         13 |         13 |       0 |    0 |    21 |      0 |      0 |    0 |          0 |
|     GenericPartition_6_StreamingFIFO_rtl_45                |               GenericPartition_6_GenericPartition_6_StreamingFIFO_rtl_45_0 |         15 |         15 |       0 |    0 |    23 |      0 |      0 |    0 |          0 |
|       inst                                                 |                                                       StreamingFIFO_rtl_37 |         15 |         15 |       0 |    0 |    23 |      0 |      0 |    0 |          0 |
|     GenericPartition_6_StreamingFIFO_rtl_46                |               GenericPartition_6_GenericPartition_6_StreamingFIFO_rtl_46_0 |         14 |         14 |       0 |    0 |    21 |      0 |      0 |    0 |          0 |
|       inst                                                 |                                                       StreamingFIFO_rtl_38 |         14 |         14 |       0 |    0 |    21 |      0 |      0 |    0 |          0 |
|     GenericPartition_6_StreamingFIFO_rtl_47                |               GenericPartition_6_GenericPartition_6_StreamingFIFO_rtl_47_0 |         11 |         11 |       0 |    0 |    17 |      0 |      0 |    0 |          0 |
|       inst                                                 |                                                       StreamingFIFO_rtl_39 |         11 |         11 |       0 |    0 |    17 |      0 |      0 |    0 |          0 |
|     GenericPartition_6_StreamingFIFO_rtl_48                |               GenericPartition_6_GenericPartition_6_StreamingFIFO_rtl_48_0 |         11 |         11 |       0 |    0 |    17 |      0 |      0 |    0 |          0 |
|       inst                                                 |                                                       StreamingFIFO_rtl_40 |         11 |         11 |       0 |    0 |    17 |      0 |      0 |    0 |          0 |
|     GenericPartition_6_StreamingFIFO_rtl_49                |               GenericPartition_6_GenericPartition_6_StreamingFIFO_rtl_49_0 |         11 |         11 |       0 |    0 |    17 |      0 |      0 |    0 |          0 |
|       inst                                                 |                                                       StreamingFIFO_rtl_41 |         11 |         11 |       0 |    0 |    17 |      0 |      0 |    0 |          0 |
|     GenericPartition_6_StreamingFIFO_rtl_5                 |                          GenericPartition_6_StreamingFIFO_rtl_5_imp_B0JFZB |         70 |         70 |       0 |    0 |    67 |      0 |      0 |    1 |          0 |
|       fifo                                                 |                                                  GenericPartition_6_fifo_1 |         70 |         70 |       0 |    0 |    67 |      0 |      0 |    1 |          0 |
|     GenericPartition_6_StreamingFIFO_rtl_50                |               GenericPartition_6_GenericPartition_6_StreamingFIFO_rtl_50_0 |         30 |         30 |       0 |    0 |    53 |      0 |      0 |    0 |          0 |
|       inst                                                 |                                                       StreamingFIFO_rtl_42 |         30 |         30 |       0 |    0 |    53 |      0 |      0 |    0 |          0 |
|     GenericPartition_6_StreamingFIFO_rtl_51                |               GenericPartition_6_GenericPartition_6_StreamingFIFO_rtl_51_0 |         29 |         29 |       0 |    0 |    53 |      0 |      0 |    0 |          0 |
|       inst                                                 |                                                       StreamingFIFO_rtl_43 |         29 |         29 |       0 |    0 |    53 |      0 |      0 |    0 |          0 |
|     GenericPartition_6_StreamingFIFO_rtl_52                |               GenericPartition_6_GenericPartition_6_StreamingFIFO_rtl_52_0 |         21 |         21 |       0 |    0 |    35 |      0 |      0 |    0 |          0 |
|       inst                                                 |                                                       StreamingFIFO_rtl_44 |         21 |         21 |       0 |    0 |    35 |      0 |      0 |    0 |          0 |
|     GenericPartition_6_StreamingFIFO_rtl_53                |               GenericPartition_6_GenericPartition_6_StreamingFIFO_rtl_53_0 |         29 |         29 |       0 |    0 |    53 |      0 |      0 |    0 |          0 |
|       inst                                                 |                                                       StreamingFIFO_rtl_45 |         29 |         29 |       0 |    0 |    53 |      0 |      0 |    0 |          0 |
|     GenericPartition_6_StreamingFIFO_rtl_54                |               GenericPartition_6_GenericPartition_6_StreamingFIFO_rtl_54_0 |         18 |         18 |       0 |    0 |    29 |      0 |      0 |    0 |          0 |
|       inst                                                 |                                                       StreamingFIFO_rtl_46 |         18 |         18 |       0 |    0 |    29 |      0 |      0 |    0 |          0 |
|     GenericPartition_6_StreamingFIFO_rtl_55                |               GenericPartition_6_GenericPartition_6_StreamingFIFO_rtl_55_0 |         11 |         11 |       0 |    0 |    17 |      0 |      0 |    0 |          0 |
|       inst                                                 |                                                       StreamingFIFO_rtl_47 |         11 |         11 |       0 |    0 |    17 |      0 |      0 |    0 |          0 |
|     GenericPartition_6_StreamingFIFO_rtl_56                |               GenericPartition_6_GenericPartition_6_StreamingFIFO_rtl_56_0 |         69 |         45 |       0 |   24 |    35 |      0 |      0 |    0 |          0 |
|       inst                                                 |                                                       StreamingFIFO_rtl_48 |         69 |         45 |       0 |   24 |    35 |      0 |      0 |    0 |          0 |
|     GenericPartition_6_StreamingFIFO_rtl_57                |               GenericPartition_6_GenericPartition_6_StreamingFIFO_rtl_57_0 |         36 |         30 |       0 |    6 |    17 |      0 |      0 |    0 |          0 |
|       inst                                                 |                                                       StreamingFIFO_rtl_49 |         36 |         30 |       0 |    6 |    17 |      0 |      0 |    0 |          0 |
|     GenericPartition_6_StreamingFIFO_rtl_58                |               GenericPartition_6_GenericPartition_6_StreamingFIFO_rtl_58_0 |         46 |         22 |       0 |   24 |    35 |      0 |      0 |    0 |          0 |
|       inst                                                 |                                                       StreamingFIFO_rtl_50 |         46 |         22 |       0 |   24 |    35 |      0 |      0 |    0 |          0 |
|     GenericPartition_6_StreamingFIFO_rtl_59                |               GenericPartition_6_GenericPartition_6_StreamingFIFO_rtl_59_0 |         11 |         11 |       0 |    0 |    17 |      0 |      0 |    0 |          0 |
|       inst                                                 |                                                       StreamingFIFO_rtl_51 |         11 |         11 |       0 |    0 |    17 |      0 |      0 |    0 |          0 |
|     GenericPartition_6_StreamingFIFO_rtl_6                 |                         GenericPartition_6_StreamingFIFO_rtl_6_imp_10VF7YM |         68 |         68 |       0 |    0 |    61 |      0 |      0 |    1 |          0 |
|       fifo                                                 |                                                  GenericPartition_6_fifo_2 |         68 |         68 |       0 |    0 |    61 |      0 |      0 |    1 |          0 |
|     GenericPartition_6_StreamingFIFO_rtl_60                |               GenericPartition_6_GenericPartition_6_StreamingFIFO_rtl_60_0 |         17 |         17 |       0 |    0 |    29 |      0 |      0 |    0 |          0 |
|       inst                                                 |                                                       StreamingFIFO_rtl_52 |         17 |         17 |       0 |    0 |    29 |      0 |      0 |    0 |          0 |
|     GenericPartition_6_StreamingFIFO_rtl_61                |                        GenericPartition_6_StreamingFIFO_rtl_61_imp_1B2KTZ5 |         96 |         96 |       0 |    0 |    71 |      5 |      1 |    0 |          0 |
|       fifo                                                 |                                                  GenericPartition_6_fifo_8 |         96 |         96 |       0 |    0 |    71 |      5 |      1 |    0 |          0 |
|     GenericPartition_6_StreamingFIFO_rtl_62                |               GenericPartition_6_GenericPartition_6_StreamingFIFO_rtl_62_0 |        254 |         62 |       0 |  192 |    41 |      0 |      0 |    0 |          0 |
|       inst                                                 |                                    GenericPartition_6_StreamingFIFO_rtl_62 |        254 |         62 |       0 |  192 |    41 |      0 |      0 |    0 |          0 |
|     GenericPartition_6_StreamingFIFO_rtl_63                |               GenericPartition_6_GenericPartition_6_StreamingFIFO_rtl_63_0 |         69 |         45 |       0 |   24 |    35 |      0 |      0 |    0 |          0 |
|       inst                                                 |                                    GenericPartition_6_StreamingFIFO_rtl_63 |         69 |         45 |       0 |   24 |    35 |      0 |      0 |    0 |          0 |
|     GenericPartition_6_StreamingFIFO_rtl_64                |               GenericPartition_6_GenericPartition_6_StreamingFIFO_rtl_64_0 |        121 |         61 |       0 |   60 |    26 |      0 |      0 |    0 |          0 |
|       inst                                                 |                                                       StreamingFIFO_rtl_54 |        121 |         61 |       0 |   60 |    26 |      0 |      0 |    0 |          0 |
|     GenericPartition_6_StreamingFIFO_rtl_65                |                         GenericPartition_6_StreamingFIFO_rtl_65_imp_HZBPYB |         92 |         92 |       0 |    0 |    79 |     15 |      0 |    0 |          0 |
|       fifo                                                 |                                                  GenericPartition_6_fifo_9 |         92 |         92 |       0 |    0 |    79 |     15 |      0 |    0 |          0 |
|     GenericPartition_6_StreamingFIFO_rtl_66                |                        GenericPartition_6_StreamingFIFO_rtl_66_imp_1R5ECUI |        102 |        102 |       0 |    0 |    75 |      3 |      0 |    0 |          0 |
|       fifo                                                 |                                                 GenericPartition_6_fifo_10 |        102 |        102 |       0 |    0 |    75 |      3 |      0 |    0 |          0 |
|     GenericPartition_6_StreamingFIFO_rtl_67                |                         GenericPartition_6_StreamingFIFO_rtl_67_imp_EK6KLU |         70 |         70 |       0 |    0 |    59 |      0 |      1 |    0 |          0 |
|       fifo                                                 |                                                 GenericPartition_6_fifo_11 |         70 |         70 |       0 |    0 |    59 |      0 |      1 |    0 |          0 |
|     GenericPartition_6_StreamingFIFO_rtl_68                |                         GenericPartition_6_StreamingFIFO_rtl_68_imp_X9MB6K |         93 |         93 |       0 |    0 |    71 |      2 |      0 |    0 |          0 |
|       fifo                                                 |                                                 GenericPartition_6_fifo_12 |         93 |         93 |       0 |    0 |    71 |      2 |      0 |    0 |          0 |
|     GenericPartition_6_StreamingFIFO_rtl_69                |               GenericPartition_6_GenericPartition_6_StreamingFIFO_rtl_69_0 |         40 |         32 |       0 |    8 |    21 |      0 |      0 |    0 |          0 |
|       inst                                                 |                                    GenericPartition_6_StreamingFIFO_rtl_69 |         40 |         32 |       0 |    8 |    21 |      0 |      0 |    0 |          0 |
|     GenericPartition_6_StreamingFIFO_rtl_7                 |                GenericPartition_6_GenericPartition_6_StreamingFIFO_rtl_7_0 |         29 |         29 |       0 |    0 |    53 |      0 |      0 |    0 |          0 |
|       inst                                                 |                                                        StreamingFIFO_rtl_5 |         29 |         29 |       0 |    0 |    53 |      0 |      0 |    0 |          0 |
|     GenericPartition_6_StreamingFIFO_rtl_70                |                         GenericPartition_6_StreamingFIFO_rtl_70_imp_7J2YFZ |         82 |         82 |       0 |    0 |    67 |      1 |      0 |    0 |          0 |
|       fifo                                                 |                                                 GenericPartition_6_fifo_13 |         82 |         82 |       0 |    0 |    67 |      1 |      0 |    0 |          0 |
|     GenericPartition_6_StreamingFIFO_rtl_71                |               GenericPartition_6_GenericPartition_6_StreamingFIFO_rtl_71_0 |         91 |         43 |       0 |   48 |    20 |      0 |      0 |    0 |          0 |
|       inst                                                 |                                    GenericPartition_6_StreamingFIFO_rtl_71 |         91 |         43 |       0 |   48 |    20 |      0 |      0 |    0 |          0 |
|     GenericPartition_6_StreamingFIFO_rtl_72                |               GenericPartition_6_GenericPartition_6_StreamingFIFO_rtl_72_0 |         65 |         41 |       0 |   24 |    19 |      0 |      0 |    0 |          0 |
|       inst                                                 |                                    GenericPartition_6_StreamingFIFO_rtl_72 |         65 |         41 |       0 |   24 |    19 |      0 |      0 |    0 |          0 |
|     GenericPartition_6_StreamingFIFO_rtl_73                |               GenericPartition_6_GenericPartition_6_StreamingFIFO_rtl_73_0 |         19 |         19 |       0 |    0 |    29 |      0 |      0 |    0 |          0 |
|       inst                                                 |                                                       StreamingFIFO_rtl_57 |         19 |         19 |       0 |    0 |    29 |      0 |      0 |    0 |          0 |
|     GenericPartition_6_StreamingFIFO_rtl_74                |               GenericPartition_6_GenericPartition_6_StreamingFIFO_rtl_74_0 |         11 |         11 |       0 |    0 |    17 |      0 |      0 |    0 |          0 |
|       inst                                                 |                                                       StreamingFIFO_rtl_58 |         11 |         11 |       0 |    0 |    17 |      0 |      0 |    0 |          0 |
|     GenericPartition_6_StreamingFIFO_rtl_75                |                         GenericPartition_6_StreamingFIFO_rtl_75_imp_AG6E05 |        119 |        119 |       0 |    0 |    98 |     22 |      0 |    0 |          0 |
|       fifo                                                 |                                                 GenericPartition_6_fifo_14 |        119 |        119 |       0 |    0 |    98 |     22 |      0 |    0 |          0 |
|     GenericPartition_6_StreamingFIFO_rtl_76                |                        GenericPartition_6_StreamingFIFO_rtl_76_imp_11GGHXO |        118 |        118 |       0 |    0 |    98 |     22 |      0 |    0 |          0 |
|       fifo                                                 |                                                 GenericPartition_6_fifo_15 |        118 |        118 |       0 |    0 |    98 |     22 |      0 |    0 |          0 |
|     GenericPartition_6_StreamingFIFO_rtl_77                |                         GenericPartition_6_StreamingFIFO_rtl_77_imp_MI7UZ8 |        119 |        119 |       0 |    0 |    98 |     22 |      0 |    0 |          0 |
|       fifo                                                 |                                                 GenericPartition_6_fifo_16 |        119 |        119 |       0 |    0 |    98 |     22 |      0 |    0 |          0 |
|     GenericPartition_6_StreamingFIFO_rtl_78                |               GenericPartition_6_GenericPartition_6_StreamingFIFO_rtl_78_0 |         29 |         29 |       0 |    0 |    53 |      0 |      0 |    0 |          0 |
|       inst                                                 |                                                       StreamingFIFO_rtl_60 |         29 |         29 |       0 |    0 |    53 |      0 |      0 |    0 |          0 |
|     GenericPartition_6_StreamingFIFO_rtl_79                |                        GenericPartition_6_StreamingFIFO_rtl_79_imp_1IRIYV6 |        120 |        120 |       0 |    0 |    98 |     22 |      0 |    0 |          0 |
|       fifo                                                 |                                                 GenericPartition_6_fifo_17 |        120 |        120 |       0 |    0 |    98 |     22 |      0 |    0 |          0 |
|     GenericPartition_6_StreamingFIFO_rtl_8                 |                GenericPartition_6_GenericPartition_6_StreamingFIFO_rtl_8_0 |         92 |         44 |       0 |   48 |    20 |      0 |      0 |    0 |          0 |
|       inst                                                 |                                     GenericPartition_6_StreamingFIFO_rtl_8 |         92 |         44 |       0 |   48 |    20 |      0 |      0 |    0 |          0 |
|     GenericPartition_6_StreamingFIFO_rtl_80                |                         GenericPartition_6_StreamingFIFO_rtl_80_imp_SS7MKE |         96 |         96 |       0 |    0 |    71 |      5 |      1 |    0 |          0 |
|       fifo                                                 |                                                 GenericPartition_6_fifo_18 |         96 |         96 |       0 |    0 |    71 |      5 |      1 |    0 |          0 |
|     GenericPartition_6_StreamingFIFO_rtl_81                |               GenericPartition_6_GenericPartition_6_StreamingFIFO_rtl_81_0 |         22 |         22 |       0 |    0 |    37 |      0 |      0 |    0 |          0 |
|       inst                                                 |                                                       StreamingFIFO_rtl_62 |         22 |         22 |       0 |    0 |    37 |      0 |      0 |    0 |          0 |
|     GenericPartition_6_StreamingFIFO_rtl_82                |                         GenericPartition_6_StreamingFIFO_rtl_82_imp_5A4X73 |         83 |         83 |       0 |    0 |    91 |      0 |      0 |    1 |          0 |
|       fifo                                                 |                                                 GenericPartition_6_fifo_19 |         83 |         83 |       0 |    0 |    91 |      0 |      0 |    1 |          0 |
|     GenericPartition_6_StreamingFIFO_rtl_83                |                        GenericPartition_6_StreamingFIFO_rtl_83_imp_1IMXT1Z |         80 |         80 |       0 |    0 |    63 |      1 |      1 |    0 |          0 |
|       fifo                                                 |                                                 GenericPartition_6_fifo_20 |         80 |         80 |       0 |    0 |    63 |      1 |      1 |    0 |          0 |
|     GenericPartition_6_StreamingFIFO_rtl_84                |               GenericPartition_6_GenericPartition_6_StreamingFIFO_rtl_84_0 |          9 |          9 |       0 |    0 |    13 |      0 |      0 |    0 |          0 |
|       inst                                                 |                                                       StreamingFIFO_rtl_64 |          9 |          9 |       0 |    0 |    13 |      0 |      0 |    0 |          0 |
|     GenericPartition_6_StreamingFIFO_rtl_85                |                         GenericPartition_6_StreamingFIFO_rtl_85_imp_OR4CP0 |         73 |         73 |       0 |    0 |    59 |      1 |      0 |    0 |          0 |
|       fifo                                                 |                                                 GenericPartition_6_fifo_21 |         73 |         73 |       0 |    0 |    59 |      1 |      0 |    0 |          0 |
|     GenericPartition_6_StreamingFIFO_rtl_86                |                        GenericPartition_6_StreamingFIFO_rtl_86_imp_1XGYO6L |         67 |         67 |       0 |    0 |    55 |      0 |      1 |    0 |          0 |
|       fifo                                                 |                                                 GenericPartition_6_fifo_22 |         67 |         67 |       0 |    0 |    55 |      0 |      1 |    0 |          0 |
|     GenericPartition_6_StreamingFIFO_rtl_87                |                         GenericPartition_6_StreamingFIFO_rtl_87_imp_CMKYPH |         69 |         69 |       0 |    0 |    95 |      0 |      0 |    8 |          0 |
|       fifo                                                 |                                                 GenericPartition_6_fifo_23 |         69 |         69 |       0 |    0 |    95 |      0 |      0 |    8 |          0 |
|     GenericPartition_6_StreamingFIFO_rtl_88                |               GenericPartition_6_GenericPartition_6_StreamingFIFO_rtl_88_0 |        258 |         66 |       0 |  192 |    42 |      0 |      0 |    0 |          0 |
|       inst                                                 |                                    GenericPartition_6_StreamingFIFO_rtl_88 |        258 |         66 |       0 |  192 |    42 |      0 |      0 |    0 |          0 |
|     GenericPartition_6_StreamingFIFO_rtl_89                |                        GenericPartition_6_StreamingFIFO_rtl_89_imp_1FLVMEB |         80 |         80 |       0 |    0 |    79 |      0 |      0 |    1 |          0 |
|       fifo                                                 |                                                 GenericPartition_6_fifo_24 |         80 |         80 |       0 |    0 |    79 |      0 |      0 |    1 |          0 |
|     GenericPartition_6_StreamingFIFO_rtl_9                 |                GenericPartition_6_GenericPartition_6_StreamingFIFO_rtl_9_0 |         48 |         36 |       0 |   12 |    18 |      0 |      0 |    0 |          0 |
|       inst                                                 |                                     GenericPartition_6_StreamingFIFO_rtl_9 |         48 |         36 |       0 |   12 |    18 |      0 |      0 |    0 |          0 |
|     GenericPartition_6_StreamingFIFO_rtl_90                |               GenericPartition_6_GenericPartition_6_StreamingFIFO_rtl_90_0 |        158 |         62 |       0 |   96 |    37 |      0 |      0 |    0 |          0 |
|       inst                                                 |                                    GenericPartition_6_StreamingFIFO_rtl_90 |        158 |         62 |       0 |   96 |    37 |      0 |      0 |    0 |          0 |
|     GenericPartition_6_StreamingFIFO_rtl_91                |                        GenericPartition_6_StreamingFIFO_rtl_91_imp_1N5TY3K |         70 |         70 |       0 |    0 |    75 |      0 |      0 |    1 |          0 |
|       fifo                                                 |                                                 GenericPartition_6_fifo_25 |         70 |         70 |       0 |    0 |    75 |      0 |      0 |    1 |          0 |
|     GenericPartition_6_StreamingFIFO_rtl_92                |                         GenericPartition_6_StreamingFIFO_rtl_92_imp_WV12YX |         66 |         66 |       0 |    0 |    70 |      0 |      0 |    1 |          0 |
|       fifo                                                 |                                                 GenericPartition_6_fifo_26 |         66 |         66 |       0 |    0 |    70 |      0 |      0 |    1 |          0 |
|     GenericPartition_6_StreamingFIFO_rtl_93                |               GenericPartition_6_GenericPartition_6_StreamingFIFO_rtl_93_0 |         25 |         25 |       0 |    0 |    39 |      0 |      0 |    0 |          0 |
|       inst                                                 |                                                       StreamingFIFO_rtl_61 |         25 |         25 |       0 |    0 |    39 |      0 |      0 |    0 |          0 |
|     GenericPartition_6_StreamingFIFO_rtl_94                |               GenericPartition_6_GenericPartition_6_StreamingFIFO_rtl_94_0 |        140 |         65 |       0 |   75 |    29 |      0 |      0 |    0 |          0 |
|       inst                                                 |                                    GenericPartition_6_StreamingFIFO_rtl_94 |        140 |         65 |       0 |   75 |    29 |      0 |      0 |    0 |          0 |
|     GenericPartition_6_StreamingFIFO_rtl_95                |               GenericPartition_6_GenericPartition_6_StreamingFIFO_rtl_95_0 |         13 |         13 |       0 |    0 |    17 |      0 |      0 |    0 |          0 |
|       inst                                                 |                                                       StreamingFIFO_rtl_63 |         13 |         13 |       0 |    0 |    17 |      0 |      0 |    0 |          0 |
|     GenericPartition_6_StreamingFIFO_rtl_96                |                        GenericPartition_6_StreamingFIFO_rtl_96_imp_184IDNV |         83 |         83 |       0 |    0 |    79 |      8 |      0 |    0 |          0 |
|       fifo                                                 |                                                 GenericPartition_6_fifo_27 |         83 |         83 |       0 |    0 |    79 |      8 |      0 |    0 |          0 |
|     GenericPartition_6_StreamingFIFO_rtl_97                |                         GenericPartition_6_StreamingFIFO_rtl_97_imp_K84U7N |         81 |         81 |       0 |    0 |    79 |      8 |      0 |    0 |          0 |
|       fifo                                                 |                                                 GenericPartition_6_fifo_28 |         81 |         81 |       0 |    0 |    79 |      8 |      0 |    0 |          0 |
|     GenericPartition_6_StreamingFIFO_rtl_98                |               GenericPartition_6_GenericPartition_6_StreamingFIFO_rtl_98_0 |         13 |         13 |       0 |    0 |    21 |      0 |      0 |    0 |          0 |
|       inst                                                 |                                                       StreamingFIFO_rtl_65 |         13 |         13 |       0 |    0 |    21 |      0 |      0 |    0 |          0 |
|     GenericPartition_6_StreamingFIFO_rtl_99                |               GenericPartition_6_GenericPartition_6_StreamingFIFO_rtl_99_0 |         14 |         14 |       0 |    0 |    23 |      0 |      0 |    0 |          0 |
|       inst                                                 |                                                       StreamingFIFO_rtl_68 |         14 |         14 |       0 |    0 |    23 |      0 |      0 |    0 |          0 |
|     GenericPartition_6_Thresholding_rtl_0                  |                 GenericPartition_6_GenericPartition_6_Thresholding_rtl_0_0 |         81 |         69 |       0 |   12 |   283 |      0 |      3 |    0 |          0 |
|       inst                                                 |                                             Thresholding_rtl_0_axi_wrapper |         81 |         69 |       0 |   12 |   283 |      0 |      3 |    0 |          0 |
|     GenericPartition_6_Thresholding_rtl_1                  |                 GenericPartition_6_GenericPartition_6_Thresholding_rtl_1_0 |         57 |         46 |       0 |   11 |   130 |      0 |      0 |    0 |          0 |
|       inst                                                 |                                             Thresholding_rtl_1_axi_wrapper |         57 |         46 |       0 |   11 |   130 |      0 |      0 |    0 |          0 |
|     GenericPartition_6_Thresholding_rtl_10                 |                GenericPartition_6_GenericPartition_6_Thresholding_rtl_10_0 |        118 |        111 |       0 |    7 |   323 |      0 |      0 |    0 |          0 |
|       (GenericPartition_6_Thresholding_rtl_10)             |                GenericPartition_6_GenericPartition_6_Thresholding_rtl_10_0 |         14 |         14 |       0 |    0 |     0 |      0 |      0 |    0 |          0 |
|       inst                                                 |                                            Thresholding_rtl_10_axi_wrapper |        104 |         97 |       0 |    7 |   323 |      0 |      0 |    0 |          0 |
|     GenericPartition_6_Thresholding_rtl_11                 |                GenericPartition_6_GenericPartition_6_Thresholding_rtl_11_0 |        240 |        231 |       0 |    9 |   578 |      0 |      0 |    0 |          0 |
|       (GenericPartition_6_Thresholding_rtl_11)             |                GenericPartition_6_GenericPartition_6_Thresholding_rtl_11_0 |         66 |         66 |       0 |    0 |     0 |      0 |      0 |    0 |          0 |
|       inst                                                 |                                            Thresholding_rtl_11_axi_wrapper |        174 |        165 |       0 |    9 |   578 |      0 |      0 |    0 |          0 |
|     GenericPartition_6_Thresholding_rtl_12                 |                GenericPartition_6_GenericPartition_6_Thresholding_rtl_12_0 |         81 |         69 |       0 |   12 |   283 |      0 |      3 |    0 |          0 |
|       inst                                                 |                                            Thresholding_rtl_12_axi_wrapper |         81 |         69 |       0 |   12 |   283 |      0 |      3 |    0 |          0 |
|     GenericPartition_6_Thresholding_rtl_13                 |                GenericPartition_6_GenericPartition_6_Thresholding_rtl_13_0 |         57 |         46 |       0 |   11 |   130 |      0 |      0 |    0 |          0 |
|       inst                                                 |                                            Thresholding_rtl_13_axi_wrapper |         57 |         46 |       0 |   11 |   130 |      0 |      0 |    0 |          0 |
|     GenericPartition_6_Thresholding_rtl_14                 |                GenericPartition_6_GenericPartition_6_Thresholding_rtl_14_0 |        107 |        100 |       0 |    7 |   339 |      0 |      0 |    0 |          0 |
|       (GenericPartition_6_Thresholding_rtl_14)             |                GenericPartition_6_GenericPartition_6_Thresholding_rtl_14_0 |          0 |          0 |       0 |    0 |     0 |      0 |      0 |    0 |          0 |
|       inst                                                 |                                            Thresholding_rtl_14_axi_wrapper |        107 |        100 |       0 |    7 |   339 |      0 |      0 |    0 |          0 |
|     GenericPartition_6_Thresholding_rtl_15                 |                GenericPartition_6_GenericPartition_6_Thresholding_rtl_15_0 |         88 |         81 |       0 |    7 |   265 |      0 |      0 |    0 |          0 |
|       inst                                                 |                                            Thresholding_rtl_15_axi_wrapper |         88 |         81 |       0 |    7 |   265 |      0 |      0 |    0 |          0 |
|     GenericPartition_6_Thresholding_rtl_16                 |                GenericPartition_6_GenericPartition_6_Thresholding_rtl_16_0 |         83 |         78 |       0 |    5 |   195 |      0 |      0 |    0 |          0 |
|       inst                                                 |                                            Thresholding_rtl_17_axi_wrapper |         83 |         78 |       0 |    5 |   195 |      0 |      0 |    0 |          0 |
|     GenericPartition_6_Thresholding_rtl_17                 |                GenericPartition_6_GenericPartition_6_Thresholding_rtl_17_0 |        117 |        110 |       0 |    7 |   372 |      0 |      0 |    0 |          0 |
|       (GenericPartition_6_Thresholding_rtl_17)             |                GenericPartition_6_GenericPartition_6_Thresholding_rtl_17_0 |          0 |          0 |       0 |    0 |     0 |      0 |      0 |    0 |          0 |
|       inst                                                 |                                            Thresholding_rtl_16_axi_wrapper |        117 |        110 |       0 |    7 |   372 |      0 |      0 |    0 |          0 |
|     GenericPartition_6_Thresholding_rtl_18                 |                GenericPartition_6_GenericPartition_6_Thresholding_rtl_18_0 |        281 |        272 |       0 |    9 |   482 |      0 |      0 |    0 |          0 |
|       (GenericPartition_6_Thresholding_rtl_18)             |                GenericPartition_6_GenericPartition_6_Thresholding_rtl_18_0 |        158 |        158 |       0 |    0 |     0 |      0 |      0 |    0 |          0 |
|       inst                                                 |                                            Thresholding_rtl_19_axi_wrapper |        123 |        114 |       0 |    9 |   482 |      0 |      0 |    0 |          0 |
|     GenericPartition_6_Thresholding_rtl_19                 |                GenericPartition_6_GenericPartition_6_Thresholding_rtl_19_0 |         56 |         40 |       0 |   16 |   167 |      0 |      2 |    0 |          0 |
|       (GenericPartition_6_Thresholding_rtl_19)             |                GenericPartition_6_GenericPartition_6_Thresholding_rtl_19_0 |          1 |          1 |       0 |    0 |     0 |      0 |      0 |    0 |          0 |
|       inst                                                 |                                            Thresholding_rtl_18_axi_wrapper |         55 |         39 |       0 |   16 |   167 |      0 |      2 |    0 |          0 |
|     GenericPartition_6_Thresholding_rtl_2                  |                 GenericPartition_6_GenericPartition_6_Thresholding_rtl_2_0 |         55 |         38 |       0 |   17 |   171 |      0 |      3 |    0 |          0 |
|       inst                                                 |                                             Thresholding_rtl_2_axi_wrapper |         55 |         38 |       0 |   17 |   171 |      0 |      3 |    0 |          0 |
|     GenericPartition_6_Thresholding_rtl_3                  |                 GenericPartition_6_GenericPartition_6_Thresholding_rtl_3_0 |        169 |        160 |       0 |    9 |   450 |      0 |      0 |    0 |          0 |
|       (GenericPartition_6_Thresholding_rtl_3)              |                 GenericPartition_6_GenericPartition_6_Thresholding_rtl_3_0 |         53 |         53 |       0 |    0 |     0 |      0 |      0 |    0 |          0 |
|       inst                                                 |                                             Thresholding_rtl_3_axi_wrapper |        117 |        108 |       0 |    9 |   450 |      0 |      0 |    0 |          0 |
|     GenericPartition_6_Thresholding_rtl_4                  |                 GenericPartition_6_GenericPartition_6_Thresholding_rtl_4_0 |        156 |        149 |       0 |    7 |   371 |      0 |      0 |    0 |          0 |
|       (GenericPartition_6_Thresholding_rtl_4)              |                 GenericPartition_6_GenericPartition_6_Thresholding_rtl_4_0 |         34 |         34 |       0 |    0 |     0 |      0 |      0 |    0 |          0 |
|       inst                                                 |                                             Thresholding_rtl_4_axi_wrapper |        122 |        115 |       0 |    7 |   371 |      0 |      0 |    0 |          0 |
|     GenericPartition_6_Thresholding_rtl_5                  |                 GenericPartition_6_GenericPartition_6_Thresholding_rtl_5_0 |        236 |        227 |       0 |    9 |   536 |      0 |      0 |    0 |          0 |
|       (GenericPartition_6_Thresholding_rtl_5)              |                 GenericPartition_6_GenericPartition_6_Thresholding_rtl_5_0 |         64 |         64 |       0 |    0 |     0 |      0 |      0 |    0 |          0 |
|       inst                                                 |                                             Thresholding_rtl_5_axi_wrapper |        173 |        164 |       0 |    9 |   536 |      0 |      0 |    0 |          0 |
|     GenericPartition_6_Thresholding_rtl_6                  |                 GenericPartition_6_GenericPartition_6_Thresholding_rtl_6_0 |         81 |         69 |       0 |   12 |   283 |      0 |      3 |    0 |          0 |
|       inst                                                 |                                             Thresholding_rtl_6_axi_wrapper |         81 |         69 |       0 |   12 |   283 |      0 |      3 |    0 |          0 |
|     GenericPartition_6_Thresholding_rtl_7                  |                 GenericPartition_6_GenericPartition_6_Thresholding_rtl_7_0 |         57 |         46 |       0 |   11 |   130 |      0 |      0 |    0 |          0 |
|       inst                                                 |                                             Thresholding_rtl_7_axi_wrapper |         57 |         46 |       0 |   11 |   130 |      0 |      0 |    0 |          0 |
|     GenericPartition_6_Thresholding_rtl_8                  |                 GenericPartition_6_GenericPartition_6_Thresholding_rtl_8_0 |         55 |         38 |       0 |   17 |   171 |      0 |      3 |    0 |          0 |
|       inst                                                 |                                             Thresholding_rtl_8_axi_wrapper |         55 |         38 |       0 |   17 |   171 |      0 |      3 |    0 |          0 |
|     GenericPartition_6_Thresholding_rtl_9                  |                 GenericPartition_6_GenericPartition_6_Thresholding_rtl_9_0 |        109 |        102 |       0 |    7 |   317 |      0 |      1 |    0 |          0 |
|       (GenericPartition_6_Thresholding_rtl_9)              |                 GenericPartition_6_GenericPartition_6_Thresholding_rtl_9_0 |          0 |          0 |       0 |    0 |     0 |      0 |      1 |    0 |          0 |
|       inst                                                 |                                             Thresholding_rtl_9_axi_wrapper |        109 |        102 |       0 |    7 |   317 |      0 |      0 |    0 |          0 |
|     GenericPartition_6_UpsampleNearestNeighbour_hls_0      |     GenericPartition_6_GenericPartition_6_UpsampleNearestNeighbour_hls_0_0 |        157 |        129 |      28 |    0 |   174 |      0 |      0 |    0 |          0 |
|       inst                                                 |                                             UpsampleNearestNeighbour_hls_0 |        157 |        129 |      28 |    0 |   174 |      0 |      0 |    0 |          0 |
+------------------------------------------------------------+----------------------------------------------------------------------------+------------+------------+---------+------+-------+--------+--------+------+------------+
* Note: The sum of lower-level cells may be larger than their parent cells total, due to cross-hierarchy LUT combining


