Overriding CANDIDATE_BITS to (4,) (from --candidate-bits).
Predecessor map: 86/88 layers have a real, traced predecessor (the rest are the network's own first layer(s), with no real predecessor to fall back to anything but self-sensitivity).
Extra dataflow nodes: 143 {'input_quant': 1, 'concat': 1, 'act': 1, 'upsample': 2, 'out_act': 27, 'residual_add': 27, 'skip_quant': 27, 'add': 27, 'dup': 28, 'pad_mvau': 2}.
Note: ['down1.pool', 'down2.pool', 'initial.pool'] have no sensitivity entry (MaxPool2d, no weight, never HAWQ-measured) -- given a fixed raw sensitivity of 0.0 for every (w,a), see module docstring.
Traced 88 layers (per-layer granularity, no block grouping). candidate_bits=(4,) -> 1 (w,a) pairs. y: 88 binaries, z: 4427 binaries (4515 total). Solving (time_limit=600s, gap_rel=0.001)...
--target-fps 305.17 @ 100.0MHz -> every node <= 327686 cycles (hard constraint).
Wrote MILP/artifacts/S12_dense_dsr_ablation_v1/dsr_off/layer_bits_folding_dsr_off.json
ILP status: Optimal
LUT used (calibrated): 127337 (55.3% of 230400 budget) -- GUARANTEED (hard constraint).
BRAM_18K used (calibrated): 10 (1.6% of 624 budget) -- GUARANTEED (hard constraint).
DSP used: 291 (16.8% of 1728 budget) -- GUARANTEED (hard constraint).
Bottleneck: initial.pool at 327680 cycles/frame -> 305.2 FPS @ 100.0MHz
Total cycles (sum over nodes): 49142791
Branch imbalance (diagnostic, 28 fork/join diamonds): median=6.25x max=6.25x
Chain-rate imbalance (diagnostic, 230 nodes with a descendant): median=9.00x max=72.00x
  input_quant   x  1: LUT       70  BRAM_18K    0.0  DSP    0  cycles     262144
  concat        x  1: LUT        0  BRAM_18K    0.0  DSP    0  cycles      65536
  act           x  1: LUT       70  BRAM_18K    0.0  DSP    0  cycles     262144
  upsample      x  2: LUT        0  BRAM_18K    0.0  DSP    0  cycles      81920
  out_act       x 27: LUT     1886  BRAM_18K    0.0  DSP    0  cycles    4849664
  residual_add  x 27: LUT    31617  BRAM_18K    0.0  DSP    0  cycles    4849664
  skip_quant    x 27: LUT    31617  BRAM_18K    0.0  DSP    0  cycles    4849664
  add           x 27: LUT     3537  BRAM_18K    0.0  DSP    0  cycles    4849664
  dup           x 28: LUT     3220  BRAM_18K    0.0  DSP    0  cycles    5111808
  pad_mvau      x  2: LUT      479  BRAM_18K    0.0  DSP    6  cycles     524288
Wrote MILP/artifacts/S12_dense_dsr_ablation_v1/dsr_off/pruning_layer_bits_folding_dsr_off.json
Wrote MILP/artifacts/S12_dense_dsr_ablation_v1/dsr_off/final_output.onnx
Wrote MILP/artifacts/S12_dense_dsr_ablation_v1/dsr_off/summary.csv.
Wrote MILP/artifacts/S12_dense_dsr_ablation_v1/dsr_off/run_args.json.
