Nothing to build in platform 'zcu106_s12'

06:58:01 **** Incremental Build of configuration Debug for project lwip_test ****
make all 
'Building file: ../src/i2c_access.c'
'Invoking: ARM v8 gcc compiler'
aarch64-none-elf-gcc -Wall -O0 -g3 -c -fmessage-length=0 -MT"src/i2c_access.o" -IC:/DEV/repos/LightM-UNet/deployment/FINN_interface/zcu106_s12/export/zcu106_s12/sw/zcu106_s12/standalone_domain/bspinclude/include -MMD -MP -MF"src/i2c_access.d" -MT"src/i2c_access.o" -o "src/i2c_access.o" "../src/i2c_access.c"
'Finished building: ../src/i2c_access.c'
' '
'Building file: ../src/iic_phyreset.c'
'Invoking: ARM v8 gcc compiler'
aarch64-none-elf-gcc -Wall -O0 -g3 -c -fmessage-length=0 -MT"src/iic_phyreset.o" -IC:/DEV/repos/LightM-UNet/deployment/FINN_interface/zcu106_s12/export/zcu106_s12/sw/zcu106_s12/standalone_domain/bspinclude/include -MMD -MP -MF"src/iic_phyreset.d" -MT"src/iic_phyreset.o" -o "src/iic_phyreset.o" "../src/iic_phyreset.c"
'Finished building: ../src/iic_phyreset.c'
' '
'Building file: ../src/main.c'
'Invoking: ARM v8 gcc compiler'
aarch64-none-elf-gcc -Wall -O0 -g3 -c -fmessage-length=0 -MT"src/main.o" -IC:/DEV/repos/LightM-UNet/deployment/FINN_interface/zcu106_s12/export/zcu106_s12/sw/zcu106_s12/standalone_domain/bspinclude/include -MMD -MP -MF"src/main.d" -MT"src/main.o" -o "src/main.o" "../src/main.c"
../src/main.c: In function 'main':
../src/main.c:195:5: warning: implicit declaration of function 'sys_time_init'; did you mean 'sys_timeout'? [-Wimplicit-function-declaration]
  195 |     sys_time_init();    // starts TTC (1 ms tick for sys_now)
      |     ^~~~~~~~~~~~~
      |     sys_timeout
../src/main.c:233:9: warning: implicit declaration of function 'sys_time_poll'; did you mean 'sys_timeout'? [-Wimplicit-function-declaration]
  233 |         sys_time_poll();           // advances ms_ticks when TTC interval elapses
      |         ^~~~~~~~~~~~~
      |         sys_timeout
'Finished building: ../src/main.c'
' '
'Building file: ../src/platform_zynqmp.c'
'Invoking: ARM v8 gcc compiler'
aarch64-none-elf-gcc -Wall -O0 -g3 -c -fmessage-length=0 -MT"src/platform_zynqmp.o" -IC:/DEV/repos/LightM-UNet/deployment/FINN_interface/zcu106_s12/export/zcu106_s12/sw/zcu106_s12/standalone_domain/bspinclude/include -MMD -MP -MF"src/platform_zynqmp.d" -MT"src/platform_zynqmp.o" -o "src/platform_zynqmp.o" "../src/platform_zynqmp.c"
'Finished building: ../src/platform_zynqmp.c'
' '
'Building file: ../src/run.c'
'Invoking: ARM v8 gcc compiler'
aarch64-none-elf-gcc -Wall -O0 -g3 -c -fmessage-length=0 -MT"src/run.o" -IC:/DEV/repos/LightM-UNet/deployment/FINN_interface/zcu106_s12/export/zcu106_s12/sw/zcu106_s12/standalone_domain/bspinclude/include -MMD -MP -MF"src/run.d" -MT"src/run.o" -o "src/run.o" "../src/run.c"
../src/run.c:672:13: warning: 'reset_conn' defined but not used [-Wunused-function]
  672 | static void reset_conn(struct tcp_pcb *tpcb, conn_ctx_t *ctx, int abort)
      |             ^~~~~~~~~~
'Finished building: ../src/run.c'
' '
'Building file: ../src/sfp.c'
'Invoking: ARM v8 gcc compiler'
aarch64-none-elf-gcc -Wall -O0 -g3 -c -fmessage-length=0 -MT"src/sfp.o" -IC:/DEV/repos/LightM-UNet/deployment/FINN_interface/zcu106_s12/export/zcu106_s12/sw/zcu106_s12/standalone_domain/bspinclude/include -MMD -MP -MF"src/sfp.d" -MT"src/sfp.o" -o "src/sfp.o" "../src/sfp.c"
'Finished building: ../src/sfp.c'
' '
'Building file: ../src/si5324.c'
'Invoking: ARM v8 gcc compiler'
aarch64-none-elf-gcc -Wall -O0 -g3 -c -fmessage-length=0 -MT"src/si5324.o" -IC:/DEV/repos/LightM-UNet/deployment/FINN_interface/zcu106_s12/export/zcu106_s12/sw/zcu106_s12/standalone_domain/bspinclude/include -MMD -MP -MF"src/si5324.d" -MT"src/si5324.o" -o "src/si5324.o" "../src/si5324.c"
'Finished building: ../src/si5324.c'
' '
'Building file: ../src/sys_time.c'
'Invoking: ARM v8 gcc compiler'
aarch64-none-elf-gcc -Wall -O0 -g3 -c -fmessage-length=0 -MT"src/sys_time.o" -IC:/DEV/repos/LightM-UNet/deployment/FINN_interface/zcu106_s12/export/zcu106_s12/sw/zcu106_s12/standalone_domain/bspinclude/include -MMD -MP -MF"src/sys_time.d" -MT"src/sys_time.o" -o "src/sys_time.o" "../src/sys_time.c"
../src/sys_time.c: In function 'TtcPs_Init_1ms_any':
../src/sys_time.c:31:60: warning: passing argument 4 of 'XTtcPs_CalcIntervalFromFreq' from incompatible pointer type [-Wincompatible-pointer-types]
   31 |     XTtcPs_CalcIntervalFromFreq(&TtcInst, 1000, &interval, &prescaler);
      |                                                            ^~~~~~~~~~
      |                                                            |
      |                                                            u32 * {aka unsigned int *}
In file included from ../src/sys_time.c:7:
C:/DEV/repos/LightM-UNet/deployment/FINN_interface/zcu106_s12/export/zcu106_s12/sw/zcu106_s12/standalone_domain/bspinclude/include/xttcps.h:504:34: note: expected 'u8 *' {aka 'unsigned char *'} but argument is of type 'u32 *' {aka 'unsigned int *'}
  504 |         XInterval *Interval, u8 *Prescaler);
      |                              ~~~~^~~~~~~~~
'Finished building: ../src/sys_time.c'
' '
'Building target: lwip_test.elf'
'Invoking: ARM v8 gcc linker'
aarch64-none-elf-gcc -Wl,-T -Wl,../src/lscript.ld -LC:/DEV/repos/LightM-UNet/deployment/FINN_interface/zcu106_s12/export/zcu106_s12/sw/zcu106_s12/standalone_domain/bsplib/lib -o "lwip_test.elf"  ./src/i2c_access.o ./src/iic_phyreset.o ./src/main.o ./src/platform.o ./src/platform_mb.o ./src/platform_ppc.o ./src/platform_zynq.o ./src/platform_zynqmp.o ./src/run.o ./src/sfp.o ./src/si5324.o ./src/sys_time.o   -Wl,--start-group,-lxil,-lgcc,-lc,--end-group -Wl,--start-group,-lxil,-llwip4,-lgcc,-lc,--end-group -Wl,--start-group,-lxiltimer,-lxil,-lgcc,-lc,--end-group
'Finished building target: lwip_test.elf'
' '
'Invoking: ARM v8 Print Size'
aarch64-none-elf-size lwip_test.elf  |tee "lwip_test.elf.size"
   text	   data	    bss	    dec	    hex	filename
 114563	   7688	6443381	6565632	 642f00	lwip_test.elf
'Finished building: lwip_test.elf.size'
' '
