16:23:53 **** Build of configuration Debug for project test ****
make all 
'Building file: ../src/helloworld.c'
'Invoking: ARM v8 gcc compiler'
aarch64-none-elf-gcc -Wall -O0 -g3 -c -fmessage-length=0 -MT"src/helloworld.o" -IC:/DEV/repos/LightM-UNet/deployment/FINN_interface/zcu106/export/zcu106/sw/zcu106/standalone_domain/bspinclude/include -MMD -MP -MF"src/helloworld.d" -MT"src/helloworld.o" -o "src/helloworld.o" "../src/helloworld.c"
'Finished building: ../src/helloworld.c'
' '
'Building file: ../src/platform.c'
'Invoking: ARM v8 gcc compiler'
aarch64-none-elf-gcc -Wall -O0 -g3 -c -fmessage-length=0 -MT"src/platform.o" -IC:/DEV/repos/LightM-UNet/deployment/FINN_interface/zcu106/export/zcu106/sw/zcu106/standalone_domain/bspinclude/include -MMD -MP -MF"src/platform.d" -MT"src/platform.o" -o "src/platform.o" "../src/platform.c"
'Finished building: ../src/platform.c'
' '
'Building target: test.elf'
'Invoking: ARM v8 gcc linker'
aarch64-none-elf-gcc -Wl,-T -Wl,../src/lscript.ld -LC:/DEV/repos/LightM-UNet/deployment/FINN_interface/zcu106/export/zcu106/sw/zcu106/standalone_domain/bsplib/lib -o "test.elf"  ./src/helloworld.o ./src/platform.o   -Wl,--start-group,-lxil,-lgcc,-lc,--end-group
'Finished building target: test.elf'
' '
'Invoking: ARM v8 Print Size'
aarch64-none-elf-size test.elf  |tee "test.elf.size"
   text	   data	    bss	    dec	    hex	filename
  30292	   2048	  20676	  53016	   cf18	test.elf
'Finished building: test.elf.size'
' '

16:23:56 Build Finished (took 3s.161ms)

