Copyright 1986-2022 Xilinx, Inc. All Rights Reserved.
--------------------------------------------------------------------------------------------------------
| Tool Version : Vivado v.2022.2 (lin64) Build 3671981 Fri Oct 14 04:59:54 MDT 2022
| Date         : Wed Sep 16 13:15:50 2026
| Host         : finn_dev_thelegendiv running 64-bit Ubuntu 22.04.1 LTS
| Command      : report_utilization -hierarchical -hierarchical_depth 4 -file /tmp/hier_partition_7.rpt
| Design       : GenericPartition_7_wrapper
| Device       : xczu7ev-ffvc1156-2-e
| Speed File   : -2
| Design State : Routed
--------------------------------------------------------------------------------------------------------

Utilization Design Information

Table of Contents
-----------------
1. Utilization by Hierarchy

1. Utilization by Hierarchy
---------------------------

+---------------------------------------------+----------------------------------------------------------+------------+------------+---------+------+------+--------+--------+------+------------+
|                   Instance                  |                          Module                          | Total LUTs | Logic LUTs | LUTRAMs | SRLs |  FFs | RAMB36 | RAMB18 | URAM | DSP Blocks |
+---------------------------------------------+----------------------------------------------------------+------------+------------+---------+------+------+--------+--------+------+------------+
| GenericPartition_7_wrapper                  |                                                    (top) |       4288 |       4127 |      60 |  101 | 4634 |      8 |      8 |    1 |         65 |
|   (GenericPartition_7_wrapper)              |                                                    (top) |         20 |          0 |      20 |    0 |    0 |      0 |      0 |    0 |          0 |
|   GenericPartition_7_i                      |                                       GenericPartition_7 |       4268 |       4127 |      40 |  101 | 4634 |      8 |      8 |    1 |         65 |
|     (GenericPartition_7_i)                  |                                       GenericPartition_7 |         16 |         16 |       0 |    0 |    0 |      0 |      0 |    0 |          0 |
|     AddStreams_hls_0                        |                    GenericPartition_7_AddStreams_hls_0_0 |         61 |         61 |       0 |    0 |   89 |      0 |      0 |    0 |          0 |
|       inst                                  |                                         AddStreams_hls_0 |         61 |         61 |       0 |    0 |   89 |      0 |      0 |    0 |          0 |
|         (inst)                              |                                         AddStreams_hls_0 |          0 |          0 |       0 |    0 |   26 |      0 |      0 |    0 |          0 |
|         flow_control_loop_pipe_no_ap_cont_U |       AddStreams_hls_0_flow_control_loop_pipe_no_ap_cont |         17 |         17 |       0 |    0 |    1 |      0 |      0 |    0 |          0 |
|         regslice_both_in0_V_U               |                           AddStreams_hls_0_regslice_both |          8 |          8 |       0 |    0 |   20 |      0 |      0 |    0 |          0 |
|         regslice_both_in1_V_U               |                        AddStreams_hls_0_regslice_both_57 |         17 |         17 |       0 |    0 |   20 |      0 |      0 |    0 |          0 |
|         regslice_both_out_V_U               |           AddStreams_hls_0_regslice_both__parameterized0 |         19 |         19 |       0 |    0 |   22 |      0 |      0 |    0 |          0 |
|     ChannelwiseOp_hls_0                     |                 GenericPartition_7_ChannelwiseOp_hls_0_0 |         97 |         97 |       0 |    0 |  166 |      0 |      0 |    0 |          0 |
|       (ChannelwiseOp_hls_0)                 |                 GenericPartition_7_ChannelwiseOp_hls_0_0 |          3 |          3 |       0 |    0 |    0 |      0 |      0 |    0 |          0 |
|       inst                                  |                                      ChannelwiseOp_hls_0 |         95 |         95 |       0 |    0 |  166 |      0 |      0 |    0 |          0 |
|         (inst)                              |                                      ChannelwiseOp_hls_0 |         25 |         25 |       0 |    0 |   85 |      0 |      0 |    0 |          0 |
|         flow_control_loop_pipe_no_ap_cont_U |    ChannelwiseOp_hls_0_flow_control_loop_pipe_no_ap_cont |         19 |         19 |       0 |    0 |    1 |      0 |      0 |    0 |          0 |
|         regslice_both_in0_V_U               |                        ChannelwiseOp_hls_0_regslice_both |         24 |         24 |       0 |    0 |   36 |      0 |      0 |    0 |          0 |
|         regslice_both_out_V_U               |        ChannelwiseOp_hls_0_regslice_both__parameterized0 |         29 |         29 |       0 |    0 |   38 |      0 |      0 |    0 |          0 |
|         threshs_U                           |             ChannelwiseOp_hls_0_threshs_ROM_2P_LUTRAM_1R |          2 |          2 |       0 |    0 |    6 |      0 |      0 |    0 |          0 |
|     ConvolutionInputGenerator_rtl_0         |     GenericPartition_7_ConvolutionInputGenerator_rtl_0_0 |        180 |        180 |       0 |    0 |   87 |      0 |      0 |    0 |          0 |
|       (ConvolutionInputGenerator_rtl_0)     |     GenericPartition_7_ConvolutionInputGenerator_rtl_0_0 |          8 |          8 |       0 |    0 |    0 |      0 |      0 |    0 |          0 |
|       inst                                  |                          ConvolutionInputGenerator_rtl_0 |        173 |        173 |       0 |    0 |   87 |      0 |      0 |    0 |          0 |
|         impl                                |                     ConvolutionInputGenerator_rtl_0_impl |        173 |        173 |       0 |    0 |   87 |      0 |      0 |    0 |          0 |
|     ConvolutionInputGenerator_rtl_1         |     GenericPartition_7_ConvolutionInputGenerator_rtl_1_0 |        265 |        225 |      40 |    0 |  104 |      0 |      0 |    0 |          0 |
|       inst                                  |                          ConvolutionInputGenerator_rtl_1 |        265 |        225 |      40 |    0 |  104 |      0 |      0 |    0 |          0 |
|         impl                                |                     ConvolutionInputGenerator_rtl_1_impl |        265 |        225 |      40 |    0 |  104 |      0 |      0 |    0 |          0 |
|     DuplicateStreams_hls_0                  |              GenericPartition_7_DuplicateStreams_hls_0_0 |         57 |         57 |       0 |    0 |   72 |      0 |      0 |    0 |          0 |
|       inst                                  |                                   DuplicateStreams_hls_0 |         57 |         57 |       0 |    0 |   72 |      0 |      0 |    0 |          0 |
|         (inst)                              |                                   DuplicateStreams_hls_0 |          0 |          0 |       0 |    0 |   23 |      0 |      0 |    0 |          0 |
|         flow_control_loop_pipe_no_ap_cont_U | DuplicateStreams_hls_0_flow_control_loop_pipe_no_ap_cont |         20 |         20 |       0 |    0 |    1 |      0 |      0 |    0 |          0 |
|         regslice_both_in0_V_U               |                     DuplicateStreams_hls_0_regslice_both |         10 |         10 |       0 |    0 |   16 |      0 |      0 |    0 |          0 |
|         regslice_both_out0_V_U              |                  DuplicateStreams_hls_0_regslice_both_55 |         12 |         12 |       0 |    0 |   16 |      0 |      0 |    0 |          0 |
|         regslice_both_out1_V_U              |                  DuplicateStreams_hls_0_regslice_both_56 |         15 |         15 |       0 |    0 |   16 |      0 |      0 |    0 |          0 |
|     FMPadding_Pixel_hls_0                   |               GenericPartition_7_FMPadding_Pixel_hls_0_0 |        269 |        269 |       0 |    0 |  134 |      0 |      0 |    0 |          0 |
|       inst                                  |                                    FMPadding_Pixel_hls_0 |        269 |        269 |       0 |    0 |  134 |      0 |      0 |    0 |          0 |
|         (inst)                              |                                    FMPadding_Pixel_hls_0 |          1 |          1 |       0 |    0 |  100 |      0 |      0 |    0 |          0 |
|         flow_control_loop_pipe_no_ap_cont_U |  FMPadding_Pixel_hls_0_flow_control_loop_pipe_no_ap_cont |        243 |        243 |       0 |    0 |    2 |      0 |      0 |    0 |          0 |
|         regslice_both_in0_V_U               |                      FMPadding_Pixel_hls_0_regslice_both |          9 |          9 |       0 |    0 |   16 |      0 |      0 |    0 |          0 |
|         regslice_both_out_V_U               |                   FMPadding_Pixel_hls_0_regslice_both_54 |         17 |         17 |       0 |    0 |   16 |      0 |      0 |    0 |          0 |
|     FMPadding_rtl_0                         |                     GenericPartition_7_FMPadding_rtl_0_0 |         30 |         30 |       0 |    0 |   31 |      0 |      0 |    0 |          0 |
|       inst                                  |                                          FMPadding_rtl_0 |         30 |         30 |       0 |    0 |   31 |      0 |      0 |    0 |          0 |
|         impl                                |                                            fmpadding_axi |         30 |         30 |       0 |    0 |   31 |      0 |      0 |    0 |          0 |
|     FMPadding_rtl_1                         |                     GenericPartition_7_FMPadding_rtl_1_0 |         57 |         57 |       0 |    0 |   65 |      0 |      0 |    0 |          0 |
|       inst                                  |                                          FMPadding_rtl_1 |         57 |         57 |       0 |    0 |   65 |      0 |      0 |    0 |          0 |
|         impl                                |                            fmpadding_axi__parameterized0 |         57 |         57 |       0 |    0 |   65 |      0 |      0 |    0 |          0 |
|     MVAU_hls_0                              |                                   MVAU_hls_0_imp_12FUFWI |        174 |        174 |       0 |    0 |  133 |      0 |      0 |    0 |          4 |
|       MVAU_hls_0                            |                          GenericPartition_7_MVAU_hls_0_0 |        174 |        174 |       0 |    0 |  131 |      0 |      0 |    0 |          4 |
|         inst                                |                                               MVAU_hls_0 |        174 |        174 |       0 |    0 |  131 |      0 |      0 |    0 |          4 |
|       MVAU_hls_0_wstrm                      |                    GenericPartition_7_MVAU_hls_0_wstrm_0 |          0 |          0 |       0 |    0 |    2 |      0 |      0 |    0 |          0 |
|         inst                                |                                    memstream_axi_wrapper |          0 |          0 |       0 |    0 |    2 |      0 |      0 |    0 |          0 |
|     MVAU_hls_1                              |                                    MVAU_hls_1_imp_PX1NQ2 |        103 |        103 |       0 |    0 |   97 |      0 |      0 |    0 |          4 |
|       MVAU_hls_1                            |                          GenericPartition_7_MVAU_hls_1_0 |        103 |        103 |       0 |    0 |   95 |      0 |      0 |    0 |          4 |
|         inst                                |                                               MVAU_hls_1 |        103 |        103 |       0 |    0 |   95 |      0 |      0 |    0 |          4 |
|       MVAU_hls_1_wstrm                      |                    GenericPartition_7_MVAU_hls_1_wstrm_0 |          0 |          0 |       0 |    0 |    2 |      0 |      0 |    0 |          0 |
|         inst                                |                    memstream_axi_wrapper__parameterized0 |          0 |          0 |       0 |    0 |    2 |      0 |      0 |    0 |          0 |
|     MVAU_rtl_0                              |                                    MVAU_rtl_0_imp_VIG0EA |       1005 |       1005 |       0 |    0 |  471 |      0 |      0 |    0 |         48 |
|       MVAU_rtl_0                            |                          GenericPartition_7_MVAU_rtl_0_0 |       1005 |       1005 |       0 |    0 |  469 |      0 |      0 |    0 |         48 |
|         inst                                |                                               MVAU_rtl_0 |       1005 |       1005 |       0 |    0 |  469 |      0 |      0 |    0 |         48 |
|       MVAU_rtl_0_wstrm                      |                    GenericPartition_7_MVAU_rtl_0_wstrm_0 |          0 |          0 |       0 |    0 |    2 |      0 |      0 |    0 |          0 |
|         inst                                |                    memstream_axi_wrapper__parameterized1 |          0 |          0 |       0 |    0 |    2 |      0 |      0 |    0 |          0 |
|     StreamingDataWidthConverter_rtl_0       |   GenericPartition_7_StreamingDataWidthConverter_rtl_0_0 |         12 |         12 |       0 |    0 |   34 |      0 |      0 |    0 |          0 |
|       inst                                  |                        StreamingDataWidthConverter_rtl_0 |         12 |         12 |       0 |    0 |   34 |      0 |      0 |    0 |          0 |
|         impl                                |                                               dwc_axi_46 |         12 |         12 |       0 |    0 |   34 |      0 |      0 |    0 |          0 |
|     StreamingDataWidthConverter_rtl_1       |   GenericPartition_7_StreamingDataWidthConverter_rtl_1_0 |         16 |         16 |       0 |    0 |   86 |      0 |      0 |    0 |          0 |
|       inst                                  |                        StreamingDataWidthConverter_rtl_1 |         16 |         16 |       0 |    0 |   86 |      0 |      0 |    0 |          0 |
|         impl                                |                                  dwc_axi__parameterized0 |         16 |         16 |       0 |    0 |   86 |      0 |      0 |    0 |          0 |
|     StreamingDataWidthConverter_rtl_2       |   GenericPartition_7_StreamingDataWidthConverter_rtl_2_0 |         33 |         33 |       0 |    0 |   49 |      0 |      0 |    0 |          0 |
|       inst                                  |                        StreamingDataWidthConverter_rtl_2 |         33 |         33 |       0 |    0 |   49 |      0 |      0 |    0 |          0 |
|         impl                                |                                  dwc_axi__parameterized1 |         33 |         33 |       0 |    0 |   49 |      0 |      0 |    0 |          0 |
|     StreamingDataWidthConverter_rtl_3       |   GenericPartition_7_StreamingDataWidthConverter_rtl_3_0 |         11 |         11 |       0 |    0 |   34 |      0 |      0 |    0 |          0 |
|       inst                                  |                        StreamingDataWidthConverter_rtl_3 |         11 |         11 |       0 |    0 |   34 |      0 |      0 |    0 |          0 |
|         impl                                |                                                  dwc_axi |         11 |         11 |       0 |    0 |   34 |      0 |      0 |    0 |          0 |
|     StreamingDataWidthConverter_rtl_4       |   GenericPartition_7_StreamingDataWidthConverter_rtl_4_0 |         30 |         30 |       0 |    0 |   41 |      0 |      0 |    0 |          0 |
|       inst                                  |                        StreamingDataWidthConverter_rtl_4 |         30 |         30 |       0 |    0 |   41 |      0 |      0 |    0 |          0 |
|         impl                                |                                  dwc_axi__parameterized2 |         30 |         30 |       0 |    0 |   41 |      0 |      0 |    0 |          0 |
|     StreamingDataWidthConverter_rtl_5       |   GenericPartition_7_StreamingDataWidthConverter_rtl_5_0 |         14 |         14 |       0 |    0 |  108 |      0 |      0 |    0 |          0 |
|       inst                                  |                        StreamingDataWidthConverter_rtl_5 |         14 |         14 |       0 |    0 |  108 |      0 |      0 |    0 |          0 |
|         impl                                |                                  dwc_axi__parameterized3 |         14 |         14 |       0 |    0 |  108 |      0 |      0 |    0 |          0 |
|     StreamingDataWidthConverter_rtl_6       |   GenericPartition_7_StreamingDataWidthConverter_rtl_6_0 |         86 |         86 |       0 |    0 |  118 |      0 |      0 |    0 |          0 |
|       inst                                  |                        StreamingDataWidthConverter_rtl_6 |         86 |         86 |       0 |    0 |  118 |      0 |      0 |    0 |          0 |
|         impl                                |                                  dwc_axi__parameterized4 |         86 |         86 |       0 |    0 |  118 |      0 |      0 |    0 |          0 |
|     StreamingFIFO_rtl_0                     |                 GenericPartition_7_StreamingFIFO_rtl_0_0 |         16 |         16 |       0 |    0 |   23 |      0 |      0 |    0 |          0 |
|       inst                                  |                                      StreamingFIFO_rtl_0 |         16 |         16 |       0 |    0 |   23 |      0 |      0 |    0 |          0 |
|         impl                                |                                                 Q_srl_45 |         16 |         16 |       0 |    0 |   23 |      0 |      0 |    0 |          0 |
|     StreamingFIFO_rtl_1                     |                 GenericPartition_7_StreamingFIFO_rtl_1_0 |         15 |         15 |       0 |    0 |   21 |      0 |      0 |    0 |          0 |
|       inst                                  |                                      StreamingFIFO_rtl_1 |         15 |         15 |       0 |    0 |   21 |      0 |      0 |    0 |          0 |
|         impl                                |                                 Q_srl__parameterized0_44 |         15 |         15 |       0 |    0 |   21 |      0 |      0 |    0 |          0 |
|     StreamingFIFO_rtl_10                    |                GenericPartition_7_StreamingFIFO_rtl_10_0 |         78 |         78 |       0 |    0 |  149 |      0 |      0 |    0 |          0 |
|       inst                                  |                                     StreamingFIFO_rtl_10 |         78 |         78 |       0 |    0 |  149 |      0 |      0 |    0 |          0 |
|         impl                                |                                    Q_srl__parameterized1 |         78 |         78 |       0 |    0 |  149 |      0 |      0 |    0 |          0 |
|     StreamingFIFO_rtl_11                    |                GenericPartition_7_StreamingFIFO_rtl_11_0 |         10 |         10 |       0 |    0 |   13 |      0 |      0 |    0 |          0 |
|       inst                                  |                                     StreamingFIFO_rtl_11 |         10 |         10 |       0 |    0 |   13 |      0 |      0 |    0 |          0 |
|         impl                                |                                 Q_srl__parameterized0_43 |         10 |         10 |       0 |    0 |   13 |      0 |      0 |    0 |          0 |
|     StreamingFIFO_rtl_12                    |                GenericPartition_7_StreamingFIFO_rtl_12_0 |         35 |         35 |       0 |    0 |   61 |      0 |      0 |    0 |          0 |
|       inst                                  |                                     StreamingFIFO_rtl_12 |         35 |         35 |       0 |    0 |   61 |      0 |      0 |    0 |          0 |
|         impl                                |                                    Q_srl__parameterized2 |         35 |         35 |       0 |    0 |   61 |      0 |      0 |    0 |          0 |
|     StreamingFIFO_rtl_13                    |                GenericPartition_7_StreamingFIFO_rtl_13_0 |         15 |         15 |       0 |    0 |   21 |      0 |      0 |    0 |          0 |
|       inst                                  |                                     StreamingFIFO_rtl_13 |         15 |         15 |       0 |    0 |   21 |      0 |      0 |    0 |          0 |
|         impl                                |                                 Q_srl__parameterized0_42 |         15 |         15 |       0 |    0 |   21 |      0 |      0 |    0 |          0 |
|     StreamingFIFO_rtl_14                    |                GenericPartition_7_StreamingFIFO_rtl_14_0 |         16 |         16 |       0 |    0 |   23 |      0 |      0 |    0 |          0 |
|       inst                                  |                                     StreamingFIFO_rtl_14 |         16 |         16 |       0 |    0 |   23 |      0 |      0 |    0 |          0 |
|         impl                                |                                                 Q_srl_41 |         16 |         16 |       0 |    0 |   23 |      0 |      0 |    0 |          0 |
|     StreamingFIFO_rtl_15                    |                GenericPartition_7_StreamingFIFO_rtl_15_0 |         15 |         15 |       0 |    0 |   21 |      0 |      0 |    0 |          0 |
|       inst                                  |                                     StreamingFIFO_rtl_15 |         15 |         15 |       0 |    0 |   21 |      0 |      0 |    0 |          0 |
|         impl                                |                                 Q_srl__parameterized0_40 |         15 |         15 |       0 |    0 |   21 |      0 |      0 |    0 |          0 |
|     StreamingFIFO_rtl_16                    |                          StreamingFIFO_rtl_16_imp_FC6UPS |         84 |         84 |       0 |    0 |   67 |      1 |      0 |    0 |          0 |
|       fifo                                  |                                GenericPartition_7_fifo_3 |         84 |         84 |       0 |    0 |   67 |      1 |      0 |    0 |          0 |
|         inst                                |                     axis_data_fifo_v2_0_9_top__xdcDup__1 |         84 |         84 |       0 |    0 |   67 |      1 |      0 |    0 |          0 |
|     StreamingFIFO_rtl_17                    |                GenericPartition_7_StreamingFIFO_rtl_17_0 |         12 |         12 |       0 |    0 |   17 |      0 |      0 |    0 |          0 |
|       inst                                  |                                     StreamingFIFO_rtl_17 |         12 |         12 |       0 |    0 |   17 |      0 |      0 |    0 |          0 |
|         impl                                |                                 Q_srl__parameterized0_33 |         12 |         12 |       0 |    0 |   17 |      0 |      0 |    0 |          0 |
|     StreamingFIFO_rtl_18                    |                GenericPartition_7_StreamingFIFO_rtl_18_0 |         73 |         49 |       0 |   24 |   35 |      0 |      0 |    0 |          0 |
|       inst                                  |                                     StreamingFIFO_rtl_18 |         73 |         49 |       0 |   24 |   35 |      0 |      0 |    0 |          0 |
|         impl                                |                                    Q_srl__parameterized3 |         73 |         49 |       0 |   24 |   35 |      0 |      0 |    0 |          0 |
|     StreamingFIFO_rtl_19                    |                          StreamingFIFO_rtl_19_imp_WF3S26 |         85 |         85 |       0 |    0 |   91 |      0 |      0 |    1 |          0 |
|       fifo                                  |                                GenericPartition_7_fifo_4 |         85 |         85 |       0 |    0 |   91 |      0 |      0 |    1 |          0 |
|         inst                                |                axis_data_fifo_v2_0_9_top__parameterized0 |         85 |         85 |       0 |    0 |   91 |      0 |      0 |    1 |          0 |
|     StreamingFIFO_rtl_2                     |                 GenericPartition_7_StreamingFIFO_rtl_2_0 |         12 |         12 |       0 |    0 |   17 |      0 |      0 |    0 |          0 |
|       inst                                  |                                      StreamingFIFO_rtl_2 |         12 |         12 |       0 |    0 |   17 |      0 |      0 |    0 |          0 |
|         impl                                |                                 Q_srl__parameterized0_26 |         12 |         12 |       0 |    0 |   17 |      0 |      0 |    0 |          0 |
|     StreamingFIFO_rtl_20                    |                          StreamingFIFO_rtl_20_imp_1GC3BT |         78 |         78 |       0 |    0 |   79 |      6 |      0 |    0 |          0 |
|       fifo                                  |                                GenericPartition_7_fifo_5 |         78 |         78 |       0 |    0 |   79 |      6 |      0 |    0 |          0 |
|         inst                                |                axis_data_fifo_v2_0_9_top__parameterized1 |         78 |         78 |       0 |    0 |   79 |      6 |      0 |    0 |          0 |
|     StreamingFIFO_rtl_21                    |                GenericPartition_7_StreamingFIFO_rtl_21_0 |         13 |         13 |       0 |    0 |   17 |      0 |      0 |    0 |          0 |
|       inst                                  |                                     StreamingFIFO_rtl_21 |         13 |         13 |       0 |    0 |   17 |      0 |      0 |    0 |          0 |
|         impl                                |                                 Q_srl__parameterized0_21 |         13 |         13 |       0 |    0 |   17 |      0 |      0 |    0 |          0 |
|     StreamingFIFO_rtl_22                    |                GenericPartition_7_StreamingFIFO_rtl_22_0 |        104 |        104 |       0 |    0 |  197 |      0 |      0 |    0 |          0 |
|       inst                                  |                                     StreamingFIFO_rtl_22 |        104 |        104 |       0 |    0 |  197 |      0 |      0 |    0 |          0 |
|         impl                                |                                    Q_srl__parameterized4 |        104 |        104 |       0 |    0 |  197 |      0 |      0 |    0 |          0 |
|     StreamingFIFO_rtl_23                    |                GenericPartition_7_StreamingFIFO_rtl_23_0 |         87 |         87 |       0 |    0 |  165 |      0 |      0 |    0 |          0 |
|       inst                                  |                                     StreamingFIFO_rtl_23 |         87 |         87 |       0 |    0 |  165 |      0 |      0 |    0 |          0 |
|         impl                                |                                    Q_srl__parameterized5 |         87 |         87 |       0 |    0 |  165 |      0 |      0 |    0 |          0 |
|     StreamingFIFO_rtl_24                    |                GenericPartition_7_StreamingFIFO_rtl_24_0 |         23 |         23 |       0 |    0 |   37 |      0 |      0 |    0 |          0 |
|       inst                                  |                                     StreamingFIFO_rtl_24 |         23 |         23 |       0 |    0 |   37 |      0 |      0 |    0 |          0 |
|         impl                                |                                                    Q_srl |         23 |         23 |       0 |    0 |   37 |      0 |      0 |    0 |          0 |
|     StreamingFIFO_rtl_25                    |                GenericPartition_7_StreamingFIFO_rtl_25_0 |         24 |         24 |       0 |    0 |   39 |      0 |      0 |    0 |          0 |
|       inst                                  |                                     StreamingFIFO_rtl_25 |         24 |         24 |       0 |    0 |   39 |      0 |      0 |    0 |          0 |
|         impl                                |                                 Q_srl__parameterized6_20 |         24 |         24 |       0 |    0 |   39 |      0 |      0 |    0 |          0 |
|     StreamingFIFO_rtl_3                     |                          StreamingFIFO_rtl_3_imp_1TPQI2Z |         69 |         69 |       0 |    0 |   55 |      0 |      1 |    0 |          0 |
|       fifo                                  |                                GenericPartition_7_fifo_0 |         69 |         69 |       0 |    0 |   55 |      0 |      1 |    0 |          0 |
|         inst                                |                axis_data_fifo_v2_0_9_top__parameterized2 |         69 |         69 |       0 |    0 |   55 |      0 |      1 |    0 |          0 |
|     StreamingFIFO_rtl_4                     |                 GenericPartition_7_StreamingFIFO_rtl_4_0 |         12 |         12 |       0 |    0 |   17 |      0 |      0 |    0 |          0 |
|       inst                                  |                                      StreamingFIFO_rtl_4 |         12 |         12 |       0 |    0 |   17 |      0 |      0 |    0 |          0 |
|         impl                                |                                 Q_srl__parameterized0_15 |         12 |         12 |       0 |    0 |   17 |      0 |      0 |    0 |          0 |
|     StreamingFIFO_rtl_5                     |                 GenericPartition_7_StreamingFIFO_rtl_5_0 |         30 |         30 |       0 |    0 |   53 |      0 |      0 |    0 |          0 |
|       inst                                  |                                      StreamingFIFO_rtl_5 |         30 |         30 |       0 |    0 |   53 |      0 |      0 |    0 |          0 |
|         impl                                |                                    Q_srl__parameterized6 |         30 |         30 |       0 |    0 |   53 |      0 |      0 |    0 |          0 |
|     StreamingFIFO_rtl_6                     |                          StreamingFIFO_rtl_6_imp_1MDAD9T |         83 |         83 |       0 |    0 |   67 |      1 |      0 |    0 |          0 |
|       fifo                                  |                                GenericPartition_7_fifo_1 |         83 |         83 |       0 |    0 |   67 |      1 |      0 |    0 |          0 |
|         inst                                |                                axis_data_fifo_v2_0_9_top |         83 |         83 |       0 |    0 |   67 |      1 |      0 |    0 |          0 |
|     StreamingFIFO_rtl_7                     |                 GenericPartition_7_StreamingFIFO_rtl_7_0 |         62 |         38 |       0 |   24 |   21 |      0 |      0 |    0 |          0 |
|       inst                                  |                                      StreamingFIFO_rtl_7 |         62 |         38 |       0 |   24 |   21 |      0 |      0 |    0 |          0 |
|         impl                                |                                    Q_srl__parameterized7 |         62 |         38 |       0 |   24 |   21 |      0 |      0 |    0 |          0 |
|     StreamingFIFO_rtl_8                     |                           StreamingFIFO_rtl_8_imp_JGHELJ |         81 |         81 |       0 |    0 |   63 |      0 |      1 |    0 |          0 |
|       fifo                                  |                                GenericPartition_7_fifo_2 |         81 |         81 |       0 |    0 |   63 |      0 |      1 |    0 |          0 |
|         inst                                |                axis_data_fifo_v2_0_9_top__parameterized3 |         81 |         81 |       0 |    0 |   63 |      0 |      1 |    0 |          0 |
|     StreamingFIFO_rtl_9                     |                 GenericPartition_7_StreamingFIFO_rtl_9_0 |         15 |         15 |       0 |    0 |   21 |      0 |      0 |    0 |          0 |
|       inst                                  |                                      StreamingFIFO_rtl_9 |         15 |         15 |       0 |    0 |   21 |      0 |      0 |    0 |          0 |
|         impl                                |                                    Q_srl__parameterized0 |         15 |         15 |       0 |    0 |   21 |      0 |      0 |    0 |          0 |
|     Thresholding_rtl_0                      |                  GenericPartition_7_Thresholding_rtl_0_0 |         86 |         75 |       0 |   11 |  281 |      0 |      3 |    0 |          0 |
|       (Thresholding_rtl_0)                  |                  GenericPartition_7_Thresholding_rtl_0_0 |         13 |         13 |       0 |    0 |    0 |      0 |      0 |    0 |          0 |
|       inst                                  |                           Thresholding_rtl_0_axi_wrapper |         73 |         62 |       0 |   11 |  281 |      0 |      3 |    0 |          0 |
|         core                                |                                         thresholding_axi |         73 |         62 |       0 |   11 |  281 |      0 |      3 |    0 |          0 |
|     Thresholding_rtl_1                      |                  GenericPartition_7_Thresholding_rtl_1_0 |         57 |         46 |       0 |   11 |  130 |      0 |      0 |    0 |          0 |
|       inst                                  |                           Thresholding_rtl_1_axi_wrapper |         57 |         46 |       0 |   11 |  130 |      0 |      0 |    0 |          0 |
|         core                                |                         thresholding_axi__parameterized0 |         57 |         46 |       0 |   11 |  130 |      0 |      0 |    0 |          0 |
|     Thresholding_rtl_2                      |                  GenericPartition_7_Thresholding_rtl_2_0 |         70 |         61 |       0 |    9 |  216 |      0 |      0 |    0 |          0 |
|       inst                                  |                           Thresholding_rtl_2_axi_wrapper |         70 |         61 |       0 |    9 |  216 |      0 |      0 |    0 |          0 |
|         core                                |                         thresholding_axi__parameterized1 |         70 |         61 |       0 |    9 |  216 |      0 |      0 |    0 |          0 |
|     Thresholding_rtl_3                      |                  GenericPartition_7_Thresholding_rtl_3_0 |         82 |         71 |       0 |   11 |  304 |      0 |      3 |    0 |          0 |
|       inst                                  |                           Thresholding_rtl_3_axi_wrapper |         82 |         71 |       0 |   11 |  304 |      0 |      3 |    0 |          0 |
|         core                                |                         thresholding_axi__parameterized2 |         82 |         71 |       0 |   11 |  304 |      0 |      3 |    0 |          0 |
|     Thresholding_rtl_4                      |                  GenericPartition_7_Thresholding_rtl_4_0 |         57 |         46 |       0 |   11 |  130 |      0 |      0 |    0 |          0 |
|       inst                                  |                           Thresholding_rtl_4_axi_wrapper |         57 |         46 |       0 |   11 |  130 |      0 |      0 |    0 |          0 |
|         core                                |                         thresholding_axi__parameterized3 |         57 |         46 |       0 |   11 |  130 |      0 |      0 |    0 |          0 |
|     VVAU_hls_0                              |                                   VVAU_hls_0_imp_180MMU5 |        265 |        265 |       0 |    0 |  264 |      0 |      0 |    0 |          9 |
|       VVAU_hls_0                            |                          GenericPartition_7_VVAU_hls_0_0 |        265 |        265 |       0 |    0 |  262 |      0 |      0 |    0 |          9 |
|         inst                                |                                               VVAU_hls_0 |        265 |        265 |       0 |    0 |  262 |      0 |      0 |    0 |          9 |
|       VVAU_hls_0_wstrm                      |                    GenericPartition_7_VVAU_hls_0_wstrm_0 |          0 |          0 |       0 |    0 |    2 |      0 |      0 |    0 |          0 |
|         inst                                |                    memstream_axi_wrapper__parameterized2 |          0 |          0 |       0 |    0 |    2 |      0 |      0 |    0 |          0 |
+---------------------------------------------+----------------------------------------------------------+------------+------------+---------+------+------+--------+--------+------+------------+
* Note: The sum of lower-level cells may be larger than their parent cells total, due to cross-hierarchy LUT combining


