Copyright 1986-2022 Xilinx, Inc. All Rights Reserved.
--------------------------------------------------------------------------------------------------------
| Tool Version : Vivado v.2022.2 (lin64) Build 3671981 Fri Oct 14 04:59:54 MDT 2022
| Date         : Wed Sep 16 11:42:48 2026
| Host         : finn_dev_thelegendiv running 64-bit Ubuntu 22.04.1 LTS
| Command      : report_utilization -hierarchical -hierarchical_depth 4 -file /tmp/hier_partition_0.rpt
| Design       : GenericPartition_0_wrapper
| Device       : xczu7ev-ffvc1156-2-e
| Speed File   : -2
| Design State : Routed
--------------------------------------------------------------------------------------------------------

Utilization Design Information

Table of Contents
-----------------
1. Utilization by Hierarchy

1. Utilization by Hierarchy
---------------------------

+---------------------------------------------------------------------+-------------------------------------------------------------------------+------------+------------+---------+------+------+--------+--------+------+------------+
|                               Instance                              |                                  Module                                 | Total LUTs | Logic LUTs | LUTRAMs | SRLs |  FFs | RAMB36 | RAMB18 | URAM | DSP Blocks |
+---------------------------------------------------------------------+-------------------------------------------------------------------------+------------+------------+---------+------+------+--------+--------+------+------------+
| GenericPartition_0_wrapper                                          |                                                                   (top) |       3755 |       3659 |      34 |   62 | 2747 |      5 |      3 |    0 |          9 |
|   GenericPartition_0_i                                              |                                                      GenericPartition_0 |       3755 |       3659 |      34 |   62 | 2747 |      5 |      3 |    0 |          9 |
|     ConvolutionInputGenerator_rtl_0                                 |                    GenericPartition_0_ConvolutionInputGenerator_rtl_0_0 |        208 |        178 |      30 |    0 |   94 |      0 |      0 |    0 |          0 |
|       inst                                                          |                                         ConvolutionInputGenerator_rtl_0 |        208 |        178 |      30 |    0 |   94 |      0 |      0 |    0 |          0 |
|         impl                                                        |                                    ConvolutionInputGenerator_rtl_0_impl |        208 |        178 |      30 |    0 |   94 |      0 |      0 |    0 |          0 |
|     DuplicateStreams_hls_0                                          |                             GenericPartition_0_DuplicateStreams_hls_0_0 |         57 |         57 |       0 |    0 |   86 |      0 |      0 |    0 |          0 |
|       inst                                                          |                                                  DuplicateStreams_hls_0 |         57 |         57 |       0 |    0 |   86 |      0 |      0 |    0 |          0 |
|         (inst)                                                      |                                                  DuplicateStreams_hls_0 |          0 |          0 |       0 |    0 |   25 |      0 |      0 |    0 |          0 |
|         flow_control_loop_pipe_no_ap_cont_U                         |                DuplicateStreams_hls_0_flow_control_loop_pipe_no_ap_cont |         20 |         20 |       0 |    0 |    1 |      0 |      0 |    0 |          0 |
|         regslice_both_in0_V_U                                       |                                    DuplicateStreams_hls_0_regslice_both |         11 |         11 |       0 |    0 |   20 |      0 |      0 |    0 |          0 |
|         regslice_both_out0_V_U                                      |                                 DuplicateStreams_hls_0_regslice_both_33 |         10 |         10 |       0 |    0 |   20 |      0 |      0 |    0 |          0 |
|         regslice_both_out1_V_U                                      |                                 DuplicateStreams_hls_0_regslice_both_34 |         16 |         16 |       0 |    0 |   20 |      0 |      0 |    0 |          0 |
|     FMPadding_rtl_0                                                 |                                    GenericPartition_0_FMPadding_rtl_0_0 |         48 |         48 |       0 |    0 |   33 |      0 |      0 |    0 |          0 |
|       inst                                                          |                                                         FMPadding_rtl_0 |         48 |         48 |       0 |    0 |   33 |      0 |      0 |    0 |          0 |
|         impl                                                        |                                                           fmpadding_axi |         48 |         48 |       0 |    0 |   33 |      0 |      0 |    0 |          0 |
|     MVAU_hls_0                                                      |                                                   MVAU_hls_0_imp_5T3GDD |       2266 |       2266 |       0 |    0 |  572 |      1 |      0 |    0 |          9 |
|       MVAU_hls_0                                                    |                                         GenericPartition_0_MVAU_hls_0_0 |       2264 |       2264 |       0 |    0 |  565 |      0 |      0 |    0 |          9 |
|         inst                                                        |                                                              MVAU_hls_0 |       2264 |       2264 |       0 |    0 |  565 |      0 |      0 |    0 |          9 |
|       MVAU_hls_0_wstrm                                              |                                   GenericPartition_0_MVAU_hls_0_wstrm_0 |          2 |          2 |       0 |    0 |    7 |      1 |      0 |    0 |          0 |
|         inst                                                        |                                                   memstream_axi_wrapper |          2 |          2 |       0 |    0 |    7 |      1 |      0 |    0 |          0 |
|     StreamingConcat_hls_0                                           |                              GenericPartition_0_StreamingConcat_hls_0_0 |        121 |        121 |       0 |    0 |  188 |      0 |      0 |    0 |          0 |
|       inst                                                          |                                                   StreamingConcat_hls_0 |        121 |        121 |       0 |    0 |  188 |      0 |      0 |    0 |          0 |
|         (inst)                                                      |                                                   StreamingConcat_hls_0 |          0 |          0 |       0 |    0 |   47 |      0 |      0 |    0 |          0 |
|         flow_control_loop_pipe_no_ap_cont_U                         |                 StreamingConcat_hls_0_flow_control_loop_pipe_no_ap_cont |         20 |         20 |       0 |    0 |    1 |      0 |      0 |    0 |          0 |
|         regslice_both_in0_V_U                                       |                                     StreamingConcat_hls_0_regslice_both |         29 |         29 |       0 |    0 |   52 |      0 |      0 |    0 |          0 |
|         regslice_both_in1_V_U                                       |                     StreamingConcat_hls_0_regslice_both__parameterized0 |         12 |         12 |       0 |    0 |   20 |      0 |      0 |    0 |          0 |
|         regslice_both_out_V_U                                       |                     StreamingConcat_hls_0_regslice_both__parameterized1 |         60 |         60 |       0 |    0 |   68 |      0 |      0 |    0 |          0 |
|     StreamingDataWidthConverter_rtl_0                               |                  GenericPartition_0_StreamingDataWidthConverter_rtl_0_0 |         16 |         16 |       0 |    0 |   86 |      0 |      0 |    0 |          0 |
|       inst                                                          |                                       StreamingDataWidthConverter_rtl_0 |         16 |         16 |       0 |    0 |   86 |      0 |      0 |    0 |          0 |
|         impl                                                        |                                                                 dwc_axi |         16 |         16 |       0 |    0 |   86 |      0 |      0 |    0 |          0 |
|     StreamingDataWidthConverter_rtl_1                               |                  GenericPartition_0_StreamingDataWidthConverter_rtl_1_0 |         12 |         12 |       0 |    0 |   36 |      0 |      0 |    0 |          0 |
|       inst                                                          |                                       StreamingDataWidthConverter_rtl_1 |         12 |         12 |       0 |    0 |   36 |      0 |      0 |    0 |          0 |
|         impl                                                        |                                                 dwc_axi__parameterized0 |         12 |         12 |       0 |    0 |   36 |      0 |      0 |    0 |          0 |
|     StreamingDataWidthConverter_rtl_2                               |                  GenericPartition_0_StreamingDataWidthConverter_rtl_2_0 |         36 |         36 |       0 |    0 |   53 |      0 |      0 |    0 |          0 |
|       inst                                                          |                                       StreamingDataWidthConverter_rtl_2 |         36 |         36 |       0 |    0 |   53 |      0 |      0 |    0 |          0 |
|         impl                                                        |                                                 dwc_axi__parameterized1 |         36 |         36 |       0 |    0 |   53 |      0 |      0 |    0 |          0 |
|     StreamingFIFO_rtl_0                                             |                                GenericPartition_0_StreamingFIFO_rtl_0_0 |         15 |         15 |       0 |    0 |   21 |      0 |      0 |    0 |          0 |
|       inst                                                          |                                                     StreamingFIFO_rtl_0 |         15 |         15 |       0 |    0 |   21 |      0 |      0 |    0 |          0 |
|         impl                                                        |                                                                Q_srl_26 |         15 |         15 |       0 |    0 |   21 |      0 |      0 |    0 |          0 |
|     StreamingFIFO_rtl_1                                             |                                GenericPartition_0_StreamingFIFO_rtl_1_0 |         14 |         14 |       0 |    0 |   21 |      0 |      0 |    0 |          0 |
|       inst                                                          |                                                     StreamingFIFO_rtl_1 |         14 |         14 |       0 |    0 |   21 |      0 |      0 |    0 |          0 |
|         impl                                                        |                                                                Q_srl_25 |         14 |         14 |       0 |    0 |   21 |      0 |      0 |    0 |          0 |
|     StreamingFIFO_rtl_10                                            |                                         StreamingFIFO_rtl_10_imp_EOSU5S |         69 |         69 |       0 |    0 |   59 |      1 |      0 |    0 |          0 |
|       fifo                                                          |                                               GenericPartition_0_fifo_4 |         69 |         69 |       0 |    0 |   59 |      1 |      0 |    0 |          0 |
|         inst                                                        |                                               axis_data_fifo_v2_0_9_top |         69 |         69 |       0 |    0 |   59 |      1 |      0 |    0 |          0 |
|     StreamingFIFO_rtl_11                                            |                               GenericPartition_0_StreamingFIFO_rtl_11_0 |         57 |         25 |       0 |   32 |   43 |      0 |      0 |    0 |          0 |
|       inst                                                          |                                                    StreamingFIFO_rtl_11 |         57 |         25 |       0 |   32 |   43 |      0 |      0 |    0 |          0 |
|         impl                                                        |                                                   Q_srl__parameterized0 |         57 |         25 |       0 |   32 |   43 |      0 |      0 |    0 |          0 |
|     StreamingFIFO_rtl_12                                            |                               GenericPartition_0_StreamingFIFO_rtl_12_0 |         16 |         16 |       0 |    0 |   21 |      0 |      0 |    0 |          0 |
|       inst                                                          |                                                    StreamingFIFO_rtl_12 |         16 |         16 |       0 |    0 |   21 |      0 |      0 |    0 |          0 |
|         impl                                                        |                                                                Q_srl_20 |         16 |         16 |       0 |    0 |   21 |      0 |      0 |    0 |          0 |
|     StreamingFIFO_rtl_13                                            |                               GenericPartition_0_StreamingFIFO_rtl_13_0 |         14 |         14 |       0 |    0 |   21 |      0 |      0 |    0 |          0 |
|       inst                                                          |                                                    StreamingFIFO_rtl_13 |         14 |         14 |       0 |    0 |   21 |      0 |      0 |    0 |          0 |
|         impl                                                        |                                                                Q_srl_19 |         14 |         14 |       0 |    0 |   21 |      0 |      0 |    0 |          0 |
|     StreamingFIFO_rtl_2                                             |                                         StreamingFIFO_rtl_2_imp_19VB1F4 |         67 |         67 |       0 |    0 |   55 |      0 |      1 |    0 |          0 |
|       fifo                                                          |                                               GenericPartition_0_fifo_0 |         67 |         67 |       0 |    0 |   55 |      0 |      1 |    0 |          0 |
|         inst                                                        |                               axis_data_fifo_v2_0_9_top__parameterized0 |         67 |         67 |       0 |    0 |   55 |      0 |      1 |    0 |          0 |
|     StreamingFIFO_rtl_3                                             |                                          StreamingFIFO_rtl_3_imp_VTQ3S8 |         76 |         76 |       0 |    0 |   63 |      0 |      1 |    0 |          0 |
|       fifo                                                          |                                               GenericPartition_0_fifo_1 |         76 |         76 |       0 |    0 |   63 |      0 |      1 |    0 |          0 |
|         inst                                                        |                               axis_data_fifo_v2_0_9_top__parameterized1 |         76 |         76 |       0 |    0 |   63 |      0 |      1 |    0 |          0 |
|     StreamingFIFO_rtl_4                                             |                                          StreamingFIFO_rtl_4_imp_FOVIZN |         81 |         81 |       0 |    0 |   67 |      1 |      0 |    0 |          0 |
|       fifo                                                          |                                               GenericPartition_0_fifo_2 |         81 |         81 |       0 |    0 |   67 |      1 |      0 |    0 |          0 |
|         inst                                                        |                               axis_data_fifo_v2_0_9_top__parameterized2 |         81 |         81 |       0 |    0 |   67 |      1 |      0 |    0 |          0 |
|     StreamingFIFO_rtl_5                                             |                                         StreamingFIFO_rtl_5_imp_1UFNS8R |         93 |         93 |       0 |    0 |   71 |      2 |      0 |    0 |          0 |
|       fifo                                                          |                                               GenericPartition_0_fifo_3 |         93 |         93 |       0 |    0 |   71 |      2 |      0 |    0 |          0 |
|         inst                                                        |                               axis_data_fifo_v2_0_9_top__parameterized3 |         93 |         93 |       0 |    0 |   71 |      2 |      0 |    0 |          0 |
|     StreamingFIFO_rtl_6                                             |                                GenericPartition_0_StreamingFIFO_rtl_6_0 |         15 |         15 |       0 |    0 |   21 |      0 |      0 |    0 |          0 |
|       inst                                                          |                                                     StreamingFIFO_rtl_6 |         15 |         15 |       0 |    0 |   21 |      0 |      0 |    0 |          0 |
|         impl                                                        |                                                                 Q_srl_4 |         15 |         15 |       0 |    0 |   21 |      0 |      0 |    0 |          0 |
|     StreamingFIFO_rtl_7                                             |                                GenericPartition_0_StreamingFIFO_rtl_7_0 |         14 |         14 |       0 |    0 |   21 |      0 |      0 |    0 |          0 |
|       inst                                                          |                                                     StreamingFIFO_rtl_7 |         14 |         14 |       0 |    0 |   21 |      0 |      0 |    0 |          0 |
|         impl                                                        |                                                                 Q_srl_3 |         14 |         14 |       0 |    0 |   21 |      0 |      0 |    0 |          0 |
|     StreamingFIFO_rtl_8                                             |                                GenericPartition_0_StreamingFIFO_rtl_8_0 |         78 |         78 |       0 |    0 |  149 |      0 |      0 |    0 |          0 |
|       inst                                                          |                                                     StreamingFIFO_rtl_8 |         78 |         78 |       0 |    0 |  149 |      0 |      0 |    0 |          0 |
|         impl                                                        |                                                   Q_srl__parameterized1 |         78 |         78 |       0 |    0 |  149 |      0 |      0 |    0 |          0 |
|     StreamingFIFO_rtl_9                                             |                                GenericPartition_0_StreamingFIFO_rtl_9_0 |         14 |         14 |       0 |    0 |   21 |      0 |      0 |    0 |          0 |
|       inst                                                          |                                                     StreamingFIFO_rtl_9 |         14 |         14 |       0 |    0 |   21 |      0 |      0 |    0 |          0 |
|         impl                                                        |                                                                   Q_srl |         14 |         14 |       0 |    0 |   21 |      0 |      0 |    0 |          0 |
|     StreamingMaxPool_hls_0                                          |                             GenericPartition_0_StreamingMaxPool_hls_0_0 |        140 |        136 |       4 |    0 |  140 |      0 |      0 |    0 |          0 |
|       inst                                                          |                                                  StreamingMaxPool_hls_0 |        140 |        136 |       4 |    0 |  140 |      0 |      0 |    0 |          0 |
|         (inst)                                                      |                                                  StreamingMaxPool_hls_0 |         21 |         21 |       0 |    0 |   61 |      0 |      0 |    0 |          0 |
|         buf_V_U                                                     |                              StreamingMaxPool_hls_0_buf_V_RAM_AUTO_1R1W |          7 |          3 |       4 |    0 |    8 |      0 |      0 |    0 |          0 |
|         grp_StreamingMaxPool_hls_0_Pipeline_VITIS_LOOP_147_1_fu_106 | StreamingMaxPool_hls_0_StreamingMaxPool_hls_0_Pipeline_VITIS_LOOP_147_1 |         14 |         14 |       0 |    0 |    8 |      0 |      0 |    0 |          0 |
|         grp_StreamingMaxPool_hls_0_Pipeline_VITIS_LOOP_158_6_fu_119 | StreamingMaxPool_hls_0_StreamingMaxPool_hls_0_Pipeline_VITIS_LOOP_158_6 |         28 |         28 |       0 |    0 |   12 |      0 |      0 |    0 |          0 |
|         grp_StreamingMaxPool_hls_0_Pipeline_VITIS_LOOP_174_8_fu_112 | StreamingMaxPool_hls_0_StreamingMaxPool_hls_0_Pipeline_VITIS_LOOP_174_8 |         35 |         35 |       0 |    0 |   11 |      0 |      0 |    0 |          0 |
|         regslice_both_in0_V_U                                       |                                    StreamingMaxPool_hls_0_regslice_both |         26 |         26 |       0 |    0 |   20 |      0 |      0 |    0 |          0 |
|         regslice_both_out_V_U                                       |                                  StreamingMaxPool_hls_0_regslice_both_0 |         11 |         11 |       0 |    0 |   20 |      0 |      0 |    0 |          0 |
|     Thresholding_rtl_0                                              |                                 GenericPartition_0_Thresholding_rtl_0_0 |         56 |         46 |       0 |   10 |  219 |      0 |      0 |    0 |          0 |
|       inst                                                          |                                          Thresholding_rtl_0_axi_wrapper |         56 |         46 |       0 |   10 |  219 |      0 |      0 |    0 |          0 |
|         core                                                        |                                                        thresholding_axi |         56 |         46 |       0 |   10 |  219 |      0 |      0 |    0 |          0 |
|     Thresholding_rtl_1                                              |                                 GenericPartition_0_Thresholding_rtl_1_0 |         91 |         82 |       0 |    9 |  270 |      0 |      1 |    0 |          0 |
|       inst                                                          |                                          Thresholding_rtl_1_axi_wrapper |         91 |         82 |       0 |    9 |  270 |      0 |      1 |    0 |          0 |
|         core                                                        |                                        thresholding_axi__parameterized0 |         91 |         82 |       0 |    9 |  270 |      0 |      1 |    0 |          0 |
|     Thresholding_rtl_2                                              |                                 GenericPartition_0_Thresholding_rtl_2_0 |         85 |         74 |       0 |   11 |  316 |      0 |      0 |    0 |          0 |
|       inst                                                          |                                          Thresholding_rtl_2_axi_wrapper |         85 |         74 |       0 |   11 |  316 |      0 |      0 |    0 |          0 |
|         core                                                        |                                        thresholding_axi__parameterized1 |         85 |         74 |       0 |   11 |  316 |      0 |      0 |    0 |          0 |
+---------------------------------------------------------------------+-------------------------------------------------------------------------+------------+------------+---------+------+------+--------+--------+------+------------+
* Note: The sum of lower-level cells may be larger than their parent cells total, due to cross-hierarchy LUT combining


