Copyright 1986-2022 Xilinx, Inc. All Rights Reserved.
--------------------------------------------------------------------------------------------------------
| Tool Version : Vivado v.2022.2 (lin64) Build 3671981 Fri Oct 14 04:59:54 MDT 2022
| Date         : Wed Sep 16 13:15:38 2026
| Host         : finn_dev_thelegendiv running 64-bit Ubuntu 22.04.1 LTS
| Command      : report_utilization -hierarchical -hierarchical_depth 4 -file /tmp/hier_partition_6.rpt
| Design       : GenericPartition_6_wrapper
| Device       : xczu7ev-ffvc1156-2-e
| Speed File   : -2
| Design State : Routed
--------------------------------------------------------------------------------------------------------

Utilization Design Information

Table of Contents
-----------------
1. Utilization by Hierarchy

1. Utilization by Hierarchy
---------------------------

+---------------------------------------------+------------------------------------------------------------------+------------+------------+---------+------+-------+--------+--------+------+------------+
|                   Instance                  |                              Module                              | Total LUTs | Logic LUTs | LUTRAMs | SRLs |  FFs  | RAMB36 | RAMB18 | URAM | DSP Blocks |
+---------------------------------------------+------------------------------------------------------------------+------------+------------+---------+------+-------+--------+--------+------+------------+
| GenericPartition_6_wrapper                  |                                                            (top) |      26816 |      26156 |     228 |  432 | 15065 |     17 |     27 |    0 |        250 |
|   (GenericPartition_6_wrapper)              |                                                            (top) |         67 |         67 |       0 |    0 |     0 |      0 |      0 |    0 |          0 |
|   GenericPartition_6_i                      |                                               GenericPartition_6 |      26750 |      26090 |     228 |  432 | 15065 |     17 |     27 |    0 |        250 |
|     (GenericPartition_6_i)                  |                                               GenericPartition_6 |         81 |         81 |       0 |    0 |     0 |      0 |      0 |    0 |          0 |
|     AddStreams_hls_0                        |                            GenericPartition_6_AddStreams_hls_0_0 |         61 |         61 |       0 |    0 |    89 |      0 |      0 |    0 |          0 |
|       inst                                  |                                                 AddStreams_hls_0 |         61 |         61 |       0 |    0 |    89 |      0 |      0 |    0 |          0 |
|         (inst)                              |                                                 AddStreams_hls_0 |          0 |          0 |       0 |    0 |    26 |      0 |      0 |    0 |          0 |
|         flow_control_loop_pipe_no_ap_cont_U |               AddStreams_hls_0_flow_control_loop_pipe_no_ap_cont |         18 |         18 |       0 |    0 |     1 |      0 |      0 |    0 |          0 |
|         regslice_both_in0_V_U               |                                   AddStreams_hls_0_regslice_both |          9 |          9 |       0 |    0 |    20 |      0 |      0 |    0 |          0 |
|         regslice_both_in1_V_U               |                               AddStreams_hls_0_regslice_both_406 |         17 |         17 |       0 |    0 |    20 |      0 |      0 |    0 |          0 |
|         regslice_both_out_V_U               |                   AddStreams_hls_0_regslice_both__parameterized0 |         19 |         19 |       0 |    0 |    22 |      0 |      0 |    0 |          0 |
|     AddStreams_hls_1                        |                            GenericPartition_6_AddStreams_hls_1_0 |         62 |         62 |       0 |    0 |    89 |      0 |      0 |    0 |          0 |
|       inst                                  |                                                 AddStreams_hls_1 |         62 |         62 |       0 |    0 |    89 |      0 |      0 |    0 |          0 |
|         (inst)                              |                                                 AddStreams_hls_1 |          0 |          0 |       0 |    0 |    26 |      0 |      0 |    0 |          0 |
|         flow_control_loop_pipe_no_ap_cont_U |               AddStreams_hls_1_flow_control_loop_pipe_no_ap_cont |         18 |         18 |       0 |    0 |     1 |      0 |      0 |    0 |          0 |
|         regslice_both_in0_V_U               |                                   AddStreams_hls_1_regslice_both |          9 |          9 |       0 |    0 |    20 |      0 |      0 |    0 |          0 |
|         regslice_both_in1_V_U               |                               AddStreams_hls_1_regslice_both_405 |         17 |         17 |       0 |    0 |    20 |      0 |      0 |    0 |          0 |
|         regslice_both_out_V_U               |                   AddStreams_hls_1_regslice_both__parameterized0 |         19 |         19 |       0 |    0 |    22 |      0 |      0 |    0 |          0 |
|     AddStreams_hls_2                        |                            GenericPartition_6_AddStreams_hls_2_0 |         62 |         62 |       0 |    0 |    89 |      0 |      0 |    0 |          0 |
|       inst                                  |                                                 AddStreams_hls_2 |         62 |         62 |       0 |    0 |    89 |      0 |      0 |    0 |          0 |
|         (inst)                              |                                                 AddStreams_hls_2 |          0 |          0 |       0 |    0 |    26 |      0 |      0 |    0 |          0 |
|         flow_control_loop_pipe_no_ap_cont_U |               AddStreams_hls_2_flow_control_loop_pipe_no_ap_cont |         18 |         18 |       0 |    0 |     1 |      0 |      0 |    0 |          0 |
|         regslice_both_in0_V_U               |                                   AddStreams_hls_2_regslice_both |          8 |          8 |       0 |    0 |    20 |      0 |      0 |    0 |          0 |
|         regslice_both_in1_V_U               |                               AddStreams_hls_2_regslice_both_404 |         17 |         17 |       0 |    0 |    20 |      0 |      0 |    0 |          0 |
|         regslice_both_out_V_U               |                   AddStreams_hls_2_regslice_both__parameterized0 |         19 |         19 |       0 |    0 |    22 |      0 |      0 |    0 |          0 |
|     ConvolutionInputGenerator_rtl_0         |             GenericPartition_6_ConvolutionInputGenerator_rtl_0_0 |        216 |        192 |      24 |    0 |    90 |      0 |      0 |    0 |          0 |
|       inst                                  |                                  ConvolutionInputGenerator_rtl_0 |        216 |        192 |      24 |    0 |    90 |      0 |      0 |    0 |          0 |
|         impl                                |                             ConvolutionInputGenerator_rtl_0_impl |        216 |        192 |      24 |    0 |    90 |      0 |      0 |    0 |          0 |
|     ConvolutionInputGenerator_rtl_1         |             GenericPartition_6_ConvolutionInputGenerator_rtl_1_0 |        214 |        190 |      24 |    0 |    90 |      0 |      0 |    0 |          0 |
|       inst                                  |                                  ConvolutionInputGenerator_rtl_1 |        214 |        190 |      24 |    0 |    90 |      0 |      0 |    0 |          0 |
|         impl                                |                             ConvolutionInputGenerator_rtl_1_impl |        214 |        190 |      24 |    0 |    90 |      0 |      0 |    0 |          0 |
|     ConvolutionInputGenerator_rtl_2         |             GenericPartition_6_ConvolutionInputGenerator_rtl_2_0 |        247 |        207 |      40 |    0 |    97 |      0 |      0 |    0 |          0 |
|       inst                                  |                                  ConvolutionInputGenerator_rtl_3 |        247 |        207 |      40 |    0 |    97 |      0 |      0 |    0 |          0 |
|         impl                                |                             ConvolutionInputGenerator_rtl_3_impl |        247 |        207 |      40 |    0 |    97 |      0 |      0 |    0 |          0 |
|     ConvolutionInputGenerator_rtl_3         |             GenericPartition_6_ConvolutionInputGenerator_rtl_3_0 |        227 |        203 |      24 |    0 |    94 |      0 |      0 |    0 |          0 |
|       inst                                  |                                  ConvolutionInputGenerator_rtl_2 |        227 |        203 |      24 |    0 |    94 |      0 |      0 |    0 |          0 |
|         impl                                |                             ConvolutionInputGenerator_rtl_2_impl |        227 |        203 |      24 |    0 |    94 |      0 |      0 |    0 |          0 |
|     DuplicateStreams_hls_0                  |                      GenericPartition_6_DuplicateStreams_hls_0_0 |         61 |         61 |       0 |    0 |    72 |      0 |      0 |    0 |          0 |
|       inst                                  |                                           DuplicateStreams_hls_0 |         61 |         61 |       0 |    0 |    72 |      0 |      0 |    0 |          0 |
|         (inst)                              |                                           DuplicateStreams_hls_0 |          0 |          0 |       0 |    0 |    23 |      0 |      0 |    0 |          0 |
|         flow_control_loop_pipe_no_ap_cont_U |         DuplicateStreams_hls_0_flow_control_loop_pipe_no_ap_cont |         24 |         24 |       0 |    0 |     1 |      0 |      0 |    0 |          0 |
|         regslice_both_in0_V_U               |                             DuplicateStreams_hls_0_regslice_both |         10 |         10 |       0 |    0 |    16 |      0 |      0 |    0 |          0 |
|         regslice_both_out0_V_U              |                         DuplicateStreams_hls_0_regslice_both_400 |         21 |         21 |       0 |    0 |    16 |      0 |      0 |    0 |          0 |
|         regslice_both_out1_V_U              |                         DuplicateStreams_hls_0_regslice_both_401 |          7 |          7 |       0 |    0 |    16 |      0 |      0 |    0 |          0 |
|     DuplicateStreams_hls_1                  |                      GenericPartition_6_DuplicateStreams_hls_1_0 |         57 |         57 |       0 |    0 |    72 |      0 |      0 |    0 |          0 |
|       inst                                  |                                           DuplicateStreams_hls_1 |         57 |         57 |       0 |    0 |    72 |      0 |      0 |    0 |          0 |
|         (inst)                              |                                           DuplicateStreams_hls_1 |          0 |          0 |       0 |    0 |    23 |      0 |      0 |    0 |          0 |
|         flow_control_loop_pipe_no_ap_cont_U |         DuplicateStreams_hls_1_flow_control_loop_pipe_no_ap_cont |         20 |         20 |       0 |    0 |     1 |      0 |      0 |    0 |          0 |
|         regslice_both_in0_V_U               |                             DuplicateStreams_hls_1_regslice_both |         11 |         11 |       0 |    0 |    16 |      0 |      0 |    0 |          0 |
|         regslice_both_out0_V_U              |                         DuplicateStreams_hls_1_regslice_both_398 |         11 |         11 |       0 |    0 |    16 |      0 |      0 |    0 |          0 |
|         regslice_both_out1_V_U              |                         DuplicateStreams_hls_1_regslice_both_399 |         17 |         17 |       0 |    0 |    16 |      0 |      0 |    0 |          0 |
|     DuplicateStreams_hls_2                  |                      GenericPartition_6_DuplicateStreams_hls_2_0 |         58 |         58 |       0 |    0 |    72 |      0 |      0 |    0 |          0 |
|       inst                                  |                                           DuplicateStreams_hls_2 |         58 |         58 |       0 |    0 |    72 |      0 |      0 |    0 |          0 |
|         (inst)                              |                                           DuplicateStreams_hls_2 |          0 |          0 |       0 |    0 |    23 |      0 |      0 |    0 |          0 |
|         flow_control_loop_pipe_no_ap_cont_U |         DuplicateStreams_hls_2_flow_control_loop_pipe_no_ap_cont |         20 |         20 |       0 |    0 |     1 |      0 |      0 |    0 |          0 |
|         regslice_both_in0_V_U               |                             DuplicateStreams_hls_2_regslice_both |         12 |         12 |       0 |    0 |    16 |      0 |      0 |    0 |          0 |
|         regslice_both_out0_V_U              |                         DuplicateStreams_hls_2_regslice_both_396 |         11 |         11 |       0 |    0 |    16 |      0 |      0 |    0 |          0 |
|         regslice_both_out1_V_U              |                         DuplicateStreams_hls_2_regslice_both_397 |         17 |         17 |       0 |    0 |    16 |      0 |      0 |    0 |          0 |
|     FMPadding_Pixel_hls_0                   |                       GenericPartition_6_FMPadding_Pixel_hls_0_0 |        265 |        265 |       0 |    0 |   130 |      0 |      0 |    0 |          0 |
|       inst                                  |                                            FMPadding_Pixel_hls_0 |        265 |        265 |       0 |    0 |   130 |      0 |      0 |    0 |          0 |
|         (inst)                              |                                            FMPadding_Pixel_hls_0 |          2 |          2 |       0 |    0 |    97 |      0 |      0 |    0 |          0 |
|         flow_control_loop_pipe_no_ap_cont_U |          FMPadding_Pixel_hls_0_flow_control_loop_pipe_no_ap_cont |        238 |        238 |       0 |    0 |     1 |      0 |      0 |    0 |          0 |
|         regslice_both_in0_V_U               |                              FMPadding_Pixel_hls_0_regslice_both |          9 |          9 |       0 |    0 |    16 |      0 |      0 |    0 |          0 |
|         regslice_both_out_V_U               |                          FMPadding_Pixel_hls_0_regslice_both_395 |         17 |         17 |       0 |    0 |    16 |      0 |      0 |    0 |          0 |
|     FMPadding_rtl_0                         |                             GenericPartition_6_FMPadding_rtl_0_0 |         42 |         42 |       0 |    0 |    61 |      0 |      0 |    0 |          0 |
|       inst                                  |                                                  FMPadding_rtl_0 |         42 |         42 |       0 |    0 |    61 |      0 |      0 |    0 |          0 |
|         impl                                |                                                fmpadding_axi_393 |         42 |         42 |       0 |    0 |    61 |      0 |      0 |    0 |          0 |
|     FMPadding_rtl_1                         |                             GenericPartition_6_FMPadding_rtl_1_0 |         45 |         45 |       0 |    0 |    61 |      0 |      0 |    0 |          0 |
|       inst                                  |                                                  FMPadding_rtl_1 |         45 |         45 |       0 |    0 |    61 |      0 |      0 |    0 |          0 |
|         impl                                |                                                    fmpadding_axi |         45 |         45 |       0 |    0 |    61 |      0 |      0 |    0 |          0 |
|     FMPadding_rtl_2                         |                             GenericPartition_6_FMPadding_rtl_2_0 |         51 |         51 |       0 |    0 |    63 |      0 |      0 |    0 |          0 |
|       inst                                  |                                                  FMPadding_rtl_3 |         51 |         51 |       0 |    0 |    63 |      0 |      0 |    0 |          0 |
|         impl                                |                                    fmpadding_axi__parameterized0 |         51 |         51 |       0 |    0 |    63 |      0 |      0 |    0 |          0 |
|     FMPadding_rtl_3                         |                             GenericPartition_6_FMPadding_rtl_3_0 |         47 |         47 |       0 |    0 |    63 |      0 |      0 |    0 |          0 |
|       inst                                  |                                                  FMPadding_rtl_2 |         47 |         47 |       0 |    0 |    63 |      0 |      0 |    0 |          0 |
|         impl                                |                                    fmpadding_axi__parameterized1 |         47 |         47 |       0 |    0 |    63 |      0 |      0 |    0 |          0 |
|     MVAU_hls_0                              |                                           MVAU_hls_0_imp_1YCNP90 |       1493 |       1493 |       0 |    0 |   668 |      1 |      1 |    0 |         20 |
|       MVAU_hls_0                            |                                  GenericPartition_6_MVAU_hls_0_0 |       1491 |       1491 |       0 |    0 |   662 |      0 |      0 |    0 |         20 |
|         inst                                |                                                       MVAU_hls_0 |       1491 |       1491 |       0 |    0 |   662 |      0 |      0 |    0 |         20 |
|       MVAU_hls_0_wstrm                      |                            GenericPartition_6_MVAU_hls_0_wstrm_0 |          2 |          2 |       0 |    0 |     6 |      1 |      1 |    0 |          0 |
|         inst                                |                                            memstream_axi_wrapper |          2 |          2 |       0 |    0 |     6 |      1 |      1 |    0 |          0 |
|     MVAU_hls_1                              |                                            MVAU_hls_1_imp_BRVXSC |       1078 |       1078 |       0 |    0 |  1023 |      2 |      0 |    0 |         20 |
|       MVAU_hls_1                            |                                  GenericPartition_6_MVAU_hls_1_0 |       1075 |       1075 |       0 |    0 |  1015 |      0 |      0 |    0 |         20 |
|         inst                                |                                                       MVAU_hls_1 |       1075 |       1075 |       0 |    0 |  1015 |      0 |      0 |    0 |         20 |
|       MVAU_hls_1_wstrm                      |                            GenericPartition_6_MVAU_hls_1_wstrm_0 |          3 |          3 |       0 |    0 |     8 |      2 |      0 |    0 |          0 |
|         inst                                |                            memstream_axi_wrapper__parameterized0 |          3 |          3 |       0 |    0 |     8 |      2 |      0 |    0 |          0 |
|     MVAU_hls_2                              |                                           MVAU_hls_2_imp_122OTID |       8396 |       8396 |       0 |    0 |   520 |      1 |      1 |    0 |         16 |
|       MVAU_hls_2                            |                                  GenericPartition_6_MVAU_hls_2_0 |       8393 |       8393 |       0 |    0 |   514 |      0 |      0 |    0 |         16 |
|         inst                                |                                                       MVAU_hls_2 |       8393 |       8393 |       0 |    0 |   514 |      0 |      0 |    0 |         16 |
|       MVAU_hls_2_wstrm                      |                            GenericPartition_6_MVAU_hls_2_wstrm_0 |          3 |          3 |       0 |    0 |     6 |      1 |      1 |    0 |          0 |
|         inst                                |                            memstream_axi_wrapper__parameterized1 |          3 |          3 |       0 |    0 |     6 |      1 |      1 |    0 |          0 |
|     MVAU_hls_3                              |                                            MVAU_hls_3_imp_QBIJB1 |        818 |        818 |       0 |    0 |   725 |      1 |      1 |    0 |         16 |
|       MVAU_hls_3                            |                                  GenericPartition_6_MVAU_hls_3_0 |        816 |        816 |       0 |    0 |   719 |      0 |      0 |    0 |         16 |
|         inst                                |                                                       MVAU_hls_3 |        816 |        816 |       0 |    0 |   719 |      0 |      0 |    0 |         16 |
|       MVAU_hls_3_wstrm                      |                            GenericPartition_6_MVAU_hls_3_wstrm_0 |          2 |          2 |       0 |    0 |     6 |      1 |      1 |    0 |          0 |
|         inst                                |                            memstream_axi_wrapper__parameterized2 |          2 |          2 |       0 |    0 |     6 |      1 |      1 |    0 |          0 |
|     MVAU_hls_4                              |                                            MVAU_hls_4_imp_5SPZ7A |        756 |        691 |      65 |    0 |  1137 |      0 |      0 |    0 |         44 |
|       MVAU_hls_4                            |                                  GenericPartition_6_MVAU_hls_4_0 |        689 |        689 |       0 |    0 |  1001 |      0 |      0 |    0 |         44 |
|         inst                                |                                                       MVAU_hls_4 |        689 |        689 |       0 |    0 |  1001 |      0 |      0 |    0 |         44 |
|       MVAU_hls_4_wstrm                      |                            GenericPartition_6_MVAU_hls_4_wstrm_0 |         67 |          2 |      65 |    0 |   136 |      0 |      0 |    0 |          0 |
|         inst                                |                            memstream_axi_wrapper__parameterized3 |         67 |          2 |      65 |    0 |   136 |      0 |      0 |    0 |          0 |
|     MVAU_hls_5                              |                                           MVAU_hls_5_imp_1I43SBY |       1676 |       1676 |       0 |    0 |   858 |      1 |      1 |    0 |         16 |
|       MVAU_hls_5                            |                                  GenericPartition_6_MVAU_hls_5_0 |       1673 |       1673 |       0 |    0 |   852 |      0 |      0 |    0 |         16 |
|         inst                                |                                                       MVAU_hls_5 |       1673 |       1673 |       0 |    0 |   852 |      0 |      0 |    0 |         16 |
|       MVAU_hls_5_wstrm                      |                            GenericPartition_6_MVAU_hls_5_wstrm_0 |          3 |          3 |       0 |    0 |     6 |      1 |      1 |    0 |          0 |
|         inst                                |                            memstream_axi_wrapper__parameterized4 |          3 |          3 |       0 |    0 |     6 |      1 |      1 |    0 |          0 |
|     MVAU_hls_6                              |                                            MVAU_hls_6_imp_QQ372F |        827 |        827 |       0 |    0 |   619 |      1 |      1 |    0 |         16 |
|       MVAU_hls_6                            |                                  GenericPartition_6_MVAU_hls_6_0 |        825 |        825 |       0 |    0 |   613 |      0 |      0 |    0 |         16 |
|         inst                                |                                                       MVAU_hls_6 |        825 |        825 |       0 |    0 |   613 |      0 |      0 |    0 |         16 |
|       MVAU_hls_6_wstrm                      |                            GenericPartition_6_MVAU_hls_6_wstrm_0 |          2 |          2 |       0 |    0 |     6 |      1 |      1 |    0 |          0 |
|         inst                                |                            memstream_axi_wrapper__parameterized5 |          2 |          2 |       0 |    0 |     6 |      1 |      1 |    0 |          0 |
|     MVAU_hls_7                              |                                           MVAU_hls_7_imp_1EYY8DB |       1941 |       1906 |      35 |    0 |   538 |      0 |      0 |    0 |         40 |
|       MVAU_hls_7                            |                                  GenericPartition_6_MVAU_hls_7_0 |       1905 |       1905 |       0 |    0 |   464 |      0 |      0 |    0 |         40 |
|         inst                                |                                                       MVAU_hls_7 |       1905 |       1905 |       0 |    0 |   464 |      0 |      0 |    0 |         40 |
|       MVAU_hls_7_wstrm                      |                            GenericPartition_6_MVAU_hls_7_wstrm_0 |         36 |          1 |      35 |    0 |    74 |      0 |      0 |    0 |          0 |
|         inst                                |                            memstream_axi_wrapper__parameterized6 |         36 |          1 |      35 |    0 |    74 |      0 |      0 |    0 |          0 |
|     MVAU_hls_8                              |                                           MVAU_hls_8_imp_1VQZ8Y9 |        673 |        673 |       0 |    0 |   630 |      2 |      0 |    0 |         40 |
|       MVAU_hls_8                            |                                  GenericPartition_6_MVAU_hls_8_0 |        672 |        672 |       0 |    0 |   626 |      0 |      0 |    0 |         40 |
|         inst                                |                                                       MVAU_hls_8 |        672 |        672 |       0 |    0 |   626 |      0 |      0 |    0 |         40 |
|       MVAU_hls_8_wstrm                      |                            GenericPartition_6_MVAU_hls_8_wstrm_0 |          1 |          1 |       0 |    0 |     4 |      2 |      0 |    0 |          0 |
|         inst                                |                            memstream_axi_wrapper__parameterized7 |          1 |          1 |       0 |    0 |     4 |      2 |      0 |    0 |          0 |
|     MVAU_hls_9                              |                                            MVAU_hls_9_imp_9XODAH |       1016 |       1016 |       0 |    0 |   331 |      0 |      0 |    0 |         16 |
|       MVAU_hls_9                            |                                  GenericPartition_6_MVAU_hls_9_0 |       1014 |       1014 |       0 |    0 |   298 |      0 |      0 |    0 |         16 |
|         inst                                |                                                       MVAU_hls_9 |       1014 |       1014 |       0 |    0 |   298 |      0 |      0 |    0 |         16 |
|       MVAU_hls_9_wstrm                      |                            GenericPartition_6_MVAU_hls_9_wstrm_0 |          2 |          2 |       0 |    0 |    33 |      0 |      0 |    0 |          0 |
|         (MVAU_hls_9_wstrm)                  |                            GenericPartition_6_MVAU_hls_9_wstrm_0 |          1 |          1 |       0 |    0 |     0 |      0 |      0 |    0 |          0 |
|         inst                                |                            memstream_axi_wrapper__parameterized8 |          1 |          1 |       0 |    0 |    33 |      0 |      0 |    0 |          0 |
|     StreamingDataWidthConverter_rtl_0       |           GenericPartition_6_StreamingDataWidthConverter_rtl_0_0 |         13 |         13 |       0 |    0 |    59 |      0 |      0 |    0 |          0 |
|       inst                                  |                                StreamingDataWidthConverter_rtl_0 |         13 |         13 |       0 |    0 |    59 |      0 |      0 |    0 |          0 |
|         impl                                |                                                      dwc_axi_103 |         13 |         13 |       0 |    0 |    59 |      0 |      0 |    0 |          0 |
|     StreamingDataWidthConverter_rtl_1       |           GenericPartition_6_StreamingDataWidthConverter_rtl_1_0 |         17 |         17 |       0 |    0 |    39 |      0 |      0 |    0 |          0 |
|       inst                                  |                                StreamingDataWidthConverter_rtl_1 |         17 |         17 |       0 |    0 |    39 |      0 |      0 |    0 |          0 |
|         impl                                |                                          dwc_axi__parameterized0 |         17 |         17 |       0 |    0 |    39 |      0 |      0 |    0 |          0 |
|     StreamingDataWidthConverter_rtl_10      |          GenericPartition_6_StreamingDataWidthConverter_rtl_10_0 |         11 |         11 |       0 |    0 |    20 |      0 |      0 |    0 |          0 |
|       inst                                  |                               StreamingDataWidthConverter_rtl_10 |         11 |         11 |       0 |    0 |    20 |      0 |      0 |    0 |          0 |
|         impl                                |                                          dwc_axi__parameterized1 |         11 |         11 |       0 |    0 |    20 |      0 |      0 |    0 |          0 |
|     StreamingDataWidthConverter_rtl_11      |          GenericPartition_6_StreamingDataWidthConverter_rtl_11_0 |        133 |        133 |       0 |    0 |   151 |      0 |      0 |    0 |          0 |
|       inst                                  |                               StreamingDataWidthConverter_rtl_11 |        133 |        133 |       0 |    0 |   151 |      0 |      0 |    0 |          0 |
|         impl                                |                                          dwc_axi__parameterized2 |        133 |        133 |       0 |    0 |   151 |      0 |      0 |    0 |          0 |
|     StreamingDataWidthConverter_rtl_12      |          GenericPartition_6_StreamingDataWidthConverter_rtl_12_0 |         11 |         11 |       0 |    0 |    59 |      0 |      0 |    0 |          0 |
|       inst                                  |                               StreamingDataWidthConverter_rtl_12 |         11 |         11 |       0 |    0 |    59 |      0 |      0 |    0 |          0 |
|         impl                                |                                                      dwc_axi_101 |         11 |         11 |       0 |    0 |    59 |      0 |      0 |    0 |          0 |
|     StreamingDataWidthConverter_rtl_13      |          GenericPartition_6_StreamingDataWidthConverter_rtl_13_0 |         14 |         14 |       0 |    0 |   108 |      0 |      0 |    0 |          0 |
|       inst                                  |                               StreamingDataWidthConverter_rtl_13 |         14 |         14 |       0 |    0 |   108 |      0 |      0 |    0 |          0 |
|         impl                                |                                       dwc_axi__parameterized3_99 |         14 |         14 |       0 |    0 |   108 |      0 |      0 |    0 |          0 |
|     StreamingDataWidthConverter_rtl_14      |          GenericPartition_6_StreamingDataWidthConverter_rtl_14_0 |          9 |          9 |       0 |    0 |    34 |      0 |      0 |    0 |          0 |
|       inst                                  |                               StreamingDataWidthConverter_rtl_14 |          9 |          9 |       0 |    0 |    34 |      0 |      0 |    0 |          0 |
|         impl                                |                                       dwc_axi__parameterized4_97 |          9 |          9 |       0 |    0 |    34 |      0 |      0 |    0 |          0 |
|     StreamingDataWidthConverter_rtl_15      |          GenericPartition_6_StreamingDataWidthConverter_rtl_15_0 |         29 |         29 |       0 |    0 |    41 |      0 |      0 |    0 |          0 |
|       inst                                  |                               StreamingDataWidthConverter_rtl_15 |         29 |         29 |       0 |    0 |    41 |      0 |      0 |    0 |          0 |
|         impl                                |                                       dwc_axi__parameterized5_95 |         29 |         29 |       0 |    0 |    41 |      0 |      0 |    0 |          0 |
|     StreamingDataWidthConverter_rtl_16      |          GenericPartition_6_StreamingDataWidthConverter_rtl_16_0 |          9 |          9 |       0 |    0 |    34 |      0 |      0 |    0 |          0 |
|       inst                                  |                               StreamingDataWidthConverter_rtl_16 |          9 |          9 |       0 |    0 |    34 |      0 |      0 |    0 |          0 |
|         impl                                |                                       dwc_axi__parameterized4_93 |          9 |          9 |       0 |    0 |    34 |      0 |      0 |    0 |          0 |
|     StreamingDataWidthConverter_rtl_17      |          GenericPartition_6_StreamingDataWidthConverter_rtl_17_0 |         28 |         28 |       0 |    0 |    41 |      0 |      0 |    0 |          0 |
|       inst                                  |                               StreamingDataWidthConverter_rtl_17 |         28 |         28 |       0 |    0 |    41 |      0 |      0 |    0 |          0 |
|         impl                                |                                       dwc_axi__parameterized5_91 |         28 |         28 |       0 |    0 |    41 |      0 |      0 |    0 |          0 |
|     StreamingDataWidthConverter_rtl_18      |          GenericPartition_6_StreamingDataWidthConverter_rtl_18_0 |         32 |         32 |       0 |    0 |    41 |      0 |      0 |    0 |          0 |
|       inst                                  |                               StreamingDataWidthConverter_rtl_18 |         32 |         32 |       0 |    0 |    41 |      0 |      0 |    0 |          0 |
|         impl                                |                                       dwc_axi__parameterized5_89 |         32 |         32 |       0 |    0 |    41 |      0 |      0 |    0 |          0 |
|     StreamingDataWidthConverter_rtl_19      |          GenericPartition_6_StreamingDataWidthConverter_rtl_19_0 |         13 |         13 |       0 |    0 |    47 |      0 |      0 |    0 |          0 |
|       inst                                  |                               StreamingDataWidthConverter_rtl_19 |         13 |         13 |       0 |    0 |    47 |      0 |      0 |    0 |          0 |
|         impl                                |                                          dwc_axi__parameterized6 |         13 |         13 |       0 |    0 |    47 |      0 |      0 |    0 |          0 |
|     StreamingDataWidthConverter_rtl_2       |           GenericPartition_6_StreamingDataWidthConverter_rtl_2_0 |         30 |         30 |       0 |    0 |    41 |      0 |      0 |    0 |          0 |
|       inst                                  |                                StreamingDataWidthConverter_rtl_2 |         30 |         30 |       0 |    0 |    41 |      0 |      0 |    0 |          0 |
|         impl                                |                                       dwc_axi__parameterized5_87 |         30 |         30 |       0 |    0 |    41 |      0 |      0 |    0 |          0 |
|     StreamingDataWidthConverter_rtl_20      |          GenericPartition_6_StreamingDataWidthConverter_rtl_20_0 |         10 |         10 |       0 |    0 |    59 |      0 |      0 |    0 |          0 |
|       inst                                  |                               StreamingDataWidthConverter_rtl_20 |         10 |         10 |       0 |    0 |    59 |      0 |      0 |    0 |          0 |
|         impl                                |                                                          dwc_axi |         10 |         10 |       0 |    0 |    59 |      0 |      0 |    0 |          0 |
|     StreamingDataWidthConverter_rtl_21      |          GenericPartition_6_StreamingDataWidthConverter_rtl_21_0 |         21 |         21 |       0 |    0 |    36 |      0 |      0 |    0 |          0 |
|       inst                                  |                               StreamingDataWidthConverter_rtl_21 |         21 |         21 |       0 |    0 |    36 |      0 |      0 |    0 |          0 |
|         impl                                |                                          dwc_axi__parameterized7 |         21 |         21 |       0 |    0 |    36 |      0 |      0 |    0 |          0 |
|     StreamingDataWidthConverter_rtl_22      |          GenericPartition_6_StreamingDataWidthConverter_rtl_22_0 |         38 |         38 |       0 |    0 |    53 |      0 |      0 |    0 |          0 |
|       inst                                  |                               StreamingDataWidthConverter_rtl_22 |         38 |         38 |       0 |    0 |    53 |      0 |      0 |    0 |          0 |
|         impl                                |                                       dwc_axi__parameterized8_85 |         38 |         38 |       0 |    0 |    53 |      0 |      0 |    0 |          0 |
|     StreamingDataWidthConverter_rtl_3       |           GenericPartition_6_StreamingDataWidthConverter_rtl_3_0 |         16 |         16 |       0 |    0 |   121 |      0 |      0 |    0 |          0 |
|       inst                                  |                                StreamingDataWidthConverter_rtl_3 |         16 |         16 |       0 |    0 |   121 |      0 |      0 |    0 |          0 |
|         impl                                |                                       dwc_axi__parameterized9_83 |         16 |         16 |       0 |    0 |   121 |      0 |      0 |    0 |          0 |
|     StreamingDataWidthConverter_rtl_4       |           GenericPartition_6_StreamingDataWidthConverter_rtl_4_0 |          9 |          9 |       0 |    0 |    34 |      0 |      0 |    0 |          0 |
|       inst                                  |                                StreamingDataWidthConverter_rtl_4 |          9 |          9 |       0 |    0 |    34 |      0 |      0 |    0 |          0 |
|         impl                                |                                       dwc_axi__parameterized4_81 |          9 |          9 |       0 |    0 |    34 |      0 |      0 |    0 |          0 |
|     StreamingDataWidthConverter_rtl_5       |           GenericPartition_6_StreamingDataWidthConverter_rtl_5_0 |         37 |         37 |       0 |    0 |    53 |      0 |      0 |    0 |          0 |
|       inst                                  |                                StreamingDataWidthConverter_rtl_5 |         37 |         37 |       0 |    0 |    53 |      0 |      0 |    0 |          0 |
|         impl                                |                                          dwc_axi__parameterized8 |         37 |         37 |       0 |    0 |    53 |      0 |      0 |    0 |          0 |
|     StreamingDataWidthConverter_rtl_6       |           GenericPartition_6_StreamingDataWidthConverter_rtl_6_0 |         12 |         12 |       0 |    0 |   108 |      0 |      0 |    0 |          0 |
|       inst                                  |                                StreamingDataWidthConverter_rtl_6 |         12 |         12 |       0 |    0 |   108 |      0 |      0 |    0 |          0 |
|         impl                                |                                          dwc_axi__parameterized3 |         12 |         12 |       0 |    0 |   108 |      0 |      0 |    0 |          0 |
|     StreamingDataWidthConverter_rtl_7       |           GenericPartition_6_StreamingDataWidthConverter_rtl_7_0 |          9 |          9 |       0 |    0 |    34 |      0 |      0 |    0 |          0 |
|       inst                                  |                                StreamingDataWidthConverter_rtl_7 |          9 |          9 |       0 |    0 |    34 |      0 |      0 |    0 |          0 |
|         impl                                |                                          dwc_axi__parameterized4 |          9 |          9 |       0 |    0 |    34 |      0 |      0 |    0 |          0 |
|     StreamingDataWidthConverter_rtl_8       |           GenericPartition_6_StreamingDataWidthConverter_rtl_8_0 |         30 |         30 |       0 |    0 |    41 |      0 |      0 |    0 |          0 |
|       inst                                  |                                StreamingDataWidthConverter_rtl_8 |         30 |         30 |       0 |    0 |    41 |      0 |      0 |    0 |          0 |
|         impl                                |                                          dwc_axi__parameterized5 |         30 |         30 |       0 |    0 |    41 |      0 |      0 |    0 |          0 |
|     StreamingDataWidthConverter_rtl_9       |           GenericPartition_6_StreamingDataWidthConverter_rtl_9_0 |         15 |         15 |       0 |    0 |   121 |      0 |      0 |    0 |          0 |
|       inst                                  |                                StreamingDataWidthConverter_rtl_9 |         15 |         15 |       0 |    0 |   121 |      0 |      0 |    0 |          0 |
|         impl                                |                                          dwc_axi__parameterized9 |         15 |         15 |       0 |    0 |   121 |      0 |      0 |    0 |          0 |
|     StreamingFIFO_rtl_0                     |                         GenericPartition_6_StreamingFIFO_rtl_0_0 |         15 |         15 |       0 |    0 |    23 |      0 |      0 |    0 |          0 |
|       inst                                  |                                              StreamingFIFO_rtl_0 |         15 |         15 |       0 |    0 |    23 |      0 |      0 |    0 |          0 |
|         impl                                |                                                         Q_srl_80 |         15 |         15 |       0 |    0 |    23 |      0 |      0 |    0 |          0 |
|     StreamingFIFO_rtl_1                     |                         GenericPartition_6_StreamingFIFO_rtl_1_0 |         14 |         14 |       0 |    0 |    21 |      0 |      0 |    0 |          0 |
|       inst                                  |                                              StreamingFIFO_rtl_1 |         14 |         14 |       0 |    0 |    21 |      0 |      0 |    0 |          0 |
|         impl                                |                                         Q_srl__parameterized0_79 |         14 |         14 |       0 |    0 |    21 |      0 |      0 |    0 |          0 |
|     StreamingFIFO_rtl_10                    |                                 StreamingFIFO_rtl_10_imp_1PH911H |         78 |         78 |       0 |    0 |    63 |      0 |      1 |    0 |          0 |
|       fifo                                  |                                        GenericPartition_6_fifo_2 |         78 |         78 |       0 |    0 |    63 |      0 |      1 |    0 |          0 |
|         inst                                |                                        axis_data_fifo_v2_0_9_top |         78 |         78 |       0 |    0 |    63 |      0 |      1 |    0 |          0 |
|     StreamingFIFO_rtl_11                    |                        GenericPartition_6_StreamingFIFO_rtl_11_0 |         11 |         11 |       0 |    0 |    17 |      0 |      0 |    0 |          0 |
|       inst                                  |                                             StreamingFIFO_rtl_11 |         11 |         11 |       0 |    0 |    17 |      0 |      0 |    0 |          0 |
|         impl                                |                                         Q_srl__parameterized0_74 |         11 |         11 |       0 |    0 |    17 |      0 |      0 |    0 |          0 |
|     StreamingFIFO_rtl_12                    |                        GenericPartition_6_StreamingFIFO_rtl_12_0 |        113 |        113 |       0 |    0 |   221 |      0 |      0 |    0 |          0 |
|       inst                                  |                                             StreamingFIFO_rtl_12 |        113 |        113 |       0 |    0 |   221 |      0 |      0 |    0 |          0 |
|         impl                                |                                         Q_srl__parameterized1_73 |        113 |        113 |       0 |    0 |   221 |      0 |      0 |    0 |          0 |
|     StreamingFIFO_rtl_13                    |                        GenericPartition_6_StreamingFIFO_rtl_13_0 |         11 |         11 |       0 |    0 |    17 |      0 |      0 |    0 |          0 |
|       inst                                  |                                             StreamingFIFO_rtl_13 |         11 |         11 |       0 |    0 |    17 |      0 |      0 |    0 |          0 |
|         impl                                |                                         Q_srl__parameterized0_72 |         11 |         11 |       0 |    0 |    17 |      0 |      0 |    0 |          0 |
|     StreamingFIFO_rtl_14                    |                        GenericPartition_6_StreamingFIFO_rtl_14_0 |         29 |         29 |       0 |    0 |    53 |      0 |      0 |    0 |          0 |
|       inst                                  |                                             StreamingFIFO_rtl_14 |         29 |         29 |       0 |    0 |    53 |      0 |      0 |    0 |          0 |
|         impl                                |                                         Q_srl__parameterized2_71 |         29 |         29 |       0 |    0 |    53 |      0 |      0 |    0 |          0 |
|     StreamingFIFO_rtl_15                    |                        GenericPartition_6_StreamingFIFO_rtl_15_0 |         89 |         57 |       0 |   32 |    43 |      0 |      0 |    0 |          0 |
|       inst                                  |                                             StreamingFIFO_rtl_15 |         89 |         57 |       0 |   32 |    43 |      0 |      0 |    0 |          0 |
|         impl                                |                                            Q_srl__parameterized3 |         89 |         57 |       0 |   32 |    43 |      0 |      0 |    0 |          0 |
|     StreamingFIFO_rtl_16                    |                        GenericPartition_6_StreamingFIFO_rtl_16_0 |         13 |         13 |       0 |    0 |    21 |      0 |      0 |    0 |          0 |
|       inst                                  |                                             StreamingFIFO_rtl_16 |         13 |         13 |       0 |    0 |    21 |      0 |      0 |    0 |          0 |
|         impl                                |                                         Q_srl__parameterized0_70 |         13 |         13 |       0 |    0 |    21 |      0 |      0 |    0 |          0 |
|     StreamingFIFO_rtl_17                    |                        GenericPartition_6_StreamingFIFO_rtl_17_0 |         15 |         15 |       0 |    0 |    23 |      0 |      0 |    0 |          0 |
|       inst                                  |                                             StreamingFIFO_rtl_17 |         15 |         15 |       0 |    0 |    23 |      0 |      0 |    0 |          0 |
|         impl                                |                                                         Q_srl_69 |         15 |         15 |       0 |    0 |    23 |      0 |      0 |    0 |          0 |
|     StreamingFIFO_rtl_18                    |                        GenericPartition_6_StreamingFIFO_rtl_18_0 |         14 |         14 |       0 |    0 |    21 |      0 |      0 |    0 |          0 |
|       inst                                  |                                             StreamingFIFO_rtl_18 |         14 |         14 |       0 |    0 |    21 |      0 |      0 |    0 |          0 |
|         impl                                |                                         Q_srl__parameterized0_68 |         14 |         14 |       0 |    0 |    21 |      0 |      0 |    0 |          0 |
|     StreamingFIFO_rtl_19                    |                        GenericPartition_6_StreamingFIFO_rtl_19_0 |         11 |         11 |       0 |    0 |    17 |      0 |      0 |    0 |          0 |
|       inst                                  |                                             StreamingFIFO_rtl_19 |         11 |         11 |       0 |    0 |    17 |      0 |      0 |    0 |          0 |
|         impl                                |                                         Q_srl__parameterized0_67 |         11 |         11 |       0 |    0 |    17 |      0 |      0 |    0 |          0 |
|     StreamingFIFO_rtl_2                     |                         GenericPartition_6_StreamingFIFO_rtl_2_0 |         11 |         11 |       0 |    0 |    17 |      0 |      0 |    0 |          0 |
|       inst                                  |                                              StreamingFIFO_rtl_2 |         11 |         11 |       0 |    0 |    17 |      0 |      0 |    0 |          0 |
|         impl                                |                                         Q_srl__parameterized0_66 |         11 |         11 |       0 |    0 |    17 |      0 |      0 |    0 |          0 |
|     StreamingFIFO_rtl_20                    |                        GenericPartition_6_StreamingFIFO_rtl_20_0 |         12 |         12 |       0 |    0 |    17 |      0 |      0 |    0 |          0 |
|       inst                                  |                                             StreamingFIFO_rtl_20 |         12 |         12 |       0 |    0 |    17 |      0 |      0 |    0 |          0 |
|         impl                                |                                         Q_srl__parameterized0_65 |         12 |         12 |       0 |    0 |    17 |      0 |      0 |    0 |          0 |
|     StreamingFIFO_rtl_21                    |                        GenericPartition_6_StreamingFIFO_rtl_21_0 |         11 |         11 |       0 |    0 |    17 |      0 |      0 |    0 |          0 |
|       inst                                  |                                             StreamingFIFO_rtl_21 |         11 |         11 |       0 |    0 |    17 |      0 |      0 |    0 |          0 |
|         impl                                |                                         Q_srl__parameterized0_64 |         11 |         11 |       0 |    0 |    17 |      0 |      0 |    0 |          0 |
|     StreamingFIFO_rtl_22                    |                        GenericPartition_6_StreamingFIFO_rtl_22_0 |        101 |        101 |       0 |    0 |   197 |      0 |      0 |    0 |          0 |
|       inst                                  |                                             StreamingFIFO_rtl_22 |        101 |        101 |       0 |    0 |   197 |      0 |      0 |    0 |          0 |
|         impl                                |                                         Q_srl__parameterized4_63 |        101 |        101 |       0 |    0 |   197 |      0 |      0 |    0 |          0 |
|     StreamingFIFO_rtl_23                    |                                 StreamingFIFO_rtl_23_imp_1M3W7OM |         67 |         67 |       0 |    0 |    55 |      0 |      1 |    0 |          0 |
|       fifo                                  |                                        GenericPartition_6_fifo_3 |         67 |         67 |       0 |    0 |    55 |      0 |      1 |    0 |          0 |
|         inst                                |                        axis_data_fifo_v2_0_9_top__parameterized0 |         67 |         67 |       0 |    0 |    55 |      0 |      1 |    0 |          0 |
|     StreamingFIFO_rtl_24                    |                        GenericPartition_6_StreamingFIFO_rtl_24_0 |         11 |         11 |       0 |    0 |    17 |      0 |      0 |    0 |          0 |
|       inst                                  |                                             StreamingFIFO_rtl_24 |         11 |         11 |       0 |    0 |    17 |      0 |      0 |    0 |          0 |
|         impl                                |                                         Q_srl__parameterized0_58 |         11 |         11 |       0 |    0 |    17 |      0 |      0 |    0 |          0 |
|     StreamingFIFO_rtl_25                    |                        GenericPartition_6_StreamingFIFO_rtl_25_0 |         29 |         29 |       0 |    0 |    53 |      0 |      0 |    0 |          0 |
|       inst                                  |                                             StreamingFIFO_rtl_25 |         29 |         29 |       0 |    0 |    53 |      0 |      0 |    0 |          0 |
|         impl                                |                                         Q_srl__parameterized2_57 |         29 |         29 |       0 |    0 |    53 |      0 |      0 |    0 |          0 |
|     StreamingFIFO_rtl_26                    |                        GenericPartition_6_StreamingFIFO_rtl_26_0 |         70 |         46 |       0 |   24 |    35 |      0 |      0 |    0 |          0 |
|       inst                                  |                                             StreamingFIFO_rtl_26 |         70 |         46 |       0 |   24 |    35 |      0 |      0 |    0 |          0 |
|         impl                                |                                         Q_srl__parameterized5_56 |         70 |         46 |       0 |   24 |    35 |      0 |      0 |    0 |          0 |
|     StreamingFIFO_rtl_27                    |                        GenericPartition_6_StreamingFIFO_rtl_27_0 |         65 |         41 |       0 |   24 |    19 |      0 |      0 |    0 |          0 |
|       inst                                  |                                             StreamingFIFO_rtl_27 |         65 |         41 |       0 |   24 |    19 |      0 |      0 |    0 |          0 |
|         impl                                |                                            Q_srl__parameterized6 |         65 |         41 |       0 |   24 |    19 |      0 |      0 |    0 |          0 |
|     StreamingFIFO_rtl_28                    |                        GenericPartition_6_StreamingFIFO_rtl_28_0 |         12 |         12 |       0 |    0 |    17 |      0 |      0 |    0 |          0 |
|       inst                                  |                                             StreamingFIFO_rtl_28 |         12 |         12 |       0 |    0 |    17 |      0 |      0 |    0 |          0 |
|         impl                                |                                         Q_srl__parameterized0_55 |         12 |         12 |       0 |    0 |    17 |      0 |      0 |    0 |          0 |
|     StreamingFIFO_rtl_29                    |                        GenericPartition_6_StreamingFIFO_rtl_29_0 |        113 |        113 |       0 |    0 |   221 |      0 |      0 |    0 |          0 |
|       inst                                  |                                             StreamingFIFO_rtl_29 |        113 |        113 |       0 |    0 |   221 |      0 |      0 |    0 |          0 |
|         impl                                |                                            Q_srl__parameterized1 |        113 |        113 |       0 |    0 |   221 |      0 |      0 |    0 |          0 |
|     StreamingFIFO_rtl_3                     |                                  StreamingFIFO_rtl_3_imp_178DAQL |         69 |         69 |       0 |    0 |    59 |      0 |      1 |    0 |          0 |
|       fifo                                  |                                        GenericPartition_6_fifo_0 |         69 |         69 |       0 |    0 |    59 |      0 |      1 |    0 |          0 |
|         inst                                |                        axis_data_fifo_v2_0_9_top__parameterized1 |         69 |         69 |       0 |    0 |    59 |      0 |      1 |    0 |          0 |
|     StreamingFIFO_rtl_30                    |                        GenericPartition_6_StreamingFIFO_rtl_30_0 |         13 |         13 |       0 |    0 |    21 |      0 |      0 |    0 |          0 |
|       inst                                  |                                             StreamingFIFO_rtl_30 |         13 |         13 |       0 |    0 |    21 |      0 |      0 |    0 |          0 |
|         impl                                |                                         Q_srl__parameterized0_48 |         13 |         13 |       0 |    0 |    21 |      0 |      0 |    0 |          0 |
|     StreamingFIFO_rtl_31                    |                        GenericPartition_6_StreamingFIFO_rtl_31_0 |         10 |         10 |       0 |    0 |    13 |      0 |      0 |    0 |          0 |
|       inst                                  |                                             StreamingFIFO_rtl_31 |         10 |         10 |       0 |    0 |    13 |      0 |      0 |    0 |          0 |
|         impl                                |                                         Q_srl__parameterized0_47 |         10 |         10 |       0 |    0 |    13 |      0 |      0 |    0 |          0 |
|     StreamingFIFO_rtl_32                    |                        GenericPartition_6_StreamingFIFO_rtl_32_0 |        134 |        134 |       0 |    0 |   261 |      0 |      0 |    0 |          0 |
|       inst                                  |                                             StreamingFIFO_rtl_32 |        134 |        134 |       0 |    0 |   261 |      0 |      0 |    0 |          0 |
|         impl                                |                                            Q_srl__parameterized7 |        134 |        134 |       0 |    0 |   261 |      0 |      0 |    0 |          0 |
|     StreamingFIFO_rtl_33                    |                        GenericPartition_6_StreamingFIFO_rtl_33_0 |         14 |         14 |       0 |    0 |    21 |      0 |      0 |    0 |          0 |
|       inst                                  |                                             StreamingFIFO_rtl_33 |         14 |         14 |       0 |    0 |    21 |      0 |      0 |    0 |          0 |
|         impl                                |                                         Q_srl__parameterized0_46 |         14 |         14 |       0 |    0 |    21 |      0 |      0 |    0 |          0 |
|     StreamingFIFO_rtl_34                    |                        GenericPartition_6_StreamingFIFO_rtl_34_0 |         15 |         15 |       0 |    0 |    23 |      0 |      0 |    0 |          0 |
|       inst                                  |                                             StreamingFIFO_rtl_34 |         15 |         15 |       0 |    0 |    23 |      0 |      0 |    0 |          0 |
|         impl                                |                                                         Q_srl_45 |         15 |         15 |       0 |    0 |    23 |      0 |      0 |    0 |          0 |
|     StreamingFIFO_rtl_35                    |                        GenericPartition_6_StreamingFIFO_rtl_35_0 |         14 |         14 |       0 |    0 |    21 |      0 |      0 |    0 |          0 |
|       inst                                  |                                             StreamingFIFO_rtl_35 |         14 |         14 |       0 |    0 |    21 |      0 |      0 |    0 |          0 |
|         impl                                |                                         Q_srl__parameterized0_44 |         14 |         14 |       0 |    0 |    21 |      0 |      0 |    0 |          0 |
|     StreamingFIFO_rtl_36                    |                        GenericPartition_6_StreamingFIFO_rtl_36_0 |         11 |         11 |       0 |    0 |    17 |      0 |      0 |    0 |          0 |
|       inst                                  |                                             StreamingFIFO_rtl_36 |         11 |         11 |       0 |    0 |    17 |      0 |      0 |    0 |          0 |
|         impl                                |                                         Q_srl__parameterized0_43 |         11 |         11 |       0 |    0 |    17 |      0 |      0 |    0 |          0 |
|     StreamingFIFO_rtl_37                    |                        GenericPartition_6_StreamingFIFO_rtl_37_0 |         11 |         11 |       0 |    0 |    17 |      0 |      0 |    0 |          0 |
|       inst                                  |                                             StreamingFIFO_rtl_37 |         11 |         11 |       0 |    0 |    17 |      0 |      0 |    0 |          0 |
|         impl                                |                                         Q_srl__parameterized0_42 |         11 |         11 |       0 |    0 |    17 |      0 |      0 |    0 |          0 |
|     StreamingFIFO_rtl_38                    |                        GenericPartition_6_StreamingFIFO_rtl_38_0 |         11 |         11 |       0 |    0 |    17 |      0 |      0 |    0 |          0 |
|       inst                                  |                                             StreamingFIFO_rtl_38 |         11 |         11 |       0 |    0 |    17 |      0 |      0 |    0 |          0 |
|         impl                                |                                         Q_srl__parameterized0_41 |         11 |         11 |       0 |    0 |    17 |      0 |      0 |    0 |          0 |
|     StreamingFIFO_rtl_39                    |                        GenericPartition_6_StreamingFIFO_rtl_39_0 |         53 |         53 |       0 |    0 |   101 |      0 |      0 |    0 |          0 |
|       inst                                  |                                             StreamingFIFO_rtl_39 |         53 |         53 |       0 |    0 |   101 |      0 |      0 |    0 |          0 |
|         impl                                |                                         Q_srl__parameterized8_40 |         53 |         53 |       0 |    0 |   101 |      0 |      0 |    0 |          0 |
|     StreamingFIFO_rtl_4                     |                         GenericPartition_6_StreamingFIFO_rtl_4_0 |         13 |         13 |       0 |    0 |    17 |      0 |      0 |    0 |          0 |
|       inst                                  |                                              StreamingFIFO_rtl_4 |         13 |         13 |       0 |    0 |    17 |      0 |      0 |    0 |          0 |
|         impl                                |                                         Q_srl__parameterized0_39 |         13 |         13 |       0 |    0 |    17 |      0 |      0 |    0 |          0 |
|     StreamingFIFO_rtl_40                    |                        GenericPartition_6_StreamingFIFO_rtl_40_0 |        101 |        101 |       0 |    0 |   197 |      0 |      0 |    0 |          0 |
|       inst                                  |                                             StreamingFIFO_rtl_40 |        101 |        101 |       0 |    0 |   197 |      0 |      0 |    0 |          0 |
|         impl                                |                                            Q_srl__parameterized4 |        101 |        101 |       0 |    0 |   197 |      0 |      0 |    0 |          0 |
|     StreamingFIFO_rtl_41                    |                        GenericPartition_6_StreamingFIFO_rtl_41_0 |         11 |         11 |       0 |    0 |    17 |      0 |      0 |    0 |          0 |
|       inst                                  |                                             StreamingFIFO_rtl_41 |         11 |         11 |       0 |    0 |    17 |      0 |      0 |    0 |          0 |
|         impl                                |                                         Q_srl__parameterized0_38 |         11 |         11 |       0 |    0 |    17 |      0 |      0 |    0 |          0 |
|     StreamingFIFO_rtl_42                    |                        GenericPartition_6_StreamingFIFO_rtl_42_0 |         29 |         29 |       0 |    0 |    53 |      0 |      0 |    0 |          0 |
|       inst                                  |                                             StreamingFIFO_rtl_42 |         29 |         29 |       0 |    0 |    53 |      0 |      0 |    0 |          0 |
|         impl                                |                                         Q_srl__parameterized2_37 |         29 |         29 |       0 |    0 |    53 |      0 |      0 |    0 |          0 |
|     StreamingFIFO_rtl_43                    |                        GenericPartition_6_StreamingFIFO_rtl_43_0 |         29 |         29 |       0 |    0 |    53 |      0 |      0 |    0 |          0 |
|       inst                                  |                                             StreamingFIFO_rtl_43 |         29 |         29 |       0 |    0 |    53 |      0 |      0 |    0 |          0 |
|         impl                                |                                         Q_srl__parameterized2_36 |         29 |         29 |       0 |    0 |    53 |      0 |      0 |    0 |          0 |
|     StreamingFIFO_rtl_44                    |                        GenericPartition_6_StreamingFIFO_rtl_44_0 |         36 |         30 |       0 |    6 |    17 |      0 |      0 |    0 |          0 |
|       inst                                  |                                             StreamingFIFO_rtl_44 |         36 |         30 |       0 |    6 |    17 |      0 |      0 |    0 |          0 |
|         impl                                |                                            Q_srl__parameterized9 |         36 |         30 |       0 |    6 |    17 |      0 |      0 |    0 |          0 |
|     StreamingFIFO_rtl_45                    |                        GenericPartition_6_StreamingFIFO_rtl_45_0 |         48 |         24 |       0 |   24 |    35 |      0 |      0 |    0 |          0 |
|       inst                                  |                                             StreamingFIFO_rtl_45 |         48 |         24 |       0 |   24 |    35 |      0 |      0 |    0 |          0 |
|         impl                                |                                            Q_srl__parameterized5 |         48 |         24 |       0 |   24 |    35 |      0 |      0 |    0 |          0 |
|     StreamingFIFO_rtl_46                    |                        GenericPartition_6_StreamingFIFO_rtl_46_0 |         11 |         11 |       0 |    0 |    17 |      0 |      0 |    0 |          0 |
|       inst                                  |                                             StreamingFIFO_rtl_46 |         11 |         11 |       0 |    0 |    17 |      0 |      0 |    0 |          0 |
|         impl                                |                                         Q_srl__parameterized0_35 |         11 |         11 |       0 |    0 |    17 |      0 |      0 |    0 |          0 |
|     StreamingFIFO_rtl_47                    |                        GenericPartition_6_StreamingFIFO_rtl_47_0 |         29 |         29 |       0 |    0 |    53 |      0 |      0 |    0 |          0 |
|       inst                                  |                                             StreamingFIFO_rtl_47 |         29 |         29 |       0 |    0 |    53 |      0 |      0 |    0 |          0 |
|         impl                                |                                         Q_srl__parameterized2_34 |         29 |         29 |       0 |    0 |    53 |      0 |      0 |    0 |          0 |
|     StreamingFIFO_rtl_48                    |                                 StreamingFIFO_rtl_48_imp_1YYCBHB |         70 |         70 |       0 |    0 |    59 |      1 |      0 |    0 |          0 |
|       fifo                                  |                                        GenericPartition_6_fifo_4 |         70 |         70 |       0 |    0 |    59 |      1 |      0 |    0 |          0 |
|         inst                                |                        axis_data_fifo_v2_0_9_top__parameterized2 |         70 |         70 |       0 |    0 |    59 |      1 |      0 |    0 |          0 |
|     StreamingFIFO_rtl_49                    |                        GenericPartition_6_StreamingFIFO_rtl_49_0 |         98 |         50 |       0 |   48 |    36 |      0 |      0 |    0 |          0 |
|       inst                                  |                                             StreamingFIFO_rtl_49 |         98 |         50 |       0 |   48 |    36 |      0 |      0 |    0 |          0 |
|         impl                                |                                           Q_srl__parameterized10 |         98 |         50 |       0 |   48 |    36 |      0 |      0 |    0 |          0 |
|     StreamingFIFO_rtl_5                     |                         GenericPartition_6_StreamingFIFO_rtl_5_0 |         54 |         54 |       0 |    0 |   101 |      0 |      0 |    0 |          0 |
|       inst                                  |                                              StreamingFIFO_rtl_5 |         54 |         54 |       0 |    0 |   101 |      0 |      0 |    0 |          0 |
|         impl                                |                                         Q_srl__parameterized8_29 |         54 |         54 |       0 |    0 |   101 |      0 |      0 |    0 |          0 |
|     StreamingFIFO_rtl_50                    |                                 StreamingFIFO_rtl_50_imp_14XAHUK |         91 |         91 |       0 |    0 |    71 |      1 |      1 |    0 |          0 |
|       fifo                                  |                                        GenericPartition_6_fifo_5 |         91 |         91 |       0 |    0 |    71 |      1 |      1 |    0 |          0 |
|         inst                                |                        axis_data_fifo_v2_0_9_top__parameterized3 |         91 |         91 |       0 |    0 |    71 |      1 |      1 |    0 |          0 |
|     StreamingFIFO_rtl_51                    |                                  StreamingFIFO_rtl_51_imp_J1C0AS |         83 |         83 |       0 |    0 |    67 |      1 |      0 |    0 |          0 |
|       fifo                                  |                                        GenericPartition_6_fifo_6 |         83 |         83 |       0 |    0 |    67 |      1 |      0 |    0 |          0 |
|         inst                                |             axis_data_fifo_v2_0_9_top__parameterized4__xdcDup__1 |         83 |         83 |       0 |    0 |    67 |      1 |      0 |    0 |          0 |
|     StreamingFIFO_rtl_52                    |                        GenericPartition_6_StreamingFIFO_rtl_52_0 |         10 |         10 |       0 |    0 |    17 |      0 |      0 |    0 |          0 |
|       inst                                  |                                             StreamingFIFO_rtl_52 |         10 |         10 |       0 |    0 |    17 |      0 |      0 |    0 |          0 |
|         impl                                |                                         Q_srl__parameterized0_18 |         10 |         10 |       0 |    0 |    17 |      0 |      0 |    0 |          0 |
|     StreamingFIFO_rtl_53                    |                        GenericPartition_6_StreamingFIFO_rtl_53_0 |         11 |         11 |       0 |    0 |    17 |      0 |      0 |    0 |          0 |
|       inst                                  |                                             StreamingFIFO_rtl_53 |         11 |         11 |       0 |    0 |    17 |      0 |      0 |    0 |          0 |
|         impl                                |                                         Q_srl__parameterized0_17 |         11 |         11 |       0 |    0 |    17 |      0 |      0 |    0 |          0 |
|     StreamingFIFO_rtl_54                    |                        GenericPartition_6_StreamingFIFO_rtl_54_0 |         42 |         42 |       0 |    0 |    77 |      0 |      0 |    0 |          0 |
|       inst                                  |                                             StreamingFIFO_rtl_54 |         42 |         42 |       0 |    0 |    77 |      0 |      0 |    0 |          0 |
|         impl                                |                                           Q_srl__parameterized11 |         42 |         42 |       0 |    0 |    77 |      0 |      0 |    0 |          0 |
|     StreamingFIFO_rtl_55                    |                        GenericPartition_6_StreamingFIFO_rtl_55_0 |         54 |         54 |       0 |    0 |   101 |      0 |      0 |    0 |          0 |
|       inst                                  |                                             StreamingFIFO_rtl_55 |         54 |         54 |       0 |    0 |   101 |      0 |      0 |    0 |          0 |
|         impl                                |                                            Q_srl__parameterized8 |         54 |         54 |       0 |    0 |   101 |      0 |      0 |    0 |          0 |
|     StreamingFIFO_rtl_56                    |                        GenericPartition_6_StreamingFIFO_rtl_56_0 |         20 |         20 |       0 |    0 |    35 |      0 |      0 |    0 |          0 |
|       inst                                  |                                             StreamingFIFO_rtl_56 |         20 |         20 |       0 |    0 |    35 |      0 |      0 |    0 |          0 |
|         impl                                |                                                         Q_srl_16 |         20 |         20 |       0 |    0 |    35 |      0 |      0 |    0 |          0 |
|     StreamingFIFO_rtl_57                    |                        GenericPartition_6_StreamingFIFO_rtl_57_0 |         13 |         13 |       0 |    0 |    21 |      0 |      0 |    0 |          0 |
|       inst                                  |                                             StreamingFIFO_rtl_57 |         13 |         13 |       0 |    0 |    21 |      0 |      0 |    0 |          0 |
|         impl                                |                                            Q_srl__parameterized0 |         13 |         13 |       0 |    0 |    21 |      0 |      0 |    0 |          0 |
|     StreamingFIFO_rtl_58                    |                        GenericPartition_6_StreamingFIFO_rtl_58_0 |         21 |         21 |       0 |    0 |    37 |      0 |      0 |    0 |          0 |
|       inst                                  |                                             StreamingFIFO_rtl_58 |         21 |         21 |       0 |    0 |    37 |      0 |      0 |    0 |          0 |
|         impl                                |                                                         Q_srl_15 |         21 |         21 |       0 |    0 |    37 |      0 |      0 |    0 |          0 |
|     StreamingFIFO_rtl_59                    |                        GenericPartition_6_StreamingFIFO_rtl_59_0 |        194 |         66 |       0 |  128 |    45 |      0 |      0 |    0 |          0 |
|       inst                                  |                                             StreamingFIFO_rtl_59 |        194 |         66 |       0 |  128 |    45 |      0 |      0 |    0 |          0 |
|         impl                                |                                           Q_srl__parameterized12 |        194 |         66 |       0 |  128 |    45 |      0 |      0 |    0 |          0 |
|     StreamingFIFO_rtl_6                     |                                  StreamingFIFO_rtl_6_imp_19VO5RB |         82 |         82 |       0 |    0 |    67 |      1 |      0 |    0 |          0 |
|       fifo                                  |                                        GenericPartition_6_fifo_1 |         82 |         82 |       0 |    0 |    67 |      1 |      0 |    0 |          0 |
|         inst                                |             axis_data_fifo_v2_0_9_top__parameterized4__xdcDup__2 |         82 |         82 |       0 |    0 |    67 |      1 |      0 |    0 |          0 |
|     StreamingFIFO_rtl_60                    |                                  StreamingFIFO_rtl_60_imp_GVQGBA |         85 |         85 |       0 |    0 |    67 |      1 |      0 |    0 |          0 |
|       fifo                                  |                                        GenericPartition_6_fifo_7 |         85 |         85 |       0 |    0 |    67 |      1 |      0 |    0 |          0 |
|         inst                                |                        axis_data_fifo_v2_0_9_top__parameterized4 |         85 |         85 |       0 |    0 |    67 |      1 |      0 |    0 |          0 |
|     StreamingFIFO_rtl_61                    |                        GenericPartition_6_StreamingFIFO_rtl_61_0 |         15 |         15 |       0 |    0 |    23 |      0 |      0 |    0 |          0 |
|       inst                                  |                                             StreamingFIFO_rtl_61 |         15 |         15 |       0 |    0 |    23 |      0 |      0 |    0 |          0 |
|         impl                                |                                                          Q_srl_6 |         15 |         15 |       0 |    0 |    23 |      0 |      0 |    0 |          0 |
|     StreamingFIFO_rtl_7                     |                         GenericPartition_6_StreamingFIFO_rtl_7_0 |         19 |         19 |       0 |    0 |    29 |      0 |      0 |    0 |          0 |
|       inst                                  |                                              StreamingFIFO_rtl_7 |         19 |         19 |       0 |    0 |    29 |      0 |      0 |    0 |          0 |
|         impl                                |                                                            Q_srl |         19 |         19 |       0 |    0 |    29 |      0 |      0 |    0 |          0 |
|     StreamingFIFO_rtl_8                     |                         GenericPartition_6_StreamingFIFO_rtl_8_0 |         30 |         30 |       0 |    0 |    53 |      0 |      0 |    0 |          0 |
|       inst                                  |                                              StreamingFIFO_rtl_8 |         30 |         30 |       0 |    0 |    53 |      0 |      0 |    0 |          0 |
|         impl                                |                                            Q_srl__parameterized2 |         30 |         30 |       0 |    0 |    53 |      0 |      0 |    0 |          0 |
|     StreamingFIFO_rtl_9                     |                         GenericPartition_6_StreamingFIFO_rtl_9_0 |        101 |         53 |       0 |   48 |    36 |      0 |      0 |    0 |          0 |
|       inst                                  |                                              StreamingFIFO_rtl_9 |        101 |         53 |       0 |   48 |    36 |      0 |      0 |    0 |          0 |
|         impl                                |                                           Q_srl__parameterized13 |        101 |         53 |       0 |   48 |    36 |      0 |      0 |    0 |          0 |
|     Thresholding_rtl_0                      |                          GenericPartition_6_Thresholding_rtl_0_0 |         75 |         62 |       0 |   13 |   290 |      1 |      4 |    0 |          0 |
|       (Thresholding_rtl_0)                  |                          GenericPartition_6_Thresholding_rtl_0_0 |          2 |          2 |       0 |    0 |     0 |      0 |      0 |    0 |          0 |
|       inst                                  |                                   Thresholding_rtl_0_axi_wrapper |         74 |         61 |       0 |   13 |   290 |      1 |      4 |    0 |          0 |
|         core                                |                                                 thresholding_axi |         74 |         61 |       0 |   13 |   290 |      1 |      4 |    0 |          0 |
|     Thresholding_rtl_1                      |                          GenericPartition_6_Thresholding_rtl_1_0 |         57 |         46 |       0 |   11 |   130 |      0 |      0 |    0 |          0 |
|       inst                                  |                                   Thresholding_rtl_1_axi_wrapper |         57 |         46 |       0 |   11 |   130 |      0 |      0 |    0 |          0 |
|         core                                |                                 thresholding_axi__parameterized0 |         57 |         46 |       0 |   11 |   130 |      0 |      0 |    0 |          0 |
|     Thresholding_rtl_2                      |                          GenericPartition_6_Thresholding_rtl_2_0 |         66 |         53 |       0 |   13 |   224 |      0 |      2 |    0 |          0 |
|       inst                                  |                                   Thresholding_rtl_2_axi_wrapper |         66 |         53 |       0 |   13 |   224 |      0 |      2 |    0 |          0 |
|         core                                |                                 thresholding_axi__parameterized1 |         66 |         53 |       0 |   13 |   224 |      0 |      2 |    0 |          0 |
|     Thresholding_rtl_3                      |                          GenericPartition_6_Thresholding_rtl_3_0 |         76 |         63 |       0 |   13 |   291 |      1 |      4 |    0 |          0 |
|       inst                                  |                                   Thresholding_rtl_3_axi_wrapper |         76 |         63 |       0 |   13 |   291 |      1 |      4 |    0 |          0 |
|         core                                |                                 thresholding_axi__parameterized2 |         76 |         63 |       0 |   13 |   291 |      1 |      4 |    0 |          0 |
|     Thresholding_rtl_4                      |                          GenericPartition_6_Thresholding_rtl_4_0 |         57 |         46 |       0 |   11 |   130 |      0 |      0 |    0 |          0 |
|       inst                                  |                                   Thresholding_rtl_4_axi_wrapper |         57 |         46 |       0 |   11 |   130 |      0 |      0 |    0 |          0 |
|         core                                |                                 thresholding_axi__parameterized3 |         57 |         46 |       0 |   11 |   130 |      0 |      0 |    0 |          0 |
|     Thresholding_rtl_5                      |                          GenericPartition_6_Thresholding_rtl_5_0 |         64 |         51 |       0 |   13 |   206 |      0 |      2 |    0 |          0 |
|       inst                                  |                                   Thresholding_rtl_5_axi_wrapper |         64 |         51 |       0 |   13 |   206 |      0 |      2 |    0 |          0 |
|         core                                |                                 thresholding_axi__parameterized4 |         64 |         51 |       0 |   13 |   206 |      0 |      2 |    0 |          0 |
|     Thresholding_rtl_6                      |                          GenericPartition_6_Thresholding_rtl_6_0 |         75 |         62 |       0 |   13 |   290 |      1 |      4 |    0 |          0 |
|       inst                                  |                                   Thresholding_rtl_6_axi_wrapper |         75 |         62 |       0 |   13 |   290 |      1 |      4 |    0 |          0 |
|         core                                |                                 thresholding_axi__parameterized5 |         75 |         62 |       0 |   13 |   290 |      1 |      4 |    0 |          0 |
|     Thresholding_rtl_7                      |                          GenericPartition_6_Thresholding_rtl_7_0 |         57 |         46 |       0 |   11 |   130 |      0 |      0 |    0 |          0 |
|       inst                                  |                                   Thresholding_rtl_7_axi_wrapper |         57 |         46 |       0 |   11 |   130 |      0 |      0 |    0 |          0 |
|         core                                |                                 thresholding_axi__parameterized6 |         57 |         46 |       0 |   11 |   130 |      0 |      0 |    0 |          0 |
|     UpsampleNearestNeighbour_hls_0          |              GenericPartition_6_UpsampleNearestNeighbour_hls_0_0 |        128 |        112 |      16 |    0 |   164 |      0 |      0 |    0 |          0 |
|       inst                                  |                                   UpsampleNearestNeighbour_hls_0 |        128 |        112 |      16 |    0 |   164 |      0 |      0 |    0 |          0 |
|         (inst)                              |                                   UpsampleNearestNeighbour_hls_0 |          0 |          0 |       0 |    0 |    35 |      0 |      0 |    0 |          0 |
|         RowBuf_V_U                          |            UpsampleNearestNeighbour_hls_0_RowBuf_V_RAM_AUTO_1R1W |         16 |          0 |      16 |    0 |    24 |      0 |      0 |    0 |          0 |
|         flow_control_loop_pipe_no_ap_cont_U | UpsampleNearestNeighbour_hls_0_flow_control_loop_pipe_no_ap_cont |         45 |         45 |       0 |    0 |     1 |      0 |      0 |    0 |          0 |
|         regslice_both_in0_V_U               |                     UpsampleNearestNeighbour_hls_0_regslice_both |         18 |         18 |       0 |    0 |    52 |      0 |      0 |    0 |          0 |
|         regslice_both_out_V_U               |                   UpsampleNearestNeighbour_hls_0_regslice_both_5 |         49 |         49 |       0 |    0 |    52 |      0 |      0 |    0 |          0 |
|     VVAU_hls_0                              |                                           VVAU_hls_0_imp_1STR1JF |       2471 |       2471 |       0 |    0 |   360 |      0 |      2 |    0 |          6 |
|       VVAU_hls_0                            |                                  GenericPartition_6_VVAU_hls_0_0 |       2468 |       2468 |       0 |    0 |   351 |      0 |      0 |    0 |          6 |
|         inst                                |                                                       VVAU_hls_0 |       2468 |       2468 |       0 |    0 |   351 |      0 |      0 |    0 |          6 |
|       VVAU_hls_0_wstrm                      |                            GenericPartition_6_VVAU_hls_0_wstrm_0 |          3 |          3 |       0 |    0 |     9 |      0 |      2 |    0 |          0 |
|         inst                                |                            memstream_axi_wrapper__parameterized9 |          3 |          3 |       0 |    0 |     9 |      0 |      2 |    0 |          0 |
+---------------------------------------------+------------------------------------------------------------------+------------+------------+---------+------+-------+--------+--------+------+------------+
* Note: The sum of lower-level cells may be larger than their parent cells total, due to cross-hierarchy LUT combining


