Overriding CANDIDATE_BITS to (4, 6, 8) (from --candidate-bits).
Predecessor map: 88/90 layers have a real, traced predecessor (the rest are the network's own first layer(s), with no real predecessor to fall back to anything but self-sensitivity).
Extra dataflow nodes: 141 {'input_quant': 1, 'concat': 1, 'act': 1, 'upsample': 2, 'out_act': 27, 'residual_add': 27, 'skip_quant': 25, 'add': 27, 'dup': 28, 'pad_mvau': 2}.
Note: ['down1.pool', 'down2.pool', 'initial.pool'] have no sensitivity entry (MaxPool2d, no weight, never HAWQ-measured) -- given a fixed raw sensitivity of 0.0 for every (w,a), see module docstring.
Traced 90 layers (per-layer granularity, no block grouping). candidate_bits=(4, 6, 8) -> 9 (w,a) pairs. y: 810 binaries, z: 41679 binaries (42489 total). Solving (time_limit=600s, gap_rel=0.005)...
Wrote MILP/artifacts/S12_dense_256_fullwidth_joinsdist_v1/pass1/layer_bits_folding_pass1.json
ILP status: Optimal
LUT used (calibrated): 161163 (69.9% of 230400 budget) -- GUARANTEED (hard constraint).
BRAM_18K used (calibrated): 235 (37.7% of 624 budget) -- GUARANTEED (hard constraint).
DSP used: 217 (12.6% of 1728 budget) -- GUARANTEED (hard constraint).
Bottleneck: up4.skip_resize_conv.0 at 9437184 cycles/frame -> 10.6 FPS @ 100.0MHz
Total cycles (sum over nodes): 41822346
Branch imbalance (diagnostic, 28 fork/join diamonds): median=14.62x max=54.00x
Chain-rate imbalance (diagnostic, 230 nodes with a descendant): median=144.00x max=2304.00x
  input_quant   x  1: LUT      139  BRAM_18K    0.0  DSP    0  cycles      65536
  concat        x  1: LUT        0  BRAM_18K    0.0  DSP    0  cycles      16384
  act           x  1: LUT      257  BRAM_18K    0.0  DSP    0  cycles      65536
  upsample      x  2: LUT        0  BRAM_18K    0.0  DSP    0  cycles      20480
  out_act       x 27: LUT    29154  BRAM_18K    0.0  DSP    0  cycles    1032192
  residual_add  x 27: LUT    30573  BRAM_18K    0.0  DSP    0  cycles    1015808
  skip_quant    x 25: LUT    29094  BRAM_18K    0.0  DSP    0  cycles     999424
  add           x 27: LUT     4061  BRAM_18K    0.0  DSP    0  cycles    1146880
  dup           x 28: LUT     3680  BRAM_18K    0.0  DSP    0  cycles    1212416
  pad_mvau      x  2: LUT      396  BRAM_18K    0.0  DSP    3  cycles     589824
Wrote MILP/artifacts/S12_dense_256_fullwidth_joinsdist_v1/pass1/pruning_layer_bits_folding_pass1.json
Wrote MILP/artifacts/S12_dense_256_fullwidth_joinsdist_v1/pass1/final_output.onnx
Wrote MILP/artifacts/S12_dense_256_fullwidth_joinsdist_v1/pass1/summary.csv.
Wrote MILP/artifacts/S12_dense_256_fullwidth_joinsdist_v1/pass1/run_args.json.
