
#######################################################################
Please cite the following paper when using nnU-Net:
Isensee, F., Jaeger, P. F., Kohl, S. A., Petersen, J., & Maier-Hein, K. H. (2021). nnU-Net: a self-configuring method for deep learning-based biomedical image segmentation. Nature methods, 18(2), 203-211.
#######################################################################

There are 300 cases in the source folder
I am process 0 out of 1 (max process ID is 0, we start counting with 0!)
There are 300 cases that I would like to predict
/opt/conda/lib/python3.10/site-packages/torch/_tensor.py:1271: UserWarning: Named tensors and all their associated APIs are an experimental feature and subject to change. Please do not use them for anything important until they are released as stable. (Triggered internally at /opt/conda/conda-bld/pytorch_1682343967769/work/c10/core/TensorImpl.h:1788.)
  return super().rename(names)

Predicting test_100_p0000:
perform_everything_on_device: True
sending off prediction to background worker for resampling and export
done with test_100_p0000

Predicting test_101_p0000:
perform_everything_on_device: True
sending off prediction to background worker for resampling and export
done with test_101_p0000

Predicting test_102_p0000:
perform_everything_on_device: True
sending off prediction to background worker for resampling and export
done with test_102_p0000

Predicting test_103_p0000:
perform_everything_on_device: True
sending off prediction to background worker for resampling and export
done with test_103_p0000

Predicting test_104_p0000:
perform_everything_on_device: True
sending off prediction to background worker for resampling and export
done with test_104_p0000

Predicting test_105_p0000:
perform_everything_on_device: True
sending off prediction to background worker for resampling and export
done with test_105_p0000

Predicting test_106_p0000:
perform_everything_on_device: True
sending off prediction to background worker for resampling and export
done with test_106_p0000

Predicting test_107_p0000:
perform_everything_on_device: True
sending off prediction to background worker for resampling and export
done with test_107_p0000

Predicting test_108_p0000:
perform_everything_on_device: True
sending off prediction to background worker for resampling and export
done with test_108_p0000

Predicting test_109_p0000:
perform_everything_on_device: True
sending off prediction to background worker for resampling and export
done with test_109_p0000

Predicting test_10_p0000:
perform_everything_on_device: True
sending off prediction to background worker for resampling and export
done with test_10_p0000

Predicting test_110_p0000:
perform_everything_on_device: True
sending off prediction to background worker for resampling and export
done with test_110_p0000

Predicting test_111_p0000:
perform_everything_on_device: True
sending off prediction to background worker for resampling and export
done with test_111_p0000

Predicting test_112_p0000:
perform_everything_on_device: True
sending off prediction to background worker for resampling and export
done with test_112_p0000

Predicting test_113_p0000:
perform_everything_on_device: True
sending off prediction to background worker for resampling and export
done with test_113_p0000

Predicting test_114_p0000:
perform_everything_on_device: True
sending off prediction to background worker for resampling and export
done with test_114_p0000

Predicting test_115_p0000:
perform_everything_on_device: True
sending off prediction to background worker for resampling and export
done with test_115_p0000

Predicting test_116_p0000:
perform_everything_on_device: True
sending off prediction to background worker for resampling and export
done with test_116_p0000

Predicting test_117_p0000:
perform_everything_on_device: True
sending off prediction to background worker for resampling and export
done with test_117_p0000

Predicting test_118_p0000:
perform_everything_on_device: True
sending off prediction to background worker for resampling and export
done with test_118_p0000

Predicting test_119_p0000:
perform_everything_on_device: True
sending off prediction to background worker for resampling and export
done with test_119_p0000

Predicting test_11_p0000:
perform_everything_on_device: True
sending off prediction to background worker for resampling and export
done with test_11_p0000

Predicting test_120_p0000:
perform_everything_on_device: True
sending off prediction to background worker for resampling and export
done with test_120_p0000

Predicting test_121_p0000:
perform_everything_on_device: True
sending off prediction to background worker for resampling and export
done with test_121_p0000

Predicting test_122_p0000:
perform_everything_on_device: True
sending off prediction to background worker for resampling and export
done with test_122_p0000

Predicting test_123_p0000:
perform_everything_on_device: True
sending off prediction to background worker for resampling and export
done with test_123_p0000

Predicting test_124_p0000:
perform_everything_on_device: True
sending off prediction to background worker for resampling and export
done with test_124_p0000

Predicting test_125_p0000:
perform_everything_on_device: True
sending off prediction to background worker for resampling and export
done with test_125_p0000

Predicting test_126_p0000:
perform_everything_on_device: True
sending off prediction to background worker for resampling and export
done with test_126_p0000

Predicting test_127_p0000:
perform_everything_on_device: True
sending off prediction to background worker for resampling and export
done with test_127_p0000

Predicting test_128_p0000:
perform_everything_on_device: True
sending off prediction to background worker for resampling and export
done with test_128_p0000

Predicting test_129_p0000:
perform_everything_on_device: True
sending off prediction to background worker for resampling and export
done with test_129_p0000

Predicting test_12_p0000:
perform_everything_on_device: True
sending off prediction to background worker for resampling and export
done with test_12_p0000

Predicting test_130_p0000:
perform_everything_on_device: True
sending off prediction to background worker for resampling and export
done with test_130_p0000

Predicting test_131_p0000:
perform_everything_on_device: True
sending off prediction to background worker for resampling and export
done with test_131_p0000

Predicting test_132_p0000:
perform_everything_on_device: True
sending off prediction to background worker for resampling and export
done with test_132_p0000

Predicting test_133_p0000:
perform_everything_on_device: True
sending off prediction to background worker for resampling and export
done with test_133_p0000

Predicting test_134_p0000:
perform_everything_on_device: True
sending off prediction to background worker for resampling and export
done with test_134_p0000

Predicting test_135_p0000:
perform_everything_on_device: True
sending off prediction to background worker for resampling and export
done with test_135_p0000

Predicting test_136_p0000:
perform_everything_on_device: True
sending off prediction to background worker for resampling and export
done with test_136_p0000

Predicting test_137_p0000:
perform_everything_on_device: True
sending off prediction to background worker for resampling and export
done with test_137_p0000

Predicting test_138_p0000:
perform_everything_on_device: True
sending off prediction to background worker for resampling and export
done with test_138_p0000

Predicting test_139_p0000:
perform_everything_on_device: True
sending off prediction to background worker for resampling and export
done with test_139_p0000

Predicting test_13_p0000:
perform_everything_on_device: True
sending off prediction to background worker for resampling and export
done with test_13_p0000

Predicting test_140_p0000:
perform_everything_on_device: True
sending off prediction to background worker for resampling and export
done with test_140_p0000

Predicting test_141_p0000:
perform_everything_on_device: True
sending off prediction to background worker for resampling and export
done with test_141_p0000

Predicting test_142_p0000:
perform_everything_on_device: True
sending off prediction to background worker for resampling and export
done with test_142_p0000

Predicting test_143_p0000:
perform_everything_on_device: True
sending off prediction to background worker for resampling and export
done with test_143_p0000

Predicting test_144_p0000:
perform_everything_on_device: True
sending off prediction to background worker for resampling and export
done with test_144_p0000

Predicting test_145_p0000:
perform_everything_on_device: True
sending off prediction to background worker for resampling and export
done with test_145_p0000

Predicting test_146_p0000:
perform_everything_on_device: True
sending off prediction to background worker for resampling and export
done with test_146_p0000

Predicting test_147_p0000:
perform_everything_on_device: True
sending off prediction to background worker for resampling and export
done with test_147_p0000

Predicting test_148_p0000:
perform_everything_on_device: True
sending off prediction to background worker for resampling and export
done with test_148_p0000

Predicting test_149_p0000:
perform_everything_on_device: True
sending off prediction to background worker for resampling and export
done with test_149_p0000

Predicting test_14_p0000:
perform_everything_on_device: True
sending off prediction to background worker for resampling and export
done with test_14_p0000

Predicting test_150_p0000:
perform_everything_on_device: True
sending off prediction to background worker for resampling and export
done with test_150_p0000

Predicting test_151_p0000:
perform_everything_on_device: True
sending off prediction to background worker for resampling and export
done with test_151_p0000

Predicting test_152_p0000:
perform_everything_on_device: True
sending off prediction to background worker for resampling and export
done with test_152_p0000

Predicting test_153_p0000:
perform_everything_on_device: True
sending off prediction to background worker for resampling and export
done with test_153_p0000

Predicting test_154_p0000:
perform_everything_on_device: True
sending off prediction to background worker for resampling and export
done with test_154_p0000

Predicting test_155_p0000:
perform_everything_on_device: True
sending off prediction to background worker for resampling and export
done with test_155_p0000

Predicting test_156_p0000:
perform_everything_on_device: True
sending off prediction to background worker for resampling and export
done with test_156_p0000

Predicting test_157_p0000:
perform_everything_on_device: True
sending off prediction to background worker for resampling and export
done with test_157_p0000

Predicting test_158_p0000:
perform_everything_on_device: True
sending off prediction to background worker for resampling and export
done with test_158_p0000

Predicting test_159_p0000:
perform_everything_on_device: True
sending off prediction to background worker for resampling and export
done with test_159_p0000

Predicting test_15_p0000:
perform_everything_on_device: True
sending off prediction to background worker for resampling and export
done with test_15_p0000

Predicting test_160_p0000:
perform_everything_on_device: True
sending off prediction to background worker for resampling and export
done with test_160_p0000

Predicting test_161_p0000:
perform_everything_on_device: True
sending off prediction to background worker for resampling and export
done with test_161_p0000

Predicting test_162_p0000:
perform_everything_on_device: True
sending off prediction to background worker for resampling and export
done with test_162_p0000

Predicting test_163_p0000:
perform_everything_on_device: True
sending off prediction to background worker for resampling and export
done with test_163_p0000

Predicting test_164_p0000:
perform_everything_on_device: True
sending off prediction to background worker for resampling and export
done with test_164_p0000

Predicting test_165_p0000:
perform_everything_on_device: True
sending off prediction to background worker for resampling and export
done with test_165_p0000

Predicting test_166_p0000:
perform_everything_on_device: True
sending off prediction to background worker for resampling and export
done with test_166_p0000

Predicting test_167_p0000:
perform_everything_on_device: True
sending off prediction to background worker for resampling and export
done with test_167_p0000

Predicting test_168_p0000:
perform_everything_on_device: True
sending off prediction to background worker for resampling and export
done with test_168_p0000

Predicting test_169_p0000:
perform_everything_on_device: True
sending off prediction to background worker for resampling and export
done with test_169_p0000

Predicting test_16_p0000:
perform_everything_on_device: True
sending off prediction to background worker for resampling and export
done with test_16_p0000

Predicting test_170_p0000:
perform_everything_on_device: True
sending off prediction to background worker for resampling and export
done with test_170_p0000

Predicting test_171_p0000:
perform_everything_on_device: True
sending off prediction to background worker for resampling and export
done with test_171_p0000

Predicting test_172_p0000:
perform_everything_on_device: True
sending off prediction to background worker for resampling and export
done with test_172_p0000

Predicting test_173_p0000:
perform_everything_on_device: True
sending off prediction to background worker for resampling and export
done with test_173_p0000

Predicting test_174_p0000:
perform_everything_on_device: True
sending off prediction to background worker for resampling and export
done with test_174_p0000

Predicting test_175_p0000:
perform_everything_on_device: True
sending off prediction to background worker for resampling and export
done with test_175_p0000

Predicting test_176_p0000:
perform_everything_on_device: True
sending off prediction to background worker for resampling and export
done with test_176_p0000

Predicting test_177_p0000:
perform_everything_on_device: True
sending off prediction to background worker for resampling and export
done with test_177_p0000

Predicting test_178_p0000:
perform_everything_on_device: True
sending off prediction to background worker for resampling and export
done with test_178_p0000

Predicting test_179_p0000:
perform_everything_on_device: True
sending off prediction to background worker for resampling and export
done with test_179_p0000

Predicting test_17_p0000:
perform_everything_on_device: True
sending off prediction to background worker for resampling and export
done with test_17_p0000

Predicting test_180_p0000:
perform_everything_on_device: True
sending off prediction to background worker for resampling and export
done with test_180_p0000

Predicting test_181_p0000:
perform_everything_on_device: True
sending off prediction to background worker for resampling and export
done with test_181_p0000

Predicting test_182_p0000:
perform_everything_on_device: True
sending off prediction to background worker for resampling and export
done with test_182_p0000

Predicting test_183_p0000:
perform_everything_on_device: True
sending off prediction to background worker for resampling and export
done with test_183_p0000

Predicting test_184_p0000:
perform_everything_on_device: True
sending off prediction to background worker for resampling and export
done with test_184_p0000

Predicting test_185_p0000:
perform_everything_on_device: True
sending off prediction to background worker for resampling and export
done with test_185_p0000

Predicting test_186_p0000:
perform_everything_on_device: True
sending off prediction to background worker for resampling and export
done with test_186_p0000

Predicting test_187_p0000:
perform_everything_on_device: True
sending off prediction to background worker for resampling and export
done with test_187_p0000

Predicting test_188_p0000:
perform_everything_on_device: True
sending off prediction to background worker for resampling and export
done with test_188_p0000

Predicting test_189_p0000:
perform_everything_on_device: True
sending off prediction to background worker for resampling and export
done with test_189_p0000

Predicting test_18_p0000:
perform_everything_on_device: True
sending off prediction to background worker for resampling and export
done with test_18_p0000

Predicting test_190_p0000:
perform_everything_on_device: True
sending off prediction to background worker for resampling and export
done with test_190_p0000

Predicting test_191_p0000:
perform_everything_on_device: True
sending off prediction to background worker for resampling and export
done with test_191_p0000

Predicting test_192_p0000:
perform_everything_on_device: True
sending off prediction to background worker for resampling and export
done with test_192_p0000

Predicting test_193_p0000:
perform_everything_on_device: True
sending off prediction to background worker for resampling and export
done with test_193_p0000

Predicting test_194_p0000:
perform_everything_on_device: True
sending off prediction to background worker for resampling and export
done with test_194_p0000

Predicting test_195_p0000:
perform_everything_on_device: True
sending off prediction to background worker for resampling and export
done with test_195_p0000

Predicting test_196_p0000:
perform_everything_on_device: True
sending off prediction to background worker for resampling and export
done with test_196_p0000

Predicting test_197_p0000:
perform_everything_on_device: True
sending off prediction to background worker for resampling and export
done with test_197_p0000

Predicting test_198_p0000:
perform_everything_on_device: True
sending off prediction to background worker for resampling and export
done with test_198_p0000

Predicting test_199_p0000:
perform_everything_on_device: True
sending off prediction to background worker for resampling and export
done with test_199_p0000

Predicting test_19_p0000:
perform_everything_on_device: True
sending off prediction to background worker for resampling and export
done with test_19_p0000

Predicting test_1_p0000:
perform_everything_on_device: True
sending off prediction to background worker for resampling and export
done with test_1_p0000

Predicting test_200_p0000:
perform_everything_on_device: True
sending off prediction to background worker for resampling and export
done with test_200_p0000

Predicting test_201_p0000:
perform_everything_on_device: True
sending off prediction to background worker for resampling and export
done with test_201_p0000

Predicting test_202_p0000:
perform_everything_on_device: True
sending off prediction to background worker for resampling and export
done with test_202_p0000

Predicting test_203_p0000:
perform_everything_on_device: True
sending off prediction to background worker for resampling and export
done with test_203_p0000

Predicting test_204_p0000:
perform_everything_on_device: True
sending off prediction to background worker for resampling and export
done with test_204_p0000

Predicting test_205_p0000:
perform_everything_on_device: True
sending off prediction to background worker for resampling and export
done with test_205_p0000

Predicting test_206_p0000:
perform_everything_on_device: True
sending off prediction to background worker for resampling and export
done with test_206_p0000

Predicting test_207_p0000:
perform_everything_on_device: True
sending off prediction to background worker for resampling and export
done with test_207_p0000

Predicting test_208_p0000:
perform_everything_on_device: True
sending off prediction to background worker for resampling and export
done with test_208_p0000

Predicting test_209_p0000:
perform_everything_on_device: True
sending off prediction to background worker for resampling and export
done with test_209_p0000

Predicting test_20_p0000:
perform_everything_on_device: True
sending off prediction to background worker for resampling and export
done with test_20_p0000

Predicting test_210_p0000:
perform_everything_on_device: True
sending off prediction to background worker for resampling and export
done with test_210_p0000

Predicting test_211_p0000:
perform_everything_on_device: True
sending off prediction to background worker for resampling and export
done with test_211_p0000

Predicting test_212_p0000:
perform_everything_on_device: True
sending off prediction to background worker for resampling and export
done with test_212_p0000

Predicting test_213_p0000:
perform_everything_on_device: True
sending off prediction to background worker for resampling and export
done with test_213_p0000

Predicting test_214_p0000:
perform_everything_on_device: True
sending off prediction to background worker for resampling and export
done with test_214_p0000

Predicting test_215_p0000:
perform_everything_on_device: True
sending off prediction to background worker for resampling and export
done with test_215_p0000

Predicting test_216_p0000:
perform_everything_on_device: True
sending off prediction to background worker for resampling and export
done with test_216_p0000

Predicting test_217_p0000:
perform_everything_on_device: True
sending off prediction to background worker for resampling and export
done with test_217_p0000

Predicting test_218_p0000:
perform_everything_on_device: True
sending off prediction to background worker for resampling and export
done with test_218_p0000

Predicting test_219_p0000:
perform_everything_on_device: True
sending off prediction to background worker for resampling and export
done with test_219_p0000

Predicting test_21_p0000:
perform_everything_on_device: True
sending off prediction to background worker for resampling and export
done with test_21_p0000

Predicting test_220_p0000:
perform_everything_on_device: True
sending off prediction to background worker for resampling and export
done with test_220_p0000

Predicting test_221_p0000:
perform_everything_on_device: True
sending off prediction to background worker for resampling and export
done with test_221_p0000

Predicting test_222_p0000:
perform_everything_on_device: True
sending off prediction to background worker for resampling and export
done with test_222_p0000

Predicting test_223_p0000:
perform_everything_on_device: True
sending off prediction to background worker for resampling and export
done with test_223_p0000

Predicting test_224_p0000:
perform_everything_on_device: True
sending off prediction to background worker for resampling and export
done with test_224_p0000

Predicting test_225_p0000:
perform_everything_on_device: True
sending off prediction to background worker for resampling and export
done with test_225_p0000

Predicting test_226_p0000:
perform_everything_on_device: True
sending off prediction to background worker for resampling and export
done with test_226_p0000

Predicting test_227_p0000:
perform_everything_on_device: True
sending off prediction to background worker for resampling and export
done with test_227_p0000

Predicting test_228_p0000:
perform_everything_on_device: True
sending off prediction to background worker for resampling and export
done with test_228_p0000

Predicting test_229_p0000:
perform_everything_on_device: True
sending off prediction to background worker for resampling and export
done with test_229_p0000

Predicting test_22_p0000:
perform_everything_on_device: True
sending off prediction to background worker for resampling and export
done with test_22_p0000

Predicting test_230_p0000:
perform_everything_on_device: True
sending off prediction to background worker for resampling and export
done with test_230_p0000

Predicting test_231_p0000:
perform_everything_on_device: True
sending off prediction to background worker for resampling and export
done with test_231_p0000

Predicting test_232_p0000:
perform_everything_on_device: True
sending off prediction to background worker for resampling and export
done with test_232_p0000

Predicting test_233_p0000:
perform_everything_on_device: True
sending off prediction to background worker for resampling and export
done with test_233_p0000

Predicting test_234_p0000:
perform_everything_on_device: True
sending off prediction to background worker for resampling and export
done with test_234_p0000

Predicting test_235_p0000:
perform_everything_on_device: True
sending off prediction to background worker for resampling and export
done with test_235_p0000

Predicting test_236_p0000:
perform_everything_on_device: True
sending off prediction to background worker for resampling and export
done with test_236_p0000

Predicting test_237_p0000:
perform_everything_on_device: True
sending off prediction to background worker for resampling and export
done with test_237_p0000

Predicting test_238_p0000:
perform_everything_on_device: True
sending off prediction to background worker for resampling and export
done with test_238_p0000

Predicting test_239_p0000:
perform_everything_on_device: True
sending off prediction to background worker for resampling and export
done with test_239_p0000

Predicting test_23_p0000:
perform_everything_on_device: True
sending off prediction to background worker for resampling and export
done with test_23_p0000

Predicting test_240_p0000:
perform_everything_on_device: True
sending off prediction to background worker for resampling and export
done with test_240_p0000

Predicting test_241_p0000:
perform_everything_on_device: True
sending off prediction to background worker for resampling and export
done with test_241_p0000

Predicting test_242_p0000:
perform_everything_on_device: True
sending off prediction to background worker for resampling and export
done with test_242_p0000

Predicting test_243_p0000:
perform_everything_on_device: True
sending off prediction to background worker for resampling and export
done with test_243_p0000

Predicting test_244_p0000:
perform_everything_on_device: True
sending off prediction to background worker for resampling and export
done with test_244_p0000

Predicting test_245_p0000:
perform_everything_on_device: True
sending off prediction to background worker for resampling and export
done with test_245_p0000

Predicting test_246_p0000:
perform_everything_on_device: True
sending off prediction to background worker for resampling and export
done with test_246_p0000

Predicting test_247_p0000:
perform_everything_on_device: True
sending off prediction to background worker for resampling and export
done with test_247_p0000

Predicting test_248_p0000:
perform_everything_on_device: True
sending off prediction to background worker for resampling and export
done with test_248_p0000

Predicting test_249_p0000:
perform_everything_on_device: True
sending off prediction to background worker for resampling and export
done with test_249_p0000

Predicting test_24_p0000:
perform_everything_on_device: True
sending off prediction to background worker for resampling and export
done with test_24_p0000

Predicting test_250_p0000:
perform_everything_on_device: True
sending off prediction to background worker for resampling and export
done with test_250_p0000

Predicting test_251_p0000:
perform_everything_on_device: True
sending off prediction to background worker for resampling and export
done with test_251_p0000

Predicting test_252_p0000:
perform_everything_on_device: True
sending off prediction to background worker for resampling and export
done with test_252_p0000

Predicting test_253_p0000:
perform_everything_on_device: True
sending off prediction to background worker for resampling and export
done with test_253_p0000

Predicting test_254_p0000:
perform_everything_on_device: True
sending off prediction to background worker for resampling and export
done with test_254_p0000

Predicting test_255_p0000:
perform_everything_on_device: True
sending off prediction to background worker for resampling and export
done with test_255_p0000

Predicting test_256_p0000:
perform_everything_on_device: True
sending off prediction to background worker for resampling and export
done with test_256_p0000

Predicting test_257_p0000:
perform_everything_on_device: True
sending off prediction to background worker for resampling and export
done with test_257_p0000

Predicting test_258_p0000:
perform_everything_on_device: True
sending off prediction to background worker for resampling and export
done with test_258_p0000

Predicting test_259_p0000:
perform_everything_on_device: True
sending off prediction to background worker for resampling and export
done with test_259_p0000

Predicting test_25_p0000:
perform_everything_on_device: True
sending off prediction to background worker for resampling and export
done with test_25_p0000

Predicting test_260_p0000:
perform_everything_on_device: True
sending off prediction to background worker for resampling and export
done with test_260_p0000

Predicting test_261_p0000:
perform_everything_on_device: True
sending off prediction to background worker for resampling and export
done with test_261_p0000

Predicting test_262_p0000:
perform_everything_on_device: True
sending off prediction to background worker for resampling and export
done with test_262_p0000

Predicting test_263_p0000:
perform_everything_on_device: True
sending off prediction to background worker for resampling and export
done with test_263_p0000

Predicting test_264_p0000:
perform_everything_on_device: True
sending off prediction to background worker for resampling and export
done with test_264_p0000

Predicting test_265_p0000:
perform_everything_on_device: True
sending off prediction to background worker for resampling and export
done with test_265_p0000

Predicting test_266_p0000:
perform_everything_on_device: True
sending off prediction to background worker for resampling and export
done with test_266_p0000

Predicting test_267_p0000:
perform_everything_on_device: True
sending off prediction to background worker for resampling and export
done with test_267_p0000

Predicting test_268_p0000:
perform_everything_on_device: True
sending off prediction to background worker for resampling and export
done with test_268_p0000

Predicting test_269_p0000:
perform_everything_on_device: True
sending off prediction to background worker for resampling and export
done with test_269_p0000

Predicting test_26_p0000:
perform_everything_on_device: True
sending off prediction to background worker for resampling and export
done with test_26_p0000

Predicting test_270_p0000:
perform_everything_on_device: True
sending off prediction to background worker for resampling and export
done with test_270_p0000

Predicting test_271_p0000:
perform_everything_on_device: True
sending off prediction to background worker for resampling and export
done with test_271_p0000

Predicting test_272_p0000:
perform_everything_on_device: True
sending off prediction to background worker for resampling and export
done with test_272_p0000

Predicting test_273_p0000:
perform_everything_on_device: True
sending off prediction to background worker for resampling and export
done with test_273_p0000

Predicting test_274_p0000:
perform_everything_on_device: True
sending off prediction to background worker for resampling and export
done with test_274_p0000

Predicting test_275_p0000:
perform_everything_on_device: True
sending off prediction to background worker for resampling and export
done with test_275_p0000

Predicting test_276_p0000:
perform_everything_on_device: True
sending off prediction to background worker for resampling and export
done with test_276_p0000

Predicting test_277_p0000:
perform_everything_on_device: True
sending off prediction to background worker for resampling and export
done with test_277_p0000

Predicting test_278_p0000:
perform_everything_on_device: True
sending off prediction to background worker for resampling and export
done with test_278_p0000

Predicting test_279_p0000:
perform_everything_on_device: True
sending off prediction to background worker for resampling and export
done with test_279_p0000

Predicting test_27_p0000:
perform_everything_on_device: True
sending off prediction to background worker for resampling and export
done with test_27_p0000

Predicting test_280_p0000:
perform_everything_on_device: True
sending off prediction to background worker for resampling and export
done with test_280_p0000

Predicting test_281_p0000:
perform_everything_on_device: True
sending off prediction to background worker for resampling and export
done with test_281_p0000

Predicting test_282_p0000:
perform_everything_on_device: True
sending off prediction to background worker for resampling and export
done with test_282_p0000

Predicting test_283_p0000:
perform_everything_on_device: True
sending off prediction to background worker for resampling and export
done with test_283_p0000

Predicting test_284_p0000:
perform_everything_on_device: True
sending off prediction to background worker for resampling and export
done with test_284_p0000

Predicting test_285_p0000:
perform_everything_on_device: True
sending off prediction to background worker for resampling and export
done with test_285_p0000

Predicting test_286_p0000:
perform_everything_on_device: True
sending off prediction to background worker for resampling and export
done with test_286_p0000

Predicting test_287_p0000:
perform_everything_on_device: True
sending off prediction to background worker for resampling and export
done with test_287_p0000

Predicting test_288_p0000:
perform_everything_on_device: True
sending off prediction to background worker for resampling and export
done with test_288_p0000

Predicting test_289_p0000:
perform_everything_on_device: True
sending off prediction to background worker for resampling and export
done with test_289_p0000

Predicting test_28_p0000:
perform_everything_on_device: True
sending off prediction to background worker for resampling and export
done with test_28_p0000

Predicting test_290_p0000:
perform_everything_on_device: True
sending off prediction to background worker for resampling and export
done with test_290_p0000

Predicting test_291_p0000:
perform_everything_on_device: True
sending off prediction to background worker for resampling and export
done with test_291_p0000

Predicting test_292_p0000:
perform_everything_on_device: True
sending off prediction to background worker for resampling and export
done with test_292_p0000

Predicting test_293_p0000:
perform_everything_on_device: True
sending off prediction to background worker for resampling and export
done with test_293_p0000

Predicting test_294_p0000:
perform_everything_on_device: True
sending off prediction to background worker for resampling and export
done with test_294_p0000

Predicting test_295_p0000:
perform_everything_on_device: True
sending off prediction to background worker for resampling and export
done with test_295_p0000

Predicting test_296_p0000:
perform_everything_on_device: True
sending off prediction to background worker for resampling and export
done with test_296_p0000

Predicting test_297_p0000:
perform_everything_on_device: True
sending off prediction to background worker for resampling and export
done with test_297_p0000

Predicting test_298_p0000:
perform_everything_on_device: True
sending off prediction to background worker for resampling and export
done with test_298_p0000

Predicting test_299_p0000:
perform_everything_on_device: True
sending off prediction to background worker for resampling and export
done with test_299_p0000

Predicting test_29_p0000:
perform_everything_on_device: True
sending off prediction to background worker for resampling and export
done with test_29_p0000

Predicting test_2_p0000:
perform_everything_on_device: True
sending off prediction to background worker for resampling and export
done with test_2_p0000

Predicting test_300_p0000:
perform_everything_on_device: True
sending off prediction to background worker for resampling and export
done with test_300_p0000

Predicting test_30_p0000:
perform_everything_on_device: True
sending off prediction to background worker for resampling and export
done with test_30_p0000

Predicting test_31_p0000:
perform_everything_on_device: True
sending off prediction to background worker for resampling and export
done with test_31_p0000

Predicting test_32_p0000:
perform_everything_on_device: True
sending off prediction to background worker for resampling and export
done with test_32_p0000

Predicting test_33_p0000:
perform_everything_on_device: True
sending off prediction to background worker for resampling and export
done with test_33_p0000

Predicting test_34_p0000:
perform_everything_on_device: True
sending off prediction to background worker for resampling and export
done with test_34_p0000

Predicting test_35_p0000:
perform_everything_on_device: True
sending off prediction to background worker for resampling and export
done with test_35_p0000

Predicting test_36_p0000:
perform_everything_on_device: True
sending off prediction to background worker for resampling and export
done with test_36_p0000

Predicting test_37_p0000:
perform_everything_on_device: True
sending off prediction to background worker for resampling and export
done with test_37_p0000

Predicting test_38_p0000:
perform_everything_on_device: True
sending off prediction to background worker for resampling and export
done with test_38_p0000

Predicting test_39_p0000:
perform_everything_on_device: True
sending off prediction to background worker for resampling and export
done with test_39_p0000

Predicting test_3_p0000:
perform_everything_on_device: True
sending off prediction to background worker for resampling and export
done with test_3_p0000

Predicting test_40_p0000:
perform_everything_on_device: True
sending off prediction to background worker for resampling and export
done with test_40_p0000

Predicting test_41_p0000:
perform_everything_on_device: True
sending off prediction to background worker for resampling and export
done with test_41_p0000

Predicting test_42_p0000:
perform_everything_on_device: True
sending off prediction to background worker for resampling and export
done with test_42_p0000

Predicting test_43_p0000:
perform_everything_on_device: True
sending off prediction to background worker for resampling and export
done with test_43_p0000

Predicting test_44_p0000:
perform_everything_on_device: True
sending off prediction to background worker for resampling and export
done with test_44_p0000

Predicting test_45_p0000:
perform_everything_on_device: True
sending off prediction to background worker for resampling and export
done with test_45_p0000

Predicting test_46_p0000:
perform_everything_on_device: True
sending off prediction to background worker for resampling and export
done with test_46_p0000

Predicting test_47_p0000:
perform_everything_on_device: True
sending off prediction to background worker for resampling and export
done with test_47_p0000

Predicting test_48_p0000:
perform_everything_on_device: True
sending off prediction to background worker for resampling and export
done with test_48_p0000

Predicting test_49_p0000:
perform_everything_on_device: True
sending off prediction to background worker for resampling and export
done with test_49_p0000

Predicting test_4_p0000:
perform_everything_on_device: True
sending off prediction to background worker for resampling and export
done with test_4_p0000

Predicting test_50_p0000:
perform_everything_on_device: True
sending off prediction to background worker for resampling and export
done with test_50_p0000

Predicting test_51_p0000:
perform_everything_on_device: True
sending off prediction to background worker for resampling and export
done with test_51_p0000

Predicting test_52_p0000:
perform_everything_on_device: True
sending off prediction to background worker for resampling and export
done with test_52_p0000

Predicting test_53_p0000:
perform_everything_on_device: True
sending off prediction to background worker for resampling and export
done with test_53_p0000

Predicting test_54_p0000:
perform_everything_on_device: True
sending off prediction to background worker for resampling and export
done with test_54_p0000

Predicting test_55_p0000:
perform_everything_on_device: True
sending off prediction to background worker for resampling and export
done with test_55_p0000

Predicting test_56_p0000:
perform_everything_on_device: True
sending off prediction to background worker for resampling and export
done with test_56_p0000

Predicting test_57_p0000:
perform_everything_on_device: True
sending off prediction to background worker for resampling and export
done with test_57_p0000

Predicting test_58_p0000:
perform_everything_on_device: True
sending off prediction to background worker for resampling and export
done with test_58_p0000

Predicting test_59_p0000:
perform_everything_on_device: True
sending off prediction to background worker for resampling and export
done with test_59_p0000

Predicting test_5_p0000:
perform_everything_on_device: True
sending off prediction to background worker for resampling and export
done with test_5_p0000

Predicting test_60_p0000:
perform_everything_on_device: True
sending off prediction to background worker for resampling and export
done with test_60_p0000

Predicting test_61_p0000:
perform_everything_on_device: True
sending off prediction to background worker for resampling and export
done with test_61_p0000

Predicting test_62_p0000:
perform_everything_on_device: True
sending off prediction to background worker for resampling and export
done with test_62_p0000

Predicting test_63_p0000:
perform_everything_on_device: True
sending off prediction to background worker for resampling and export
done with test_63_p0000

Predicting test_64_p0000:
perform_everything_on_device: True
sending off prediction to background worker for resampling and export
done with test_64_p0000

Predicting test_65_p0000:
perform_everything_on_device: True
sending off prediction to background worker for resampling and export
done with test_65_p0000

Predicting test_66_p0000:
perform_everything_on_device: True
sending off prediction to background worker for resampling and export
done with test_66_p0000

Predicting test_67_p0000:
perform_everything_on_device: True
sending off prediction to background worker for resampling and export
done with test_67_p0000

Predicting test_68_p0000:
perform_everything_on_device: True
sending off prediction to background worker for resampling and export
done with test_68_p0000

Predicting test_69_p0000:
perform_everything_on_device: True
sending off prediction to background worker for resampling and export
done with test_69_p0000

Predicting test_6_p0000:
perform_everything_on_device: True
sending off prediction to background worker for resampling and export
done with test_6_p0000

Predicting test_70_p0000:
perform_everything_on_device: True
sending off prediction to background worker for resampling and export
done with test_70_p0000

Predicting test_71_p0000:
perform_everything_on_device: True
sending off prediction to background worker for resampling and export
done with test_71_p0000

Predicting test_72_p0000:
perform_everything_on_device: True
sending off prediction to background worker for resampling and export
done with test_72_p0000

Predicting test_73_p0000:
perform_everything_on_device: True
sending off prediction to background worker for resampling and export
done with test_73_p0000

Predicting test_74_p0000:
perform_everything_on_device: True
sending off prediction to background worker for resampling and export
done with test_74_p0000

Predicting test_75_p0000:
perform_everything_on_device: True
sending off prediction to background worker for resampling and export
done with test_75_p0000

Predicting test_76_p0000:
perform_everything_on_device: True
sending off prediction to background worker for resampling and export
done with test_76_p0000

Predicting test_77_p0000:
perform_everything_on_device: True
sending off prediction to background worker for resampling and export
done with test_77_p0000

Predicting test_78_p0000:
perform_everything_on_device: True
sending off prediction to background worker for resampling and export
done with test_78_p0000

Predicting test_79_p0000:
perform_everything_on_device: True
sending off prediction to background worker for resampling and export
done with test_79_p0000

Predicting test_7_p0000:
perform_everything_on_device: True
sending off prediction to background worker for resampling and export
done with test_7_p0000

Predicting test_80_p0000:
perform_everything_on_device: True
sending off prediction to background worker for resampling and export
done with test_80_p0000

Predicting test_81_p0000:
perform_everything_on_device: True
sending off prediction to background worker for resampling and export
done with test_81_p0000

Predicting test_82_p0000:
perform_everything_on_device: True
sending off prediction to background worker for resampling and export
done with test_82_p0000

Predicting test_83_p0000:
perform_everything_on_device: True
sending off prediction to background worker for resampling and export
done with test_83_p0000

Predicting test_84_p0000:
perform_everything_on_device: True
sending off prediction to background worker for resampling and export
done with test_84_p0000

Predicting test_85_p0000:
perform_everything_on_device: True
sending off prediction to background worker for resampling and export
done with test_85_p0000

Predicting test_86_p0000:
perform_everything_on_device: True
sending off prediction to background worker for resampling and export
done with test_86_p0000

Predicting test_87_p0000:
perform_everything_on_device: True
sending off prediction to background worker for resampling and export
done with test_87_p0000

Predicting test_88_p0000:
perform_everything_on_device: True
sending off prediction to background worker for resampling and export
done with test_88_p0000

Predicting test_89_p0000:
perform_everything_on_device: True
sending off prediction to background worker for resampling and export
done with test_89_p0000

Predicting test_8_p0000:
perform_everything_on_device: True
sending off prediction to background worker for resampling and export
done with test_8_p0000

Predicting test_90_p0000:
perform_everything_on_device: True
sending off prediction to background worker for resampling and export
done with test_90_p0000

Predicting test_91_p0000:
perform_everything_on_device: True
sending off prediction to background worker for resampling and export
done with test_91_p0000

Predicting test_92_p0000:
perform_everything_on_device: True
sending off prediction to background worker for resampling and export
done with test_92_p0000

Predicting test_93_p0000:
perform_everything_on_device: True
sending off prediction to background worker for resampling and export
done with test_93_p0000

Predicting test_94_p0000:
perform_everything_on_device: True
sending off prediction to background worker for resampling and export
done with test_94_p0000

Predicting test_95_p0000:
perform_everything_on_device: True
sending off prediction to background worker for resampling and export
done with test_95_p0000

Predicting test_96_p0000:
perform_everything_on_device: True
sending off prediction to background worker for resampling and export
done with test_96_p0000

Predicting test_97_p0000:
perform_everything_on_device: True
sending off prediction to background worker for resampling and export
done with test_97_p0000

Predicting test_98_p0000:
perform_everything_on_device: True
sending off prediction to background worker for resampling and export
done with test_98_p0000

Predicting test_99_p0000:
perform_everything_on_device: True
sending off prediction to background worker for resampling and export
done with test_99_p0000

Predicting test_9_p0000:
perform_everything_on_device: True
sending off prediction to background worker for resampling and export
done with test_9_p0000
