Overriding CANDIDATE_BITS to (4, 6, 8) (from --candidate-bits).
Predecessor map: 86/88 layers have a real, traced predecessor (the rest are the network's own first layer(s), with no real predecessor to fall back to anything but self-sensitivity).
Extra dataflow nodes: 143 {'input_quant': 1, 'concat': 1, 'act': 1, 'upsample': 2, 'out_act': 27, 'residual_add': 27, 'skip_quant': 27, 'add': 27, 'dup': 28, 'pad_mvau': 2}.
Note: ['down1.pool', 'down2.pool', 'initial.pool'] have no sensitivity entry (MaxPool2d, no weight, never HAWQ-measured) -- given a fixed raw sensitivity of 0.0 for every (w,a), see module docstring.
Traced 88 layers (per-layer granularity, no block grouping). candidate_bits=(4, 6, 8) -> 9 (w,a) pairs. y: 792 binaries, z: 39843 binaries (40635 total). Solving (time_limit=600s, gap_rel=0.02)...
--target-fps 250.0 @ 100.0MHz -> every node <= 400000 cycles (hard constraint).
Wrote MILP/artifacts/S12_dense_nearest_upsample_512_hwsweep_partition2_wm_fps250/pbiSweep_dsrOff_pbi1.5/layer_bits_folding_pbiSweep_dsrOff_pbi1.5.json
ILP status: Optimal
LUT used (calibrated): 227230 (98.6% of 230400 budget) -- GUARANTEED (hard constraint).
BRAM_18K used (calibrated): 622 (99.7% of 624 budget) -- GUARANTEED (hard constraint).
DSP used: 1251 (72.4% of 1728 budget) -- GUARANTEED (hard constraint).
Bottleneck: initial.pool at 327680 cycles/frame -> 305.2 FPS @ 100.0MHz
Total cycles (sum over nodes): 21090636
Branch imbalance (diagnostic, 28 fork/join diamonds): median=1.25x max=1.50x
Chain-rate imbalance (diagnostic, 230 nodes with a descendant): median=4.00x max=64.00x
  input_quant   x  1: LUT       96  BRAM_18K    0.0  DSP    0  cycles     262144
  concat        x  1: LUT        0  BRAM_18K    0.0  DSP    0  cycles      65536
  act           x  1: LUT     1171  BRAM_18K    0.0  DSP    0  cycles     262144
  upsample      x  2: LUT        0  BRAM_18K    0.0  DSP    0  cycles      81920
  out_act       x 27: LUT    29750  BRAM_18K  164.2  DSP    0  cycles    2023424
  residual_add  x 27: LUT    40512  BRAM_18K  209.0  DSP    0  cycles    1900544
  skip_quant    x 27: LUT    21252  BRAM_18K   52.3  DSP    0  cycles    4456448
  add           x 27: LUT    10218  BRAM_18K    0.0  DSP    0  cycles    2195456
  dup           x 28: LUT     9775  BRAM_18K    0.0  DSP    0  cycles    2424832
  pad_mvau      x  2: LUT      961  BRAM_18K    0.0  DSP   24  cycles     131072
Wrote MILP/artifacts/S12_dense_nearest_upsample_512_hwsweep_partition2_wm_fps250/pbiSweep_dsrOff_pbi1.5/pruning_layer_bits_folding_pbiSweep_dsrOff_pbi1.5.json
Wrote MILP/artifacts/S12_dense_nearest_upsample_512_hwsweep_partition2_wm_fps250/pbiSweep_dsrOff_pbi1.5/final_output.onnx
Wrote MILP/artifacts/S12_dense_nearest_upsample_512_hwsweep_partition2_wm_fps250/pbiSweep_dsrOff_pbi1.5/summary.csv.
Wrote MILP/artifacts/S12_dense_nearest_upsample_512_hwsweep_partition2_wm_fps250/pbiSweep_dsrOff_pbi1.5/run_args.json.
