=== Job info ===
Host: gcn2.local.snellius.surf.nl
Date: Sun Jul  5 21:14:56 CEST 2026
COMBO_CLDICE_WEIGHT=2.0
Output folder: /home/yhussein/LightM-UNet/data/nnUNet_results/Dataset501_ARCADE/nnUNetTrainerENetComboClDice_w2p0__nnUNetPlans__2d/fold_0
=== GPU info ===
Sun Jul  5 21:14:56 2026       
+-----------------------------------------------------------------------------------------+
| NVIDIA-SMI 595.71.05              Driver Version: 595.71.05      CUDA Version: 13.2     |
+-----------------------------------------+------------------------+----------------------+
| GPU  Name                 Persistence-M | Bus-Id          Disp.A | Volatile Uncorr. ECC |
| Fan  Temp   Perf          Pwr:Usage/Cap |           Memory-Usage | GPU-Util  Compute M. |
|                                         |                        |               MIG M. |
|=========================================+========================+======================|
|   0  NVIDIA A100-SXM4-40GB          On  |   00000000:31:00.0 Off |                   On |
| N/A   32C    P0             64W /  400W |   13691MiB /  40960MiB |     N/A      Default |
|                                         |                        |              Enabled |
+-----------------------------------------+------------------------+----------------------+
|   1  NVIDIA A100-SXM4-40GB          On  |   00000000:32:00.0 Off |                   On |
| N/A   33C    P0             64W /  400W |    3588MiB /  40960MiB |     N/A      Default |
|                                         |                        |              Enabled |
+-----------------------------------------+------------------------+----------------------+
|   2  NVIDIA A100-SXM4-40GB          On  |   00000000:CA:00.0 Off |                   On |
| N/A   32C    P0             63W /  400W |    3588MiB /  40960MiB |     N/A      Default |
|                                         |                        |              Enabled |
+-----------------------------------------+------------------------+----------------------+
|   3  NVIDIA A100-SXM4-40GB          On  |   00000000:E3:00.0 Off |                   On |
| N/A   28C    P0             39W /  400W |     213MiB /  40960MiB |     N/A      Default |
|                                         |                        |              Enabled |
+-----------------------------------------+------------------------+----------------------+

+-----------------------------------------------------------------------------------------+
| MIG devices:                                                                            |
+------------------+----------------------------------+-----------+-----------------------+
| GPU  GI  CI  MIG |              Shared Memory-Usage |        Vol|        Shared         |
|      ID  ID  Dev |                Shared BAR1-Usage | SM     Unc| CE ENC  DEC  OFA  JPG |
|                  |                                  |        ECC|                       |
|==================+==================================+===========+=======================|
|  0    2   0   0  |             107MiB / 20096MiB    | 42      0 |  3   0    2    0    0 |
|                  |               0MiB / 12210MiB    |           |                       |
+------------------+----------------------------------+-----------+-----------------------+

+-----------------------------------------------------------------------------------------+
| Processes:                                                                              |
|  GPU   GI   CI              PID   Type   Process name                        GPU Memory |
|        ID   ID                                                               Usage      |
|=========================================================================================|
|    1    2    0           395104      C   python                                 3366MiB |
|    2    1    0           384035      C   python                                 3366MiB |
+-----------------------------------------------------------------------------------------+
CUDA available: True
GPU: NVIDIA A100-SXM4-40GB MIG 3g.20gb
=== Ensure official split is present ===
=== Start ENetComboClDice training (EG1, weight=2.0) ===
Using device: cuda:0

#######################################################################
Please cite the following paper when using nnU-Net:
Isensee, F., Jaeger, P. F., Kohl, S. A., Petersen, J., & Maier-Hein, K. H. (2021). nnU-Net: a self-configuring method for deep learning-based biomedical image segmentation. Nature methods, 18(2), 203-211.
#######################################################################


This is the configuration used by this training:
Configuration name: 2d
 {'data_identifier': 'nnUNetPlans_2d', 'preprocessor_name': 'DefaultPreprocessor', 'batch_size': 4, 'patch_size': [512, 512], 'median_image_size_in_voxels': [512.0, 512.0], 'spacing': [1.0, 1.0], 'normalization_schemes': ['ZScoreNormalization'], 'use_mask_for_norm': [False], 'UNet_class_name': 'PlainConvUNet', 'UNet_base_num_features': 32, 'n_conv_per_stage_encoder': [2, 2, 2, 2, 2, 2, 2, 2], 'n_conv_per_stage_decoder': [2, 2, 2, 2, 2, 2, 2], 'num_pool_per_axis': [7, 7], 'pool_op_kernel_sizes': [[1, 1], [2, 2], [2, 2], [2, 2], [2, 2], [2, 2], [2, 2], [2, 2]], 'conv_kernel_sizes': [[3, 3], [3, 3], [3, 3], [3, 3], [3, 3], [3, 3], [3, 3], [3, 3]], 'unet_max_num_features': 512, 'resampling_fn_data': 'resample_data_or_seg_to_shape', 'resampling_fn_seg': 'resample_data_or_seg_to_shape', 'resampling_fn_data_kwargs': {'is_seg': False, 'order': 3, 'order_z': 0, 'force_separate_z': None}, 'resampling_fn_seg_kwargs': {'is_seg': True, 'order': 1, 'order_z': 0, 'force_separate_z': None}, 'resampling_fn_probabilities': 'resample_data_or_seg_to_shape', 'resampling_fn_probabilities_kwargs': {'is_seg': False, 'order': 1, 'order_z': 0, 'force_separate_z': None}, 'batch_dice': True} 

These are the global plan.json settings:
 {'dataset_name': 'Dataset501_ARCADE', 'plans_name': 'nnUNetPlans', 'original_median_spacing_after_transp': [999.0, 1.0, 1.0], 'original_median_shape_after_transp': [1, 512, 512], 'image_reader_writer': 'NaturalImage2DIO', 'transpose_forward': [0, 1, 2], 'transpose_backward': [0, 1, 2], 'experiment_planner_used': 'ExperimentPlanner', 'label_manager': 'LabelManager', 'foreground_intensity_properties_per_channel': {'0': {'max': 255.0, 'mean': 98.67886352539062, 'median': 96.0, 'min': 0.0, 'percentile_00_5': 32.0, 'percentile_99_5': 186.0, 'std': 31.84078025817871}}} 

2026-07-05 21:15:12.329606: unpacking dataset...
2026-07-05 21:15:16.889002: unpacking done...
2026-07-05 21:15:16.892377: do_dummy_2d_data_aug: False
2026-07-05 21:15:16.898271: Using splits from existing split file: /gpfs/home1/yhussein/LightM-UNet/data/nnUNet_preprocessed/Dataset501_ARCADE/splits_final.json
2026-07-05 21:15:16.898744: The split file contains 1 splits.
2026-07-05 21:15:16.898819: Desired fold for training: 0
2026-07-05 21:15:16.898871: This split has 1000 training and 200 validation cases.
2026-07-05 21:15:16.933084: Unable to plot network architecture:
2026-07-05 21:15:16.933177: No module named 'IPython'
2026-07-05 21:15:16.948189: 
2026-07-05 21:15:16.948291: Epoch 0
2026-07-05 21:15:16.948408: Current learning rate: 0.001
using pin_memory on device 0
using pin_memory on device 0
2026-07-05 21:16:37.104762: train_loss 2.0373
2026-07-05 21:16:37.105035: val_loss 1.5844
2026-07-05 21:16:37.105155: Pseudo dice [0.371, 0.1444, 0.0568]
2026-07-05 21:16:37.105268: Epoch time: 80.16 s
2026-07-05 21:16:37.105355: Yayy! New best EMA pseudo Dice: 0.1908
2026-07-05 21:16:38.223363: 
2026-07-05 21:16:38.223544: Epoch 1
2026-07-05 21:16:38.223676: Current learning rate: 0.00099
2026-07-05 21:17:54.857636: train_loss 1.1422
2026-07-05 21:17:54.857853: val_loss 0.8345
2026-07-05 21:17:54.857963: Pseudo dice [0.4988, 0.5829, 0.4033]
2026-07-05 21:17:54.858057: Epoch time: 76.64 s
2026-07-05 21:17:54.858129: Yayy! New best EMA pseudo Dice: 0.2212
2026-07-05 21:17:56.103873: 
2026-07-05 21:17:56.104026: Epoch 2
2026-07-05 21:17:56.104152: Current learning rate: 0.00099
2026-07-05 21:19:12.651194: train_loss 0.7935
2026-07-05 21:19:12.652125: val_loss 0.9617
2026-07-05 21:19:12.652248: Pseudo dice [0.4938, 0.585, 0.1984]
2026-07-05 21:19:12.652352: Epoch time: 76.55 s
2026-07-05 21:19:12.652430: Yayy! New best EMA pseudo Dice: 0.2416
2026-07-05 21:19:13.932620: 
2026-07-05 21:19:13.932790: Epoch 3
2026-07-05 21:19:13.932920: Current learning rate: 0.00098
2026-07-05 21:20:30.441943: train_loss 0.647
2026-07-05 21:20:30.442217: val_loss 0.3769
2026-07-05 21:20:30.442326: Pseudo dice [0.5853, 0.7243, 0.5225]
2026-07-05 21:20:30.442421: Epoch time: 76.51 s
2026-07-05 21:20:30.442500: Yayy! New best EMA pseudo Dice: 0.2785
2026-07-05 21:20:31.840292: 
2026-07-05 21:20:31.840458: Epoch 4
2026-07-05 21:20:31.840588: Current learning rate: 0.00098
2026-07-05 21:21:48.335348: train_loss 0.5148
2026-07-05 21:21:48.335615: val_loss 0.3182
2026-07-05 21:21:48.335721: Pseudo dice [0.574, 0.745, 0.5599]
2026-07-05 21:21:48.335830: Epoch time: 76.5 s
2026-07-05 21:21:48.335910: Yayy! New best EMA pseudo Dice: 0.3133
2026-07-05 21:21:49.599721: 
2026-07-05 21:21:49.599884: Epoch 5
2026-07-05 21:21:49.600005: Current learning rate: 0.00097
2026-07-05 21:23:06.085606: train_loss 0.4513
2026-07-05 21:23:06.085910: val_loss 0.2375
2026-07-05 21:23:06.086018: Pseudo dice [0.5869, 0.7446, 0.5928]
2026-07-05 21:23:06.086113: Epoch time: 76.49 s
2026-07-05 21:23:06.086192: Yayy! New best EMA pseudo Dice: 0.3461
2026-07-05 21:23:07.354244: 
2026-07-05 21:23:07.354411: Epoch 6
2026-07-05 21:23:07.354536: Current learning rate: 0.00096
2026-07-05 21:24:23.898865: train_loss 0.3877
2026-07-05 21:24:23.899132: val_loss 0.2427
2026-07-05 21:24:23.899240: Pseudo dice [0.6061, 0.7486, 0.5645]
2026-07-05 21:24:23.899334: Epoch time: 76.55 s
2026-07-05 21:24:23.899408: Yayy! New best EMA pseudo Dice: 0.3755
2026-07-05 21:24:25.360683: 
2026-07-05 21:24:25.360863: Epoch 7
2026-07-05 21:24:25.360989: Current learning rate: 0.00096
2026-07-05 21:25:41.863740: train_loss 0.3125
2026-07-05 21:25:41.863983: val_loss 0.3024
2026-07-05 21:25:41.864089: Pseudo dice [0.6001, 0.7722, 0.5336]
2026-07-05 21:25:41.864180: Epoch time: 76.5 s
2026-07-05 21:25:41.864253: Yayy! New best EMA pseudo Dice: 0.4015
2026-07-05 21:25:43.107761: 
2026-07-05 21:25:43.107930: Epoch 8
2026-07-05 21:25:43.108056: Current learning rate: 0.00095
2026-07-05 21:26:59.641518: train_loss 0.3081
2026-07-05 21:26:59.642840: val_loss 0.243
2026-07-05 21:26:59.642957: Pseudo dice [0.6466, 0.783, 0.5221]
2026-07-05 21:26:59.643050: Epoch time: 76.54 s
2026-07-05 21:26:59.643126: Yayy! New best EMA pseudo Dice: 0.4264
2026-07-05 21:27:00.902724: 
2026-07-05 21:27:00.902927: Epoch 9
2026-07-05 21:27:00.903059: Current learning rate: 0.00095
2026-07-05 21:28:17.388129: train_loss 0.21
2026-07-05 21:28:17.389466: val_loss 0.1748
2026-07-05 21:28:17.389585: Pseudo dice [0.6126, 0.7722, 0.6138]
2026-07-05 21:28:17.389680: Epoch time: 76.49 s
2026-07-05 21:28:17.389761: Yayy! New best EMA pseudo Dice: 0.4504
2026-07-05 21:28:18.611517: 
2026-07-05 21:28:18.612632: Epoch 10
2026-07-05 21:28:18.612771: Current learning rate: 0.00094
2026-07-05 21:29:35.144781: train_loss 0.2424
2026-07-05 21:29:35.146324: val_loss 0.0938
2026-07-05 21:29:35.146452: Pseudo dice [0.6396, 0.8007, 0.6219]
2026-07-05 21:29:35.146550: Epoch time: 76.53 s
2026-07-05 21:29:35.146625: Yayy! New best EMA pseudo Dice: 0.4741
2026-07-05 21:29:36.390601: 
2026-07-05 21:29:36.392105: Epoch 11
2026-07-05 21:29:36.392241: Current learning rate: 0.00093
2026-07-05 21:30:52.874903: train_loss 0.2013
2026-07-05 21:30:52.876697: val_loss 0.0782
2026-07-05 21:30:52.876817: Pseudo dice [0.6504, 0.7882, 0.6698]
2026-07-05 21:30:52.876912: Epoch time: 76.49 s
2026-07-05 21:30:52.876986: Yayy! New best EMA pseudo Dice: 0.4969
2026-07-05 21:30:54.115858: 
2026-07-05 21:30:54.119051: Epoch 12
2026-07-05 21:30:54.119184: Current learning rate: 0.00093
2026-07-05 21:32:10.644976: train_loss 0.1403
2026-07-05 21:32:10.646326: val_loss 0.0043
2026-07-05 21:32:10.646452: Pseudo dice [0.6201, 0.7968, 0.6737]
2026-07-05 21:32:10.646544: Epoch time: 76.53 s
2026-07-05 21:32:10.646619: Yayy! New best EMA pseudo Dice: 0.5169
2026-07-05 21:32:11.897483: 
2026-07-05 21:32:11.899831: Epoch 13
2026-07-05 21:32:11.900492: Current learning rate: 0.00092
2026-07-05 21:33:28.392544: train_loss 0.1471
2026-07-05 21:33:28.393718: val_loss -0.0042
2026-07-05 21:33:28.393840: Pseudo dice [0.6379, 0.7948, 0.645]
2026-07-05 21:33:28.393932: Epoch time: 76.5 s
2026-07-05 21:33:28.394003: Yayy! New best EMA pseudo Dice: 0.5345
2026-07-05 21:33:29.649888: 
2026-07-05 21:33:29.650986: Epoch 14
2026-07-05 21:33:29.651121: Current learning rate: 0.00092
2026-07-05 21:34:46.180923: train_loss 0.1156
2026-07-05 21:34:46.182495: val_loss -0.006
2026-07-05 21:34:46.182611: Pseudo dice [0.6577, 0.8002, 0.6583]
2026-07-05 21:34:46.182699: Epoch time: 76.53 s
2026-07-05 21:34:46.182769: Yayy! New best EMA pseudo Dice: 0.5516
2026-07-05 21:34:47.432886: 
2026-07-05 21:34:47.434239: Epoch 15
2026-07-05 21:34:47.434378: Current learning rate: 0.00091
2026-07-05 21:36:03.918480: train_loss 0.1427
2026-07-05 21:36:03.919926: val_loss 0.0537
2026-07-05 21:36:03.920044: Pseudo dice [0.6733, 0.7905, 0.6538]
2026-07-05 21:36:03.920136: Epoch time: 76.49 s
2026-07-05 21:36:03.920213: Yayy! New best EMA pseudo Dice: 0.567
2026-07-05 21:36:05.170450: 
2026-07-05 21:36:05.171609: Epoch 16
2026-07-05 21:36:05.171745: Current learning rate: 0.0009
2026-07-05 21:37:21.687395: train_loss 0.055
2026-07-05 21:37:21.688953: val_loss -0.0283
2026-07-05 21:37:21.689061: Pseudo dice [0.6945, 0.8045, 0.6934]
2026-07-05 21:37:21.689145: Epoch time: 76.52 s
2026-07-05 21:37:21.689213: Yayy! New best EMA pseudo Dice: 0.5834
2026-07-05 21:37:22.928929: 
2026-07-05 21:37:22.930553: Epoch 17
2026-07-05 21:37:22.930686: Current learning rate: 0.0009
2026-07-05 21:38:39.411287: train_loss 0.0388
2026-07-05 21:38:39.412674: val_loss -0.0243
2026-07-05 21:38:39.412791: Pseudo dice [0.6719, 0.7884, 0.697]
2026-07-05 21:38:39.412889: Epoch time: 76.48 s
2026-07-05 21:38:39.412965: Yayy! New best EMA pseudo Dice: 0.597
2026-07-05 21:38:40.654753: 
2026-07-05 21:38:40.656173: Epoch 18
2026-07-05 21:38:40.656304: Current learning rate: 0.00089
2026-07-05 21:39:57.132933: train_loss 0.0282
2026-07-05 21:39:57.134598: val_loss 0.0195
2026-07-05 21:39:57.134711: Pseudo dice [0.6555, 0.801, 0.6625]
2026-07-05 21:39:57.134802: Epoch time: 76.48 s
2026-07-05 21:39:57.134880: Yayy! New best EMA pseudo Dice: 0.6079
2026-07-05 21:39:58.523749: 
2026-07-05 21:39:58.524907: Epoch 19
2026-07-05 21:39:58.525039: Current learning rate: 0.00089
2026-07-05 21:41:14.960950: train_loss 0.0096
2026-07-05 21:41:14.962297: val_loss 0.0614
2026-07-05 21:41:14.962415: Pseudo dice [0.6402, 0.7755, 0.6693]
2026-07-05 21:41:14.962511: Epoch time: 76.44 s
2026-07-05 21:41:14.962586: Yayy! New best EMA pseudo Dice: 0.6166
2026-07-05 21:41:16.213677: 
2026-07-05 21:41:16.215020: Epoch 20
2026-07-05 21:41:16.215153: Current learning rate: 0.00088
2026-07-05 21:42:32.692926: train_loss 0.0335
2026-07-05 21:42:32.694416: val_loss -0.0219
2026-07-05 21:42:32.694534: Pseudo dice [0.6764, 0.7954, 0.6954]
2026-07-05 21:42:32.694624: Epoch time: 76.48 s
2026-07-05 21:42:32.694703: Yayy! New best EMA pseudo Dice: 0.6272
2026-07-05 21:42:33.956501: 
2026-07-05 21:42:33.958258: Epoch 21
2026-07-05 21:42:33.958424: Current learning rate: 0.00087
2026-07-05 21:43:50.483488: train_loss 0.028
2026-07-05 21:43:50.484821: val_loss -0.1281
2026-07-05 21:43:50.484949: Pseudo dice [0.6951, 0.8218, 0.7057]
2026-07-05 21:43:50.485044: Epoch time: 76.53 s
2026-07-05 21:43:50.485117: Yayy! New best EMA pseudo Dice: 0.6386
2026-07-05 21:43:51.711949: 
2026-07-05 21:43:51.713529: Epoch 22
2026-07-05 21:43:51.713705: Current learning rate: 0.00087
2026-07-05 21:45:08.225404: train_loss -0.0154
2026-07-05 21:45:08.226978: val_loss -0.0847
2026-07-05 21:45:08.227105: Pseudo dice [0.6822, 0.8099, 0.6849]
2026-07-05 21:45:08.227208: Epoch time: 76.51 s
2026-07-05 21:45:08.227286: Yayy! New best EMA pseudo Dice: 0.6473
2026-07-05 21:45:09.445978: 
2026-07-05 21:45:09.447253: Epoch 23
2026-07-05 21:45:09.447398: Current learning rate: 0.00086
2026-07-05 21:46:26.074309: train_loss 0.0113
2026-07-05 21:46:26.075535: val_loss -0.0298
2026-07-05 21:46:26.075654: Pseudo dice [0.6904, 0.8038, 0.6564]
2026-07-05 21:46:26.075743: Epoch time: 76.63 s
2026-07-05 21:46:26.075830: Yayy! New best EMA pseudo Dice: 0.6542
2026-07-05 21:46:27.308719: 
2026-07-05 21:46:27.310282: Epoch 24
2026-07-05 21:46:27.310418: Current learning rate: 0.00085
2026-07-05 21:47:43.934478: train_loss 0.0062
2026-07-05 21:47:43.936285: val_loss -0.031
2026-07-05 21:47:43.936436: Pseudo dice [0.6756, 0.8157, 0.6585]
2026-07-05 21:47:43.936533: Epoch time: 76.63 s
2026-07-05 21:47:51.340347: Yayy! New best EMA pseudo Dice: 0.6605
2026-07-05 21:47:52.568213: 
2026-07-05 21:47:52.569356: Epoch 25
2026-07-05 21:47:52.569488: Current learning rate: 0.00085
2026-07-05 21:49:09.262389: train_loss -0.0273
2026-07-05 21:49:09.263718: val_loss -0.04
2026-07-05 21:49:09.263842: Pseudo dice [0.683, 0.7894, 0.6749]
2026-07-05 21:49:09.263941: Epoch time: 76.7 s
2026-07-05 21:49:09.264017: Yayy! New best EMA pseudo Dice: 0.666
2026-07-05 21:49:10.497145: 
2026-07-05 21:49:10.498401: Epoch 26
2026-07-05 21:49:10.498531: Current learning rate: 0.00084
2026-07-05 21:50:27.126867: train_loss -0.0525
2026-07-05 21:50:27.128029: val_loss -0.089
2026-07-05 21:50:27.128143: Pseudo dice [0.697, 0.8111, 0.724]
2026-07-05 21:50:27.128238: Epoch time: 76.63 s
2026-07-05 21:50:27.128315: Yayy! New best EMA pseudo Dice: 0.6738
2026-07-05 21:50:28.369586: 
2026-07-05 21:50:28.370493: Epoch 27
2026-07-05 21:50:28.370632: Current learning rate: 0.00084
2026-07-05 21:51:45.009016: train_loss -0.0537
2026-07-05 21:51:45.010296: val_loss -0.1516
2026-07-05 21:51:45.010414: Pseudo dice [0.7025, 0.812, 0.7049]
2026-07-05 21:51:45.010509: Epoch time: 76.64 s
2026-07-05 21:51:45.010580: Yayy! New best EMA pseudo Dice: 0.6804
2026-07-05 21:51:46.243448: 
2026-07-05 21:51:46.244385: Epoch 28
2026-07-05 21:51:46.244519: Current learning rate: 0.00083
2026-07-05 21:53:02.849682: train_loss -0.0414
2026-07-05 21:53:02.850933: val_loss -0.0748
2026-07-05 21:53:02.851059: Pseudo dice [0.6881, 0.8152, 0.6702]
2026-07-05 21:53:02.851157: Epoch time: 76.61 s
2026-07-05 21:53:02.851235: Yayy! New best EMA pseudo Dice: 0.6848
2026-07-05 21:53:04.087670: 
2026-07-05 21:53:04.088760: Epoch 29
2026-07-05 21:53:04.088913: Current learning rate: 0.00082
2026-07-05 21:54:20.769111: train_loss -0.0719
2026-07-05 21:54:20.770204: val_loss -0.0842
2026-07-05 21:54:20.770322: Pseudo dice [0.6698, 0.8061, 0.6383]
2026-07-05 21:54:20.770412: Epoch time: 76.68 s
2026-07-05 21:54:20.770485: Yayy! New best EMA pseudo Dice: 0.6868
2026-07-05 21:54:22.011857: 
2026-07-05 21:54:22.012752: Epoch 30
2026-07-05 21:54:22.012902: Current learning rate: 0.00082
2026-07-05 21:55:38.691643: train_loss -0.076
2026-07-05 21:55:38.692820: val_loss 0.0557
2026-07-05 21:55:38.692938: Pseudo dice [0.6548, 0.7979, 0.6714]
2026-07-05 21:55:38.693032: Epoch time: 76.68 s
2026-07-05 21:55:38.693110: Yayy! New best EMA pseudo Dice: 0.6889
2026-07-05 21:55:39.930767: 
2026-07-05 21:55:39.931741: Epoch 31
2026-07-05 21:55:39.931882: Current learning rate: 0.00081
2026-07-05 21:56:56.486694: train_loss -0.082
2026-07-05 21:56:56.487751: val_loss -0.1188
2026-07-05 21:56:56.487879: Pseudo dice [0.6955, 0.8279, 0.7179]
2026-07-05 21:56:56.487978: Epoch time: 76.56 s
2026-07-05 21:56:56.488055: Yayy! New best EMA pseudo Dice: 0.6947
2026-07-05 21:56:57.903697: 
2026-07-05 21:56:57.904637: Epoch 32
2026-07-05 21:56:57.904768: Current learning rate: 0.00081
2026-07-05 21:58:14.511143: train_loss -0.1005
2026-07-05 21:58:14.512368: val_loss -0.1467
2026-07-05 21:58:14.512481: Pseudo dice [0.7067, 0.828, 0.6976]
2026-07-05 21:58:14.512575: Epoch time: 76.61 s
2026-07-05 21:58:14.512647: Yayy! New best EMA pseudo Dice: 0.6997
2026-07-05 21:58:15.764719: 
2026-07-05 21:58:15.765584: Epoch 33
2026-07-05 21:58:15.765718: Current learning rate: 0.0008
2026-07-05 21:59:32.358967: train_loss -0.0811
2026-07-05 21:59:32.360064: val_loss -0.1664
2026-07-05 21:59:32.360908: Pseudo dice [0.6873, 0.8229, 0.7092]
2026-07-05 21:59:32.361019: Epoch time: 76.6 s
2026-07-05 21:59:32.361102: Yayy! New best EMA pseudo Dice: 0.7037
2026-07-05 21:59:33.757092: 
2026-07-05 21:59:33.758168: Epoch 34
2026-07-05 21:59:33.758321: Current learning rate: 0.00079
2026-07-05 22:00:50.359363: train_loss -0.1012
2026-07-05 22:00:50.366716: val_loss -0.1598
2026-07-05 22:00:50.366838: Pseudo dice [0.7069, 0.8077, 0.7122]
2026-07-05 22:00:50.366933: Epoch time: 76.6 s
2026-07-05 22:00:50.367006: Yayy! New best EMA pseudo Dice: 0.7076
2026-07-05 22:00:51.617529: 
2026-07-05 22:00:51.618714: Epoch 35
2026-07-05 22:00:51.618861: Current learning rate: 0.00079
2026-07-05 22:02:08.212226: train_loss -0.104
2026-07-05 22:02:08.213815: val_loss -0.0584
2026-07-05 22:02:08.213945: Pseudo dice [0.6889, 0.8042, 0.706]
2026-07-05 22:02:08.214046: Epoch time: 76.6 s
2026-07-05 22:02:08.214123: Yayy! New best EMA pseudo Dice: 0.7101
2026-07-05 22:02:09.456124: 
2026-07-05 22:02:09.463074: Epoch 36
2026-07-05 22:02:09.463252: Current learning rate: 0.00078
2026-07-05 22:03:26.161945: train_loss -0.1265
2026-07-05 22:03:26.163382: val_loss -0.1997
2026-07-05 22:03:26.163511: Pseudo dice [0.6878, 0.8453, 0.7281]
2026-07-05 22:03:26.163614: Epoch time: 76.71 s
2026-07-05 22:03:26.163692: Yayy! New best EMA pseudo Dice: 0.7145
2026-07-05 22:03:27.444229: 
2026-07-05 22:03:27.445517: Epoch 37
2026-07-05 22:03:27.445650: Current learning rate: 0.00077
2026-07-05 22:04:44.041462: train_loss -0.08
2026-07-05 22:04:44.042638: val_loss -1e-04
2026-07-05 22:04:44.042757: Pseudo dice [0.6877, 0.7817, 0.6988]
2026-07-05 22:04:44.042864: Epoch time: 76.6 s
2026-07-05 22:04:44.042939: Yayy! New best EMA pseudo Dice: 0.7153
2026-07-05 22:04:45.282531: 
2026-07-05 22:04:45.286650: Epoch 38
2026-07-05 22:04:45.286782: Current learning rate: 0.00077
2026-07-05 22:06:01.926692: train_loss -0.0987
2026-07-05 22:06:01.931729: val_loss -0.1299
2026-07-05 22:06:01.931854: Pseudo dice [0.6935, 0.8112, 0.7161]
2026-07-05 22:06:01.931953: Epoch time: 76.65 s
2026-07-05 22:06:01.932031: Yayy! New best EMA pseudo Dice: 0.7178
2026-07-05 22:06:03.173733: 
2026-07-05 22:06:03.174896: Epoch 39
2026-07-05 22:06:03.175085: Current learning rate: 0.00076
2026-07-05 22:07:19.762487: train_loss -0.1007
2026-07-05 22:07:19.766536: val_loss -0.1259
2026-07-05 22:07:19.766653: Pseudo dice [0.6989, 0.8307, 0.7092]
2026-07-05 22:07:19.766752: Epoch time: 76.59 s
2026-07-05 22:07:19.766835: Yayy! New best EMA pseudo Dice: 0.7206
2026-07-05 22:07:21.030623: 
2026-07-05 22:07:21.031962: Epoch 40
2026-07-05 22:07:21.032109: Current learning rate: 0.00076
2026-07-05 22:08:37.681916: train_loss -0.1403
2026-07-05 22:08:37.687107: val_loss -0.0704
2026-07-05 22:08:37.687225: Pseudo dice [0.679, 0.8094, 0.6884]
2026-07-05 22:08:37.687320: Epoch time: 76.65 s
2026-07-05 22:08:37.687392: Yayy! New best EMA pseudo Dice: 0.7211
2026-07-05 22:08:38.953087: 
2026-07-05 22:08:38.954291: Epoch 41
2026-07-05 22:08:38.954426: Current learning rate: 0.00075
2026-07-05 22:09:55.571953: train_loss -0.1855
2026-07-05 22:09:55.573572: val_loss -0.1379
2026-07-05 22:09:55.573688: Pseudo dice [0.7007, 0.8161, 0.7141]
2026-07-05 22:09:55.573936: Epoch time: 76.62 s
2026-07-05 22:09:55.574021: Yayy! New best EMA pseudo Dice: 0.7234
2026-07-05 22:09:56.793140: 
2026-07-05 22:09:56.794524: Epoch 42
2026-07-05 22:09:56.794656: Current learning rate: 0.00074
2026-07-05 22:11:13.449993: train_loss -0.1424
2026-07-05 22:11:13.451543: val_loss -0.1039
2026-07-05 22:11:13.451662: Pseudo dice [0.7063, 0.831, 0.701]
2026-07-05 22:11:13.451759: Epoch time: 76.66 s
2026-07-05 22:11:13.451848: Yayy! New best EMA pseudo Dice: 0.7256
2026-07-05 22:11:14.666554: 
2026-07-05 22:11:14.667822: Epoch 43
2026-07-05 22:11:14.667959: Current learning rate: 0.00074
2026-07-05 22:12:31.275616: train_loss -0.1563
2026-07-05 22:12:31.280975: val_loss -0.1392
2026-07-05 22:12:31.281093: Pseudo dice [0.6975, 0.8312, 0.7078]
2026-07-05 22:12:31.281193: Epoch time: 76.61 s
2026-07-05 22:12:31.281269: Yayy! New best EMA pseudo Dice: 0.7276
2026-07-05 22:12:32.499899: 
2026-07-05 22:12:32.500988: Epoch 44
2026-07-05 22:12:32.501118: Current learning rate: 0.00073
2026-07-05 22:13:49.096817: train_loss -0.1488
2026-07-05 22:13:49.098239: val_loss -0.1892
2026-07-05 22:13:49.098355: Pseudo dice [0.7089, 0.8457, 0.7246]
2026-07-05 22:13:49.098451: Epoch time: 76.6 s
2026-07-05 22:13:49.098524: Yayy! New best EMA pseudo Dice: 0.7308
2026-07-05 22:13:50.455955: 
2026-07-05 22:13:50.488375: Epoch 45
2026-07-05 22:13:50.488595: Current learning rate: 0.00073
2026-07-05 22:15:07.086994: train_loss -0.1817
2026-07-05 22:15:07.091047: val_loss -0.1258
2026-07-05 22:15:07.091170: Pseudo dice [0.7109, 0.8274, 0.7051]
2026-07-05 22:15:07.091275: Epoch time: 76.63 s
2026-07-05 22:15:07.091350: Yayy! New best EMA pseudo Dice: 0.7325
2026-07-05 22:15:08.311715: 
2026-07-05 22:15:08.312938: Epoch 46
2026-07-05 22:15:08.313080: Current learning rate: 0.00072
2026-07-05 22:16:24.920449: train_loss -0.1724
2026-07-05 22:16:24.921696: val_loss -0.2053
2026-07-05 22:16:24.921824: Pseudo dice [0.7172, 0.8227, 0.7259]
2026-07-05 22:16:24.921930: Epoch time: 76.61 s
2026-07-05 22:16:24.922005: Yayy! New best EMA pseudo Dice: 0.7348
2026-07-05 22:16:26.138602: 
2026-07-05 22:16:26.139557: Epoch 47
2026-07-05 22:16:26.139698: Current learning rate: 0.00071
2026-07-05 22:17:42.830955: train_loss -0.2069
2026-07-05 22:17:42.832300: val_loss -0.2163
2026-07-05 22:17:42.832416: Pseudo dice [0.7108, 0.8321, 0.7382]
2026-07-05 22:17:42.832512: Epoch time: 76.69 s
2026-07-05 22:17:42.832589: Yayy! New best EMA pseudo Dice: 0.7374
2026-07-05 22:17:44.055942: 
2026-07-05 22:17:44.056853: Epoch 48
2026-07-05 22:17:44.056985: Current learning rate: 0.00071
2026-07-05 22:19:00.631856: train_loss -0.1944
2026-07-05 22:19:00.633365: val_loss -0.1893
2026-07-05 22:19:00.633482: Pseudo dice [0.7022, 0.8229, 0.7394]
2026-07-05 22:19:00.633579: Epoch time: 76.58 s
2026-07-05 22:19:00.633654: Yayy! New best EMA pseudo Dice: 0.7391
2026-07-05 22:19:01.871367: 
2026-07-05 22:19:01.872512: Epoch 49
2026-07-05 22:19:01.872643: Current learning rate: 0.0007
2026-07-05 22:20:18.525140: train_loss -0.2087
2026-07-05 22:20:18.526380: val_loss -0.1752
2026-07-05 22:20:18.526495: Pseudo dice [0.7217, 0.8295, 0.683]
2026-07-05 22:20:18.526589: Epoch time: 76.66 s
2026-07-05 22:20:18.613348: Yayy! New best EMA pseudo Dice: 0.7397
2026-07-05 22:20:19.844642: 
2026-07-05 22:20:19.845792: Epoch 50
2026-07-05 22:20:19.845935: Current learning rate: 0.00069
2026-07-05 22:21:36.436462: train_loss -0.2164
2026-07-05 22:21:36.437863: val_loss -0.0936
2026-07-05 22:21:36.437978: Pseudo dice [0.724, 0.7509, 0.727]
2026-07-05 22:21:36.438077: Epoch time: 76.59 s
2026-07-05 22:21:37.583739: 
2026-07-05 22:21:37.586160: Epoch 51
2026-07-05 22:21:37.586296: Current learning rate: 0.00069
2026-07-05 22:22:54.257974: train_loss -0.2069
2026-07-05 22:22:54.259231: val_loss -0.1998
2026-07-05 22:22:54.259343: Pseudo dice [0.735, 0.816, 0.7152]
2026-07-05 22:22:54.259433: Epoch time: 76.68 s
2026-07-05 22:22:54.259506: Yayy! New best EMA pseudo Dice: 0.7407
2026-07-05 22:22:55.487749: 
2026-07-05 22:22:55.488853: Epoch 52
2026-07-05 22:22:55.488983: Current learning rate: 0.00068
2026-07-05 22:24:12.089873: train_loss -0.2072
2026-07-05 22:24:12.093351: val_loss -0.2494
2026-07-05 22:24:12.093466: Pseudo dice [0.7196, 0.8329, 0.746]
2026-07-05 22:24:12.093560: Epoch time: 76.6 s
2026-07-05 22:24:12.093634: Yayy! New best EMA pseudo Dice: 0.7433
2026-07-05 22:24:13.317430: 
2026-07-05 22:24:13.318514: Epoch 53
2026-07-05 22:24:13.318642: Current learning rate: 0.00068
2026-07-05 22:25:29.871441: train_loss -0.2357
2026-07-05 22:25:29.876309: val_loss -0.1082
2026-07-05 22:25:29.876431: Pseudo dice [0.6996, 0.8124, 0.6775]
2026-07-05 22:25:29.876527: Epoch time: 76.56 s
2026-07-05 22:25:31.158146: 
2026-07-05 22:25:31.159071: Epoch 54
2026-07-05 22:25:31.159716: Current learning rate: 0.00067
2026-07-05 22:26:47.776245: train_loss -0.2396
2026-07-05 22:26:47.777374: val_loss -0.198
2026-07-05 22:26:47.777487: Pseudo dice [0.7373, 0.8244, 0.7218]
2026-07-05 22:26:47.777582: Epoch time: 76.62 s
2026-07-05 22:26:47.777657: Yayy! New best EMA pseudo Dice: 0.7439
2026-07-05 22:26:49.007075: 
2026-07-05 22:26:49.008267: Epoch 55
2026-07-05 22:26:49.008408: Current learning rate: 0.00066
2026-07-05 22:28:05.619690: train_loss -0.2188
2026-07-05 22:28:05.621232: val_loss -0.1557
2026-07-05 22:28:05.621351: Pseudo dice [0.7236, 0.8115, 0.7229]
2026-07-05 22:28:05.621449: Epoch time: 76.61 s
2026-07-05 22:28:05.621525: Yayy! New best EMA pseudo Dice: 0.7447
2026-07-05 22:28:07.013226: 
2026-07-05 22:28:07.014487: Epoch 56
2026-07-05 22:28:07.014618: Current learning rate: 0.00066
2026-07-05 22:29:23.660167: train_loss -0.2194
2026-07-05 22:29:23.668323: val_loss -0.1517
2026-07-05 22:29:23.668468: Pseudo dice [0.7213, 0.8101, 0.7103]
2026-07-05 22:29:23.668565: Epoch time: 76.65 s
2026-07-05 22:29:23.668641: Yayy! New best EMA pseudo Dice: 0.745
2026-07-05 22:29:24.922575: 
2026-07-05 22:29:24.923902: Epoch 57
2026-07-05 22:29:24.924047: Current learning rate: 0.00065
2026-07-05 22:30:41.500097: train_loss -0.2352
2026-07-05 22:30:41.505476: val_loss -0.2376
2026-07-05 22:30:41.505615: Pseudo dice [0.7203, 0.8321, 0.7397]
2026-07-05 22:30:41.505717: Epoch time: 76.58 s
2026-07-05 22:30:41.505795: Yayy! New best EMA pseudo Dice: 0.7469
2026-07-05 22:30:42.750751: 
2026-07-05 22:30:42.751864: Epoch 58
2026-07-05 22:30:42.752007: Current learning rate: 0.00064
2026-07-05 22:31:59.417045: train_loss -0.226
2026-07-05 22:31:59.418296: val_loss -0.2918
2026-07-05 22:31:59.418412: Pseudo dice [0.7316, 0.836, 0.7524]
2026-07-05 22:31:59.418502: Epoch time: 76.67 s
2026-07-05 22:31:59.418574: Yayy! New best EMA pseudo Dice: 0.7495
2026-07-05 22:32:00.667048: 
2026-07-05 22:32:00.668067: Epoch 59
2026-07-05 22:32:00.668202: Current learning rate: 0.00064
2026-07-05 22:33:17.262312: train_loss -0.267
2026-07-05 22:33:17.263642: val_loss -0.1831
2026-07-05 22:33:17.263759: Pseudo dice [0.7085, 0.8107, 0.7295]
2026-07-05 22:33:17.263862: Epoch time: 76.6 s
2026-07-05 22:33:17.263941: Yayy! New best EMA pseudo Dice: 0.7495
2026-07-05 22:33:18.516031: 
2026-07-05 22:33:18.517304: Epoch 60
2026-07-05 22:33:18.517441: Current learning rate: 0.00063
2026-07-05 22:34:35.179184: train_loss -0.2299
2026-07-05 22:34:35.180578: val_loss -0.2588
2026-07-05 22:34:35.180693: Pseudo dice [0.7247, 0.8349, 0.7462]
2026-07-05 22:34:35.180784: Epoch time: 76.66 s
2026-07-05 22:34:35.180872: Yayy! New best EMA pseudo Dice: 0.7514
2026-07-05 22:34:36.438692: 
2026-07-05 22:34:36.442415: Epoch 61
2026-07-05 22:34:36.442559: Current learning rate: 0.00063
2026-07-05 22:35:53.043830: train_loss -0.2489
2026-07-05 22:35:53.045404: val_loss -0.1792
2026-07-05 22:35:53.045518: Pseudo dice [0.701, 0.8217, 0.7293]
2026-07-05 22:35:53.045609: Epoch time: 76.61 s
2026-07-05 22:35:54.211209: 
2026-07-05 22:35:54.212520: Epoch 62
2026-07-05 22:35:54.212658: Current learning rate: 0.00062
2026-07-05 22:37:10.849014: train_loss -0.268
2026-07-05 22:37:10.850425: val_loss -0.1483
2026-07-05 22:37:10.850549: Pseudo dice [0.6904, 0.849, 0.7032]
2026-07-05 22:37:10.850649: Epoch time: 76.64 s
2026-07-05 22:37:12.030317: 
2026-07-05 22:37:12.031716: Epoch 63
2026-07-05 22:37:12.031857: Current learning rate: 0.00061
2026-07-05 22:38:28.632057: train_loss -0.2686
2026-07-05 22:38:28.633623: val_loss -0.1736
2026-07-05 22:38:28.633737: Pseudo dice [0.7072, 0.8397, 0.6975]
2026-07-05 22:38:28.633837: Epoch time: 76.6 s
2026-07-05 22:38:29.806762: 
2026-07-05 22:38:29.807943: Epoch 64
2026-07-05 22:38:29.808080: Current learning rate: 0.00061
2026-07-05 22:39:46.431878: train_loss -0.2673
2026-07-05 22:39:46.433310: val_loss -0.1254
2026-07-05 22:39:46.433423: Pseudo dice [0.6893, 0.818, 0.714]
2026-07-05 22:39:46.433514: Epoch time: 76.63 s
2026-07-05 22:39:47.601516: 
2026-07-05 22:39:47.602623: Epoch 65
2026-07-05 22:39:47.602761: Current learning rate: 0.0006
2026-07-05 22:41:04.250032: train_loss -0.2579
2026-07-05 22:41:04.251939: val_loss -0.2249
2026-07-05 22:41:04.252052: Pseudo dice [0.7264, 0.8295, 0.7471]
2026-07-05 22:41:04.252145: Epoch time: 76.65 s
2026-07-05 22:41:04.252218: Yayy! New best EMA pseudo Dice: 0.7515
2026-07-05 22:41:05.505691: 
2026-07-05 22:41:05.508228: Epoch 66
2026-07-05 22:41:05.508357: Current learning rate: 0.00059
2026-07-05 22:42:22.108610: train_loss -0.3042
2026-07-05 22:42:22.111773: val_loss -0.2499
2026-07-05 22:42:22.111907: Pseudo dice [0.7436, 0.8279, 0.7432]
2026-07-05 22:42:22.112003: Epoch time: 76.6 s
2026-07-05 22:42:22.112076: Yayy! New best EMA pseudo Dice: 0.7535
2026-07-05 22:42:23.368519: 
2026-07-05 22:42:23.369853: Epoch 67
2026-07-05 22:42:23.370029: Current learning rate: 0.00059
2026-07-05 22:43:40.018426: train_loss -0.2865
2026-07-05 22:43:40.019778: val_loss -0.2537
2026-07-05 22:43:40.019901: Pseudo dice [0.7382, 0.8467, 0.7261]
2026-07-05 22:43:40.019994: Epoch time: 76.65 s
2026-07-05 22:43:40.020069: Yayy! New best EMA pseudo Dice: 0.7552
2026-07-05 22:43:41.279235: 
2026-07-05 22:43:41.280768: Epoch 68
2026-07-05 22:43:41.280906: Current learning rate: 0.00058
2026-07-05 22:44:57.899481: train_loss -0.2858
2026-07-05 22:44:57.901945: val_loss -0.1731
2026-07-05 22:44:57.902064: Pseudo dice [0.6978, 0.8377, 0.7157]
2026-07-05 22:44:57.902165: Epoch time: 76.62 s
2026-07-05 22:44:59.065915: 
2026-07-05 22:44:59.066071: Epoch 69
2026-07-05 22:44:59.066195: Current learning rate: 0.00057
2026-07-05 22:46:15.723616: train_loss -0.3063
2026-07-05 22:46:15.724209: val_loss -0.2307
2026-07-05 22:46:15.724336: Pseudo dice [0.7407, 0.8284, 0.7328]
2026-07-05 22:46:15.724436: Epoch time: 76.66 s
2026-07-05 22:46:15.724514: Yayy! New best EMA pseudo Dice: 0.756
2026-07-05 22:46:16.965992: 
2026-07-05 22:46:16.966137: Epoch 70
2026-07-05 22:46:16.966261: Current learning rate: 0.00057
2026-07-05 22:47:33.586986: train_loss -0.3052
2026-07-05 22:47:33.587234: val_loss -0.2424
2026-07-05 22:47:33.587341: Pseudo dice [0.729, 0.8219, 0.7415]
2026-07-05 22:47:33.587432: Epoch time: 76.62 s
2026-07-05 22:47:33.587504: Yayy! New best EMA pseudo Dice: 0.7568
2026-07-05 22:47:34.835315: 
2026-07-05 22:47:34.835478: Epoch 71
2026-07-05 22:47:34.835603: Current learning rate: 0.00056
2026-07-05 22:48:51.522846: train_loss -0.3089
2026-07-05 22:48:51.523071: val_loss -0.0129
2026-07-05 22:48:51.523177: Pseudo dice [0.6874, 0.8335, 0.6381]
2026-07-05 22:48:51.523268: Epoch time: 76.69 s
2026-07-05 22:48:52.674017: 
2026-07-05 22:48:52.674165: Epoch 72
2026-07-05 22:48:52.674288: Current learning rate: 0.00056
2026-07-05 22:50:09.247478: train_loss -0.3395
2026-07-05 22:50:09.247694: val_loss -0.174
2026-07-05 22:50:09.247801: Pseudo dice [0.7292, 0.8158, 0.7215]
2026-07-05 22:50:09.247916: Epoch time: 76.57 s
2026-07-05 22:50:10.405753: 
2026-07-05 22:50:10.405934: Epoch 73
2026-07-05 22:50:10.406058: Current learning rate: 0.00055
2026-07-05 22:51:26.990005: train_loss -0.3169
2026-07-05 22:51:26.990244: val_loss -0.2705
2026-07-05 22:51:26.990355: Pseudo dice [0.7396, 0.8506, 0.7389]
2026-07-05 22:51:26.990457: Epoch time: 76.59 s
2026-07-05 22:51:28.148943: 
2026-07-05 22:51:28.149105: Epoch 74
2026-07-05 22:51:28.149230: Current learning rate: 0.00054
2026-07-05 22:52:44.807331: train_loss -0.3556
2026-07-05 22:52:44.807576: val_loss -0.1507
2026-07-05 22:52:44.807681: Pseudo dice [0.7111, 0.8475, 0.7208]
2026-07-05 22:52:44.807775: Epoch time: 76.66 s
2026-07-05 22:52:46.056454: 
2026-07-05 22:52:46.056622: Epoch 75
2026-07-05 22:52:46.056747: Current learning rate: 0.00054
2026-07-05 22:54:02.661176: train_loss -0.3373
2026-07-05 22:54:02.664042: val_loss -0.2247
2026-07-05 22:54:02.664159: Pseudo dice [0.7245, 0.8394, 0.7187]
2026-07-05 22:54:02.664262: Epoch time: 76.61 s
2026-07-05 22:54:03.823338: 
2026-07-05 22:54:03.833204: Epoch 76
2026-07-05 22:54:03.833342: Current learning rate: 0.00053
2026-07-05 22:55:20.490072: train_loss -0.3315
2026-07-05 22:55:20.491348: val_loss -0.1736
2026-07-05 22:55:20.491473: Pseudo dice [0.7279, 0.8291, 0.7041]
2026-07-05 22:55:20.491573: Epoch time: 76.67 s
2026-07-05 22:55:21.659457: 
2026-07-05 22:55:21.660525: Epoch 77
2026-07-05 22:55:21.660668: Current learning rate: 0.00052
2026-07-05 22:56:38.293051: train_loss -0.3214
2026-07-05 22:56:38.294823: val_loss -0.2179
2026-07-05 22:56:38.294940: Pseudo dice [0.7179, 0.8389, 0.724]
2026-07-05 22:56:38.295039: Epoch time: 76.63 s
2026-07-05 22:56:39.461154: 
2026-07-05 22:56:39.462102: Epoch 78
2026-07-05 22:56:39.462234: Current learning rate: 0.00052
2026-07-05 22:57:56.018878: train_loss -0.3222
2026-07-05 22:57:56.030657: val_loss -0.1774
2026-07-05 22:57:56.030795: Pseudo dice [0.7277, 0.8241, 0.7139]
2026-07-05 22:57:56.030908: Epoch time: 76.56 s
2026-07-05 22:57:57.368169: 
2026-07-05 22:57:57.369161: Epoch 79
2026-07-05 22:57:57.369307: Current learning rate: 0.00051
2026-07-05 22:59:13.956147: train_loss -0.3207
2026-07-05 22:59:13.957210: val_loss -0.262
2026-07-05 22:59:13.957324: Pseudo dice [0.7365, 0.8386, 0.7543]
2026-07-05 22:59:13.957422: Epoch time: 76.59 s
2026-07-05 22:59:13.957496: Yayy! New best EMA pseudo Dice: 0.7585
2026-07-05 22:59:15.214411: 
2026-07-05 22:59:15.215401: Epoch 80
2026-07-05 22:59:15.215556: Current learning rate: 0.0005
2026-07-05 23:00:31.821986: train_loss -0.3701
2026-07-05 23:00:31.823209: val_loss -0.2128
2026-07-05 23:00:31.823326: Pseudo dice [0.73, 0.8376, 0.7238]
2026-07-05 23:00:31.823429: Epoch time: 76.61 s
2026-07-05 23:00:31.823503: Yayy! New best EMA pseudo Dice: 0.759
2026-07-05 23:00:33.258242: 
2026-07-05 23:00:33.259279: Epoch 81
2026-07-05 23:00:33.259420: Current learning rate: 0.0005
2026-07-05 23:01:49.895360: train_loss -0.3384
2026-07-05 23:01:49.896822: val_loss -0.2466
2026-07-05 23:01:49.896942: Pseudo dice [0.7352, 0.8185, 0.7431]
2026-07-05 23:01:49.897044: Epoch time: 76.64 s
2026-07-05 23:01:49.897125: Yayy! New best EMA pseudo Dice: 0.7597
2026-07-05 23:01:51.153938: 
2026-07-05 23:01:51.155205: Epoch 82
2026-07-05 23:01:51.155338: Current learning rate: 0.00049
2026-07-05 23:03:07.733740: train_loss -0.3391
2026-07-05 23:03:07.735221: val_loss -0.2784
2026-07-05 23:03:07.735346: Pseudo dice [0.7386, 0.8449, 0.7593]
2026-07-05 23:03:07.735444: Epoch time: 76.58 s
2026-07-05 23:03:07.735526: Yayy! New best EMA pseudo Dice: 0.7618
2026-07-05 23:03:08.961211: 
2026-07-05 23:03:08.962545: Epoch 83
2026-07-05 23:03:08.962681: Current learning rate: 0.00048
2026-07-05 23:04:25.671330: train_loss -0.3263
2026-07-05 23:04:25.672964: val_loss -0.2346
2026-07-05 23:04:25.673083: Pseudo dice [0.7401, 0.8439, 0.7381]
2026-07-05 23:04:25.673182: Epoch time: 76.71 s
2026-07-05 23:04:25.673258: Yayy! New best EMA pseudo Dice: 0.763
2026-07-05 23:04:26.896758: 
2026-07-05 23:04:26.898089: Epoch 84
2026-07-05 23:04:26.898230: Current learning rate: 0.00048
2026-07-05 23:05:43.475657: train_loss -0.3825
2026-07-05 23:05:43.477000: val_loss -0.2508
2026-07-05 23:05:43.477116: Pseudo dice [0.7556, 0.8448, 0.7565]
2026-07-05 23:05:43.477210: Epoch time: 76.58 s
2026-07-05 23:05:43.477281: Yayy! New best EMA pseudo Dice: 0.7653
2026-07-05 23:05:44.701618: 
2026-07-05 23:05:44.703073: Epoch 85
2026-07-05 23:05:44.703208: Current learning rate: 0.00047
2026-07-05 23:07:01.363016: train_loss -0.3296
2026-07-05 23:07:01.364709: val_loss -0.1863
2026-07-05 23:07:01.364830: Pseudo dice [0.74, 0.8204, 0.7358]
2026-07-05 23:07:01.364967: Epoch time: 76.66 s
2026-07-05 23:07:01.365047: Yayy! New best EMA pseudo Dice: 0.7653
2026-07-05 23:07:02.581902: 
2026-07-05 23:07:02.583248: Epoch 86
2026-07-05 23:07:02.583380: Current learning rate: 0.00046
2026-07-05 23:08:19.187408: train_loss -0.397
2026-07-05 23:08:19.188891: val_loss -0.2219
2026-07-05 23:08:19.189016: Pseudo dice [0.7365, 0.8342, 0.7489]
2026-07-05 23:08:19.189400: Epoch time: 76.61 s
2026-07-05 23:08:19.189485: Yayy! New best EMA pseudo Dice: 0.7661
2026-07-05 23:08:20.427187: 
2026-07-05 23:08:20.428563: Epoch 87
2026-07-05 23:08:20.428699: Current learning rate: 0.00046
2026-07-05 23:09:37.163142: train_loss -0.3808
2026-07-05 23:09:37.164547: val_loss -0.2517
2026-07-05 23:09:37.164662: Pseudo dice [0.7329, 0.8452, 0.7602]
2026-07-05 23:09:37.164754: Epoch time: 76.74 s
2026-07-05 23:09:37.164835: Yayy! New best EMA pseudo Dice: 0.7674
2026-07-05 23:09:38.390752: 
2026-07-05 23:09:38.392148: Epoch 88
2026-07-05 23:09:38.392293: Current learning rate: 0.00045
2026-07-05 23:10:54.959441: train_loss -0.3516
2026-07-05 23:10:54.960841: val_loss -0.2438
2026-07-05 23:10:54.960959: Pseudo dice [0.7394, 0.8415, 0.7317]
2026-07-05 23:10:54.961061: Epoch time: 76.57 s
2026-07-05 23:10:54.961136: Yayy! New best EMA pseudo Dice: 0.7678
2026-07-05 23:10:56.190295: 
2026-07-05 23:10:56.191755: Epoch 89
2026-07-05 23:10:56.191890: Current learning rate: 0.00044
2026-07-05 23:12:12.796289: train_loss -0.3769
2026-07-05 23:12:12.797662: val_loss -0.2733
2026-07-05 23:12:12.797776: Pseudo dice [0.7383, 0.8256, 0.7569]
2026-07-05 23:12:12.797878: Epoch time: 76.61 s
2026-07-05 23:12:12.797953: Yayy! New best EMA pseudo Dice: 0.7683
2026-07-05 23:12:14.165362: 
2026-07-05 23:12:14.166518: Epoch 90
2026-07-05 23:12:14.166657: Current learning rate: 0.00044
2026-07-05 23:13:30.763660: train_loss -0.3522
2026-07-05 23:13:30.765403: val_loss -0.274
2026-07-05 23:13:30.765520: Pseudo dice [0.7484, 0.8396, 0.7573]
2026-07-05 23:13:30.765610: Epoch time: 76.6 s
2026-07-05 23:13:30.765682: Yayy! New best EMA pseudo Dice: 0.7697
2026-07-05 23:13:31.989364: 
2026-07-05 23:13:31.990532: Epoch 91
2026-07-05 23:13:31.990669: Current learning rate: 0.00043
2026-07-05 23:14:48.572545: train_loss -0.4026
2026-07-05 23:14:48.573908: val_loss -0.2729
2026-07-05 23:14:48.574021: Pseudo dice [0.7365, 0.8493, 0.7416]
2026-07-05 23:14:48.574111: Epoch time: 76.58 s
2026-07-05 23:14:48.574184: Yayy! New best EMA pseudo Dice: 0.7703
2026-07-05 23:14:49.952334: 
2026-07-05 23:14:49.953628: Epoch 92
2026-07-05 23:14:49.953764: Current learning rate: 0.00043
2026-07-05 23:16:06.574330: train_loss -0.3868
2026-07-05 23:16:06.575966: val_loss -0.2471
2026-07-05 23:16:06.576082: Pseudo dice [0.7419, 0.8512, 0.7265]
2026-07-05 23:16:06.576179: Epoch time: 76.62 s
2026-07-05 23:16:06.576253: Yayy! New best EMA pseudo Dice: 0.7706
2026-07-05 23:16:07.812449: 
2026-07-05 23:16:07.813745: Epoch 93
2026-07-05 23:16:07.813884: Current learning rate: 0.00042
2026-07-05 23:17:24.397727: train_loss -0.4003
2026-07-05 23:17:24.399201: val_loss -0.2412
2026-07-05 23:17:24.399319: Pseudo dice [0.7291, 0.8365, 0.7392]
2026-07-05 23:17:24.399417: Epoch time: 76.59 s
2026-07-05 23:17:25.541595: 
2026-07-05 23:17:25.545810: Epoch 94
2026-07-05 23:17:25.545944: Current learning rate: 0.00041
2026-07-05 23:18:42.203765: train_loss -0.4197
2026-07-05 23:18:42.205280: val_loss -0.3005
2026-07-05 23:18:42.205394: Pseudo dice [0.7396, 0.8511, 0.7738]
2026-07-05 23:18:42.205486: Epoch time: 76.66 s
2026-07-05 23:18:42.205559: Yayy! New best EMA pseudo Dice: 0.7721
2026-07-05 23:18:43.437475: 
2026-07-05 23:18:43.438466: Epoch 95
2026-07-05 23:18:43.438599: Current learning rate: 0.00041
2026-07-05 23:20:00.048488: train_loss -0.3883
2026-07-05 23:20:00.049909: val_loss -0.2329
2026-07-05 23:20:00.050028: Pseudo dice [0.73, 0.8535, 0.7234]
2026-07-05 23:20:00.050121: Epoch time: 76.61 s
2026-07-05 23:20:01.196307: 
2026-07-05 23:20:01.197451: Epoch 96
2026-07-05 23:20:01.197582: Current learning rate: 0.0004
2026-07-05 23:21:17.816263: train_loss -0.4262
2026-07-05 23:21:17.817465: val_loss -0.2184
2026-07-05 23:21:17.817585: Pseudo dice [0.7415, 0.8287, 0.7285]
2026-07-05 23:21:17.817679: Epoch time: 76.62 s
2026-07-05 23:21:19.110520: 
2026-07-05 23:21:19.111537: Epoch 97
2026-07-05 23:21:19.111673: Current learning rate: 0.00039
2026-07-05 23:22:35.705366: train_loss -0.3928
2026-07-05 23:22:35.706514: val_loss -0.2224
2026-07-05 23:22:35.706627: Pseudo dice [0.7401, 0.8369, 0.732]
2026-07-05 23:22:35.706716: Epoch time: 76.6 s
2026-07-05 23:22:36.852297: 
2026-07-05 23:22:36.853330: Epoch 98
2026-07-05 23:22:36.853462: Current learning rate: 0.00039
2026-07-05 23:23:53.452969: train_loss -0.4301
2026-07-05 23:23:53.454636: val_loss -0.2889
2026-07-05 23:23:53.454753: Pseudo dice [0.7484, 0.8489, 0.7463]
2026-07-05 23:23:53.454854: Epoch time: 76.6 s
2026-07-05 23:23:54.619507: 
2026-07-05 23:23:54.620869: Epoch 99
2026-07-05 23:23:54.621006: Current learning rate: 0.00038
2026-07-05 23:25:11.312668: train_loss -0.4167
2026-07-05 23:25:11.313963: val_loss -0.1982
2026-07-05 23:25:11.314075: Pseudo dice [0.7311, 0.8276, 0.7319]
2026-07-05 23:25:11.314166: Epoch time: 76.69 s
2026-07-05 23:25:12.547177: 
2026-07-05 23:25:12.548502: Epoch 100
2026-07-05 23:25:12.548635: Current learning rate: 0.00037
2026-07-05 23:26:29.105478: train_loss -0.4089
2026-07-05 23:26:29.106828: val_loss -0.3241
2026-07-05 23:26:29.106941: Pseudo dice [0.7508, 0.8518, 0.7825]
2026-07-05 23:26:29.107034: Epoch time: 76.56 s
2026-07-05 23:26:29.107106: Yayy! New best EMA pseudo Dice: 0.7736
2026-07-05 23:26:30.349718: 
2026-07-05 23:26:30.350867: Epoch 101
2026-07-05 23:26:30.350999: Current learning rate: 0.00037
2026-07-05 23:27:46.982234: train_loss -0.403
2026-07-05 23:27:46.983573: val_loss -0.2299
2026-07-05 23:27:46.983689: Pseudo dice [0.7398, 0.8472, 0.7259]
2026-07-05 23:27:46.983777: Epoch time: 76.63 s
2026-07-05 23:27:48.131360: 
2026-07-05 23:27:48.133279: Epoch 102
2026-07-05 23:27:48.133415: Current learning rate: 0.00036
2026-07-05 23:29:04.739098: train_loss -0.4279
2026-07-05 23:29:04.756383: val_loss -0.3273
2026-07-05 23:29:04.756525: Pseudo dice [0.7492, 0.8393, 0.7697]
2026-07-05 23:29:04.756622: Epoch time: 76.61 s
2026-07-05 23:29:04.756698: Yayy! New best EMA pseudo Dice: 0.7746
2026-07-05 23:29:06.012163: 
2026-07-05 23:29:06.013462: Epoch 103
2026-07-05 23:29:06.013595: Current learning rate: 0.00035
2026-07-05 23:30:22.634937: train_loss -0.4003
2026-07-05 23:30:22.639768: val_loss -0.2926
2026-07-05 23:30:22.639900: Pseudo dice [0.7443, 0.8417, 0.7561]
2026-07-05 23:30:22.639993: Epoch time: 76.62 s
2026-07-05 23:30:22.640069: Yayy! New best EMA pseudo Dice: 0.7752
2026-07-05 23:30:24.024889: 
2026-07-05 23:30:24.026099: Epoch 104
2026-07-05 23:30:24.026235: Current learning rate: 0.00035
2026-07-05 23:31:40.602793: train_loss -0.4345
2026-07-05 23:31:40.608004: val_loss -0.2906
2026-07-05 23:31:40.608125: Pseudo dice [0.7429, 0.848, 0.7424]
2026-07-05 23:31:40.608218: Epoch time: 76.58 s
2026-07-05 23:31:40.608290: Yayy! New best EMA pseudo Dice: 0.7755
2026-07-05 23:31:41.856483: 
2026-07-05 23:31:41.859874: Epoch 105
2026-07-05 23:31:41.860011: Current learning rate: 0.00034
2026-07-05 23:32:58.474639: train_loss -0.4363
2026-07-05 23:32:58.476065: val_loss -0.2793
2026-07-05 23:32:58.476177: Pseudo dice [0.7459, 0.8359, 0.7603]
2026-07-05 23:32:58.476267: Epoch time: 76.62 s
2026-07-05 23:32:58.476339: Yayy! New best EMA pseudo Dice: 0.776
2026-07-05 23:32:59.860248: 
2026-07-05 23:32:59.861871: Epoch 106
2026-07-05 23:32:59.862022: Current learning rate: 0.00033
2026-07-05 23:34:16.429018: train_loss -0.4396
2026-07-05 23:34:16.430380: val_loss -0.298
2026-07-05 23:34:16.430500: Pseudo dice [0.7375, 0.8468, 0.7716]
2026-07-05 23:34:16.430592: Epoch time: 76.57 s
2026-07-05 23:34:16.430668: Yayy! New best EMA pseudo Dice: 0.7769
2026-07-05 23:34:17.677647: 
2026-07-05 23:34:17.678824: Epoch 107
2026-07-05 23:34:17.678957: Current learning rate: 0.00032
2026-07-05 23:35:34.256260: train_loss -0.4442
2026-07-05 23:35:34.257857: val_loss -0.2218
2026-07-05 23:35:34.257986: Pseudo dice [0.7425, 0.8322, 0.7455]
2026-07-05 23:35:34.258084: Epoch time: 76.58 s
2026-07-05 23:35:35.422513: 
2026-07-05 23:35:35.424134: Epoch 108
2026-07-05 23:35:35.424270: Current learning rate: 0.00032
2026-07-05 23:36:52.105476: train_loss -0.4361
2026-07-05 23:36:52.106964: val_loss -0.2833
2026-07-05 23:36:52.107082: Pseudo dice [0.7544, 0.8486, 0.7615]
2026-07-05 23:36:52.107175: Epoch time: 76.68 s
2026-07-05 23:36:52.107256: Yayy! New best EMA pseudo Dice: 0.7777
2026-07-05 23:36:53.358000: 
2026-07-05 23:36:53.359276: Epoch 109
2026-07-05 23:36:53.359413: Current learning rate: 0.00031
2026-07-05 23:38:09.984358: train_loss -0.4523
2026-07-05 23:38:09.985802: val_loss -0.266
2026-07-05 23:38:09.985925: Pseudo dice [0.7469, 0.8268, 0.7521]
2026-07-05 23:38:09.986017: Epoch time: 76.63 s
2026-07-05 23:38:11.144969: 
2026-07-05 23:38:11.146122: Epoch 110
2026-07-05 23:38:11.146254: Current learning rate: 0.0003
2026-07-05 23:39:27.794090: train_loss -0.4345
2026-07-05 23:39:27.795516: val_loss -0.3165
2026-07-05 23:39:27.795631: Pseudo dice [0.7529, 0.8526, 0.7742]
2026-07-05 23:39:27.795719: Epoch time: 76.65 s
2026-07-05 23:39:27.795792: Yayy! New best EMA pseudo Dice: 0.7791
2026-07-05 23:39:29.049294: 
2026-07-05 23:39:29.052488: Epoch 111
2026-07-05 23:39:29.052646: Current learning rate: 0.0003
2026-07-05 23:40:45.660269: train_loss -0.458
2026-07-05 23:40:45.661675: val_loss -0.3153
2026-07-05 23:40:45.661798: Pseudo dice [0.7519, 0.8511, 0.7598]
2026-07-05 23:40:45.661903: Epoch time: 76.61 s
2026-07-05 23:40:45.661982: Yayy! New best EMA pseudo Dice: 0.7799
2026-07-05 23:40:46.907230: 
2026-07-05 23:40:46.908449: Epoch 112
2026-07-05 23:40:46.908584: Current learning rate: 0.00029
2026-07-05 23:42:03.574274: train_loss -0.469
2026-07-05 23:42:03.575645: val_loss -0.2697
2026-07-05 23:42:03.575766: Pseudo dice [0.7284, 0.8447, 0.7446]
2026-07-05 23:42:03.575868: Epoch time: 76.67 s
2026-07-05 23:42:04.732127: 
2026-07-05 23:42:04.733102: Epoch 113
2026-07-05 23:42:04.733237: Current learning rate: 0.00028
2026-07-05 23:43:21.311959: train_loss -0.4561
2026-07-05 23:43:21.313246: val_loss -0.3541
2026-07-05 23:43:21.313365: Pseudo dice [0.7578, 0.8559, 0.7689]
2026-07-05 23:43:21.313462: Epoch time: 76.58 s
2026-07-05 23:43:21.313540: Yayy! New best EMA pseudo Dice: 0.7807
2026-07-05 23:43:22.551229: 
2026-07-05 23:43:22.552312: Epoch 114
2026-07-05 23:43:22.552441: Current learning rate: 0.00028
2026-07-05 23:44:39.123739: train_loss -0.4509
2026-07-05 23:44:39.125766: val_loss -0.2845
2026-07-05 23:44:39.125887: Pseudo dice [0.755, 0.8467, 0.7558]
2026-07-05 23:44:39.125983: Epoch time: 76.57 s
2026-07-05 23:44:39.126064: Yayy! New best EMA pseudo Dice: 0.7812
2026-07-05 23:44:40.533820: 
2026-07-05 23:44:40.535052: Epoch 115
2026-07-05 23:44:40.535184: Current learning rate: 0.00027
2026-07-05 23:45:57.162009: train_loss -0.4767
2026-07-05 23:45:57.163192: val_loss -0.3185
2026-07-05 23:45:57.163307: Pseudo dice [0.7526, 0.8448, 0.7539]
2026-07-05 23:45:57.163406: Epoch time: 76.63 s
2026-07-05 23:45:57.163484: Yayy! New best EMA pseudo Dice: 0.7815
2026-07-05 23:45:58.420015: 
2026-07-05 23:45:58.421321: Epoch 116
2026-07-05 23:45:58.421453: Current learning rate: 0.00026
2026-07-05 23:47:14.994432: train_loss -0.4706
2026-07-05 23:47:14.995669: val_loss -0.2632
2026-07-05 23:47:14.995783: Pseudo dice [0.7575, 0.8587, 0.7496]
2026-07-05 23:47:14.995890: Epoch time: 76.58 s
2026-07-05 23:47:14.995967: Yayy! New best EMA pseudo Dice: 0.7822
2026-07-05 23:47:16.253675: 
2026-07-05 23:47:16.254853: Epoch 117
2026-07-05 23:47:16.254993: Current learning rate: 0.00026
2026-07-05 23:48:32.899947: train_loss -0.4569
2026-07-05 23:48:32.901344: val_loss -0.3293
2026-07-05 23:48:32.901459: Pseudo dice [0.7541, 0.855, 0.7624]
2026-07-05 23:48:32.901554: Epoch time: 76.65 s
2026-07-05 23:48:32.901628: Yayy! New best EMA pseudo Dice: 0.783
2026-07-05 23:48:34.152439: 
2026-07-05 23:48:34.153597: Epoch 118
2026-07-05 23:48:34.153731: Current learning rate: 0.00025
2026-07-05 23:49:50.763242: train_loss -0.4636
2026-07-05 23:49:50.769505: val_loss -0.3123
2026-07-05 23:49:50.769628: Pseudo dice [0.7448, 0.8498, 0.7535]
2026-07-05 23:49:50.770332: Epoch time: 76.61 s
2026-07-05 23:49:51.938836: 
2026-07-05 23:49:51.940153: Epoch 119
2026-07-05 23:49:51.940285: Current learning rate: 0.00024
2026-07-05 23:51:08.610158: train_loss -0.4913
2026-07-05 23:51:08.611414: val_loss -0.2897
2026-07-05 23:51:08.611530: Pseudo dice [0.7531, 0.855, 0.755]
2026-07-05 23:51:08.611630: Epoch time: 76.67 s
2026-07-05 23:51:08.611707: Yayy! New best EMA pseudo Dice: 0.7835
2026-07-05 23:51:09.878922: 
2026-07-05 23:51:09.880155: Epoch 120
2026-07-05 23:51:09.880290: Current learning rate: 0.00023
2026-07-05 23:52:26.477083: train_loss -0.4755
2026-07-05 23:52:26.478663: val_loss -0.2541
2026-07-05 23:52:26.478779: Pseudo dice [0.7487, 0.8463, 0.7352]
2026-07-05 23:52:26.478884: Epoch time: 76.6 s
2026-07-05 23:52:27.648498: 
2026-07-05 23:52:27.650797: Epoch 121
2026-07-05 23:52:27.650937: Current learning rate: 0.00023
2026-07-05 23:53:44.331297: train_loss -0.4844
2026-07-05 23:53:44.333930: val_loss -0.2801
2026-07-05 23:53:44.334052: Pseudo dice [0.7472, 0.8512, 0.749]
2026-07-05 23:53:44.334143: Epoch time: 76.68 s
2026-07-05 23:53:45.504586: 
2026-07-05 23:53:45.506028: Epoch 122
2026-07-05 23:53:45.506162: Current learning rate: 0.00022
2026-07-05 23:55:02.129232: train_loss -0.4776
2026-07-05 23:55:02.130710: val_loss -0.284
2026-07-05 23:55:02.130835: Pseudo dice [0.741, 0.8391, 0.7643]
2026-07-05 23:55:02.130927: Epoch time: 76.63 s
2026-07-05 23:55:03.298123: 
2026-07-05 23:55:03.299279: Epoch 123
2026-07-05 23:55:03.299410: Current learning rate: 0.00021
2026-07-05 23:56:19.859733: train_loss -0.4729
2026-07-05 23:56:19.861339: val_loss -0.2785
2026-07-05 23:56:19.861461: Pseudo dice [0.7506, 0.8401, 0.7504]
2026-07-05 23:56:19.861558: Epoch time: 76.56 s
2026-07-05 23:56:21.034733: 
2026-07-05 23:56:21.035703: Epoch 124
2026-07-05 23:56:21.035838: Current learning rate: 0.00021
2026-07-05 23:57:37.693837: train_loss -0.4924
2026-07-05 23:57:37.695248: val_loss -0.2923
2026-07-05 23:57:37.695372: Pseudo dice [0.7515, 0.8431, 0.7701]
2026-07-05 23:57:37.695461: Epoch time: 76.66 s
2026-07-05 23:57:38.972088: 
2026-07-05 23:57:38.973292: Epoch 125
2026-07-05 23:57:38.973425: Current learning rate: 0.0002
2026-07-05 23:58:55.575907: train_loss -0.4879
2026-07-05 23:58:55.577354: val_loss -0.2905
2026-07-05 23:58:55.577473: Pseudo dice [0.7564, 0.8411, 0.7573]
2026-07-05 23:58:55.577569: Epoch time: 76.61 s
2026-07-05 23:58:56.748573: 
2026-07-05 23:58:56.749867: Epoch 126
2026-07-05 23:58:56.750001: Current learning rate: 0.00019
2026-07-06 00:00:13.384901: train_loss -0.5109
2026-07-06 00:00:13.386460: val_loss -0.235
2026-07-06 00:00:13.386576: Pseudo dice [0.7392, 0.8372, 0.7489]
2026-07-06 00:00:13.386665: Epoch time: 76.64 s
2026-07-06 00:00:14.547511: 
2026-07-06 00:00:14.548817: Epoch 127
2026-07-06 00:00:14.548958: Current learning rate: 0.00018
2026-07-06 00:01:31.139745: train_loss -0.484
2026-07-06 00:01:31.140886: val_loss -0.3225
2026-07-06 00:01:31.141002: Pseudo dice [0.75, 0.8548, 0.7742]
2026-07-06 00:01:31.141098: Epoch time: 76.59 s
2026-07-06 00:01:32.314004: 
2026-07-06 00:01:32.315101: Epoch 128
2026-07-06 00:01:32.315242: Current learning rate: 0.00018
2026-07-06 00:02:48.933405: train_loss -0.4788
2026-07-06 00:02:48.934853: val_loss -0.2816
2026-07-06 00:02:48.934979: Pseudo dice [0.753, 0.8505, 0.7353]
2026-07-06 00:02:48.935077: Epoch time: 76.62 s
2026-07-06 00:02:50.226589: 
2026-07-06 00:02:50.227841: Epoch 129
2026-07-06 00:02:50.227975: Current learning rate: 0.00017
2026-07-06 00:04:06.799565: train_loss -0.5157
2026-07-06 00:04:06.800944: val_loss -0.3544
2026-07-06 00:04:06.801063: Pseudo dice [0.755, 0.8543, 0.7776]
2026-07-06 00:04:06.801153: Epoch time: 76.57 s
2026-07-06 00:04:06.801225: Yayy! New best EMA pseudo Dice: 0.7843
2026-07-06 00:04:08.073091: 
2026-07-06 00:04:08.074362: Epoch 130
2026-07-06 00:04:08.074591: Current learning rate: 0.00016
2026-07-06 00:05:24.648249: train_loss -0.5233
2026-07-06 00:05:24.649766: val_loss -0.2678
2026-07-06 00:05:24.650082: Pseudo dice [0.7574, 0.8478, 0.7355]
2026-07-06 00:05:24.650182: Epoch time: 76.58 s
2026-07-06 00:05:25.796706: 
2026-07-06 00:05:25.797891: Epoch 131
2026-07-06 00:05:25.798030: Current learning rate: 0.00016
2026-07-06 00:06:42.453375: train_loss -0.5151
2026-07-06 00:06:42.454906: val_loss -0.2642
2026-07-06 00:06:42.455021: Pseudo dice [0.7547, 0.8338, 0.7441]
2026-07-06 00:06:42.455112: Epoch time: 76.66 s
2026-07-06 00:06:43.609902: 
2026-07-06 00:06:43.611084: Epoch 132
2026-07-06 00:06:43.611221: Current learning rate: 0.00015
2026-07-06 00:08:00.235735: train_loss -0.5171
2026-07-06 00:08:00.237130: val_loss -0.3045
2026-07-06 00:08:00.237247: Pseudo dice [0.7529, 0.8558, 0.7526]
2026-07-06 00:08:00.237339: Epoch time: 76.63 s
2026-07-06 00:08:01.386985: 
2026-07-06 00:08:01.388022: Epoch 133
2026-07-06 00:08:01.388155: Current learning rate: 0.00014
2026-07-06 00:09:18.008810: train_loss -0.518
2026-07-06 00:09:18.010199: val_loss -0.3033
2026-07-06 00:09:18.010311: Pseudo dice [0.743, 0.8417, 0.7613]
2026-07-06 00:09:18.010399: Epoch time: 76.62 s
2026-07-06 00:09:19.158766: 
2026-07-06 00:09:19.160027: Epoch 134
2026-07-06 00:09:19.160159: Current learning rate: 0.00013
2026-07-06 00:10:35.788879: train_loss -0.5345
2026-07-06 00:10:35.791270: val_loss -0.2537
2026-07-06 00:10:35.791383: Pseudo dice [0.7341, 0.8584, 0.7574]
2026-07-06 00:10:35.791473: Epoch time: 76.63 s
2026-07-06 00:10:36.954005: 
2026-07-06 00:10:36.955468: Epoch 135
2026-07-06 00:10:36.955610: Current learning rate: 0.00013
2026-07-06 00:11:53.532740: train_loss -0.5075
2026-07-06 00:11:53.539589: val_loss -0.3257
2026-07-06 00:11:53.539702: Pseudo dice [0.7503, 0.8507, 0.77]
2026-07-06 00:11:53.539796: Epoch time: 76.58 s
2026-07-06 00:11:54.867029: 
2026-07-06 00:11:54.868520: Epoch 136
2026-07-06 00:11:54.868655: Current learning rate: 0.00012
2026-07-06 00:13:11.464812: train_loss -0.5171
2026-07-06 00:13:11.466190: val_loss -0.3257
2026-07-06 00:13:11.466305: Pseudo dice [0.7569, 0.8485, 0.772]
2026-07-06 00:13:11.466398: Epoch time: 76.6 s
2026-07-06 00:13:11.466471: Yayy! New best EMA pseudo Dice: 0.785
2026-07-06 00:13:12.720387: 
2026-07-06 00:13:12.721749: Epoch 137
2026-07-06 00:13:12.721884: Current learning rate: 0.00011
2026-07-06 00:14:29.318928: train_loss -0.4956
2026-07-06 00:14:29.320468: val_loss -0.3183
2026-07-06 00:14:29.320585: Pseudo dice [0.7614, 0.8493, 0.7637]
2026-07-06 00:14:29.320676: Epoch time: 76.6 s
2026-07-06 00:14:29.320753: Yayy! New best EMA pseudo Dice: 0.7856
2026-07-06 00:14:30.569993: 
2026-07-06 00:14:30.571209: Epoch 138
2026-07-06 00:14:30.571346: Current learning rate: 0.0001
2026-07-06 00:15:47.273227: train_loss -0.5086
2026-07-06 00:15:47.274802: val_loss -0.2673
2026-07-06 00:15:47.274926: Pseudo dice [0.7559, 0.8462, 0.7295]
2026-07-06 00:15:47.275017: Epoch time: 76.7 s
2026-07-06 00:15:48.439714: 
2026-07-06 00:15:48.441138: Epoch 139
2026-07-06 00:15:48.441273: Current learning rate: 0.0001
2026-07-06 00:17:05.060829: train_loss -0.5117
2026-07-06 00:17:05.062317: val_loss -0.3208
2026-07-06 00:17:05.062432: Pseudo dice [0.7541, 0.8566, 0.7577]
2026-07-06 00:17:05.062524: Epoch time: 76.62 s
2026-07-06 00:17:06.219599: 
2026-07-06 00:17:06.221050: Epoch 140
2026-07-06 00:17:06.221185: Current learning rate: 9e-05
2026-07-06 00:18:22.810200: train_loss -0.5208
2026-07-06 00:18:22.811471: val_loss -0.3043
2026-07-06 00:18:22.811586: Pseudo dice [0.7596, 0.8469, 0.7566]
2026-07-06 00:18:22.811678: Epoch time: 76.59 s
2026-07-06 00:18:24.108718: 
2026-07-06 00:18:24.109909: Epoch 141
2026-07-06 00:18:24.110040: Current learning rate: 8e-05
2026-07-06 00:19:40.771799: train_loss -0.5194
2026-07-06 00:19:40.773172: val_loss -0.3266
2026-07-06 00:19:40.773289: Pseudo dice [0.7541, 0.8517, 0.7738]
2026-07-06 00:19:40.773380: Epoch time: 76.66 s
2026-07-06 00:19:40.773451: Yayy! New best EMA pseudo Dice: 0.7863
2026-07-06 00:19:42.016871: 
2026-07-06 00:19:42.018140: Epoch 142
2026-07-06 00:19:42.019232: Current learning rate: 7e-05
2026-07-06 00:20:58.572089: train_loss -0.5397
2026-07-06 00:20:58.574106: val_loss -0.3207
2026-07-06 00:20:58.574227: Pseudo dice [0.7579, 0.8485, 0.773]
2026-07-06 00:20:58.574322: Epoch time: 76.56 s
2026-07-06 00:20:58.574397: Yayy! New best EMA pseudo Dice: 0.787
2026-07-06 00:20:59.973471: 
2026-07-06 00:20:59.974772: Epoch 143
2026-07-06 00:20:59.974915: Current learning rate: 6e-05
2026-07-06 00:22:16.587339: train_loss -0.5152
2026-07-06 00:22:16.588667: val_loss -0.2776
2026-07-06 00:22:16.588789: Pseudo dice [0.7637, 0.8484, 0.7677]
2026-07-06 00:22:16.588899: Epoch time: 76.62 s
2026-07-06 00:22:16.588973: Yayy! New best EMA pseudo Dice: 0.7876
2026-07-06 00:22:17.836765: 
2026-07-06 00:22:17.837943: Epoch 144
2026-07-06 00:22:17.838073: Current learning rate: 6e-05
2026-07-06 00:23:34.455639: train_loss -0.5349
2026-07-06 00:23:34.464674: val_loss -0.3175
2026-07-06 00:23:34.464798: Pseudo dice [0.7409, 0.8526, 0.7585]
2026-07-06 00:23:34.464909: Epoch time: 76.62 s
2026-07-06 00:23:35.631058: 
2026-07-06 00:23:35.632150: Epoch 145
2026-07-06 00:23:35.632291: Current learning rate: 5e-05
2026-07-06 00:24:52.334480: train_loss -0.5448
2026-07-06 00:24:52.335739: val_loss -0.3252
2026-07-06 00:24:52.335865: Pseudo dice [0.7623, 0.853, 0.7589]
2026-07-06 00:24:52.335964: Epoch time: 76.7 s
2026-07-06 00:24:52.336037: Yayy! New best EMA pseudo Dice: 0.7876
2026-07-06 00:24:53.629885: 
2026-07-06 00:24:53.631208: Epoch 146
2026-07-06 00:24:53.631354: Current learning rate: 4e-05
2026-07-06 00:26:10.199205: train_loss -0.5361
2026-07-06 00:26:10.200292: val_loss -0.3181
2026-07-06 00:26:10.200407: Pseudo dice [0.758, 0.852, 0.7546]
2026-07-06 00:26:10.200500: Epoch time: 76.57 s
2026-07-06 00:26:10.200572: Yayy! New best EMA pseudo Dice: 0.7877
2026-07-06 00:26:11.457866: 
2026-07-06 00:26:11.459051: Epoch 147
2026-07-06 00:26:11.459187: Current learning rate: 3e-05
2026-07-06 00:27:28.091581: train_loss -0.5486
2026-07-06 00:27:28.092897: val_loss -0.2977
2026-07-06 00:27:28.093010: Pseudo dice [0.7661, 0.8554, 0.7416]
2026-07-06 00:27:28.093099: Epoch time: 76.63 s
2026-07-06 00:27:29.253740: 
2026-07-06 00:27:29.255213: Epoch 148
2026-07-06 00:27:29.255347: Current learning rate: 2e-05
2026-07-06 00:28:45.870456: train_loss -0.5235
2026-07-06 00:28:45.871575: val_loss -0.2995
2026-07-06 00:28:45.871722: Pseudo dice [0.7593, 0.8622, 0.7655]
2026-07-06 00:28:45.871825: Epoch time: 76.62 s
2026-07-06 00:28:45.871898: Yayy! New best EMA pseudo Dice: 0.7885
2026-07-06 00:28:47.125448: 
2026-07-06 00:28:47.126735: Epoch 149
2026-07-06 00:28:47.126880: Current learning rate: 1e-05
2026-07-06 00:30:03.702262: train_loss -0.5436
2026-07-06 00:30:03.703677: val_loss -0.2963
2026-07-06 00:30:03.703791: Pseudo dice [0.7432, 0.8557, 0.7562]
2026-07-06 00:30:03.703911: Epoch time: 76.58 s
2026-07-06 00:30:05.193576: Training done.
2026-07-06 00:30:05.275136: Using splits from existing split file: /gpfs/home1/yhussein/LightM-UNet/data/nnUNet_preprocessed/Dataset501_ARCADE/splits_final.json
2026-07-06 00:30:05.276078: The split file contains 1 splits.
2026-07-06 00:30:05.276153: Desired fold for training: 0
2026-07-06 00:30:05.276204: This split has 1000 training and 200 validation cases.
2026-07-06 00:30:05.278600: predicting val_1
2026-07-06 00:30:06.263303: predicting val_10
2026-07-06 00:30:06.319773: predicting val_100
2026-07-06 00:30:06.370678: predicting val_101
2026-07-06 00:30:06.422191: predicting val_102
2026-07-06 00:30:06.473241: predicting val_103
2026-07-06 00:30:06.527267: predicting val_104
2026-07-06 00:30:06.580299: predicting val_105
2026-07-06 00:30:06.630654: predicting val_106
2026-07-06 00:30:06.680866: predicting val_107
2026-07-06 00:30:12.139550: predicting val_108
2026-07-06 00:30:12.208471: predicting val_109
2026-07-06 00:30:12.259320: predicting val_11
2026-07-06 00:30:12.312337: predicting val_110
2026-07-06 00:30:12.363489: predicting val_111
2026-07-06 00:30:12.415646: predicting val_112
2026-07-06 00:30:12.466226: predicting val_113
2026-07-06 00:30:12.518282: predicting val_114
2026-07-06 00:30:12.570139: predicting val_115
2026-07-06 00:30:12.621898: predicting val_116
2026-07-06 00:30:12.674223: predicting val_117
2026-07-06 00:30:12.725416: predicting val_118
2026-07-06 00:30:12.777339: predicting val_119
2026-07-06 00:30:12.828646: predicting val_12
2026-07-06 00:30:12.880761: predicting val_120
2026-07-06 00:30:12.934394: predicting val_121
2026-07-06 00:30:12.985654: predicting val_122
2026-07-06 00:30:13.037556: predicting val_123
2026-07-06 00:30:13.088694: predicting val_124
2026-07-06 00:30:13.140890: predicting val_125
2026-07-06 00:30:13.192130: predicting val_126
2026-07-06 00:30:13.244057: predicting val_127
2026-07-06 00:30:13.294982: predicting val_128
2026-07-06 00:30:13.346830: predicting val_129
2026-07-06 00:30:13.398768: predicting val_13
2026-07-06 00:30:13.450160: predicting val_130
2026-07-06 00:30:13.504501: predicting val_131
2026-07-06 00:30:13.558109: predicting val_132
2026-07-06 00:30:13.611672: predicting val_133
2026-07-06 00:30:13.662569: predicting val_134
2026-07-06 00:30:13.717914: predicting val_135
2026-07-06 00:30:13.770641: predicting val_136
2026-07-06 00:30:13.824013: predicting val_137
2026-07-06 00:30:13.878707: predicting val_138
2026-07-06 00:30:13.931321: predicting val_139
2026-07-06 00:30:13.983910: predicting val_14
2026-07-06 00:30:14.036467: predicting val_140
2026-07-06 00:30:14.089437: predicting val_141
2026-07-06 00:30:14.141996: predicting val_142
2026-07-06 00:30:14.195539: predicting val_143
2026-07-06 00:30:14.249152: predicting val_144
2026-07-06 00:30:14.304657: predicting val_145
2026-07-06 00:30:14.359146: predicting val_146
2026-07-06 00:30:14.414025: predicting val_147
2026-07-06 00:30:14.469293: predicting val_148
2026-07-06 00:30:14.524727: predicting val_149
2026-07-06 00:30:14.583445: predicting val_15
2026-07-06 00:30:14.637314: predicting val_150
2026-07-06 00:30:14.689163: predicting val_151
2026-07-06 00:30:14.741235: predicting val_152
2026-07-06 00:30:14.793472: predicting val_153
2026-07-06 00:30:14.844014: predicting val_154
2026-07-06 00:30:14.896304: predicting val_155
2026-07-06 00:30:14.947901: predicting val_156
2026-07-06 00:30:14.999955: predicting val_157
2026-07-06 00:30:15.050612: predicting val_158
2026-07-06 00:30:15.101454: predicting val_159
2026-07-06 00:30:15.152880: predicting val_16
2026-07-06 00:30:15.202925: predicting val_160
2026-07-06 00:30:15.253681: predicting val_161
2026-07-06 00:30:15.306645: predicting val_162
2026-07-06 00:30:15.358293: predicting val_163
2026-07-06 00:30:15.409382: predicting val_164
2026-07-06 00:30:15.460275: predicting val_165
2026-07-06 00:30:15.510883: predicting val_166
2026-07-06 00:30:15.565907: predicting val_167
2026-07-06 00:30:15.617570: predicting val_168
2026-07-06 00:30:15.668337: predicting val_169
2026-07-06 00:30:15.718595: predicting val_17
2026-07-06 00:30:15.769412: predicting val_170
2026-07-06 00:30:15.822927: predicting val_171
2026-07-06 00:30:15.874721: predicting val_172
2026-07-06 00:30:15.926847: predicting val_173
2026-07-06 00:30:15.979360: predicting val_174
2026-07-06 00:30:16.031442: predicting val_175
2026-07-06 00:30:16.084517: predicting val_176
2026-07-06 00:30:16.135523: predicting val_177
2026-07-06 00:30:16.187017: predicting val_178
2026-07-06 00:30:16.238996: predicting val_179
2026-07-06 00:30:16.291549: predicting val_18
2026-07-06 00:30:16.342987: predicting val_180
2026-07-06 00:30:16.393390: predicting val_181
2026-07-06 00:30:16.443745: predicting val_182
2026-07-06 00:30:16.495671: predicting val_183
2026-07-06 00:30:16.549080: predicting val_184
2026-07-06 00:30:16.601133: predicting val_185
2026-07-06 00:30:16.651747: predicting val_186
2026-07-06 00:30:16.704033: predicting val_187
2026-07-06 00:30:16.756568: predicting val_188
2026-07-06 00:30:16.808485: predicting val_189
2026-07-06 00:30:16.859246: predicting val_19
2026-07-06 00:30:16.910947: predicting val_190
2026-07-06 00:30:16.962669: predicting val_191
2026-07-06 00:30:17.015369: predicting val_192
2026-07-06 00:30:17.067322: predicting val_193
2026-07-06 00:30:17.117607: predicting val_194
2026-07-06 00:30:17.169169: predicting val_195
2026-07-06 00:30:17.221965: predicting val_196
2026-07-06 00:30:17.274282: predicting val_197
2026-07-06 00:30:17.325571: predicting val_198
2026-07-06 00:30:17.376086: predicting val_199
2026-07-06 00:30:17.427733: predicting val_2
2026-07-06 00:30:17.480717: predicting val_20
2026-07-06 00:30:17.531624: predicting val_200
2026-07-06 00:30:17.582704: predicting val_21
2026-07-06 00:30:17.633003: predicting val_22
2026-07-06 00:30:17.686984: predicting val_23
2026-07-06 00:30:17.739584: predicting val_24
2026-07-06 00:30:17.790771: predicting val_25
2026-07-06 00:30:17.842751: predicting val_26
2026-07-06 00:30:17.894582: predicting val_27
2026-07-06 00:30:17.949719: predicting val_28
2026-07-06 00:30:18.001915: predicting val_29
2026-07-06 00:30:18.052755: predicting val_3
2026-07-06 00:30:18.105080: predicting val_30
2026-07-06 00:30:18.158360: predicting val_31
2026-07-06 00:30:18.212201: predicting val_32
2026-07-06 00:30:18.263760: predicting val_33
2026-07-06 00:30:18.316552: predicting val_34
2026-07-06 00:30:18.369121: predicting val_35
2026-07-06 00:30:18.421974: predicting val_36
2026-07-06 00:30:18.473010: predicting val_37
2026-07-06 00:30:18.524931: predicting val_38
2026-07-06 00:30:18.599455: predicting val_39
2026-07-06 00:30:18.652961: predicting val_4
2026-07-06 00:30:18.704867: predicting val_40
2026-07-06 00:30:18.756148: predicting val_41
2026-07-06 00:30:18.807718: predicting val_42
2026-07-06 00:30:18.862064: predicting val_43
2026-07-06 00:30:18.914021: predicting val_44
2026-07-06 00:30:18.966076: predicting val_45
2026-07-06 00:30:19.017117: predicting val_46
2026-07-06 00:30:19.068610: predicting val_47
2026-07-06 00:30:19.121725: predicting val_48
2026-07-06 00:30:19.175886: predicting val_49
2026-07-06 00:30:19.228377: predicting val_5
2026-07-06 00:30:19.281312: predicting val_50
2026-07-06 00:30:19.333935: predicting val_51
2026-07-06 00:30:19.386017: predicting val_52
2026-07-06 00:30:19.439873: predicting val_53
2026-07-06 00:30:19.491938: predicting val_54
2026-07-06 00:30:19.545933: predicting val_55
2026-07-06 00:30:19.598366: predicting val_56
2026-07-06 00:30:19.654068: predicting val_57
2026-07-06 00:30:19.705119: predicting val_58
2026-07-06 00:30:19.756798: predicting val_59
2026-07-06 00:30:19.810163: predicting val_6
2026-07-06 00:30:19.862199: predicting val_60
2026-07-06 00:30:19.913361: predicting val_61
2026-07-06 00:30:19.969887: predicting val_62
2026-07-06 00:30:20.023321: predicting val_63
2026-07-06 00:30:20.074357: predicting val_64
2026-07-06 00:30:20.124834: predicting val_65
2026-07-06 00:30:20.175621: predicting val_66
2026-07-06 00:30:20.227499: predicting val_67
2026-07-06 00:30:20.281145: predicting val_68
2026-07-06 00:30:20.331659: predicting val_69
2026-07-06 00:30:20.382889: predicting val_7
2026-07-06 00:30:20.435676: predicting val_70
2026-07-06 00:30:20.487744: predicting val_71
2026-07-06 00:30:20.539611: predicting val_72
2026-07-06 00:30:20.590799: predicting val_73
2026-07-06 00:30:20.643540: predicting val_74
2026-07-06 00:30:20.697212: predicting val_75
2026-07-06 00:30:20.750573: predicting val_76
2026-07-06 00:30:20.802618: predicting val_77
2026-07-06 00:30:20.853621: predicting val_78
2026-07-06 00:30:20.905615: predicting val_79
2026-07-06 00:30:20.958514: predicting val_8
2026-07-06 00:30:21.009869: predicting val_80
2026-07-06 00:30:21.060724: predicting val_81
2026-07-06 00:30:21.111216: predicting val_82
2026-07-06 00:30:21.162395: predicting val_83
2026-07-06 00:30:21.215310: predicting val_84
2026-07-06 00:30:21.266370: predicting val_85
2026-07-06 00:30:21.316975: predicting val_86
2026-07-06 00:30:21.368321: predicting val_87
2026-07-06 00:30:21.420525: predicting val_88
2026-07-06 00:30:21.471518: predicting val_89
2026-07-06 00:30:21.522209: predicting val_9
2026-07-06 00:30:21.572722: predicting val_90
2026-07-06 00:30:21.625475: predicting val_91
2026-07-06 00:30:21.677866: predicting val_92
2026-07-06 00:30:21.729078: predicting val_93
2026-07-06 00:30:21.779690: predicting val_94
2026-07-06 00:30:21.830668: predicting val_95
2026-07-06 00:30:21.883780: predicting val_96
2026-07-06 00:30:21.936200: predicting val_97
2026-07-06 00:30:21.988305: predicting val_98
2026-07-06 00:30:22.041835: predicting val_99
2026-07-06 00:30:26.369531: Validation complete
2026-07-06 00:30:26.371166: Mean Validation Dice:  0.7422070389408589
Training finished for nnUNetTrainerENetComboClDice_w2p0.
