=== Job info ===
Host: gcn4.local.snellius.surf.nl
Date: Wed Jul  1 13:15:19 CEST 2026
Working dir: /home/yhussein/LightM-UNet/lightm-unet
Conda env: /home/yhussein/conda-envs/lightmunet
=== GPU info ===
Wed Jul  1 13:15:19 2026       
+-----------------------------------------------------------------------------------------+
| NVIDIA-SMI 595.71.05              Driver Version: 595.71.05      CUDA Version: 13.2     |
+-----------------------------------------+------------------------+----------------------+
| GPU  Name                 Persistence-M | Bus-Id          Disp.A | Volatile Uncorr. ECC |
| Fan  Temp   Perf          Pwr:Usage/Cap |           Memory-Usage | GPU-Util  Compute M. |
|                                         |                        |               MIG M. |
|=========================================+========================+======================|
|   0  NVIDIA A100-SXM4-40GB          On  |   00000000:31:00.0 Off |                   On |
| N/A   43C    P0            168W /  400W |    4536MiB /  40960MiB |     N/A      Default |
|                                         |                        |              Enabled |
+-----------------------------------------+------------------------+----------------------+
|   1  NVIDIA A100-SXM4-40GB          On  |   00000000:32:00.0 Off |                   On |
| N/A   41C    P0            169W /  400W |   15511MiB /  40960MiB |     N/A      Default |
|                                         |                        |              Enabled |
+-----------------------------------------+------------------------+----------------------+
|   2  NVIDIA A100-SXM4-40GB          On  |   00000000:CA:00.0 Off |                   On |
| N/A   55C    P0            304W /  400W |    9381MiB /  40960MiB |     N/A      Default |
|                                         |                        |              Enabled |
+-----------------------------------------+------------------------+----------------------+
|   3  NVIDIA A100-SXM4-40GB          On  |   00000000:E3:00.0 Off |                   On |
| N/A   29C    P0             37W /  400W |     213MiB /  40960MiB |     N/A      Default |
|                                         |                        |              Enabled |
+-----------------------------------------+------------------------+----------------------+

+-----------------------------------------------------------------------------------------+
| MIG devices:                                                                            |
+------------------+----------------------------------+-----------+-----------------------+
| GPU  GI  CI  MIG |              Shared Memory-Usage |        Vol|        Shared         |
|      ID  ID  Dev |                Shared BAR1-Usage | SM     Unc| CE ENC  DEC  OFA  JPG |
|                  |                                  |        ECC|                       |
|==================+==================================+===========+=======================|
|  1    2   0   0  |             107MiB / 20096MiB    | 42      0 |  3   0    2    0    0 |
|                  |               0MiB / 12210MiB    |           |                       |
+------------------+----------------------------------+-----------+-----------------------+

+-----------------------------------------------------------------------------------------+
| Processes:                                                                              |
|  GPU   GI   CI              PID   Type   Process name                        GPU Memory |
|        ID   ID                                                               Usage      |
|=========================================================================================|
|    0    1    0          3101780      C   python                                 4314MiB |
|    2    1    0          3099980      C   python                                 4578MiB |
|    2    2    0          3103551      C   python                                 4572MiB |
+-----------------------------------------------------------------------------------------+
=== Ensure official split is present ===
=== ENetSkip configs ===
  baseline  [—]  params=0.466M  (+0.0% vs baseline)  no_skip
        A1  [A]  params=0.477M  (+2.3% vs baseline)  raw_4x
        A2  [A]  params=0.467M  (+0.2% vs baseline)  raw_5x
        A3  [A]  params=0.478M  (+2.5% vs baseline)  raw_both
        B1  [B]  params=0.567M  (+21.6% vs baseline)  conv3x3_both
        B2  [B]  params=0.486M  (+4.1% vs baseline)  bottleneck_both
        C1  [C]  params=0.482M  (+3.3% vs baseline)  attn_4x
        C2  [C]  params=0.468M  (+0.3% vs baseline)  attn_5x
        C3  [C]  params=0.483M  (+3.5% vs baseline)  attn_both
        D1  [D]  params=0.491M  (+5.2% vs baseline)  edge_4x
        D2  [D]  params=0.492M  (+5.4% vs baseline)  edge_both
        D3  [D]  params=0.492M  (+5.5% vs baseline)  edge_triple_5x
        E1  [E]  params=0.472M  (+1.2% vs baseline)  residual_4x
        F1  [F]  params=0.466M  (+0.0% vs baseline)  bilinear_no_skip

=== baseline [—] no_skip (reusing /home/yhussein/LightM-UNet/data/nnUNet_results/Dataset501_ARCADE/nnUNetTrainerENetOriginal__nnUNetPlans__2d) ===
