=== Job info ===
Host: gcn33.local.snellius.surf.nl
Date: Wed Jul  1 09:56:43 CEST 2026
Working dir: /home/yhussein/LightM-UNet/lightm-unet
Conda env: /home/yhussein/conda-envs/lightmunet
=== GPU info ===
Wed Jul  1 09:56:43 2026       
+-----------------------------------------------------------------------------------------+
| NVIDIA-SMI 595.71.05              Driver Version: 595.71.05      CUDA Version: 13.2     |
+-----------------------------------------+------------------------+----------------------+
| GPU  Name                 Persistence-M | Bus-Id          Disp.A | Volatile Uncorr. ECC |
| Fan  Temp   Perf          Pwr:Usage/Cap |           Memory-Usage | GPU-Util  Compute M. |
|                                         |                        |               MIG M. |
|=========================================+========================+======================|
|   0  NVIDIA A100-SXM4-40GB          On  |   00000000:31:00.0 Off |                    0 |
| N/A   30C    P0             48W /  400W |       0MiB /  40960MiB |      0%      Default |
|                                         |                        |             Disabled |
+-----------------------------------------+------------------------+----------------------+

+-----------------------------------------------------------------------------------------+
| Processes:                                                                              |
|  GPU   GI   CI              PID   Type   Process name                        GPU Memory |
|        ID   ID                                                               Usage      |
|=========================================================================================|
|  No running processes found                                                             |
+-----------------------------------------------------------------------------------------+
=== Ensure official split is present ===
=== EU7 highres_flat (24,96,144,144,256) ===
Using device: cuda:0

#######################################################################
Please cite the following paper when using nnU-Net:
Isensee, F., Jaeger, P. F., Kohl, S. A., Petersen, J., & Maier-Hein, K. H. (2021). nnU-Net: a self-configuring method for deep learning-based biomedical image segmentation. Nature methods, 18(2), 203-211.
#######################################################################


This is the configuration used by this training:
Configuration name: 2d
 {'data_identifier': 'nnUNetPlans_2d', 'preprocessor_name': 'DefaultPreprocessor', 'batch_size': 4, 'patch_size': [512, 512], 'median_image_size_in_voxels': [512.0, 512.0], 'spacing': [1.0, 1.0], 'normalization_schemes': ['ZScoreNormalization'], 'use_mask_for_norm': [False], 'UNet_class_name': 'PlainConvUNet', 'UNet_base_num_features': 32, 'n_conv_per_stage_encoder': [2, 2, 2, 2, 2, 2, 2, 2], 'n_conv_per_stage_decoder': [2, 2, 2, 2, 2, 2, 2], 'num_pool_per_axis': [7, 7], 'pool_op_kernel_sizes': [[1, 1], [2, 2], [2, 2], [2, 2], [2, 2], [2, 2], [2, 2], [2, 2]], 'conv_kernel_sizes': [[3, 3], [3, 3], [3, 3], [3, 3], [3, 3], [3, 3], [3, 3], [3, 3]], 'unet_max_num_features': 512, 'resampling_fn_data': 'resample_data_or_seg_to_shape', 'resampling_fn_seg': 'resample_data_or_seg_to_shape', 'resampling_fn_data_kwargs': {'is_seg': False, 'order': 3, 'order_z': 0, 'force_separate_z': None}, 'resampling_fn_seg_kwargs': {'is_seg': True, 'order': 1, 'order_z': 0, 'force_separate_z': None}, 'resampling_fn_probabilities': 'resample_data_or_seg_to_shape', 'resampling_fn_probabilities_kwargs': {'is_seg': False, 'order': 1, 'order_z': 0, 'force_separate_z': None}, 'batch_dice': True} 

These are the global plan.json settings:
 {'dataset_name': 'Dataset501_ARCADE', 'plans_name': 'nnUNetPlans', 'original_median_spacing_after_transp': [999.0, 1.0, 1.0], 'original_median_shape_after_transp': [1, 512, 512], 'image_reader_writer': 'NaturalImage2DIO', 'transpose_forward': [0, 1, 2], 'transpose_backward': [0, 1, 2], 'experiment_planner_used': 'ExperimentPlanner', 'label_manager': 'LabelManager', 'foreground_intensity_properties_per_channel': {'0': {'max': 255.0, 'mean': 98.67886352539062, 'median': 96.0, 'min': 0.0, 'percentile_00_5': 32.0, 'percentile_99_5': 186.0, 'std': 31.84078025817871}}} 

2026-07-01 09:56:59.012784: unpacking dataset...
2026-07-01 09:57:03.271113: unpacking done...
2026-07-01 09:57:03.271560: do_dummy_2d_data_aug: False
2026-07-01 09:57:03.278052: Using splits from existing split file: /gpfs/home1/yhussein/LightM-UNet/data/nnUNet_preprocessed/Dataset501_ARCADE/splits_final.json
2026-07-01 09:57:03.278516: The split file contains 1 splits.
2026-07-01 09:57:03.278584: Desired fold for training: 0
2026-07-01 09:57:03.278633: This split has 1000 training and 200 validation cases.
2026-07-01 09:57:03.306238: Skipping network architecture plot because ENETUSC_SKIP_ARCH_PLOT=1
2026-07-01 09:57:03.322406: 
2026-07-01 09:57:03.322505: Epoch 0
2026-07-01 09:57:03.322610: Current learning rate: 0.001
using pin_memory on device 0
using pin_memory on device 0
2026-07-01 09:57:41.381262: train_loss 0.3002
2026-07-01 09:57:41.381522: val_loss -0.0405
2026-07-01 09:57:41.381637: Pseudo dice [0.0437, 0.3995, 0.0155]
2026-07-01 09:57:41.381744: Epoch time: 38.06 s
2026-07-01 09:57:41.381830: Yayy! New best EMA pseudo Dice: 0.1529
2026-07-01 09:57:42.586546: 
2026-07-01 09:57:42.586699: Epoch 1
2026-07-01 09:57:42.586806: Current learning rate: 0.00099
2026-07-01 09:58:17.266939: train_loss -0.0896
2026-07-01 09:58:17.267155: val_loss -0.159
2026-07-01 09:58:17.267266: Pseudo dice [0.3016, 0.5595, 0.0695]
2026-07-01 09:58:17.267355: Epoch time: 34.68 s
2026-07-01 09:58:17.267475: Yayy! New best EMA pseudo Dice: 0.1686
2026-07-01 09:58:18.574065: 
2026-07-01 09:58:18.574235: Epoch 2
2026-07-01 09:58:18.574345: Current learning rate: 0.00099
2026-07-01 09:58:53.235720: train_loss -0.1915
2026-07-01 09:58:53.235945: val_loss -0.2461
2026-07-01 09:58:53.236670: Pseudo dice [0.3862, 0.6181, 0.1612]
2026-07-01 09:58:53.236778: Epoch time: 34.66 s
2026-07-01 09:58:53.236854: Yayy! New best EMA pseudo Dice: 0.1906
2026-07-01 09:58:54.579990: 
2026-07-01 09:58:54.580159: Epoch 3
2026-07-01 09:58:54.580283: Current learning rate: 0.00098
2026-07-01 09:59:29.293935: train_loss -0.2525
2026-07-01 09:59:29.294136: val_loss -0.296
2026-07-01 09:59:29.294244: Pseudo dice [0.4913, 0.6719, 0.1788]
2026-07-01 09:59:29.294333: Epoch time: 34.72 s
2026-07-01 09:59:29.294405: Yayy! New best EMA pseudo Dice: 0.2163
2026-07-01 09:59:30.611984: 
2026-07-01 09:59:30.612141: Epoch 4
2026-07-01 09:59:30.612252: Current learning rate: 0.00098
2026-07-01 10:00:05.277868: train_loss -0.3134
2026-07-01 10:00:05.278077: val_loss -0.4558
2026-07-01 10:00:05.278184: Pseudo dice [0.6094, 0.7157, 0.5161]
2026-07-01 10:00:05.278276: Epoch time: 34.67 s
2026-07-01 10:00:05.278350: Yayy! New best EMA pseudo Dice: 0.256
2026-07-01 10:00:06.724008: 
2026-07-01 10:00:06.724170: Epoch 5
2026-07-01 10:00:06.724280: Current learning rate: 0.00097
2026-07-01 10:00:41.386279: train_loss -0.347
2026-07-01 10:00:41.386475: val_loss -0.4461
2026-07-01 10:00:41.386586: Pseudo dice [0.5891, 0.7457, 0.4758]
2026-07-01 10:00:41.386677: Epoch time: 34.66 s
2026-07-01 10:00:41.386797: Yayy! New best EMA pseudo Dice: 0.2908
2026-07-01 10:00:42.681690: 
2026-07-01 10:00:42.681875: Epoch 6
2026-07-01 10:00:42.681994: Current learning rate: 0.00096
2026-07-01 10:01:17.334362: train_loss -0.3934
2026-07-01 10:01:17.334565: val_loss -0.3874
2026-07-01 10:01:17.334674: Pseudo dice [0.5485, 0.6754, 0.4085]
2026-07-01 10:01:17.334769: Epoch time: 34.66 s
2026-07-01 10:01:17.334841: Yayy! New best EMA pseudo Dice: 0.3161
2026-07-01 10:01:18.640800: 
2026-07-01 10:01:18.640967: Epoch 7
2026-07-01 10:01:18.641071: Current learning rate: 0.00096
2026-07-01 10:01:53.282485: train_loss -0.4196
2026-07-01 10:01:53.282684: val_loss -0.4554
2026-07-01 10:01:53.282788: Pseudo dice [0.6151, 0.6214, 0.5561]
2026-07-01 10:01:53.282874: Epoch time: 34.64 s
2026-07-01 10:01:53.282957: Yayy! New best EMA pseudo Dice: 0.3443
2026-07-01 10:01:54.591042: 
2026-07-01 10:01:54.591210: Epoch 8
2026-07-01 10:01:54.591326: Current learning rate: 0.00095
2026-07-01 10:02:29.263826: train_loss -0.4667
2026-07-01 10:02:29.264035: val_loss -0.526
2026-07-01 10:02:29.264138: Pseudo dice [0.6393, 0.7539, 0.5964]
2026-07-01 10:02:29.264224: Epoch time: 34.68 s
2026-07-01 10:02:29.264304: Yayy! New best EMA pseudo Dice: 0.3761
2026-07-01 10:02:30.570505: 
2026-07-01 10:02:30.570673: Epoch 9
2026-07-01 10:02:30.570780: Current learning rate: 0.00095
2026-07-01 10:03:05.215788: train_loss -0.4788
2026-07-01 10:03:05.215991: val_loss -0.4839
2026-07-01 10:03:05.216094: Pseudo dice [0.6071, 0.7354, 0.5841]
2026-07-01 10:03:05.216179: Epoch time: 34.65 s
2026-07-01 10:03:05.216249: Yayy! New best EMA pseudo Dice: 0.4028
2026-07-01 10:03:06.478571: 
2026-07-01 10:03:06.478726: Epoch 10
2026-07-01 10:03:06.478835: Current learning rate: 0.00094
2026-07-01 10:03:41.120818: train_loss -0.4815
2026-07-01 10:03:41.121013: val_loss -0.5152
2026-07-01 10:03:41.121113: Pseudo dice [0.6207, 0.7592, 0.621]
2026-07-01 10:03:41.121197: Epoch time: 34.64 s
2026-07-01 10:03:41.121266: Yayy! New best EMA pseudo Dice: 0.4292
2026-07-01 10:03:42.394726: 
2026-07-01 10:03:42.394924: Epoch 11
2026-07-01 10:03:42.395037: Current learning rate: 0.00093
2026-07-01 10:04:17.026251: train_loss -0.4886
2026-07-01 10:04:17.026453: val_loss -0.4788
2026-07-01 10:04:17.026553: Pseudo dice [0.5839, 0.7742, 0.5009]
2026-07-01 10:04:17.026638: Epoch time: 34.63 s
2026-07-01 10:04:17.026709: Yayy! New best EMA pseudo Dice: 0.4482
2026-07-01 10:04:18.313461: 
2026-07-01 10:04:18.313622: Epoch 12
2026-07-01 10:04:18.313733: Current learning rate: 0.00093
2026-07-01 10:04:52.983089: train_loss -0.4942
2026-07-01 10:04:52.983279: val_loss -0.5567
2026-07-01 10:04:52.983381: Pseudo dice [0.6655, 0.7584, 0.6424]
2026-07-01 10:04:52.983467: Epoch time: 34.67 s
2026-07-01 10:04:52.983537: Yayy! New best EMA pseudo Dice: 0.4723
2026-07-01 10:04:54.288679: 
2026-07-01 10:04:54.288835: Epoch 13
2026-07-01 10:04:54.289772: Current learning rate: 0.00092
2026-07-01 10:05:28.940022: train_loss -0.5094
2026-07-01 10:05:28.940224: val_loss -0.5002
2026-07-01 10:05:28.940327: Pseudo dice [0.5362, 0.7841, 0.628]
2026-07-01 10:05:28.940413: Epoch time: 34.65 s
2026-07-01 10:05:28.940482: Yayy! New best EMA pseudo Dice: 0.49
2026-07-01 10:05:30.246031: 
2026-07-01 10:05:30.246193: Epoch 14
2026-07-01 10:05:30.246298: Current learning rate: 0.00092
2026-07-01 10:06:04.886674: train_loss -0.5249
2026-07-01 10:06:04.887154: val_loss -0.5443
2026-07-01 10:06:04.887267: Pseudo dice [0.6084, 0.7562, 0.676]
2026-07-01 10:06:04.887357: Epoch time: 34.64 s
2026-07-01 10:06:04.887432: Yayy! New best EMA pseudo Dice: 0.509
2026-07-01 10:06:06.185260: 
2026-07-01 10:06:06.185418: Epoch 15
2026-07-01 10:06:06.185527: Current learning rate: 0.00091
2026-07-01 10:06:40.838094: train_loss -0.5209
2026-07-01 10:06:40.838295: val_loss -0.5389
2026-07-01 10:06:40.838396: Pseudo dice [0.6621, 0.7617, 0.6169]
2026-07-01 10:06:40.838481: Epoch time: 34.66 s
2026-07-01 10:06:40.838550: Yayy! New best EMA pseudo Dice: 0.5261
2026-07-01 10:06:42.138200: 
2026-07-01 10:06:42.138360: Epoch 16
2026-07-01 10:06:42.138469: Current learning rate: 0.0009
2026-07-01 10:07:16.783627: train_loss -0.5322
2026-07-01 10:07:16.783851: val_loss -0.5665
2026-07-01 10:07:16.783961: Pseudo dice [0.6274, 0.7984, 0.6582]
2026-07-01 10:07:16.784047: Epoch time: 34.65 s
2026-07-01 10:07:16.784116: Yayy! New best EMA pseudo Dice: 0.543
2026-07-01 10:07:18.104132: 
2026-07-01 10:07:18.104299: Epoch 17
2026-07-01 10:07:18.104414: Current learning rate: 0.0009
2026-07-01 10:07:52.803406: train_loss -0.5547
2026-07-01 10:07:52.803599: val_loss -0.5504
2026-07-01 10:07:52.803698: Pseudo dice [0.686, 0.7757, 0.6248]
2026-07-01 10:07:52.803782: Epoch time: 34.7 s
2026-07-01 10:07:52.803850: Yayy! New best EMA pseudo Dice: 0.5582
2026-07-01 10:07:54.118458: 
2026-07-01 10:07:54.118619: Epoch 18
2026-07-01 10:07:54.118724: Current learning rate: 0.00089
2026-07-01 10:08:28.836917: train_loss -0.5562
2026-07-01 10:08:28.837107: val_loss -0.6195
2026-07-01 10:08:28.837213: Pseudo dice [0.7022, 0.799, 0.6967]
2026-07-01 10:08:28.837302: Epoch time: 34.72 s
2026-07-01 10:08:28.837429: Yayy! New best EMA pseudo Dice: 0.5757
2026-07-01 10:08:30.261505: 
2026-07-01 10:08:30.261687: Epoch 19
2026-07-01 10:08:30.261802: Current learning rate: 0.00089
2026-07-01 10:09:04.926012: train_loss -0.5725
2026-07-01 10:09:04.926214: val_loss -0.5898
2026-07-01 10:09:04.926318: Pseudo dice [0.621, 0.8246, 0.6692]
2026-07-01 10:09:04.926402: Epoch time: 34.67 s
2026-07-01 10:09:04.926516: Yayy! New best EMA pseudo Dice: 0.5886
2026-07-01 10:09:06.241916: 
2026-07-01 10:09:06.242081: Epoch 20
2026-07-01 10:09:06.242194: Current learning rate: 0.00088
2026-07-01 10:09:40.910323: train_loss -0.5702
2026-07-01 10:09:40.911329: val_loss -0.6286
2026-07-01 10:09:40.911443: Pseudo dice [0.6975, 0.8102, 0.6968]
2026-07-01 10:09:40.911528: Epoch time: 34.67 s
2026-07-01 10:09:40.911597: Yayy! New best EMA pseudo Dice: 0.6032
2026-07-01 10:09:42.245559: 
2026-07-01 10:09:42.245718: Epoch 21
2026-07-01 10:09:42.245822: Current learning rate: 0.00087
2026-07-01 10:10:16.960509: train_loss -0.5746
2026-07-01 10:10:16.960704: val_loss -0.6122
2026-07-01 10:10:16.960806: Pseudo dice [0.6831, 0.8119, 0.6788]
2026-07-01 10:10:16.960898: Epoch time: 34.72 s
2026-07-01 10:10:16.960970: Yayy! New best EMA pseudo Dice: 0.6154
2026-07-01 10:10:18.248852: 
2026-07-01 10:10:18.249017: Epoch 22
2026-07-01 10:10:18.249128: Current learning rate: 0.00087
2026-07-01 10:10:52.915148: train_loss -0.5711
2026-07-01 10:10:52.915338: val_loss -0.6316
2026-07-01 10:10:52.915442: Pseudo dice [0.6918, 0.8218, 0.7061]
2026-07-01 10:10:52.915529: Epoch time: 34.67 s
2026-07-01 10:10:52.915599: Yayy! New best EMA pseudo Dice: 0.6278
2026-07-01 10:10:54.197675: 
2026-07-01 10:10:54.197835: Epoch 23
2026-07-01 10:10:54.197952: Current learning rate: 0.00086
2026-07-01 10:11:28.855088: train_loss -0.5843
2026-07-01 10:11:28.855780: val_loss -0.6455
2026-07-01 10:11:28.855901: Pseudo dice [0.6901, 0.817, 0.7358]
2026-07-01 10:11:28.855994: Epoch time: 34.66 s
2026-07-01 10:11:28.856067: Yayy! New best EMA pseudo Dice: 0.6398
2026-07-01 10:11:30.145937: 
2026-07-01 10:11:30.146091: Epoch 24
2026-07-01 10:11:30.146200: Current learning rate: 0.00085
2026-07-01 10:12:04.869615: train_loss -0.5959
2026-07-01 10:12:04.869814: val_loss -0.5759
2026-07-01 10:12:04.869967: Pseudo dice [0.6674, 0.769, 0.681]
2026-07-01 10:12:04.870060: Epoch time: 34.73 s
2026-07-01 10:12:04.870132: Yayy! New best EMA pseudo Dice: 0.6464
2026-07-01 10:12:06.281108: 
2026-07-01 10:12:06.281271: Epoch 25
2026-07-01 10:12:06.281375: Current learning rate: 0.00085
2026-07-01 10:12:40.879890: train_loss -0.6029
2026-07-01 10:12:40.880084: val_loss -0.6459
2026-07-01 10:12:40.880183: Pseudo dice [0.7094, 0.8223, 0.727]
2026-07-01 10:12:40.880269: Epoch time: 34.6 s
2026-07-01 10:12:40.880339: Yayy! New best EMA pseudo Dice: 0.657
2026-07-01 10:12:42.297091: 
2026-07-01 10:12:42.297253: Epoch 26
2026-07-01 10:12:42.297361: Current learning rate: 0.00084
2026-07-01 10:13:17.017982: train_loss -0.5914
2026-07-01 10:13:17.018206: val_loss -0.5794
2026-07-01 10:13:17.018316: Pseudo dice [0.6945, 0.7899, 0.629]
2026-07-01 10:13:17.018404: Epoch time: 34.72 s
2026-07-01 10:13:17.018476: Yayy! New best EMA pseudo Dice: 0.6618
2026-07-01 10:13:18.319202: 
2026-07-01 10:13:18.319362: Epoch 27
2026-07-01 10:13:18.319472: Current learning rate: 0.00084
2026-07-01 10:13:52.990331: train_loss -0.6028
2026-07-01 10:13:52.990522: val_loss -0.6082
2026-07-01 10:13:52.990626: Pseudo dice [0.7014, 0.8254, 0.7098]
2026-07-01 10:13:52.990714: Epoch time: 34.67 s
2026-07-01 10:13:52.990784: Yayy! New best EMA pseudo Dice: 0.6702
2026-07-01 10:13:54.292106: 
2026-07-01 10:13:54.292269: Epoch 28
2026-07-01 10:13:54.292378: Current learning rate: 0.00083
2026-07-01 10:14:28.952531: train_loss -0.6009
2026-07-01 10:14:28.952731: val_loss -0.6145
2026-07-01 10:14:28.952837: Pseudo dice [0.6919, 0.8025, 0.69]
2026-07-01 10:14:28.952933: Epoch time: 34.66 s
2026-07-01 10:14:28.953006: Yayy! New best EMA pseudo Dice: 0.676
2026-07-01 10:14:30.254067: 
2026-07-01 10:14:30.254230: Epoch 29
2026-07-01 10:14:30.254340: Current learning rate: 0.00082
2026-07-01 10:15:04.973192: train_loss -0.617
2026-07-01 10:15:04.973391: val_loss -0.6271
2026-07-01 10:15:04.973494: Pseudo dice [0.6868, 0.8231, 0.7278]
2026-07-01 10:15:04.973582: Epoch time: 34.72 s
2026-07-01 10:15:04.973653: Yayy! New best EMA pseudo Dice: 0.683
2026-07-01 10:15:06.283030: 
2026-07-01 10:15:06.283189: Epoch 30
2026-07-01 10:15:06.283299: Current learning rate: 0.00082
2026-07-01 10:15:41.013910: train_loss -0.6014
2026-07-01 10:15:41.014113: val_loss -0.6098
2026-07-01 10:15:41.014222: Pseudo dice [0.7003, 0.7857, 0.6996]
2026-07-01 10:15:41.014313: Epoch time: 34.73 s
2026-07-01 10:15:41.014385: Yayy! New best EMA pseudo Dice: 0.6875
2026-07-01 10:15:42.440070: 
2026-07-01 10:15:42.440226: Epoch 31
2026-07-01 10:15:42.440335: Current learning rate: 0.00081
2026-07-01 10:16:17.151877: train_loss -0.6077
2026-07-01 10:16:17.152073: val_loss -0.634
2026-07-01 10:16:17.152177: Pseudo dice [0.7026, 0.8271, 0.7203]
2026-07-01 10:16:17.152265: Epoch time: 34.71 s
2026-07-01 10:16:17.152336: Yayy! New best EMA pseudo Dice: 0.6938
2026-07-01 10:16:18.462357: 
2026-07-01 10:16:18.462531: Epoch 32
2026-07-01 10:16:18.462650: Current learning rate: 0.00081
2026-07-01 10:16:53.183900: train_loss -0.6013
2026-07-01 10:16:53.184101: val_loss -0.6207
2026-07-01 10:16:53.184203: Pseudo dice [0.6917, 0.8119, 0.7058]
2026-07-01 10:16:53.184289: Epoch time: 34.72 s
2026-07-01 10:16:53.184359: Yayy! New best EMA pseudo Dice: 0.698
2026-07-01 10:16:54.500928: 
2026-07-01 10:16:54.501094: Epoch 33
2026-07-01 10:16:54.501201: Current learning rate: 0.0008
2026-07-01 10:17:29.165003: train_loss -0.6186
2026-07-01 10:17:29.166349: val_loss -0.6221
2026-07-01 10:17:29.166465: Pseudo dice [0.6967, 0.7886, 0.7272]
2026-07-01 10:17:29.166555: Epoch time: 34.67 s
2026-07-01 10:17:29.166641: Yayy! New best EMA pseudo Dice: 0.702
2026-07-01 10:17:30.479713: 
2026-07-01 10:17:30.479886: Epoch 34
2026-07-01 10:17:30.479998: Current learning rate: 0.00079
2026-07-01 10:18:05.152291: train_loss -0.6248
2026-07-01 10:18:05.152487: val_loss -0.653
2026-07-01 10:18:05.152587: Pseudo dice [0.7015, 0.8082, 0.7278]
2026-07-01 10:18:05.152690: Epoch time: 34.68 s
2026-07-01 10:18:05.152768: Yayy! New best EMA pseudo Dice: 0.7064
2026-07-01 10:18:06.460465: 
2026-07-01 10:18:06.460625: Epoch 35
2026-07-01 10:18:06.460737: Current learning rate: 0.00079
2026-07-01 10:18:41.134286: train_loss -0.635
2026-07-01 10:18:41.134477: val_loss -0.6755
2026-07-01 10:18:41.134580: Pseudo dice [0.7084, 0.8392, 0.7506]
2026-07-01 10:18:41.134667: Epoch time: 34.68 s
2026-07-01 10:18:41.134736: Yayy! New best EMA pseudo Dice: 0.7123
2026-07-01 10:18:42.448619: 
2026-07-01 10:18:42.448784: Epoch 36
2026-07-01 10:18:42.448901: Current learning rate: 0.00078
2026-07-01 10:19:17.119488: train_loss -0.6248
2026-07-01 10:19:17.119684: val_loss -0.6119
2026-07-01 10:19:17.119790: Pseudo dice [0.6943, 0.8031, 0.6908]
2026-07-01 10:19:17.119886: Epoch time: 34.67 s
2026-07-01 10:19:17.119960: Yayy! New best EMA pseudo Dice: 0.714
2026-07-01 10:19:18.425101: 
2026-07-01 10:19:18.425273: Epoch 37
2026-07-01 10:19:18.425384: Current learning rate: 0.00077
2026-07-01 10:19:53.091311: train_loss -0.6382
2026-07-01 10:19:53.091513: val_loss -0.6516
2026-07-01 10:19:53.091620: Pseudo dice [0.7188, 0.8436, 0.7366]
2026-07-01 10:19:53.091708: Epoch time: 34.67 s
2026-07-01 10:19:53.091778: Yayy! New best EMA pseudo Dice: 0.7193
2026-07-01 10:19:54.398616: 
2026-07-01 10:19:54.398776: Epoch 38
2026-07-01 10:19:54.398898: Current learning rate: 0.00077
2026-07-01 10:20:29.140457: train_loss -0.6406
2026-07-01 10:20:29.140687: val_loss -0.6562
2026-07-01 10:20:29.140793: Pseudo dice [0.7028, 0.8384, 0.7529]
2026-07-01 10:20:29.140897: Epoch time: 34.74 s
2026-07-01 10:20:29.140974: Yayy! New best EMA pseudo Dice: 0.7238
2026-07-01 10:20:30.568411: 
2026-07-01 10:20:30.568569: Epoch 39
2026-07-01 10:20:30.568685: Current learning rate: 0.00076
2026-07-01 10:21:05.284900: train_loss -0.6337
2026-07-01 10:21:05.285098: val_loss -0.6426
2026-07-01 10:21:05.285201: Pseudo dice [0.7059, 0.8295, 0.7254]
2026-07-01 10:21:05.285290: Epoch time: 34.72 s
2026-07-01 10:21:05.285361: Yayy! New best EMA pseudo Dice: 0.7268
2026-07-01 10:21:06.596953: 
2026-07-01 10:21:06.597117: Epoch 40
2026-07-01 10:21:06.597236: Current learning rate: 0.00076
2026-07-01 10:21:41.172360: train_loss -0.6577
2026-07-01 10:21:41.172583: val_loss -0.6804
2026-07-01 10:21:41.172684: Pseudo dice [0.7096, 0.8389, 0.7292]
2026-07-01 10:21:41.172774: Epoch time: 34.58 s
2026-07-01 10:21:41.172905: Yayy! New best EMA pseudo Dice: 0.73
2026-07-01 10:21:42.618923: 
2026-07-01 10:21:42.619080: Epoch 41
2026-07-01 10:21:42.619189: Current learning rate: 0.00075
2026-07-01 10:22:17.198860: train_loss -0.65
2026-07-01 10:22:17.199103: val_loss -0.64
2026-07-01 10:22:17.199207: Pseudo dice [0.7056, 0.8287, 0.7291]
2026-07-01 10:22:17.199388: Epoch time: 34.58 s
2026-07-01 10:22:17.199470: Yayy! New best EMA pseudo Dice: 0.7325
2026-07-01 10:22:18.620276: 
2026-07-01 10:22:18.620442: Epoch 42
2026-07-01 10:22:18.620553: Current learning rate: 0.00074
2026-07-01 10:22:53.306708: train_loss -0.6494
2026-07-01 10:22:53.306913: val_loss -0.6395
2026-07-01 10:22:53.307021: Pseudo dice [0.7037, 0.8328, 0.7115]
2026-07-01 10:22:53.307112: Epoch time: 34.69 s
2026-07-01 10:22:53.307183: Yayy! New best EMA pseudo Dice: 0.7342
2026-07-01 10:22:54.586531: 
2026-07-01 10:22:54.586697: Epoch 43
2026-07-01 10:22:54.586812: Current learning rate: 0.00074
2026-07-01 10:23:29.287441: train_loss -0.6494
2026-07-01 10:23:29.287627: val_loss -0.6655
2026-07-01 10:23:29.287729: Pseudo dice [0.7224, 0.8246, 0.7302]
2026-07-01 10:23:29.287815: Epoch time: 34.7 s
2026-07-01 10:23:29.287899: Yayy! New best EMA pseudo Dice: 0.7366
2026-07-01 10:23:30.569270: 
2026-07-01 10:23:30.569427: Epoch 44
2026-07-01 10:23:30.569536: Current learning rate: 0.00073
2026-07-01 10:24:05.299472: train_loss -0.6339
2026-07-01 10:24:05.299670: val_loss -0.672
2026-07-01 10:24:05.299776: Pseudo dice [0.7102, 0.8345, 0.7382]
2026-07-01 10:24:05.299914: Epoch time: 34.73 s
2026-07-01 10:24:05.299988: Yayy! New best EMA pseudo Dice: 0.7391
2026-07-01 10:24:06.584383: 
2026-07-01 10:24:06.584546: Epoch 45
2026-07-01 10:24:06.584658: Current learning rate: 0.00073
2026-07-01 10:24:41.296403: train_loss -0.6609
2026-07-01 10:24:41.296632: val_loss -0.6567
2026-07-01 10:24:41.296735: Pseudo dice [0.7145, 0.8214, 0.7468]
2026-07-01 10:24:41.296829: Epoch time: 34.71 s
2026-07-01 10:24:41.296907: Yayy! New best EMA pseudo Dice: 0.7413
2026-07-01 10:24:42.694781: 
2026-07-01 10:24:42.694943: Epoch 46
2026-07-01 10:24:42.695064: Current learning rate: 0.00072
2026-07-01 10:25:17.274553: train_loss -0.6546
2026-07-01 10:25:17.274787: val_loss -0.6817
2026-07-01 10:25:17.274921: Pseudo dice [0.715, 0.8497, 0.7605]
2026-07-01 10:25:17.275033: Epoch time: 34.58 s
2026-07-01 10:25:17.275112: Yayy! New best EMA pseudo Dice: 0.7446
2026-07-01 10:25:18.555130: 
2026-07-01 10:25:18.555299: Epoch 47
2026-07-01 10:25:18.555411: Current learning rate: 0.00071
2026-07-01 10:25:53.226596: train_loss -0.657
2026-07-01 10:25:53.226814: val_loss -0.6511
2026-07-01 10:25:53.226943: Pseudo dice [0.7053, 0.8216, 0.7398]
2026-07-01 10:25:53.227040: Epoch time: 34.67 s
2026-07-01 10:25:53.227116: Yayy! New best EMA pseudo Dice: 0.7457
2026-07-01 10:25:54.514292: 
2026-07-01 10:25:54.514445: Epoch 48
2026-07-01 10:25:54.514551: Current learning rate: 0.00071
2026-07-01 10:26:29.231198: train_loss -0.6594
2026-07-01 10:26:29.231404: val_loss -0.6501
2026-07-01 10:26:29.231503: Pseudo dice [0.6998, 0.8325, 0.7449]
2026-07-01 10:26:29.231590: Epoch time: 34.72 s
2026-07-01 10:26:29.231660: Yayy! New best EMA pseudo Dice: 0.7471
2026-07-01 10:26:30.634909: 
2026-07-01 10:26:30.635073: Epoch 49
2026-07-01 10:26:30.635201: Current learning rate: 0.0007
2026-07-01 10:27:05.210648: train_loss -0.6686
2026-07-01 10:27:05.210860: val_loss -0.6405
2026-07-01 10:27:05.210972: Pseudo dice [0.7188, 0.8128, 0.7258]
2026-07-01 10:27:05.211067: Epoch time: 34.58 s
2026-07-01 10:27:05.507857: Yayy! New best EMA pseudo Dice: 0.7476
2026-07-01 10:27:06.796334: 
2026-07-01 10:27:06.796488: Epoch 50
2026-07-01 10:27:06.796597: Current learning rate: 0.00069
2026-07-01 10:27:41.456013: train_loss -0.6729
2026-07-01 10:27:41.456202: val_loss -0.6732
2026-07-01 10:27:41.456301: Pseudo dice [0.7364, 0.8407, 0.7613]
2026-07-01 10:27:41.456389: Epoch time: 34.66 s
2026-07-01 10:27:41.456460: Yayy! New best EMA pseudo Dice: 0.7508
2026-07-01 10:27:42.744698: 
2026-07-01 10:27:42.744849: Epoch 51
2026-07-01 10:27:42.744964: Current learning rate: 0.00069
2026-07-01 10:28:17.433921: train_loss -0.6722
2026-07-01 10:28:17.434119: val_loss -0.6729
2026-07-01 10:28:17.434223: Pseudo dice [0.7321, 0.8467, 0.7452]
2026-07-01 10:28:17.434314: Epoch time: 34.69 s
2026-07-01 10:28:17.434385: Yayy! New best EMA pseudo Dice: 0.7532
2026-07-01 10:28:18.724323: 
2026-07-01 10:28:18.724481: Epoch 52
2026-07-01 10:28:18.724591: Current learning rate: 0.00068
2026-07-01 10:28:53.361480: train_loss -0.6556
2026-07-01 10:28:53.361661: val_loss -0.66
2026-07-01 10:28:53.361765: Pseudo dice [0.7182, 0.8342, 0.7303]
2026-07-01 10:28:53.361853: Epoch time: 34.64 s
2026-07-01 10:28:53.361933: Yayy! New best EMA pseudo Dice: 0.754
2026-07-01 10:28:54.658360: 
2026-07-01 10:28:54.658518: Epoch 53
2026-07-01 10:28:54.658632: Current learning rate: 0.00068
2026-07-01 10:29:29.307161: train_loss -0.6752
2026-07-01 10:29:29.307354: val_loss -0.6968
2026-07-01 10:29:29.307451: Pseudo dice [0.7444, 0.856, 0.7615]
2026-07-01 10:29:29.308480: Epoch time: 34.65 s
2026-07-01 10:29:29.308561: Yayy! New best EMA pseudo Dice: 0.7573
2026-07-01 10:29:30.600040: 
2026-07-01 10:29:30.600199: Epoch 54
2026-07-01 10:29:30.600308: Current learning rate: 0.00067
2026-07-01 10:30:05.246393: train_loss -0.6777
2026-07-01 10:30:05.246592: val_loss -0.6466
2026-07-01 10:30:05.246696: Pseudo dice [0.7221, 0.8107, 0.7243]
2026-07-01 10:30:05.246788: Epoch time: 34.65 s
2026-07-01 10:30:06.379451: 
2026-07-01 10:30:06.379603: Epoch 55
2026-07-01 10:30:06.379711: Current learning rate: 0.00066
2026-07-01 10:30:41.024833: train_loss -0.6803
2026-07-01 10:30:41.025035: val_loss -0.6335
2026-07-01 10:30:41.025140: Pseudo dice [0.7285, 0.8154, 0.7483]
2026-07-01 10:30:41.025232: Epoch time: 34.65 s
2026-07-01 10:30:41.025304: Yayy! New best EMA pseudo Dice: 0.7575
2026-07-01 10:30:42.323374: 
2026-07-01 10:30:42.323537: Epoch 56
2026-07-01 10:30:42.323647: Current learning rate: 0.00066
2026-07-01 10:31:16.971768: train_loss -0.6803
2026-07-01 10:31:16.971975: val_loss -0.6465
2026-07-01 10:31:16.972076: Pseudo dice [0.7168, 0.8408, 0.7464]
2026-07-01 10:31:16.972165: Epoch time: 34.65 s
2026-07-01 10:31:16.972238: Yayy! New best EMA pseudo Dice: 0.7586
2026-07-01 10:31:18.266368: 
2026-07-01 10:31:18.266523: Epoch 57
2026-07-01 10:31:18.266632: Current learning rate: 0.00065
2026-07-01 10:31:52.943808: train_loss -0.6791
2026-07-01 10:31:52.944004: val_loss -0.6733
2026-07-01 10:31:52.944114: Pseudo dice [0.7451, 0.8334, 0.7466]
2026-07-01 10:31:52.944198: Epoch time: 34.68 s
2026-07-01 10:31:52.944267: Yayy! New best EMA pseudo Dice: 0.7602
2026-07-01 10:31:54.239333: 
2026-07-01 10:31:54.239488: Epoch 58
2026-07-01 10:31:54.239605: Current learning rate: 0.00064
2026-07-01 10:32:28.869745: train_loss -0.6781
2026-07-01 10:32:28.869946: val_loss -0.6744
2026-07-01 10:32:28.870052: Pseudo dice [0.7176, 0.8549, 0.7535]
2026-07-01 10:32:28.870145: Epoch time: 34.63 s
2026-07-01 10:32:28.870218: Yayy! New best EMA pseudo Dice: 0.7617
2026-07-01 10:32:30.169913: 
2026-07-01 10:32:30.170068: Epoch 59
2026-07-01 10:32:30.170174: Current learning rate: 0.00064
2026-07-01 10:33:04.774841: train_loss -0.6772
2026-07-01 10:33:04.775942: val_loss -0.6694
2026-07-01 10:33:04.776063: Pseudo dice [0.7179, 0.8529, 0.7505]
2026-07-01 10:33:04.776154: Epoch time: 34.61 s
2026-07-01 10:33:04.776236: Yayy! New best EMA pseudo Dice: 0.7629
2026-07-01 10:33:06.078852: 
2026-07-01 10:33:06.079015: Epoch 60
2026-07-01 10:33:06.079126: Current learning rate: 0.00063
2026-07-01 10:33:40.705988: train_loss -0.6837
2026-07-01 10:33:40.706171: val_loss -0.6646
2026-07-01 10:33:40.706273: Pseudo dice [0.7242, 0.8367, 0.7494]
2026-07-01 10:33:40.706357: Epoch time: 34.63 s
2026-07-01 10:33:40.706426: Yayy! New best EMA pseudo Dice: 0.7636
2026-07-01 10:33:42.011406: 
2026-07-01 10:33:42.011560: Epoch 61
2026-07-01 10:33:42.011670: Current learning rate: 0.00063
2026-07-01 10:34:16.637727: train_loss -0.6911
2026-07-01 10:34:16.637928: val_loss -0.6708
2026-07-01 10:34:16.638031: Pseudo dice [0.7165, 0.8141, 0.7464]
2026-07-01 10:34:16.638123: Epoch time: 34.63 s
2026-07-01 10:34:17.782912: 
2026-07-01 10:34:17.783062: Epoch 62
2026-07-01 10:34:17.783172: Current learning rate: 0.00062
2026-07-01 10:34:52.421610: train_loss -0.6732
2026-07-01 10:34:52.421800: val_loss -0.6744
2026-07-01 10:34:52.421941: Pseudo dice [0.7264, 0.8517, 0.7483]
2026-07-01 10:34:52.422035: Epoch time: 34.64 s
2026-07-01 10:34:52.422107: Yayy! New best EMA pseudo Dice: 0.7644
2026-07-01 10:34:53.743628: 
2026-07-01 10:34:53.743786: Epoch 63
2026-07-01 10:34:53.743906: Current learning rate: 0.00061
2026-07-01 10:35:28.352482: train_loss -0.6929
2026-07-01 10:35:28.352696: val_loss -0.6819
2026-07-01 10:35:28.352806: Pseudo dice [0.7264, 0.8506, 0.7528]
2026-07-01 10:35:28.352941: Epoch time: 34.61 s
2026-07-01 10:35:28.353024: Yayy! New best EMA pseudo Dice: 0.7656
2026-07-01 10:35:29.672205: 
2026-07-01 10:35:29.672360: Epoch 64
2026-07-01 10:35:29.672473: Current learning rate: 0.00061
2026-07-01 10:36:04.335621: train_loss -0.6763
2026-07-01 10:36:04.335805: val_loss -0.6752
2026-07-01 10:36:04.335917: Pseudo dice [0.7281, 0.8465, 0.739]
2026-07-01 10:36:04.336005: Epoch time: 34.67 s
2026-07-01 10:36:04.336074: Yayy! New best EMA pseudo Dice: 0.7662
2026-07-01 10:36:05.647791: 
2026-07-01 10:36:05.647955: Epoch 65
2026-07-01 10:36:05.648071: Current learning rate: 0.0006
2026-07-01 10:36:40.342503: train_loss -0.6978
2026-07-01 10:36:40.342694: val_loss -0.7013
2026-07-01 10:36:40.342793: Pseudo dice [0.7315, 0.853, 0.7703]
2026-07-01 10:36:40.342887: Epoch time: 34.7 s
2026-07-01 10:36:40.342958: Yayy! New best EMA pseudo Dice: 0.7681
2026-07-01 10:36:41.650334: 
2026-07-01 10:36:41.650491: Epoch 66
2026-07-01 10:36:41.650602: Current learning rate: 0.00059
2026-07-01 10:37:16.272645: train_loss -0.6857
2026-07-01 10:37:16.272849: val_loss -0.6861
2026-07-01 10:37:16.272966: Pseudo dice [0.7291, 0.8442, 0.7521]
2026-07-01 10:37:16.273061: Epoch time: 34.62 s
2026-07-01 10:37:16.273133: Yayy! New best EMA pseudo Dice: 0.7688
2026-07-01 10:37:17.713029: 
2026-07-01 10:37:17.713186: Epoch 67
2026-07-01 10:37:17.713299: Current learning rate: 0.00059
2026-07-01 10:37:52.245839: train_loss -0.694
2026-07-01 10:37:52.246036: val_loss -0.6699
2026-07-01 10:37:52.246142: Pseudo dice [0.7167, 0.8394, 0.7425]
2026-07-01 10:37:52.246229: Epoch time: 34.54 s
2026-07-01 10:37:53.388284: 
2026-07-01 10:37:53.388452: Epoch 68
2026-07-01 10:37:53.388576: Current learning rate: 0.00058
2026-07-01 10:38:28.034402: train_loss -0.704
2026-07-01 10:38:28.034595: val_loss -0.6759
2026-07-01 10:38:28.034701: Pseudo dice [0.7352, 0.8537, 0.7484]
2026-07-01 10:38:28.034789: Epoch time: 34.65 s
2026-07-01 10:38:28.034858: Yayy! New best EMA pseudo Dice: 0.7696
2026-07-01 10:38:29.333701: 
2026-07-01 10:38:29.333856: Epoch 69
2026-07-01 10:38:29.333975: Current learning rate: 0.00057
2026-07-01 10:39:04.090481: train_loss -0.699
2026-07-01 10:39:04.090677: val_loss -0.691
2026-07-01 10:39:04.090783: Pseudo dice [0.7302, 0.8553, 0.7633]
2026-07-01 10:39:04.090872: Epoch time: 34.76 s
2026-07-01 10:39:04.090954: Yayy! New best EMA pseudo Dice: 0.7709
2026-07-01 10:39:05.388273: 
2026-07-01 10:39:05.388433: Epoch 70
2026-07-01 10:39:05.388544: Current learning rate: 0.00057
2026-07-01 10:39:40.069633: train_loss -0.705
2026-07-01 10:39:40.069835: val_loss -0.6893
2026-07-01 10:39:40.069948: Pseudo dice [0.732, 0.8631, 0.7614]
2026-07-01 10:39:40.070037: Epoch time: 34.68 s
2026-07-01 10:39:40.070109: Yayy! New best EMA pseudo Dice: 0.7724
2026-07-01 10:39:41.369492: 
2026-07-01 10:39:41.369648: Epoch 71
2026-07-01 10:39:41.369760: Current learning rate: 0.00056
2026-07-01 10:40:16.067225: train_loss -0.7015
2026-07-01 10:40:16.067435: val_loss -0.6682
2026-07-01 10:40:16.067567: Pseudo dice [0.7217, 0.8469, 0.7627]
2026-07-01 10:40:16.067678: Epoch time: 34.7 s
2026-07-01 10:40:16.067753: Yayy! New best EMA pseudo Dice: 0.7728
2026-07-01 10:40:17.369312: 
2026-07-01 10:40:17.369467: Epoch 72
2026-07-01 10:40:17.369579: Current learning rate: 0.00056
2026-07-01 10:40:52.109576: train_loss -0.7029
2026-07-01 10:40:52.109773: val_loss -0.7041
2026-07-01 10:40:52.109871: Pseudo dice [0.7529, 0.8389, 0.7638]
2026-07-01 10:40:52.109968: Epoch time: 34.74 s
2026-07-01 10:40:52.110037: Yayy! New best EMA pseudo Dice: 0.7741
2026-07-01 10:40:53.522807: 
2026-07-01 10:40:53.522983: Epoch 73
2026-07-01 10:40:53.523119: Current learning rate: 0.00055
2026-07-01 10:41:28.234994: train_loss -0.7114
2026-07-01 10:41:28.235209: val_loss -0.6763
2026-07-01 10:41:28.235314: Pseudo dice [0.7336, 0.8571, 0.7483]
2026-07-01 10:41:28.235401: Epoch time: 34.72 s
2026-07-01 10:41:28.235472: Yayy! New best EMA pseudo Dice: 0.7746
2026-07-01 10:41:29.536844: 
2026-07-01 10:41:29.537006: Epoch 74
2026-07-01 10:41:29.537117: Current learning rate: 0.00054
2026-07-01 10:42:04.264141: train_loss -0.6929
2026-07-01 10:42:04.264330: val_loss -0.6621
2026-07-01 10:42:04.265055: Pseudo dice [0.7324, 0.8302, 0.7301]
2026-07-01 10:42:04.265153: Epoch time: 34.73 s
2026-07-01 10:42:05.409627: 
2026-07-01 10:42:05.409783: Epoch 75
2026-07-01 10:42:05.409899: Current learning rate: 0.00054
2026-07-01 10:42:40.122544: train_loss -0.7069
2026-07-01 10:42:40.122749: val_loss -0.6764
2026-07-01 10:42:40.122858: Pseudo dice [0.7494, 0.8426, 0.7525]
2026-07-01 10:42:40.122957: Epoch time: 34.72 s
2026-07-01 10:42:41.265306: 
2026-07-01 10:42:41.265461: Epoch 76
2026-07-01 10:42:41.265573: Current learning rate: 0.00053
2026-07-01 10:43:15.917286: train_loss -0.6975
2026-07-01 10:43:15.917470: val_loss -0.6876
2026-07-01 10:43:15.917581: Pseudo dice [0.7365, 0.8488, 0.7187]
2026-07-01 10:43:15.917671: Epoch time: 34.65 s
2026-07-01 10:43:17.060738: 
2026-07-01 10:43:17.060901: Epoch 77
2026-07-01 10:43:17.061014: Current learning rate: 0.00052
2026-07-01 10:43:51.713797: train_loss -0.7039
2026-07-01 10:43:51.714001: val_loss -0.6552
2026-07-01 10:43:51.714108: Pseudo dice [0.7324, 0.8107, 0.7415]
2026-07-01 10:43:51.714197: Epoch time: 34.66 s
2026-07-01 10:43:52.873291: 
2026-07-01 10:43:52.873448: Epoch 78
2026-07-01 10:43:52.873567: Current learning rate: 0.00052
2026-07-01 10:44:27.548703: train_loss -0.7067
2026-07-01 10:44:27.551161: val_loss -0.672
2026-07-01 10:44:27.551275: Pseudo dice [0.7379, 0.8336, 0.7553]
2026-07-01 10:44:27.551368: Epoch time: 34.68 s
2026-07-01 10:44:28.709233: 
2026-07-01 10:44:28.709388: Epoch 79
2026-07-01 10:44:28.709502: Current learning rate: 0.00051
2026-07-01 10:45:03.436707: train_loss -0.7066
2026-07-01 10:45:03.436907: val_loss -0.6731
2026-07-01 10:45:03.437009: Pseudo dice [0.745, 0.8328, 0.7328]
2026-07-01 10:45:03.437095: Epoch time: 34.73 s
2026-07-01 10:45:04.597010: 
2026-07-01 10:45:04.597171: Epoch 80
2026-07-01 10:45:04.597282: Current learning rate: 0.0005
2026-07-01 10:45:39.305082: train_loss -0.7183
2026-07-01 10:45:39.305269: val_loss -0.6397
2026-07-01 10:45:39.305369: Pseudo dice [0.7314, 0.8478, 0.7049]
2026-07-01 10:45:39.305451: Epoch time: 34.71 s
2026-07-01 10:45:40.463838: 
2026-07-01 10:45:40.464002: Epoch 81
2026-07-01 10:45:40.464123: Current learning rate: 0.0005
2026-07-01 10:46:15.121096: train_loss -0.6944
2026-07-01 10:46:15.127936: val_loss -0.685
2026-07-01 10:46:15.128046: Pseudo dice [0.753, 0.8431, 0.7314]
2026-07-01 10:46:15.128133: Epoch time: 34.66 s
2026-07-01 10:46:16.279080: 
2026-07-01 10:46:16.279237: Epoch 82
2026-07-01 10:46:16.279351: Current learning rate: 0.00049
2026-07-01 10:46:50.938569: train_loss -0.7167
2026-07-01 10:46:50.938754: val_loss -0.6691
2026-07-01 10:46:50.938854: Pseudo dice [0.7453, 0.8173, 0.7417]
2026-07-01 10:46:50.938952: Epoch time: 34.66 s
2026-07-01 10:46:52.053948: 
2026-07-01 10:46:52.054131: Epoch 83
2026-07-01 10:46:52.054247: Current learning rate: 0.00048
2026-07-01 10:47:26.723206: train_loss -0.7096
2026-07-01 10:47:26.723412: val_loss -0.7123
2026-07-01 10:47:26.723512: Pseudo dice [0.7529, 0.8425, 0.7782]
2026-07-01 10:47:26.723598: Epoch time: 34.67 s
2026-07-01 10:47:27.841557: 
2026-07-01 10:47:27.841715: Epoch 84
2026-07-01 10:47:27.841827: Current learning rate: 0.00048
2026-07-01 10:48:02.550075: train_loss -0.7299
2026-07-01 10:48:02.550491: val_loss -0.7037
2026-07-01 10:48:02.550646: Pseudo dice [0.7466, 0.8425, 0.7805]
2026-07-01 10:48:02.550737: Epoch time: 34.71 s
2026-07-01 10:48:02.550810: Yayy! New best EMA pseudo Dice: 0.7751
2026-07-01 10:48:03.829645: 
2026-07-01 10:48:03.829838: Epoch 85
2026-07-01 10:48:03.829966: Current learning rate: 0.00047
2026-07-01 10:48:38.468961: train_loss -0.7214
2026-07-01 10:48:38.469208: val_loss -0.679
2026-07-01 10:48:38.469315: Pseudo dice [0.754, 0.8243, 0.7482]
2026-07-01 10:48:38.469404: Epoch time: 34.64 s
2026-07-01 10:48:38.469475: Yayy! New best EMA pseudo Dice: 0.7752
2026-07-01 10:48:39.743211: 
2026-07-01 10:48:39.743382: Epoch 86
2026-07-01 10:48:39.743499: Current learning rate: 0.00046
2026-07-01 10:49:14.394625: train_loss -0.7274
2026-07-01 10:49:14.394825: val_loss -0.6495
2026-07-01 10:49:14.394936: Pseudo dice [0.722, 0.845, 0.701]
2026-07-01 10:49:14.395025: Epoch time: 34.65 s
2026-07-01 10:49:15.513137: 
2026-07-01 10:49:15.513297: Epoch 87
2026-07-01 10:49:15.513412: Current learning rate: 0.00046
2026-07-01 10:49:50.218341: train_loss -0.7254
2026-07-01 10:49:50.218530: val_loss -0.6844
2026-07-01 10:49:50.218657: Pseudo dice [0.7501, 0.8271, 0.7416]
2026-07-01 10:49:50.218769: Epoch time: 34.71 s
2026-07-01 10:49:51.337432: 
2026-07-01 10:49:51.337602: Epoch 88
2026-07-01 10:49:51.337724: Current learning rate: 0.00045
2026-07-01 10:50:25.972569: train_loss -0.7259
2026-07-01 10:50:25.972757: val_loss -0.6746
2026-07-01 10:50:25.972857: Pseudo dice [0.7324, 0.8579, 0.7509]
2026-07-01 10:50:25.972952: Epoch time: 34.64 s
2026-07-01 10:50:27.088784: 
2026-07-01 10:50:27.088946: Epoch 89
2026-07-01 10:50:27.089060: Current learning rate: 0.00044
2026-07-01 10:51:01.645730: train_loss -0.7198
2026-07-01 10:51:01.645934: val_loss -0.6999
2026-07-01 10:51:01.646034: Pseudo dice [0.7475, 0.8647, 0.7518]
2026-07-01 10:51:01.646123: Epoch time: 34.56 s
2026-07-01 10:51:01.646196: Yayy! New best EMA pseudo Dice: 0.7753
2026-07-01 10:51:03.043688: 
2026-07-01 10:51:03.043847: Epoch 90
2026-07-01 10:51:03.043968: Current learning rate: 0.00044
2026-07-01 10:51:37.733119: train_loss -0.7162
2026-07-01 10:51:37.733303: val_loss -0.685
2026-07-01 10:51:37.733407: Pseudo dice [0.76, 0.8304, 0.7437]
2026-07-01 10:51:37.733492: Epoch time: 34.69 s
2026-07-01 10:51:37.733562: Yayy! New best EMA pseudo Dice: 0.7756
2026-07-01 10:51:39.007976: 
2026-07-01 10:51:39.008131: Epoch 91
2026-07-01 10:51:39.008244: Current learning rate: 0.00043
2026-07-01 10:52:13.664339: train_loss -0.7177
2026-07-01 10:52:13.664542: val_loss -0.7109
2026-07-01 10:52:13.664645: Pseudo dice [0.7338, 0.8513, 0.7753]
2026-07-01 10:52:13.664730: Epoch time: 34.66 s
2026-07-01 10:52:13.664801: Yayy! New best EMA pseudo Dice: 0.7767
2026-07-01 10:52:14.947542: 
2026-07-01 10:52:14.947709: Epoch 92
2026-07-01 10:52:14.947831: Current learning rate: 0.00043
2026-07-01 10:52:49.652188: train_loss -0.7297
2026-07-01 10:52:49.652385: val_loss -0.6731
2026-07-01 10:52:49.652487: Pseudo dice [0.728, 0.8543, 0.7509]
2026-07-01 10:52:49.652572: Epoch time: 34.71 s
2026-07-01 10:52:49.652667: Yayy! New best EMA pseudo Dice: 0.7768
2026-07-01 10:52:50.935008: 
2026-07-01 10:52:50.935162: Epoch 93
2026-07-01 10:52:50.935270: Current learning rate: 0.00042
2026-07-01 10:53:25.591668: train_loss -0.7369
2026-07-01 10:53:25.591862: val_loss -0.6944
2026-07-01 10:53:25.591979: Pseudo dice [0.7406, 0.8631, 0.7521]
2026-07-01 10:53:25.592065: Epoch time: 34.66 s
2026-07-01 10:53:25.592135: Yayy! New best EMA pseudo Dice: 0.7777
2026-07-01 10:53:26.882318: 
2026-07-01 10:53:26.882483: Epoch 94
2026-07-01 10:53:26.882598: Current learning rate: 0.00041
2026-07-01 10:54:01.533963: train_loss -0.7198
2026-07-01 10:54:01.534161: val_loss -0.6666
2026-07-01 10:54:01.534266: Pseudo dice [0.732, 0.8297, 0.7575]
2026-07-01 10:54:01.534353: Epoch time: 34.65 s
2026-07-01 10:54:02.659633: 
2026-07-01 10:54:02.659789: Epoch 95
2026-07-01 10:54:02.659907: Current learning rate: 0.00041
2026-07-01 10:54:37.373950: train_loss -0.7303
2026-07-01 10:54:37.374135: val_loss -0.7028
2026-07-01 10:54:37.374233: Pseudo dice [0.7461, 0.8458, 0.779]
2026-07-01 10:54:37.374316: Epoch time: 34.72 s
2026-07-01 10:54:37.374385: Yayy! New best EMA pseudo Dice: 0.7785
2026-07-01 10:54:38.678262: 
2026-07-01 10:54:38.678422: Epoch 96
2026-07-01 10:54:38.678531: Current learning rate: 0.0004
2026-07-01 10:55:13.336103: train_loss -0.7295
2026-07-01 10:55:13.337090: val_loss -0.6809
2026-07-01 10:55:13.337203: Pseudo dice [0.7533, 0.8501, 0.7755]
2026-07-01 10:55:13.337290: Epoch time: 34.66 s
2026-07-01 10:55:13.337359: Yayy! New best EMA pseudo Dice: 0.78
2026-07-01 10:55:14.652776: 
2026-07-01 10:55:14.652937: Epoch 97
2026-07-01 10:55:14.653597: Current learning rate: 0.00039
2026-07-01 10:55:49.304253: train_loss -0.7231
2026-07-01 10:55:49.304452: val_loss -0.6824
2026-07-01 10:55:49.304559: Pseudo dice [0.7296, 0.8412, 0.7629]
2026-07-01 10:55:49.304647: Epoch time: 34.65 s
2026-07-01 10:55:50.445622: 
2026-07-01 10:55:50.445784: Epoch 98
2026-07-01 10:55:50.445908: Current learning rate: 0.00039
2026-07-01 10:56:25.100223: train_loss -0.7338
2026-07-01 10:56:25.100416: val_loss -0.6755
2026-07-01 10:56:25.100518: Pseudo dice [0.7406, 0.8544, 0.767]
2026-07-01 10:56:25.100605: Epoch time: 34.66 s
2026-07-01 10:56:25.100674: Yayy! New best EMA pseudo Dice: 0.7805
2026-07-01 10:56:26.389721: 
2026-07-01 10:56:26.389888: Epoch 99
2026-07-01 10:56:26.390002: Current learning rate: 0.00038
2026-07-01 10:57:01.070793: train_loss -0.7304
2026-07-01 10:57:01.070990: val_loss -0.6885
2026-07-01 10:57:01.071095: Pseudo dice [0.7342, 0.8446, 0.7618]
2026-07-01 10:57:01.071178: Epoch time: 34.68 s
2026-07-01 10:57:02.363258: 
2026-07-01 10:57:02.363426: Epoch 100
2026-07-01 10:57:02.363538: Current learning rate: 0.00037
2026-07-01 10:57:37.048616: train_loss -0.739
2026-07-01 10:57:37.048809: val_loss -0.6614
2026-07-01 10:57:37.048918: Pseudo dice [0.7366, 0.8405, 0.7332]
2026-07-01 10:57:37.049006: Epoch time: 34.69 s
2026-07-01 10:57:38.178758: 
2026-07-01 10:57:38.178922: Epoch 101
2026-07-01 10:57:38.179040: Current learning rate: 0.00037
2026-07-01 10:58:12.820555: train_loss -0.7355
2026-07-01 10:58:12.820741: val_loss -0.7017
2026-07-01 10:58:12.820840: Pseudo dice [0.734, 0.8529, 0.7735]
2026-07-01 10:58:12.820932: Epoch time: 34.64 s
2026-07-01 10:58:13.949330: 
2026-07-01 10:58:13.949496: Epoch 102
2026-07-01 10:58:13.949613: Current learning rate: 0.00036
2026-07-01 10:58:48.640758: train_loss -0.7352
2026-07-01 10:58:48.640963: val_loss -0.6828
2026-07-01 10:58:48.641064: Pseudo dice [0.7417, 0.8598, 0.76]
2026-07-01 10:58:48.641150: Epoch time: 34.69 s
2026-07-01 10:58:48.641220: Yayy! New best EMA pseudo Dice: 0.7809
2026-07-01 10:58:49.930565: 
2026-07-01 10:58:49.930717: Epoch 103
2026-07-01 10:58:49.930819: Current learning rate: 0.00035
2026-07-01 10:59:24.615340: train_loss -0.7286
2026-07-01 10:59:24.615528: val_loss -0.6708
2026-07-01 10:59:24.615631: Pseudo dice [0.7152, 0.8479, 0.7454]
2026-07-01 10:59:24.615716: Epoch time: 34.69 s
2026-07-01 10:59:25.746345: 
2026-07-01 10:59:25.746515: Epoch 104
2026-07-01 10:59:25.746640: Current learning rate: 0.00035
2026-07-01 11:00:00.379346: train_loss -0.7285
2026-07-01 11:00:00.379535: val_loss -0.7013
2026-07-01 11:00:00.379633: Pseudo dice [0.7435, 0.8602, 0.7619]
2026-07-01 11:00:00.379718: Epoch time: 34.64 s
2026-07-01 11:00:01.510117: 
2026-07-01 11:00:01.510274: Epoch 105
2026-07-01 11:00:01.510383: Current learning rate: 0.00034
2026-07-01 11:00:36.196072: train_loss -0.7414
2026-07-01 11:00:36.196253: val_loss -0.7043
2026-07-01 11:00:36.196350: Pseudo dice [0.7523, 0.8568, 0.7641]
2026-07-01 11:00:36.196433: Epoch time: 34.69 s
2026-07-01 11:00:36.196501: Yayy! New best EMA pseudo Dice: 0.7817
2026-07-01 11:00:37.485037: 
2026-07-01 11:00:37.485215: Epoch 106
2026-07-01 11:00:37.485335: Current learning rate: 0.00033
2026-07-01 11:01:12.116335: train_loss -0.7513
2026-07-01 11:01:12.116535: val_loss -0.7054
2026-07-01 11:01:12.116637: Pseudo dice [0.7503, 0.864, 0.7593]
2026-07-01 11:01:12.116760: Epoch time: 34.63 s
2026-07-01 11:01:12.116836: Yayy! New best EMA pseudo Dice: 0.7826
2026-07-01 11:01:13.415653: 
2026-07-01 11:01:13.415809: Epoch 107
2026-07-01 11:01:13.415924: Current learning rate: 0.00032
2026-07-01 11:01:48.106907: train_loss -0.7556
2026-07-01 11:01:48.107128: val_loss -0.6779
2026-07-01 11:01:48.107232: Pseudo dice [0.7614, 0.8512, 0.7376]
2026-07-01 11:01:48.107318: Epoch time: 34.69 s
2026-07-01 11:01:48.107387: Yayy! New best EMA pseudo Dice: 0.7827
2026-07-01 11:01:49.519746: 
2026-07-01 11:01:49.519924: Epoch 108
2026-07-01 11:01:49.520052: Current learning rate: 0.00032
2026-07-01 11:02:24.219730: train_loss -0.7332
2026-07-01 11:02:24.219932: val_loss -0.6915
2026-07-01 11:02:24.220038: Pseudo dice [0.7458, 0.8511, 0.7695]
2026-07-01 11:02:24.220124: Epoch time: 34.7 s
2026-07-01 11:02:24.220195: Yayy! New best EMA pseudo Dice: 0.7833
2026-07-01 11:02:25.521529: 
2026-07-01 11:02:25.521687: Epoch 109
2026-07-01 11:02:25.521798: Current learning rate: 0.00031
2026-07-01 11:03:00.075927: train_loss -0.7414
2026-07-01 11:03:00.076108: val_loss -0.699
2026-07-01 11:03:00.076209: Pseudo dice [0.7397, 0.849, 0.745]
2026-07-01 11:03:00.076295: Epoch time: 34.56 s
2026-07-01 11:03:01.221552: 
2026-07-01 11:03:01.221723: Epoch 110
2026-07-01 11:03:01.221848: Current learning rate: 0.0003
2026-07-01 11:03:35.873814: train_loss -0.7472
2026-07-01 11:03:35.874018: val_loss -0.7117
2026-07-01 11:03:35.874146: Pseudo dice [0.7441, 0.8615, 0.762]
2026-07-01 11:03:35.874243: Epoch time: 34.65 s
2026-07-01 11:03:35.874317: Yayy! New best EMA pseudo Dice: 0.7834
2026-07-01 11:03:37.177719: 
2026-07-01 11:03:37.177876: Epoch 111
2026-07-01 11:03:37.177997: Current learning rate: 0.0003
2026-07-01 11:04:11.886904: train_loss -0.7422
2026-07-01 11:04:11.887094: val_loss -0.6964
2026-07-01 11:04:11.887199: Pseudo dice [0.7333, 0.8602, 0.7679]
2026-07-01 11:04:11.887284: Epoch time: 34.71 s
2026-07-01 11:04:11.887355: Yayy! New best EMA pseudo Dice: 0.7838
2026-07-01 11:04:13.299921: 
2026-07-01 11:04:13.300081: Epoch 112
2026-07-01 11:04:13.300219: Current learning rate: 0.00029
2026-07-01 11:04:47.887212: train_loss -0.748
2026-07-01 11:04:47.889818: val_loss -0.679
2026-07-01 11:04:47.889941: Pseudo dice [0.7325, 0.8573, 0.7696]
2026-07-01 11:04:47.890036: Epoch time: 34.59 s
2026-07-01 11:04:47.890110: Yayy! New best EMA pseudo Dice: 0.7841
2026-07-01 11:04:49.315642: 
2026-07-01 11:04:49.315798: Epoch 113
2026-07-01 11:04:49.315921: Current learning rate: 0.00028
2026-07-01 11:05:23.998101: train_loss -0.7489
2026-07-01 11:05:23.998287: val_loss -0.6877
2026-07-01 11:05:23.998390: Pseudo dice [0.7269, 0.848, 0.776]
2026-07-01 11:05:23.998477: Epoch time: 34.68 s
2026-07-01 11:05:25.133332: 
2026-07-01 11:05:25.133535: Epoch 114
2026-07-01 11:05:25.133649: Current learning rate: 0.00028
2026-07-01 11:05:59.775548: train_loss -0.7432
2026-07-01 11:05:59.775747: val_loss -0.7143
2026-07-01 11:05:59.775845: Pseudo dice [0.7432, 0.8607, 0.7832]
2026-07-01 11:05:59.775947: Epoch time: 34.64 s
2026-07-01 11:05:59.776021: Yayy! New best EMA pseudo Dice: 0.7852
2026-07-01 11:06:01.079955: 
2026-07-01 11:06:01.080106: Epoch 115
2026-07-01 11:06:01.080213: Current learning rate: 0.00027
2026-07-01 11:06:35.732922: train_loss -0.7435
2026-07-01 11:06:35.733113: val_loss -0.7095
2026-07-01 11:06:35.733211: Pseudo dice [0.7403, 0.8523, 0.7778]
2026-07-01 11:06:35.733295: Epoch time: 34.66 s
2026-07-01 11:06:35.733362: Yayy! New best EMA pseudo Dice: 0.7857
2026-07-01 11:06:37.042019: 
2026-07-01 11:06:37.042170: Epoch 116
2026-07-01 11:06:37.042274: Current learning rate: 0.00026
2026-07-01 11:07:11.729821: train_loss -0.7493
2026-07-01 11:07:11.730020: val_loss -0.7023
2026-07-01 11:07:11.730121: Pseudo dice [0.7512, 0.8641, 0.757]
2026-07-01 11:07:11.730207: Epoch time: 34.69 s
2026-07-01 11:07:11.730279: Yayy! New best EMA pseudo Dice: 0.7862
2026-07-01 11:07:13.035669: 
2026-07-01 11:07:13.035817: Epoch 117
2026-07-01 11:07:13.035927: Current learning rate: 0.00026
2026-07-01 11:07:47.664448: train_loss -0.7347
2026-07-01 11:07:47.664637: val_loss -0.697
2026-07-01 11:07:47.664736: Pseudo dice [0.7452, 0.8563, 0.7664]
2026-07-01 11:07:47.664819: Epoch time: 34.63 s
2026-07-01 11:07:47.664895: Yayy! New best EMA pseudo Dice: 0.7865
2026-07-01 11:07:48.975011: 
2026-07-01 11:07:48.975158: Epoch 118
2026-07-01 11:07:48.975265: Current learning rate: 0.00025
2026-07-01 11:08:23.601140: train_loss -0.7523
2026-07-01 11:08:23.601329: val_loss -0.6911
2026-07-01 11:08:23.601428: Pseudo dice [0.758, 0.8623, 0.7448]
2026-07-01 11:08:23.602497: Epoch time: 34.63 s
2026-07-01 11:08:23.602576: Yayy! New best EMA pseudo Dice: 0.7867
2026-07-01 11:08:24.911132: 
2026-07-01 11:08:24.911282: Epoch 119
2026-07-01 11:08:24.911388: Current learning rate: 0.00024
2026-07-01 11:08:59.605755: train_loss -0.7527
2026-07-01 11:08:59.605954: val_loss -0.7074
2026-07-01 11:08:59.606056: Pseudo dice [0.7419, 0.8502, 0.7632]
2026-07-01 11:08:59.606145: Epoch time: 34.7 s
2026-07-01 11:09:00.755604: 
2026-07-01 11:09:00.755754: Epoch 120
2026-07-01 11:09:00.755861: Current learning rate: 0.00023
2026-07-01 11:09:35.445346: train_loss -0.7534
2026-07-01 11:09:35.445537: val_loss -0.724
2026-07-01 11:09:35.445638: Pseudo dice [0.7612, 0.8641, 0.7781]
2026-07-01 11:09:35.445723: Epoch time: 34.69 s
2026-07-01 11:09:35.445792: Yayy! New best EMA pseudo Dice: 0.788
2026-07-01 11:09:36.870098: 
2026-07-01 11:09:36.870250: Epoch 121
2026-07-01 11:09:36.870361: Current learning rate: 0.00023
2026-07-01 11:10:11.420314: train_loss -0.7564
2026-07-01 11:10:11.420978: val_loss -0.7232
2026-07-01 11:10:11.421098: Pseudo dice [0.7579, 0.8547, 0.7816]
2026-07-01 11:10:11.421197: Epoch time: 34.55 s
2026-07-01 11:10:11.421271: Yayy! New best EMA pseudo Dice: 0.789
2026-07-01 11:10:12.876892: 
2026-07-01 11:10:12.877048: Epoch 122
2026-07-01 11:10:12.877162: Current learning rate: 0.00022
2026-07-01 11:10:47.578499: train_loss -0.7508
2026-07-01 11:10:47.578695: val_loss -0.7013
2026-07-01 11:10:47.578793: Pseudo dice [0.7492, 0.8446, 0.7707]
2026-07-01 11:10:47.578885: Epoch time: 34.7 s
2026-07-01 11:10:48.729437: 
2026-07-01 11:10:48.729587: Epoch 123
2026-07-01 11:10:48.729698: Current learning rate: 0.00021
2026-07-01 11:11:23.405751: train_loss -0.7548
2026-07-01 11:11:23.405963: val_loss -0.7095
2026-07-01 11:11:23.406073: Pseudo dice [0.7509, 0.858, 0.7894]
2026-07-01 11:11:23.406165: Epoch time: 34.68 s
2026-07-01 11:11:23.406240: Yayy! New best EMA pseudo Dice: 0.79
2026-07-01 11:11:24.722575: 
2026-07-01 11:11:24.722745: Epoch 124
2026-07-01 11:11:24.722857: Current learning rate: 0.00021
2026-07-01 11:11:59.385698: train_loss -0.7525
2026-07-01 11:11:59.385890: val_loss -0.688
2026-07-01 11:11:59.385991: Pseudo dice [0.7315, 0.8672, 0.7691]
2026-07-01 11:11:59.386074: Epoch time: 34.67 s
2026-07-01 11:12:00.535422: 
2026-07-01 11:12:00.535577: Epoch 125
2026-07-01 11:12:00.535689: Current learning rate: 0.0002
2026-07-01 11:12:35.187148: train_loss -0.7548
2026-07-01 11:12:35.187345: val_loss -0.6814
2026-07-01 11:12:35.187450: Pseudo dice [0.7395, 0.8487, 0.726]
2026-07-01 11:12:35.187544: Epoch time: 34.65 s
2026-07-01 11:12:36.339486: 
2026-07-01 11:12:36.339643: Epoch 126
2026-07-01 11:12:36.339761: Current learning rate: 0.00019
2026-07-01 11:13:10.996288: train_loss -0.7534
2026-07-01 11:13:10.996474: val_loss -0.6806
2026-07-01 11:13:10.996571: Pseudo dice [0.7518, 0.8587, 0.7649]
2026-07-01 11:13:10.996654: Epoch time: 34.66 s
2026-07-01 11:13:12.145180: 
2026-07-01 11:13:12.145337: Epoch 127
2026-07-01 11:13:12.145446: Current learning rate: 0.00018
2026-07-01 11:13:46.796805: train_loss -0.7543
2026-07-01 11:13:46.797005: val_loss -0.711
2026-07-01 11:13:46.797107: Pseudo dice [0.7504, 0.8454, 0.7879]
2026-07-01 11:13:46.797233: Epoch time: 34.65 s
2026-07-01 11:13:47.947364: 
2026-07-01 11:13:47.947514: Epoch 128
2026-07-01 11:13:47.947624: Current learning rate: 0.00018
2026-07-01 11:14:22.594034: train_loss -0.7617
2026-07-01 11:14:22.594231: val_loss -0.6997
2026-07-01 11:14:22.594337: Pseudo dice [0.7352, 0.8542, 0.7571]
2026-07-01 11:14:22.594425: Epoch time: 34.65 s
2026-07-01 11:14:23.728336: 
2026-07-01 11:14:23.728488: Epoch 129
2026-07-01 11:14:23.728594: Current learning rate: 0.00017
2026-07-01 11:14:58.280067: train_loss -0.754
2026-07-01 11:14:58.280247: val_loss -0.6975
2026-07-01 11:14:58.280467: Pseudo dice [0.7532, 0.8518, 0.7747]
2026-07-01 11:14:58.280556: Epoch time: 34.55 s
2026-07-01 11:14:59.416958: 
2026-07-01 11:14:59.417110: Epoch 130
2026-07-01 11:14:59.417217: Current learning rate: 0.00016
2026-07-01 11:15:34.082732: train_loss -0.7582
2026-07-01 11:15:34.082946: val_loss -0.6861
2026-07-01 11:15:34.083073: Pseudo dice [0.737, 0.8489, 0.7724]
2026-07-01 11:15:34.083169: Epoch time: 34.67 s
2026-07-01 11:15:35.350858: 
2026-07-01 11:15:35.351015: Epoch 131
2026-07-01 11:15:35.351121: Current learning rate: 0.00016
2026-07-01 11:16:09.916501: train_loss -0.7673
2026-07-01 11:16:09.916712: val_loss -0.7013
2026-07-01 11:16:09.916819: Pseudo dice [0.7346, 0.8632, 0.7602]
2026-07-01 11:16:09.916923: Epoch time: 34.57 s
2026-07-01 11:16:11.182830: 
2026-07-01 11:16:11.182985: Epoch 132
2026-07-01 11:16:11.183097: Current learning rate: 0.00015
2026-07-01 11:16:45.821973: train_loss -0.7538
2026-07-01 11:16:45.822174: val_loss -0.6894
2026-07-01 11:16:45.822273: Pseudo dice [0.7561, 0.8528, 0.7566]
2026-07-01 11:16:45.822357: Epoch time: 34.64 s
2026-07-01 11:16:46.959660: 
2026-07-01 11:16:46.959842: Epoch 133
2026-07-01 11:16:46.959967: Current learning rate: 0.00014
2026-07-01 11:17:21.528197: train_loss -0.7742
2026-07-01 11:17:21.528410: val_loss -0.6694
2026-07-01 11:17:21.528519: Pseudo dice [0.7375, 0.8407, 0.7611]
2026-07-01 11:17:21.528614: Epoch time: 34.57 s
2026-07-01 11:17:22.672933: 
2026-07-01 11:17:22.673091: Epoch 134
2026-07-01 11:17:22.673210: Current learning rate: 0.00013
2026-07-01 11:17:57.339428: train_loss -0.7667
2026-07-01 11:17:57.339674: val_loss -0.7306
2026-07-01 11:17:57.339785: Pseudo dice [0.7531, 0.8651, 0.7788]
2026-07-01 11:17:57.339885: Epoch time: 34.67 s
2026-07-01 11:17:58.487162: 
2026-07-01 11:17:58.487316: Epoch 135
2026-07-01 11:17:58.487425: Current learning rate: 0.00013
2026-07-01 11:18:33.135432: train_loss -0.7601
2026-07-01 11:18:33.135624: val_loss -0.6927
2026-07-01 11:18:33.135727: Pseudo dice [0.7412, 0.8445, 0.78]
2026-07-01 11:18:33.135857: Epoch time: 34.65 s
2026-07-01 11:18:34.404233: 
2026-07-01 11:18:34.404394: Epoch 136
2026-07-01 11:18:34.404500: Current learning rate: 0.00012
2026-07-01 11:19:09.080835: train_loss -0.7674
2026-07-01 11:19:09.081037: val_loss -0.6953
2026-07-01 11:19:09.081137: Pseudo dice [0.7592, 0.8528, 0.7778]
2026-07-01 11:19:09.081225: Epoch time: 34.68 s
2026-07-01 11:19:10.221955: 
2026-07-01 11:19:10.222108: Epoch 137
2026-07-01 11:19:10.222224: Current learning rate: 0.00011
2026-07-01 11:19:44.904131: train_loss -0.7609
2026-07-01 11:19:44.904318: val_loss -0.6758
2026-07-01 11:19:44.904416: Pseudo dice [0.7373, 0.8313, 0.7527]
2026-07-01 11:19:44.904499: Epoch time: 34.68 s
2026-07-01 11:19:46.074329: 
2026-07-01 11:19:46.074479: Epoch 138
2026-07-01 11:19:46.074587: Current learning rate: 0.0001
2026-07-01 11:20:20.753460: train_loss -0.768
2026-07-01 11:20:20.753654: val_loss -0.6972
2026-07-01 11:20:20.753754: Pseudo dice [0.7444, 0.8533, 0.7744]
2026-07-01 11:20:20.753842: Epoch time: 34.68 s
2026-07-01 11:20:21.902690: 
2026-07-01 11:20:21.902853: Epoch 139
2026-07-01 11:20:21.902968: Current learning rate: 0.0001
2026-07-01 11:20:56.584600: train_loss -0.7616
2026-07-01 11:20:56.584795: val_loss -0.6954
2026-07-01 11:20:56.584901: Pseudo dice [0.7473, 0.8504, 0.766]
2026-07-01 11:20:56.585065: Epoch time: 34.68 s
2026-07-01 11:20:57.735889: 
2026-07-01 11:20:57.736046: Epoch 140
2026-07-01 11:20:57.736156: Current learning rate: 9e-05
2026-07-01 11:21:32.395541: train_loss -0.7788
2026-07-01 11:21:32.395758: val_loss -0.6818
2026-07-01 11:21:32.395869: Pseudo dice [0.7494, 0.8493, 0.7696]
2026-07-01 11:21:32.395973: Epoch time: 34.66 s
2026-07-01 11:21:33.545578: 
2026-07-01 11:21:33.545739: Epoch 141
2026-07-01 11:21:33.545848: Current learning rate: 8e-05
2026-07-01 11:22:08.136928: train_loss -0.7721
2026-07-01 11:22:08.137120: val_loss -0.6695
2026-07-01 11:22:08.137217: Pseudo dice [0.7521, 0.8513, 0.7699]
2026-07-01 11:22:08.137303: Epoch time: 34.59 s
2026-07-01 11:22:09.431521: 
2026-07-01 11:22:09.431676: Epoch 142
2026-07-01 11:22:09.431790: Current learning rate: 7e-05
2026-07-01 11:22:44.010940: train_loss -0.7641
2026-07-01 11:22:44.011135: val_loss -0.6784
2026-07-01 11:22:44.011247: Pseudo dice [0.7442, 0.8541, 0.7477]
2026-07-01 11:22:44.011342: Epoch time: 34.58 s
2026-07-01 11:22:45.168020: 
2026-07-01 11:22:45.168173: Epoch 143
2026-07-01 11:22:45.168282: Current learning rate: 6e-05
2026-07-01 11:23:19.858423: train_loss -0.7628
2026-07-01 11:23:19.858621: val_loss -0.7144
2026-07-01 11:23:19.858726: Pseudo dice [0.7548, 0.8642, 0.7691]
2026-07-01 11:23:19.858863: Epoch time: 34.69 s
2026-07-01 11:23:21.004690: 
2026-07-01 11:23:21.004847: Epoch 144
2026-07-01 11:23:21.004965: Current learning rate: 6e-05
2026-07-01 11:23:55.644291: train_loss -0.7705
2026-07-01 11:23:55.644477: val_loss -0.7211
2026-07-01 11:23:55.644582: Pseudo dice [0.7409, 0.8531, 0.7805]
2026-07-01 11:23:55.644667: Epoch time: 34.64 s
2026-07-01 11:23:56.787750: 
2026-07-01 11:23:56.787907: Epoch 145
2026-07-01 11:23:56.788017: Current learning rate: 5e-05
2026-07-01 11:24:31.340679: train_loss -0.7676
2026-07-01 11:24:31.340891: val_loss -0.6846
2026-07-01 11:24:31.340999: Pseudo dice [0.7477, 0.8571, 0.7803]
2026-07-01 11:24:31.341091: Epoch time: 34.56 s
2026-07-01 11:24:32.620608: 
2026-07-01 11:24:32.620761: Epoch 146
2026-07-01 11:24:32.620871: Current learning rate: 4e-05
2026-07-01 11:25:07.170729: train_loss -0.7752
2026-07-01 11:25:07.170935: val_loss -0.6954
2026-07-01 11:25:07.171038: Pseudo dice [0.7527, 0.8431, 0.7657]
2026-07-01 11:25:07.171128: Epoch time: 34.55 s
2026-07-01 11:25:08.322143: 
2026-07-01 11:25:08.322300: Epoch 147
2026-07-01 11:25:08.322415: Current learning rate: 3e-05
2026-07-01 11:25:42.980272: train_loss -0.7717
2026-07-01 11:25:42.980466: val_loss -0.7022
2026-07-01 11:25:42.980579: Pseudo dice [0.7348, 0.8454, 0.7712]
2026-07-01 11:25:42.980677: Epoch time: 34.66 s
2026-07-01 11:25:44.129373: 
2026-07-01 11:25:44.129523: Epoch 148
2026-07-01 11:25:44.129631: Current learning rate: 2e-05
2026-07-01 11:26:18.778001: train_loss -0.7622
2026-07-01 11:26:18.778178: val_loss -0.7022
2026-07-01 11:26:18.778280: Pseudo dice [0.7537, 0.8613, 0.7715]
2026-07-01 11:26:18.778367: Epoch time: 34.65 s
2026-07-01 11:26:19.933271: 
2026-07-01 11:26:19.933418: Epoch 149
2026-07-01 11:26:19.933521: Current learning rate: 1e-05
2026-07-01 11:26:54.569731: train_loss -0.7726
2026-07-01 11:26:54.569938: val_loss -0.7067
2026-07-01 11:26:54.570047: Pseudo dice [0.7455, 0.847, 0.7873]
2026-07-01 11:26:54.570139: Epoch time: 34.64 s
2026-07-01 11:26:56.203537: Training done.
2026-07-01 11:26:56.225569: Using splits from existing split file: /gpfs/home1/yhussein/LightM-UNet/data/nnUNet_preprocessed/Dataset501_ARCADE/splits_final.json
2026-07-01 11:26:56.226701: The split file contains 1 splits.
2026-07-01 11:26:56.226778: Desired fold for training: 0
2026-07-01 11:26:56.226832: This split has 1000 training and 200 validation cases.
2026-07-01 11:26:56.229256: predicting val_1
2026-07-01 11:26:57.425830: predicting val_10
2026-07-01 11:26:57.511563: predicting val_100
2026-07-01 11:26:57.593180: predicting val_101
2026-07-01 11:26:57.673820: predicting val_102
2026-07-01 11:26:57.756106: predicting val_103
2026-07-01 11:26:57.837126: predicting val_104
2026-07-01 11:26:57.918980: predicting val_105
2026-07-01 11:26:58.001515: predicting val_106
2026-07-01 11:26:58.084817: predicting val_107
2026-07-01 11:27:04.374532: predicting val_108
2026-07-01 11:27:04.458219: predicting val_109
2026-07-01 11:27:04.539707: predicting val_11
2026-07-01 11:27:04.620960: predicting val_110
2026-07-01 11:27:04.702808: predicting val_111
2026-07-01 11:27:04.784791: predicting val_112
2026-07-01 11:27:04.865776: predicting val_113
2026-07-01 11:27:04.946868: predicting val_114
2026-07-01 11:27:05.029702: predicting val_115
2026-07-01 11:27:05.111273: predicting val_116
2026-07-01 11:27:05.194147: predicting val_117
2026-07-01 11:27:05.275268: predicting val_118
2026-07-01 11:27:05.356950: predicting val_119
2026-07-01 11:27:05.438456: predicting val_12
2026-07-01 11:27:05.519875: predicting val_120
2026-07-01 11:27:05.601316: predicting val_121
2026-07-01 11:27:05.682503: predicting val_122
2026-07-01 11:27:05.763886: predicting val_123
2026-07-01 11:27:05.847997: predicting val_124
2026-07-01 11:27:05.929724: predicting val_125
2026-07-01 11:27:06.011253: predicting val_126
2026-07-01 11:27:06.094153: predicting val_127
2026-07-01 11:27:06.183269: predicting val_128
2026-07-01 11:27:06.267349: predicting val_129
2026-07-01 11:27:06.353992: predicting val_13
2026-07-01 11:27:06.438409: predicting val_130
2026-07-01 11:27:06.522542: predicting val_131
2026-07-01 11:27:06.607010: predicting val_132
2026-07-01 11:27:06.691210: predicting val_133
2026-07-01 11:27:06.874326: predicting val_134
2026-07-01 11:27:13.267135: predicting val_135
2026-07-01 11:27:13.348994: predicting val_136
2026-07-01 11:27:13.429929: predicting val_137
2026-07-01 11:27:13.510673: predicting val_138
2026-07-01 11:27:13.591084: predicting val_139
2026-07-01 11:27:13.671084: predicting val_14
2026-07-01 11:27:13.751271: predicting val_140
2026-07-01 11:27:13.831029: predicting val_141
2026-07-01 11:27:13.911750: predicting val_142
2026-07-01 11:27:13.991908: predicting val_143
2026-07-01 11:27:14.071293: predicting val_144
2026-07-01 11:27:14.151553: predicting val_145
2026-07-01 11:27:14.236042: predicting val_146
2026-07-01 11:27:14.916074: predicting val_147
2026-07-01 11:27:14.997374: predicting val_148
2026-07-01 11:27:15.078727: predicting val_149
2026-07-01 11:27:15.159296: predicting val_15
2026-07-01 11:27:15.239870: predicting val_150
2026-07-01 11:27:15.320710: predicting val_151
2026-07-01 11:27:15.401835: predicting val_152
2026-07-01 11:27:15.482068: predicting val_153
2026-07-01 11:27:15.565769: predicting val_154
2026-07-01 11:27:15.647323: predicting val_155
2026-07-01 11:27:15.728053: predicting val_156
2026-07-01 11:27:15.809184: predicting val_157
2026-07-01 11:27:15.890548: predicting val_158
2026-07-01 11:27:15.971528: predicting val_159
2026-07-01 11:27:16.052463: predicting val_16
2026-07-01 11:27:16.135762: predicting val_160
2026-07-01 11:27:16.217186: predicting val_161
2026-07-01 11:27:16.805328: predicting val_162
2026-07-01 11:27:16.887972: predicting val_163
2026-07-01 11:27:16.969908: predicting val_164
2026-07-01 11:27:17.050429: predicting val_165
2026-07-01 11:27:17.131246: predicting val_166
2026-07-01 11:27:17.214973: predicting val_167
2026-07-01 11:27:17.296323: predicting val_168
2026-07-01 11:27:17.377792: predicting val_169
2026-07-01 11:27:17.458914: predicting val_17
2026-07-01 11:27:17.540087: predicting val_170
2026-07-01 11:27:17.621022: predicting val_171
2026-07-01 11:27:17.701991: predicting val_172
2026-07-01 11:27:17.783198: predicting val_173
2026-07-01 11:27:17.864153: predicting val_174
2026-07-01 11:27:17.944849: predicting val_175
2026-07-01 11:27:18.026249: predicting val_176
2026-07-01 11:27:18.108545: predicting val_177
2026-07-01 11:27:18.189745: predicting val_178
2026-07-01 11:27:18.271177: predicting val_179
2026-07-01 11:27:18.351725: predicting val_18
2026-07-01 11:27:18.432950: predicting val_180
2026-07-01 11:27:18.513875: predicting val_181
2026-07-01 11:27:18.595417: predicting val_182
2026-07-01 11:27:18.676959: predicting val_183
2026-07-01 11:27:18.758543: predicting val_184
2026-07-01 11:27:18.839932: predicting val_185
2026-07-01 11:27:18.920871: predicting val_186
2026-07-01 11:27:19.002540: predicting val_187
2026-07-01 11:27:19.088980: predicting val_188
2026-07-01 11:27:19.171986: predicting val_189
2026-07-01 11:27:19.253529: predicting val_19
2026-07-01 11:27:19.334994: predicting val_190
2026-07-01 11:27:19.416667: predicting val_191
2026-07-01 11:27:19.498518: predicting val_192
2026-07-01 11:27:19.580478: predicting val_193
2026-07-01 11:27:19.661810: predicting val_194
2026-07-01 11:27:19.742763: predicting val_195
2026-07-01 11:27:19.823956: predicting val_196
2026-07-01 11:27:19.905019: predicting val_197
2026-07-01 11:27:19.986482: predicting val_198
2026-07-01 11:27:20.067585: predicting val_199
2026-07-01 11:27:20.151363: predicting val_2
2026-07-01 11:27:20.232695: predicting val_20
2026-07-01 11:27:20.314374: predicting val_200
2026-07-01 11:27:20.395406: predicting val_21
2026-07-01 11:27:20.476324: predicting val_22
2026-07-01 11:27:20.559246: predicting val_23
2026-07-01 11:27:20.640171: predicting val_24
2026-07-01 11:27:20.721424: predicting val_25
2026-07-01 11:27:20.803253: predicting val_26
2026-07-01 11:27:20.883853: predicting val_27
2026-07-01 11:27:20.965489: predicting val_28
2026-07-01 11:27:21.046164: predicting val_29
2026-07-01 11:27:21.127201: predicting val_3
2026-07-01 11:27:21.207796: predicting val_30
2026-07-01 11:27:21.289912: predicting val_31
2026-07-01 11:27:21.371063: predicting val_32
2026-07-01 11:27:21.451720: predicting val_33
2026-07-01 11:27:21.532402: predicting val_34
2026-07-01 11:27:21.613157: predicting val_35
2026-07-01 11:27:21.693992: predicting val_36
2026-07-01 11:27:21.774049: predicting val_37
2026-07-01 11:27:21.854791: predicting val_38
2026-07-01 11:27:21.935121: predicting val_39
2026-07-01 11:27:22.015448: predicting val_4
2026-07-01 11:27:22.095672: predicting val_40
2026-07-01 11:27:22.176048: predicting val_41
2026-07-01 11:27:22.256864: predicting val_42
2026-07-01 11:27:22.337389: predicting val_43
2026-07-01 11:27:22.417231: predicting val_44
2026-07-01 11:27:22.497693: predicting val_45
2026-07-01 11:27:22.577978: predicting val_46
2026-07-01 11:27:22.657961: predicting val_47
2026-07-01 11:27:22.739542: predicting val_48
2026-07-01 11:27:22.820547: predicting val_49
2026-07-01 11:27:22.900781: predicting val_5
2026-07-01 11:27:22.980740: predicting val_50
2026-07-01 11:27:23.060620: predicting val_51
2026-07-01 11:27:23.140855: predicting val_52
2026-07-01 11:27:23.220695: predicting val_53
2026-07-01 11:27:23.307137: predicting val_54
2026-07-01 11:27:23.388093: predicting val_55
2026-07-01 11:27:23.468342: predicting val_56
2026-07-01 11:27:23.549100: predicting val_57
2026-07-01 11:27:23.630326: predicting val_58
2026-07-01 11:27:23.710540: predicting val_59
2026-07-01 11:27:23.790740: predicting val_6
2026-07-01 11:27:23.871180: predicting val_60
2026-07-01 11:27:23.951413: predicting val_61
2026-07-01 11:27:24.031613: predicting val_62
2026-07-01 11:27:24.111824: predicting val_63
2026-07-01 11:27:24.193294: predicting val_64
2026-07-01 11:27:24.273075: predicting val_65
2026-07-01 11:27:24.353747: predicting val_66
2026-07-01 11:27:24.435461: predicting val_67
2026-07-01 11:27:24.516158: predicting val_68
2026-07-01 11:27:24.597248: predicting val_69
2026-07-01 11:27:24.678449: predicting val_7
2026-07-01 11:27:24.761459: predicting val_70
2026-07-01 11:27:24.846265: predicting val_71
2026-07-01 11:27:24.927399: predicting val_72
2026-07-01 11:27:25.007931: predicting val_73
2026-07-01 11:27:25.088115: predicting val_74
2026-07-01 11:27:25.171740: predicting val_75
2026-07-01 11:27:25.251815: predicting val_76
2026-07-01 11:27:25.331825: predicting val_77
2026-07-01 11:27:25.412008: predicting val_78
2026-07-01 11:27:25.493048: predicting val_79
2026-07-01 11:27:25.573926: predicting val_8
2026-07-01 11:27:25.654309: predicting val_80
2026-07-01 11:27:25.735728: predicting val_81
2026-07-01 11:27:25.816674: predicting val_82
2026-07-01 11:27:25.896912: predicting val_83
2026-07-01 11:27:25.977508: predicting val_84
2026-07-01 11:27:26.058939: predicting val_85
2026-07-01 11:27:26.139145: predicting val_86
2026-07-01 11:27:26.220744: predicting val_87
2026-07-01 11:27:26.304810: predicting val_88
2026-07-01 11:27:26.384726: predicting val_89
2026-07-01 11:27:26.465165: predicting val_9
2026-07-01 11:27:26.545156: predicting val_90
2026-07-01 11:27:26.625789: predicting val_91
2026-07-01 11:27:26.706347: predicting val_92
2026-07-01 11:27:26.786748: predicting val_93
2026-07-01 11:27:26.869046: predicting val_94
2026-07-01 11:27:26.950907: predicting val_95
2026-07-01 11:27:27.032169: predicting val_96
2026-07-01 11:27:27.114544: predicting val_97
2026-07-01 11:27:27.196557: predicting val_98
2026-07-01 11:27:27.279055: predicting val_99
2026-07-01 11:27:31.577513: Validation complete
2026-07-01 11:27:31.577639: Mean Validation Dice:  0.7346353746298079
=== EU7 done at Wed Jul  1 11:27:33 CEST 2026 ===
=== EU4 shallow_wide (20,96,96,144,256) ===
Using device: cuda:0

#######################################################################
Please cite the following paper when using nnU-Net:
Isensee, F., Jaeger, P. F., Kohl, S. A., Petersen, J., & Maier-Hein, K. H. (2021). nnU-Net: a self-configuring method for deep learning-based biomedical image segmentation. Nature methods, 18(2), 203-211.
#######################################################################


This is the configuration used by this training:
Configuration name: 2d
 {'data_identifier': 'nnUNetPlans_2d', 'preprocessor_name': 'DefaultPreprocessor', 'batch_size': 4, 'patch_size': [512, 512], 'median_image_size_in_voxels': [512.0, 512.0], 'spacing': [1.0, 1.0], 'normalization_schemes': ['ZScoreNormalization'], 'use_mask_for_norm': [False], 'UNet_class_name': 'PlainConvUNet', 'UNet_base_num_features': 32, 'n_conv_per_stage_encoder': [2, 2, 2, 2, 2, 2, 2, 2], 'n_conv_per_stage_decoder': [2, 2, 2, 2, 2, 2, 2], 'num_pool_per_axis': [7, 7], 'pool_op_kernel_sizes': [[1, 1], [2, 2], [2, 2], [2, 2], [2, 2], [2, 2], [2, 2], [2, 2]], 'conv_kernel_sizes': [[3, 3], [3, 3], [3, 3], [3, 3], [3, 3], [3, 3], [3, 3], [3, 3]], 'unet_max_num_features': 512, 'resampling_fn_data': 'resample_data_or_seg_to_shape', 'resampling_fn_seg': 'resample_data_or_seg_to_shape', 'resampling_fn_data_kwargs': {'is_seg': False, 'order': 3, 'order_z': 0, 'force_separate_z': None}, 'resampling_fn_seg_kwargs': {'is_seg': True, 'order': 1, 'order_z': 0, 'force_separate_z': None}, 'resampling_fn_probabilities': 'resample_data_or_seg_to_shape', 'resampling_fn_probabilities_kwargs': {'is_seg': False, 'order': 1, 'order_z': 0, 'force_separate_z': None}, 'batch_dice': True} 

These are the global plan.json settings:
 {'dataset_name': 'Dataset501_ARCADE', 'plans_name': 'nnUNetPlans', 'original_median_spacing_after_transp': [999.0, 1.0, 1.0], 'original_median_shape_after_transp': [1, 512, 512], 'image_reader_writer': 'NaturalImage2DIO', 'transpose_forward': [0, 1, 2], 'transpose_backward': [0, 1, 2], 'experiment_planner_used': 'ExperimentPlanner', 'label_manager': 'LabelManager', 'foreground_intensity_properties_per_channel': {'0': {'max': 255.0, 'mean': 98.67886352539062, 'median': 96.0, 'min': 0.0, 'percentile_00_5': 32.0, 'percentile_99_5': 186.0, 'std': 31.84078025817871}}} 

2026-07-01 11:27:38.880319: unpacking dataset...
2026-07-01 11:27:42.929488: unpacking done...
2026-07-01 11:27:42.930219: do_dummy_2d_data_aug: False
2026-07-01 11:27:42.936875: Using splits from existing split file: /gpfs/home1/yhussein/LightM-UNet/data/nnUNet_preprocessed/Dataset501_ARCADE/splits_final.json
2026-07-01 11:27:42.937183: The split file contains 1 splits.
2026-07-01 11:27:42.937245: Desired fold for training: 0
2026-07-01 11:27:42.937296: This split has 1000 training and 200 validation cases.
2026-07-01 11:27:42.959419: Skipping network architecture plot because ENETUSC_SKIP_ARCH_PLOT=1
2026-07-01 11:27:42.972234: 
2026-07-01 11:27:42.972329: Epoch 0
2026-07-01 11:27:42.972437: Current learning rate: 0.001
