=== Job info ===
Host: gcn62.local.snellius.surf.nl
Date: Wed Jun 17 14:14:11 CEST 2026
Working dir: /home/yhussein/LightM-UNet/lightm-unet
Conda env: /home/yhussein/conda-envs/lightmunet
=== GPU info ===
Wed Jun 17 14:14:11 2026       
+-----------------------------------------------------------------------------------------+
| NVIDIA-SMI 595.71.05              Driver Version: 595.71.05      CUDA Version: 13.2     |
+-----------------------------------------+------------------------+----------------------+
| GPU  Name                 Persistence-M | Bus-Id          Disp.A | Volatile Uncorr. ECC |
| Fan  Temp   Perf          Pwr:Usage/Cap |           Memory-Usage | GPU-Util  Compute M. |
|                                         |                        |               MIG M. |
|=========================================+========================+======================|
|   0  NVIDIA A100-SXM4-40GB          On  |   00000000:E3:00.0 Off |                    0 |
| N/A   30C    P0             47W /  400W |       0MiB /  40960MiB |      0%      Default |
|                                         |                        |             Disabled |
+-----------------------------------------+------------------------+----------------------+

+-----------------------------------------------------------------------------------------+
| Processes:                                                                              |
|  GPU   GI   CI              PID   Type   Process name                        GPU Memory |
|        ID   ID                                                               Usage      |
|=========================================================================================|
|  No running processes found                                                             |
+-----------------------------------------------------------------------------------------+
=== Training ENet modified ===
ENETMOD_EPOCHS=150
ENETMOD_BATCH_SIZE=8
Using device: cuda:0

#######################################################################
Please cite the following paper when using nnU-Net:
Isensee, F., Jaeger, P. F., Kohl, S. A., Petersen, J., & Maier-Hein, K. H. (2021). nnU-Net: a self-configuring method for deep learning-based biomedical image segmentation. Nature methods, 18(2), 203-211.
#######################################################################


This is the configuration used by this training:
Configuration name: 2d
 {'data_identifier': 'nnUNetPlans_2d', 'preprocessor_name': 'DefaultPreprocessor', 'batch_size': 4, 'patch_size': [512, 512], 'median_image_size_in_voxels': [512.0, 512.0], 'spacing': [1.0, 1.0], 'normalization_schemes': ['ZScoreNormalization'], 'use_mask_for_norm': [False], 'UNet_class_name': 'PlainConvUNet', 'UNet_base_num_features': 32, 'n_conv_per_stage_encoder': [2, 2, 2, 2, 2, 2, 2, 2], 'n_conv_per_stage_decoder': [2, 2, 2, 2, 2, 2, 2], 'num_pool_per_axis': [7, 7], 'pool_op_kernel_sizes': [[1, 1], [2, 2], [2, 2], [2, 2], [2, 2], [2, 2], [2, 2], [2, 2]], 'conv_kernel_sizes': [[3, 3], [3, 3], [3, 3], [3, 3], [3, 3], [3, 3], [3, 3], [3, 3]], 'unet_max_num_features': 512, 'resampling_fn_data': 'resample_data_or_seg_to_shape', 'resampling_fn_seg': 'resample_data_or_seg_to_shape', 'resampling_fn_data_kwargs': {'is_seg': False, 'order': 3, 'order_z': 0, 'force_separate_z': None}, 'resampling_fn_seg_kwargs': {'is_seg': True, 'order': 1, 'order_z': 0, 'force_separate_z': None}, 'resampling_fn_probabilities': 'resample_data_or_seg_to_shape', 'resampling_fn_probabilities_kwargs': {'is_seg': False, 'order': 1, 'order_z': 0, 'force_separate_z': None}, 'batch_dice': True} 

These are the global plan.json settings:
 {'dataset_name': 'Dataset501_ARCADE', 'plans_name': 'nnUNetPlans', 'original_median_spacing_after_transp': [999.0, 1.0, 1.0], 'original_median_shape_after_transp': [1, 512, 512], 'image_reader_writer': 'NaturalImage2DIO', 'transpose_forward': [0, 1, 2], 'transpose_backward': [0, 1, 2], 'experiment_planner_used': 'ExperimentPlanner', 'label_manager': 'LabelManager', 'foreground_intensity_properties_per_channel': {'0': {'max': 255.0, 'mean': 98.67886352539062, 'median': 96.0, 'min': 0.0, 'percentile_00_5': 32.0, 'percentile_99_5': 186.0, 'std': 31.84078025817871}}} 

2026-06-17 14:14:25.872678: unpacking dataset...
2026-06-17 14:14:30.242576: unpacking done...
2026-06-17 14:14:30.243298: do_dummy_2d_data_aug: False
2026-06-17 14:14:30.251585: Using splits from existing split file: /gpfs/home1/yhussein/LightM-UNet/data/nnUNet_preprocessed/Dataset501_ARCADE/splits_final.json
2026-06-17 14:14:30.252511: The split file contains 1 splits.
2026-06-17 14:14:30.252582: Desired fold for training: 0
2026-06-17 14:14:30.252637: This split has 1000 training and 200 validation cases.
2026-06-17 14:14:30.280565: Skipping network architecture plot because ENETMOD_SKIP_ARCH_PLOT=1
2026-06-17 14:14:30.294952: 
2026-06-17 14:14:30.295058: Epoch 0
2026-06-17 14:14:30.295185: Current learning rate: 0.001
using pin_memory on device 0
using pin_memory on device 0
2026-06-17 14:14:47.370504: train_loss 0.054
2026-06-17 14:14:47.370769: val_loss -0.0231
2026-06-17 14:14:47.370886: Pseudo dice [0.1151, 0.1925, 0.2601]
2026-06-17 14:14:47.370996: Epoch time: 17.08 s
2026-06-17 14:14:47.371095: Yayy! New best EMA pseudo Dice: 0.1892
2026-06-17 14:14:48.461562: 
2026-06-17 14:14:48.461730: Epoch 1
2026-06-17 14:14:48.461855: Current learning rate: 0.00099
2026-06-17 14:15:02.664363: train_loss -0.1233
2026-06-17 14:15:02.664564: val_loss -0.1343
2026-06-17 14:15:02.664667: Pseudo dice [0.2537, 0.3703, 0.2762]
2026-06-17 14:15:02.664755: Epoch time: 14.2 s
2026-06-17 14:15:02.664828: Yayy! New best EMA pseudo Dice: 0.2003
2026-06-17 14:15:03.884820: 
2026-06-17 14:15:03.884997: Epoch 2
2026-06-17 14:15:03.885123: Current learning rate: 0.00099
2026-06-17 14:15:18.108677: train_loss -0.1597
2026-06-17 14:15:18.108989: val_loss -0.1577
2026-06-17 14:15:18.109689: Pseudo dice [0.3637, 0.376, 0.2901]
2026-06-17 14:15:18.109923: Epoch time: 14.22 s
2026-06-17 14:15:18.110027: Yayy! New best EMA pseudo Dice: 0.2146
2026-06-17 14:15:19.356931: 
2026-06-17 14:15:19.357086: Epoch 3
2026-06-17 14:15:19.357206: Current learning rate: 0.00098
2026-06-17 14:15:33.589507: train_loss -0.1987
2026-06-17 14:15:33.589700: val_loss -0.1969
2026-06-17 14:15:33.589805: Pseudo dice [0.403, 0.4431, 0.2545]
2026-06-17 14:15:33.589902: Epoch time: 14.23 s
2026-06-17 14:15:33.589978: Yayy! New best EMA pseudo Dice: 0.2298
2026-06-17 14:15:34.825231: 
2026-06-17 14:15:34.825382: Epoch 4
2026-06-17 14:15:34.825516: Current learning rate: 0.00098
2026-06-17 14:15:49.062164: train_loss -0.2223
2026-06-17 14:15:49.062346: val_loss -0.1777
2026-06-17 14:15:49.062449: Pseudo dice [0.4082, 0.327, 0.3319]
2026-06-17 14:15:49.062541: Epoch time: 14.24 s
2026-06-17 14:15:49.062617: Yayy! New best EMA pseudo Dice: 0.2424
2026-06-17 14:15:50.518318: 
2026-06-17 14:15:50.518535: Epoch 5
2026-06-17 14:15:50.518715: Current learning rate: 0.00097
2026-06-17 14:16:04.728355: train_loss -0.2243
2026-06-17 14:16:04.728550: val_loss -0.2167
2026-06-17 14:16:04.728661: Pseudo dice [0.3961, 0.4655, 0.3174]
2026-06-17 14:16:04.728759: Epoch time: 14.21 s
2026-06-17 14:16:04.728842: Yayy! New best EMA pseudo Dice: 0.2575
2026-06-17 14:16:06.003813: 
2026-06-17 14:16:06.003978: Epoch 6
2026-06-17 14:16:06.004103: Current learning rate: 0.00096
2026-06-17 14:16:20.249456: train_loss -0.2386
2026-06-17 14:16:20.249651: val_loss -0.275
2026-06-17 14:16:20.249762: Pseudo dice [0.4104, 0.5347, 0.3567]
2026-06-17 14:16:20.249859: Epoch time: 14.25 s
2026-06-17 14:16:20.249940: Yayy! New best EMA pseudo Dice: 0.2751
2026-06-17 14:16:21.466236: 
2026-06-17 14:16:21.466381: Epoch 7
2026-06-17 14:16:21.466498: Current learning rate: 0.00096
2026-06-17 14:16:35.672040: train_loss -0.2477
2026-06-17 14:16:35.672260: val_loss -0.2439
2026-06-17 14:16:35.672360: Pseudo dice [0.425, 0.5188, 0.3175]
2026-06-17 14:16:35.672452: Epoch time: 14.21 s
2026-06-17 14:16:35.672523: Yayy! New best EMA pseudo Dice: 0.2897
2026-06-17 14:16:36.878165: 
2026-06-17 14:16:36.878307: Epoch 8
2026-06-17 14:16:36.878423: Current learning rate: 0.00095
2026-06-17 14:16:51.094636: train_loss -0.2637
2026-06-17 14:16:51.094820: val_loss -0.284
2026-06-17 14:16:51.094927: Pseudo dice [0.461, 0.5125, 0.3588]
2026-06-17 14:16:51.095021: Epoch time: 14.22 s
2026-06-17 14:16:51.095093: Yayy! New best EMA pseudo Dice: 0.3051
2026-06-17 14:16:52.337867: 
2026-06-17 14:16:52.338019: Epoch 9
2026-06-17 14:16:52.338139: Current learning rate: 0.00095
2026-06-17 14:17:06.565002: train_loss -0.2718
2026-06-17 14:17:06.565277: val_loss -0.2388
2026-06-17 14:17:06.565428: Pseudo dice [0.4546, 0.4646, 0.3075]
2026-06-17 14:17:06.565593: Epoch time: 14.23 s
2026-06-17 14:17:06.566108: Yayy! New best EMA pseudo Dice: 0.3155
2026-06-17 14:17:07.765582: 
2026-06-17 14:17:07.765728: Epoch 10
2026-06-17 14:17:07.765846: Current learning rate: 0.00094
2026-06-17 14:17:22.175637: train_loss -0.2721
2026-06-17 14:17:22.175824: val_loss -0.2772
2026-06-17 14:17:22.175989: Pseudo dice [0.4415, 0.5443, 0.3453]
2026-06-17 14:17:22.176089: Epoch time: 14.41 s
2026-06-17 14:17:22.176163: Yayy! New best EMA pseudo Dice: 0.3283
2026-06-17 14:17:23.389019: 
2026-06-17 14:17:23.389177: Epoch 11
2026-06-17 14:17:23.389294: Current learning rate: 0.00093
2026-06-17 14:17:37.617545: train_loss -0.2809
2026-06-17 14:17:37.617736: val_loss -0.2495
2026-06-17 14:17:37.617839: Pseudo dice [0.4145, 0.5115, 0.3715]
2026-06-17 14:17:37.617925: Epoch time: 14.23 s
2026-06-17 14:17:37.617998: Yayy! New best EMA pseudo Dice: 0.3387
2026-06-17 14:17:38.829051: 
2026-06-17 14:17:38.829204: Epoch 12
2026-06-17 14:17:38.829321: Current learning rate: 0.00093
2026-06-17 14:17:53.057756: train_loss -0.2898
2026-06-17 14:17:53.057947: val_loss -0.2824
2026-06-17 14:17:53.058059: Pseudo dice [0.4428, 0.5147, 0.3882]
2026-06-17 14:17:53.058148: Epoch time: 14.23 s
2026-06-17 14:17:53.058219: Yayy! New best EMA pseudo Dice: 0.3497
2026-06-17 14:17:54.287239: 
2026-06-17 14:17:54.287382: Epoch 13
2026-06-17 14:17:54.288035: Current learning rate: 0.00092
2026-06-17 14:18:08.504904: train_loss -0.2897
2026-06-17 14:18:08.505102: val_loss -0.3159
2026-06-17 14:18:08.505207: Pseudo dice [0.488, 0.5509, 0.3921]
2026-06-17 14:18:08.505294: Epoch time: 14.22 s
2026-06-17 14:18:08.505367: Yayy! New best EMA pseudo Dice: 0.3624
2026-06-17 14:18:09.733765: 
2026-06-17 14:18:09.733916: Epoch 14
2026-06-17 14:18:09.734040: Current learning rate: 0.00092
2026-06-17 14:18:23.951840: train_loss -0.2956
2026-06-17 14:18:23.952038: val_loss -0.2986
2026-06-17 14:18:23.952142: Pseudo dice [0.4423, 0.55, 0.3892]
2026-06-17 14:18:23.952230: Epoch time: 14.22 s
2026-06-17 14:18:23.952302: Yayy! New best EMA pseudo Dice: 0.3722
2026-06-17 14:18:25.179590: 
2026-06-17 14:18:25.179739: Epoch 15
2026-06-17 14:18:25.179855: Current learning rate: 0.00091
2026-06-17 14:18:39.406945: train_loss -0.3036
2026-06-17 14:18:39.407147: val_loss -0.2703
2026-06-17 14:18:39.407246: Pseudo dice [0.4446, 0.5307, 0.3459]
2026-06-17 14:18:39.407332: Epoch time: 14.23 s
2026-06-17 14:18:39.407407: Yayy! New best EMA pseudo Dice: 0.3791
2026-06-17 14:18:40.776287: 
2026-06-17 14:18:40.776459: Epoch 16
2026-06-17 14:18:40.776576: Current learning rate: 0.0009
2026-06-17 14:18:55.002971: train_loss -0.302
2026-06-17 14:18:55.003187: val_loss -0.2959
2026-06-17 14:18:55.003290: Pseudo dice [0.4595, 0.517, 0.384]
2026-06-17 14:18:55.003377: Epoch time: 14.23 s
2026-06-17 14:18:55.003451: Yayy! New best EMA pseudo Dice: 0.3865
2026-06-17 14:18:56.236782: 
2026-06-17 14:18:56.236925: Epoch 17
2026-06-17 14:18:56.237049: Current learning rate: 0.0009
2026-06-17 14:19:10.471484: train_loss -0.3134
2026-06-17 14:19:10.471680: val_loss -0.3233
2026-06-17 14:19:10.471783: Pseudo dice [0.4907, 0.5612, 0.3933]
2026-06-17 14:19:10.471871: Epoch time: 14.24 s
2026-06-17 14:19:10.471943: Yayy! New best EMA pseudo Dice: 0.396
2026-06-17 14:19:11.708620: 
2026-06-17 14:19:11.708770: Epoch 18
2026-06-17 14:19:11.708889: Current learning rate: 0.00089
2026-06-17 14:19:25.948623: train_loss -0.3102
2026-06-17 14:19:25.948826: val_loss -0.2634
2026-06-17 14:19:25.948943: Pseudo dice [0.4659, 0.5213, 0.2891]
2026-06-17 14:19:25.949044: Epoch time: 14.24 s
2026-06-17 14:19:25.949121: Yayy! New best EMA pseudo Dice: 0.399
2026-06-17 14:19:27.182927: 
2026-06-17 14:19:27.183086: Epoch 19
2026-06-17 14:19:27.183205: Current learning rate: 0.00089
2026-06-17 14:19:41.427259: train_loss -0.3147
2026-06-17 14:19:41.427448: val_loss -0.3394
2026-06-17 14:19:41.427555: Pseudo dice [0.4894, 0.5773, 0.419]
2026-06-17 14:19:41.427644: Epoch time: 14.25 s
2026-06-17 14:19:41.427717: Yayy! New best EMA pseudo Dice: 0.4086
2026-06-17 14:19:42.679768: 
2026-06-17 14:19:42.679934: Epoch 20
2026-06-17 14:19:42.680060: Current learning rate: 0.00088
2026-06-17 14:19:56.912236: train_loss -0.3216
2026-06-17 14:19:56.912469: val_loss -0.3224
2026-06-17 14:19:56.912702: Pseudo dice [0.5158, 0.5229, 0.3961]
2026-06-17 14:19:56.912925: Epoch time: 14.23 s
2026-06-17 14:19:56.913150: Yayy! New best EMA pseudo Dice: 0.4156
2026-06-17 14:19:58.173272: 
2026-06-17 14:19:58.173443: Epoch 21
2026-06-17 14:19:58.173559: Current learning rate: 0.00087
2026-06-17 14:20:12.586489: train_loss -0.3177
2026-06-17 14:20:12.586678: val_loss -0.2576
2026-06-17 14:20:12.586778: Pseudo dice [0.4211, 0.5391, 0.3059]
2026-06-17 14:20:12.586863: Epoch time: 14.41 s
2026-06-17 14:20:12.586934: Yayy! New best EMA pseudo Dice: 0.4162
2026-06-17 14:20:13.807693: 
2026-06-17 14:20:13.807838: Epoch 22
2026-06-17 14:20:13.807955: Current learning rate: 0.00087
2026-06-17 14:20:28.044631: train_loss -0.339
2026-06-17 14:20:28.044838: val_loss -0.3017
2026-06-17 14:20:28.044939: Pseudo dice [0.5072, 0.5252, 0.3577]
2026-06-17 14:20:28.045032: Epoch time: 14.24 s
2026-06-17 14:20:28.045105: Yayy! New best EMA pseudo Dice: 0.4209
2026-06-17 14:20:29.268512: 
2026-06-17 14:20:29.268657: Epoch 23
2026-06-17 14:20:29.268775: Current learning rate: 0.00086
2026-06-17 14:20:43.508134: train_loss -0.3303
2026-06-17 14:20:43.508328: val_loss -0.3119
2026-06-17 14:20:43.508431: Pseudo dice [0.4928, 0.5483, 0.3988]
2026-06-17 14:20:43.508518: Epoch time: 14.24 s
2026-06-17 14:20:43.508593: Yayy! New best EMA pseudo Dice: 0.4268
2026-06-17 14:20:44.739532: 
2026-06-17 14:20:44.739688: Epoch 24
2026-06-17 14:20:44.739805: Current learning rate: 0.00085
2026-06-17 14:20:58.975830: train_loss -0.3376
2026-06-17 14:20:58.976022: val_loss -0.3271
2026-06-17 14:20:58.976128: Pseudo dice [0.4807, 0.5793, 0.3802]
2026-06-17 14:20:58.976215: Epoch time: 14.24 s
2026-06-17 14:20:58.976288: Yayy! New best EMA pseudo Dice: 0.4322
2026-06-17 14:21:00.207074: 
2026-06-17 14:21:00.207250: Epoch 25
2026-06-17 14:21:00.207377: Current learning rate: 0.00085
2026-06-17 14:21:14.450234: train_loss -0.3497
2026-06-17 14:21:14.450443: val_loss -0.2979
2026-06-17 14:21:14.450551: Pseudo dice [0.4894, 0.5445, 0.3431]
2026-06-17 14:21:14.450639: Epoch time: 14.24 s
2026-06-17 14:21:14.450711: Yayy! New best EMA pseudo Dice: 0.4348
2026-06-17 14:21:15.682859: 
2026-06-17 14:21:15.683001: Epoch 26
2026-06-17 14:21:15.683127: Current learning rate: 0.00084
2026-06-17 14:21:29.915772: train_loss -0.3431
2026-06-17 14:21:29.915975: val_loss -0.3018
2026-06-17 14:21:29.916088: Pseudo dice [0.4924, 0.5573, 0.3349]
2026-06-17 14:21:29.916179: Epoch time: 14.23 s
2026-06-17 14:21:29.916255: Yayy! New best EMA pseudo Dice: 0.4375
2026-06-17 14:21:31.324783: 
2026-06-17 14:21:31.324946: Epoch 27
2026-06-17 14:21:31.325105: Current learning rate: 0.00084
2026-06-17 14:21:45.581628: train_loss -0.3514
2026-06-17 14:21:45.581813: val_loss -0.3279
2026-06-17 14:21:45.581915: Pseudo dice [0.52, 0.578, 0.3767]
2026-06-17 14:21:45.581999: Epoch time: 14.26 s
2026-06-17 14:21:45.582081: Yayy! New best EMA pseudo Dice: 0.4429
2026-06-17 14:21:46.821666: 
2026-06-17 14:21:46.821817: Epoch 28
2026-06-17 14:21:46.821938: Current learning rate: 0.00083
2026-06-17 14:22:01.067734: train_loss -0.3545
2026-06-17 14:22:01.067931: val_loss -0.3129
2026-06-17 14:22:01.068036: Pseudo dice [0.5252, 0.5008, 0.4019]
2026-06-17 14:22:01.068125: Epoch time: 14.25 s
2026-06-17 14:22:01.068196: Yayy! New best EMA pseudo Dice: 0.4462
2026-06-17 14:22:02.298056: 
2026-06-17 14:22:02.298216: Epoch 29
2026-06-17 14:22:02.298335: Current learning rate: 0.00082
2026-06-17 14:22:16.536955: train_loss -0.3471
2026-06-17 14:22:16.537268: val_loss -0.3292
2026-06-17 14:22:16.537420: Pseudo dice [0.533, 0.5595, 0.3956]
2026-06-17 14:22:16.537562: Epoch time: 14.24 s
2026-06-17 14:22:16.537729: Yayy! New best EMA pseudo Dice: 0.4512
2026-06-17 14:22:17.789397: 
2026-06-17 14:22:17.789567: Epoch 30
2026-06-17 14:22:17.789686: Current learning rate: 0.00082
2026-06-17 14:22:32.026603: train_loss -0.3543
2026-06-17 14:22:32.030035: val_loss -0.3239
2026-06-17 14:22:32.030151: Pseudo dice [0.4892, 0.5269, 0.4248]
2026-06-17 14:22:32.030241: Epoch time: 14.24 s
2026-06-17 14:22:32.030315: Yayy! New best EMA pseudo Dice: 0.4541
2026-06-17 14:22:33.281817: 
2026-06-17 14:22:33.281966: Epoch 31
2026-06-17 14:22:33.282087: Current learning rate: 0.00081
2026-06-17 14:22:47.514015: train_loss -0.3541
2026-06-17 14:22:47.515208: val_loss -0.3339
2026-06-17 14:22:47.515320: Pseudo dice [0.5107, 0.5752, 0.3986]
2026-06-17 14:22:47.515409: Epoch time: 14.23 s
2026-06-17 14:22:47.515482: Yayy! New best EMA pseudo Dice: 0.4582
2026-06-17 14:22:48.915790: 
2026-06-17 14:22:48.917694: Epoch 32
2026-06-17 14:22:48.917823: Current learning rate: 0.00081
2026-06-17 14:23:03.160528: train_loss -0.3584
2026-06-17 14:23:03.161771: val_loss -0.3668
2026-06-17 14:23:03.161884: Pseudo dice [0.5257, 0.5951, 0.4413]
2026-06-17 14:23:03.161973: Epoch time: 14.25 s
2026-06-17 14:23:03.162055: Yayy! New best EMA pseudo Dice: 0.4644
2026-06-17 14:23:04.386858: 
2026-06-17 14:23:04.389579: Epoch 33
2026-06-17 14:23:04.389706: Current learning rate: 0.0008
2026-06-17 14:23:18.612109: train_loss -0.367
2026-06-17 14:23:18.616394: val_loss -0.3479
2026-06-17 14:23:18.616512: Pseudo dice [0.5022, 0.5948, 0.437]
2026-06-17 14:23:18.616603: Epoch time: 14.23 s
2026-06-17 14:23:18.616676: Yayy! New best EMA pseudo Dice: 0.4691
2026-06-17 14:23:19.839962: 
2026-06-17 14:23:19.843421: Epoch 34
2026-06-17 14:23:19.843549: Current learning rate: 0.00079
2026-06-17 14:23:34.075563: train_loss -0.3568
2026-06-17 14:23:34.076776: val_loss -0.339
2026-06-17 14:23:34.076887: Pseudo dice [0.5006, 0.596, 0.4005]
2026-06-17 14:23:34.076976: Epoch time: 14.24 s
2026-06-17 14:23:34.077056: Yayy! New best EMA pseudo Dice: 0.4721
2026-06-17 14:23:35.292594: 
2026-06-17 14:23:35.296093: Epoch 35
2026-06-17 14:23:35.296219: Current learning rate: 0.00079
2026-06-17 14:23:49.521300: train_loss -0.362
2026-06-17 14:23:49.522551: val_loss -0.3454
2026-06-17 14:23:49.522664: Pseudo dice [0.5016, 0.5513, 0.4255]
2026-06-17 14:23:49.522755: Epoch time: 14.23 s
2026-06-17 14:23:49.522827: Yayy! New best EMA pseudo Dice: 0.4742
2026-06-17 14:23:50.736777: 
2026-06-17 14:23:50.737873: Epoch 36
2026-06-17 14:23:50.738001: Current learning rate: 0.00078
2026-06-17 14:24:04.982718: train_loss -0.3639
2026-06-17 14:24:04.984252: val_loss -0.3352
2026-06-17 14:24:04.984362: Pseudo dice [0.5028, 0.5796, 0.4183]
2026-06-17 14:24:04.984452: Epoch time: 14.25 s
2026-06-17 14:24:04.984525: Yayy! New best EMA pseudo Dice: 0.4768
2026-06-17 14:24:06.201421: 
2026-06-17 14:24:06.202479: Epoch 37
2026-06-17 14:24:06.202610: Current learning rate: 0.00077
2026-06-17 14:24:20.439126: train_loss -0.3613
2026-06-17 14:24:20.442294: val_loss -0.3612
2026-06-17 14:24:20.442427: Pseudo dice [0.5252, 0.5684, 0.4534]
2026-06-17 14:24:20.442528: Epoch time: 14.24 s
2026-06-17 14:24:20.442708: Yayy! New best EMA pseudo Dice: 0.4807
2026-06-17 14:24:21.837391: 
2026-06-17 14:24:21.838528: Epoch 38
2026-06-17 14:24:21.838653: Current learning rate: 0.00077
2026-06-17 14:24:36.081791: train_loss -0.3699
2026-06-17 14:24:36.082942: val_loss -0.3455
2026-06-17 14:24:36.083121: Pseudo dice [0.5234, 0.5559, 0.4543]
2026-06-17 14:24:36.083648: Epoch time: 14.25 s
2026-06-17 14:24:36.083779: Yayy! New best EMA pseudo Dice: 0.4837
2026-06-17 14:24:37.298361: 
2026-06-17 14:24:37.299483: Epoch 39
2026-06-17 14:24:37.299611: Current learning rate: 0.00076
2026-06-17 14:24:51.540135: train_loss -0.3593
2026-06-17 14:24:51.541171: val_loss -0.3585
2026-06-17 14:24:51.541281: Pseudo dice [0.4949, 0.5725, 0.4529]
2026-06-17 14:24:51.541370: Epoch time: 14.24 s
2026-06-17 14:24:51.541444: Yayy! New best EMA pseudo Dice: 0.486
2026-06-17 14:24:52.765300: 
2026-06-17 14:24:52.767126: Epoch 40
2026-06-17 14:24:52.767256: Current learning rate: 0.00076
2026-06-17 14:25:07.014859: train_loss -0.3689
2026-06-17 14:25:07.019936: val_loss -0.3763
2026-06-17 14:25:07.020065: Pseudo dice [0.5062, 0.6114, 0.4589]
2026-06-17 14:25:07.020158: Epoch time: 14.25 s
2026-06-17 14:25:07.020230: Yayy! New best EMA pseudo Dice: 0.49
2026-06-17 14:25:08.262206: 
2026-06-17 14:25:08.302428: Epoch 41
2026-06-17 14:25:08.302565: Current learning rate: 0.00075
2026-06-17 14:25:22.527383: train_loss -0.3773
2026-06-17 14:25:22.528550: val_loss -0.3138
2026-06-17 14:25:22.528661: Pseudo dice [0.5279, 0.5072, 0.4139]
2026-06-17 14:25:22.528800: Epoch time: 14.27 s
2026-06-17 14:25:23.670498: 
2026-06-17 14:25:23.671609: Epoch 42
2026-06-17 14:25:23.671733: Current learning rate: 0.00074
2026-06-17 14:25:37.903069: train_loss -0.3712
2026-06-17 14:25:37.904355: val_loss -0.3594
2026-06-17 14:25:37.904469: Pseudo dice [0.5166, 0.5935, 0.4371]
2026-06-17 14:25:37.904559: Epoch time: 14.23 s
2026-06-17 14:25:37.904631: Yayy! New best EMA pseudo Dice: 0.4919
2026-06-17 14:25:39.107889: 
2026-06-17 14:25:39.109299: Epoch 43
2026-06-17 14:25:39.109431: Current learning rate: 0.00074
2026-06-17 14:25:53.535426: train_loss -0.3813
2026-06-17 14:25:53.551964: val_loss -0.3449
2026-06-17 14:25:53.552091: Pseudo dice [0.5194, 0.5681, 0.437]
2026-06-17 14:25:53.552180: Epoch time: 14.43 s
2026-06-17 14:25:53.552252: Yayy! New best EMA pseudo Dice: 0.4935
2026-06-17 14:25:54.746489: 
2026-06-17 14:25:54.748670: Epoch 44
2026-06-17 14:25:54.748796: Current learning rate: 0.00073
2026-06-17 14:26:08.977923: train_loss -0.3863
2026-06-17 14:26:08.981993: val_loss -0.37
2026-06-17 14:26:08.982114: Pseudo dice [0.5363, 0.5708, 0.4651]
2026-06-17 14:26:08.982200: Epoch time: 14.23 s
2026-06-17 14:26:08.982270: Yayy! New best EMA pseudo Dice: 0.4966
2026-06-17 14:26:10.178925: 
2026-06-17 14:26:10.180096: Epoch 45
2026-06-17 14:26:10.180223: Current learning rate: 0.00073
2026-06-17 14:26:24.402094: train_loss -0.3762
2026-06-17 14:26:24.404070: val_loss -0.3856
2026-06-17 14:26:24.404183: Pseudo dice [0.5462, 0.6056, 0.4665]
2026-06-17 14:26:24.404273: Epoch time: 14.22 s
2026-06-17 14:26:24.404347: Yayy! New best EMA pseudo Dice: 0.5009
2026-06-17 14:26:25.606495: 
2026-06-17 14:26:25.608215: Epoch 46
2026-06-17 14:26:25.608341: Current learning rate: 0.00072
2026-06-17 14:26:39.841772: train_loss -0.3844
2026-06-17 14:26:39.843581: val_loss -0.3714
2026-06-17 14:26:39.843692: Pseudo dice [0.5332, 0.5918, 0.4415]
2026-06-17 14:26:39.843780: Epoch time: 14.24 s
2026-06-17 14:26:39.843852: Yayy! New best EMA pseudo Dice: 0.503
2026-06-17 14:26:41.058863: 
2026-06-17 14:26:41.062796: Epoch 47
2026-06-17 14:26:41.062928: Current learning rate: 0.00071
2026-06-17 14:26:55.305393: train_loss -0.3769
2026-06-17 14:26:55.306835: val_loss -0.3594
2026-06-17 14:26:55.306946: Pseudo dice [0.5375, 0.5886, 0.4236]
2026-06-17 14:26:55.307042: Epoch time: 14.25 s
2026-06-17 14:26:55.307118: Yayy! New best EMA pseudo Dice: 0.5044
2026-06-17 14:26:56.519469: 
2026-06-17 14:26:56.520574: Epoch 48
2026-06-17 14:26:56.520707: Current learning rate: 0.00071
2026-06-17 14:27:10.758779: train_loss -0.3854
2026-06-17 14:27:10.760055: val_loss -0.3583
2026-06-17 14:27:10.760173: Pseudo dice [0.5236, 0.5643, 0.4467]
2026-06-17 14:27:10.760266: Epoch time: 14.24 s
2026-06-17 14:27:10.760341: Yayy! New best EMA pseudo Dice: 0.5051
2026-06-17 14:27:12.137125: 
2026-06-17 14:27:12.138609: Epoch 49
2026-06-17 14:27:12.138737: Current learning rate: 0.0007
2026-06-17 14:27:26.398894: train_loss -0.3923
2026-06-17 14:27:26.400122: val_loss -0.3739
2026-06-17 14:27:26.400233: Pseudo dice [0.5455, 0.64, 0.4318]
2026-06-17 14:27:26.400321: Epoch time: 14.26 s
2026-06-17 14:27:26.453143: Yayy! New best EMA pseudo Dice: 0.5085
2026-06-17 14:27:27.680665: 
2026-06-17 14:27:27.681688: Epoch 50
2026-06-17 14:27:27.681818: Current learning rate: 0.00069
2026-06-17 14:27:41.934919: train_loss -0.3917
2026-06-17 14:27:41.936326: val_loss -0.3506
2026-06-17 14:27:41.936508: Pseudo dice [0.5249, 0.5911, 0.4295]
2026-06-17 14:27:41.936653: Epoch time: 14.26 s
2026-06-17 14:27:41.936821: Yayy! New best EMA pseudo Dice: 0.5092
2026-06-17 14:27:43.161516: 
2026-06-17 14:27:43.162591: Epoch 51
2026-06-17 14:27:43.162718: Current learning rate: 0.00069
2026-06-17 14:27:57.392114: train_loss -0.3831
2026-06-17 14:27:57.393253: val_loss -0.3685
2026-06-17 14:27:57.393364: Pseudo dice [0.5207, 0.5835, 0.4494]
2026-06-17 14:27:57.393452: Epoch time: 14.23 s
2026-06-17 14:27:57.393524: Yayy! New best EMA pseudo Dice: 0.51
2026-06-17 14:27:58.615036: 
2026-06-17 14:27:58.616237: Epoch 52
2026-06-17 14:27:58.616363: Current learning rate: 0.00068
2026-06-17 14:28:12.850327: train_loss -0.3931
2026-06-17 14:28:12.852170: val_loss -0.3788
2026-06-17 14:28:12.852284: Pseudo dice [0.5302, 0.5892, 0.4838]
2026-06-17 14:28:12.852371: Epoch time: 14.24 s
2026-06-17 14:28:12.852442: Yayy! New best EMA pseudo Dice: 0.5125
2026-06-17 14:28:14.072516: 
2026-06-17 14:28:14.076360: Epoch 53
2026-06-17 14:28:14.076489: Current learning rate: 0.00068
2026-06-17 14:28:28.339760: train_loss -0.3952
2026-06-17 14:28:28.341697: val_loss -0.4063
2026-06-17 14:28:28.341805: Pseudo dice [0.5737, 0.6279, 0.4635]
2026-06-17 14:28:28.341900: Epoch time: 14.27 s
2026-06-17 14:28:28.341973: Yayy! New best EMA pseudo Dice: 0.5167
2026-06-17 14:28:29.723941: 
2026-06-17 14:28:29.725037: Epoch 54
2026-06-17 14:28:29.725167: Current learning rate: 0.00067
2026-06-17 14:28:43.977797: train_loss -0.4037
2026-06-17 14:28:43.999913: val_loss -0.3648
2026-06-17 14:28:44.000038: Pseudo dice [0.5524, 0.6247, 0.3874]
2026-06-17 14:28:44.000129: Epoch time: 14.25 s
2026-06-17 14:28:44.000202: Yayy! New best EMA pseudo Dice: 0.5172
2026-06-17 14:28:45.225221: 
2026-06-17 14:28:45.226293: Epoch 55
2026-06-17 14:28:45.226422: Current learning rate: 0.00066
2026-06-17 14:28:59.475003: train_loss -0.4022
2026-06-17 14:28:59.495800: val_loss -0.3522
2026-06-17 14:28:59.495915: Pseudo dice [0.5186, 0.587, 0.4325]
2026-06-17 14:28:59.496003: Epoch time: 14.25 s
2026-06-17 14:29:00.667776: 
2026-06-17 14:29:00.669050: Epoch 56
2026-06-17 14:29:00.669178: Current learning rate: 0.00066
2026-06-17 14:29:14.904107: train_loss -0.4046
2026-06-17 14:29:14.905790: val_loss -0.4017
2026-06-17 14:29:14.905902: Pseudo dice [0.5682, 0.626, 0.4523]
2026-06-17 14:29:14.905990: Epoch time: 14.24 s
2026-06-17 14:29:14.906072: Yayy! New best EMA pseudo Dice: 0.52
2026-06-17 14:29:16.130700: 
2026-06-17 14:29:16.131819: Epoch 57
2026-06-17 14:29:16.131944: Current learning rate: 0.00065
2026-06-17 14:29:30.376125: train_loss -0.405
2026-06-17 14:29:30.377403: val_loss -0.3599
2026-06-17 14:29:30.377517: Pseudo dice [0.5227, 0.5761, 0.4604]
2026-06-17 14:29:30.377605: Epoch time: 14.25 s
2026-06-17 14:29:31.544085: 
2026-06-17 14:29:31.545207: Epoch 58
2026-06-17 14:29:31.545335: Current learning rate: 0.00064
2026-06-17 14:29:45.775738: train_loss -0.4071
2026-06-17 14:29:45.777088: val_loss -0.378
2026-06-17 14:29:45.777200: Pseudo dice [0.5339, 0.5943, 0.4487]
2026-06-17 14:29:45.777287: Epoch time: 14.23 s
2026-06-17 14:29:45.777359: Yayy! New best EMA pseudo Dice: 0.5205
2026-06-17 14:29:47.009477: 
2026-06-17 14:29:47.012756: Epoch 59
2026-06-17 14:29:47.012882: Current learning rate: 0.00064
2026-06-17 14:30:01.256102: train_loss -0.4058
2026-06-17 14:30:01.257344: val_loss -0.3744
2026-06-17 14:30:01.257475: Pseudo dice [0.5422, 0.5927, 0.4486]
2026-06-17 14:30:01.257570: Epoch time: 14.25 s
2026-06-17 14:30:01.257647: Yayy! New best EMA pseudo Dice: 0.5212
2026-06-17 14:30:02.660345: 
2026-06-17 14:30:02.662998: Epoch 60
2026-06-17 14:30:02.663131: Current learning rate: 0.00063
2026-06-17 14:30:16.917740: train_loss -0.4069
2026-06-17 14:30:16.918962: val_loss -0.36
2026-06-17 14:30:16.919080: Pseudo dice [0.5459, 0.521, 0.4596]
2026-06-17 14:30:16.919169: Epoch time: 14.26 s
2026-06-17 14:30:18.103558: 
2026-06-17 14:30:18.104539: Epoch 61
2026-06-17 14:30:18.104667: Current learning rate: 0.00063
2026-06-17 14:30:32.356706: train_loss -0.4185
2026-06-17 14:30:32.357962: val_loss -0.3629
2026-06-17 14:30:32.358127: Pseudo dice [0.5276, 0.5963, 0.4088]
2026-06-17 14:30:32.358274: Epoch time: 14.25 s
2026-06-17 14:30:33.538169: 
2026-06-17 14:30:33.539380: Epoch 62
2026-06-17 14:30:33.539514: Current learning rate: 0.00062
2026-06-17 14:30:47.774535: train_loss -0.4126
2026-06-17 14:30:47.775656: val_loss -0.3509
2026-06-17 14:30:47.775771: Pseudo dice [0.539, 0.617, 0.3605]
2026-06-17 14:30:47.775860: Epoch time: 14.24 s
2026-06-17 14:30:48.959656: 
2026-06-17 14:30:48.972407: Epoch 63
2026-06-17 14:30:48.972533: Current learning rate: 0.00061
2026-06-17 14:31:03.215838: train_loss -0.4215
2026-06-17 14:31:03.227394: val_loss -0.3682
2026-06-17 14:31:03.227512: Pseudo dice [0.5605, 0.5988, 0.4291]
2026-06-17 14:31:03.227600: Epoch time: 14.26 s
2026-06-17 14:31:04.415881: 
2026-06-17 14:31:04.416995: Epoch 64
2026-06-17 14:31:04.417130: Current learning rate: 0.00061
2026-06-17 14:31:18.665359: train_loss -0.4041
2026-06-17 14:31:18.666868: val_loss -0.3761
2026-06-17 14:31:18.666978: Pseudo dice [0.5651, 0.6127, 0.4197]
2026-06-17 14:31:18.667076: Epoch time: 14.25 s
2026-06-17 14:31:19.851038: 
2026-06-17 14:31:19.860666: Epoch 65
2026-06-17 14:31:19.860795: Current learning rate: 0.0006
2026-06-17 14:31:34.098848: train_loss -0.4122
2026-06-17 14:31:34.100037: val_loss -0.3749
2026-06-17 14:31:34.100153: Pseudo dice [0.5541, 0.5866, 0.4339]
2026-06-17 14:31:34.100242: Epoch time: 14.25 s
2026-06-17 14:31:35.452610: 
2026-06-17 14:31:35.454205: Epoch 66
2026-06-17 14:31:35.454334: Current learning rate: 0.00059
2026-06-17 14:31:49.697511: train_loss -0.4161
2026-06-17 14:31:49.699101: val_loss -0.4066
2026-06-17 14:31:49.699213: Pseudo dice [0.5416, 0.6416, 0.4781]
2026-06-17 14:31:49.699301: Epoch time: 14.25 s
2026-06-17 14:31:49.699371: Yayy! New best EMA pseudo Dice: 0.524
2026-06-17 14:31:50.931727: 
2026-06-17 14:31:50.932787: Epoch 67
2026-06-17 14:31:50.932919: Current learning rate: 0.00059
2026-06-17 14:32:05.186183: train_loss -0.4175
2026-06-17 14:32:05.197022: val_loss -0.3938
2026-06-17 14:32:05.197143: Pseudo dice [0.5703, 0.6296, 0.4302]
2026-06-17 14:32:05.197232: Epoch time: 14.26 s
2026-06-17 14:32:05.197303: Yayy! New best EMA pseudo Dice: 0.526
2026-06-17 14:32:06.432246: 
2026-06-17 14:32:06.433914: Epoch 68
2026-06-17 14:32:06.434052: Current learning rate: 0.00058
2026-06-17 14:32:20.686490: train_loss -0.4152
2026-06-17 14:32:20.689207: val_loss -0.4012
2026-06-17 14:32:20.689329: Pseudo dice [0.5337, 0.6442, 0.4809]
2026-06-17 14:32:20.689419: Epoch time: 14.26 s
2026-06-17 14:32:20.689501: Yayy! New best EMA pseudo Dice: 0.5287
2026-06-17 14:32:21.919042: 
2026-06-17 14:32:21.920173: Epoch 69
2026-06-17 14:32:21.920301: Current learning rate: 0.00057
2026-06-17 14:32:36.170265: train_loss -0.4157
2026-06-17 14:32:36.171742: val_loss -0.4279
2026-06-17 14:32:36.171856: Pseudo dice [0.5609, 0.6603, 0.491]
2026-06-17 14:32:36.171944: Epoch time: 14.25 s
2026-06-17 14:32:36.172024: Yayy! New best EMA pseudo Dice: 0.5329
2026-06-17 14:32:37.402328: 
2026-06-17 14:32:37.403420: Epoch 70
2026-06-17 14:32:37.403550: Current learning rate: 0.00057
2026-06-17 14:32:51.627526: train_loss -0.412
2026-06-17 14:32:51.629529: val_loss -0.364
2026-06-17 14:32:51.629699: Pseudo dice [0.5535, 0.607, 0.4018]
2026-06-17 14:32:51.629809: Epoch time: 14.23 s
2026-06-17 14:32:52.801167: 
2026-06-17 14:32:52.802360: Epoch 71
2026-06-17 14:32:52.802490: Current learning rate: 0.00056
2026-06-17 14:33:07.037480: train_loss -0.4162
2026-06-17 14:33:07.038689: val_loss -0.3584
2026-06-17 14:33:07.038806: Pseudo dice [0.5327, 0.5838, 0.4736]
2026-06-17 14:33:07.038898: Epoch time: 14.24 s
2026-06-17 14:33:08.373433: 
2026-06-17 14:33:08.374655: Epoch 72
2026-06-17 14:33:08.374785: Current learning rate: 0.00056
2026-06-17 14:33:22.610597: train_loss -0.421
2026-06-17 14:33:22.612360: val_loss -0.4125
2026-06-17 14:33:22.612481: Pseudo dice [0.568, 0.6659, 0.446]
2026-06-17 14:33:22.612572: Epoch time: 14.24 s
2026-06-17 14:33:22.612647: Yayy! New best EMA pseudo Dice: 0.5343
2026-06-17 14:33:23.839865: 
2026-06-17 14:33:23.841038: Epoch 73
2026-06-17 14:33:23.841168: Current learning rate: 0.00055
2026-06-17 14:33:38.100496: train_loss -0.4223
2026-06-17 14:33:38.101704: val_loss -0.387
2026-06-17 14:33:38.101819: Pseudo dice [0.5615, 0.5703, 0.4916]
2026-06-17 14:33:38.101907: Epoch time: 14.26 s
2026-06-17 14:33:38.101978: Yayy! New best EMA pseudo Dice: 0.535
2026-06-17 14:33:39.332518: 
2026-06-17 14:33:39.334221: Epoch 74
2026-06-17 14:33:39.334350: Current learning rate: 0.00054
2026-06-17 14:33:53.591184: train_loss -0.4274
2026-06-17 14:33:53.592672: val_loss -0.406
2026-06-17 14:33:53.592782: Pseudo dice [0.5688, 0.5959, 0.5135]
2026-06-17 14:33:53.592869: Epoch time: 14.26 s
2026-06-17 14:33:53.592939: Yayy! New best EMA pseudo Dice: 0.5375
2026-06-17 14:33:54.820175: 
2026-06-17 14:33:54.823325: Epoch 75
2026-06-17 14:33:54.823451: Current learning rate: 0.00054
2026-06-17 14:34:09.081376: train_loss -0.4206
2026-06-17 14:34:09.082638: val_loss -0.4049
2026-06-17 14:34:09.082747: Pseudo dice [0.5462, 0.6305, 0.4628]
2026-06-17 14:34:09.082835: Epoch time: 14.26 s
2026-06-17 14:34:09.083577: Yayy! New best EMA pseudo Dice: 0.5384
2026-06-17 14:34:10.312841: 
2026-06-17 14:34:10.314059: Epoch 76
2026-06-17 14:34:10.314188: Current learning rate: 0.00053
2026-06-17 14:34:24.567940: train_loss -0.43
2026-06-17 14:34:24.569116: val_loss -0.4327
2026-06-17 14:34:24.569234: Pseudo dice [0.5667, 0.6502, 0.4963]
2026-06-17 14:34:24.569338: Epoch time: 14.26 s
2026-06-17 14:34:24.569480: Yayy! New best EMA pseudo Dice: 0.5416
2026-06-17 14:34:25.795182: 
2026-06-17 14:34:25.796323: Epoch 77
2026-06-17 14:34:25.796449: Current learning rate: 0.00052
2026-06-17 14:34:40.035777: train_loss -0.4285
2026-06-17 14:34:40.037039: val_loss -0.4144
2026-06-17 14:34:40.037156: Pseudo dice [0.5703, 0.6255, 0.4944]
2026-06-17 14:34:40.037246: Epoch time: 14.24 s
2026-06-17 14:34:40.037318: Yayy! New best EMA pseudo Dice: 0.5438
2026-06-17 14:34:41.456848: 
2026-06-17 14:34:41.458345: Epoch 78
2026-06-17 14:34:41.458472: Current learning rate: 0.00052
2026-06-17 14:34:55.714903: train_loss -0.4364
2026-06-17 14:34:55.718135: val_loss -0.402
2026-06-17 14:34:55.718255: Pseudo dice [0.5517, 0.5902, 0.5355]
2026-06-17 14:34:55.718348: Epoch time: 14.26 s
2026-06-17 14:34:55.718423: Yayy! New best EMA pseudo Dice: 0.5453
2026-06-17 14:34:56.959618: 
2026-06-17 14:34:56.960757: Epoch 79
2026-06-17 14:34:56.960883: Current learning rate: 0.00051
2026-06-17 14:35:11.204789: train_loss -0.4326
2026-06-17 14:35:11.225806: val_loss -0.3893
2026-06-17 14:35:11.225922: Pseudo dice [0.5317, 0.6246, 0.4647]
2026-06-17 14:35:11.226020: Epoch time: 14.25 s
2026-06-17 14:35:12.418134: 
2026-06-17 14:35:12.460581: Epoch 80
2026-06-17 14:35:12.460710: Current learning rate: 0.0005
2026-06-17 14:35:26.682507: train_loss -0.4298
2026-06-17 14:35:26.713671: val_loss -0.4373
2026-06-17 14:35:26.713792: Pseudo dice [0.5807, 0.6515, 0.5191]
2026-06-17 14:35:26.713883: Epoch time: 14.27 s
2026-06-17 14:35:26.713956: Yayy! New best EMA pseudo Dice: 0.5487
2026-06-17 14:35:27.957592: 
2026-06-17 14:35:27.958919: Epoch 81
2026-06-17 14:35:27.959055: Current learning rate: 0.0005
2026-06-17 14:35:42.205739: train_loss -0.4381
2026-06-17 14:35:42.207268: val_loss -0.3942
2026-06-17 14:35:42.207385: Pseudo dice [0.5412, 0.6191, 0.4677]
2026-06-17 14:35:42.207474: Epoch time: 14.25 s
2026-06-17 14:35:43.410348: 
2026-06-17 14:35:43.411828: Epoch 82
2026-06-17 14:35:43.411953: Current learning rate: 0.00049
2026-06-17 14:35:57.639956: train_loss -0.4259
2026-06-17 14:35:57.641824: val_loss -0.4067
2026-06-17 14:35:57.641937: Pseudo dice [0.5646, 0.6026, 0.476]
2026-06-17 14:35:57.642031: Epoch time: 14.23 s
2026-06-17 14:35:58.966414: 
2026-06-17 14:35:58.967989: Epoch 83
2026-06-17 14:35:58.968131: Current learning rate: 0.00048
2026-06-17 14:36:13.226383: train_loss -0.4358
2026-06-17 14:36:13.227523: val_loss -0.4189
2026-06-17 14:36:13.227634: Pseudo dice [0.5622, 0.6479, 0.4843]
2026-06-17 14:36:13.227723: Epoch time: 14.26 s
2026-06-17 14:36:13.227877: Yayy! New best EMA pseudo Dice: 0.5498
2026-06-17 14:36:14.438157: 
2026-06-17 14:36:14.439264: Epoch 84
2026-06-17 14:36:14.439394: Current learning rate: 0.00048
2026-06-17 14:36:28.678685: train_loss -0.4356
2026-06-17 14:36:28.680530: val_loss -0.4047
2026-06-17 14:36:28.680643: Pseudo dice [0.5897, 0.6417, 0.4642]
2026-06-17 14:36:28.680731: Epoch time: 14.24 s
2026-06-17 14:36:28.680802: Yayy! New best EMA pseudo Dice: 0.5513
2026-06-17 14:36:29.882533: 
2026-06-17 14:36:29.883551: Epoch 85
2026-06-17 14:36:29.883679: Current learning rate: 0.00047
2026-06-17 14:36:44.152339: train_loss -0.4286
2026-06-17 14:36:44.153779: val_loss -0.4283
2026-06-17 14:36:44.153936: Pseudo dice [0.575, 0.6664, 0.499]
2026-06-17 14:36:44.154089: Epoch time: 14.27 s
2026-06-17 14:36:44.154598: Yayy! New best EMA pseudo Dice: 0.5542
2026-06-17 14:36:45.368568: 
2026-06-17 14:36:45.370121: Epoch 86
2026-06-17 14:36:45.370261: Current learning rate: 0.00046
2026-06-17 14:36:59.618923: train_loss -0.4373
2026-06-17 14:36:59.620765: val_loss -0.4247
2026-06-17 14:36:59.620879: Pseudo dice [0.5885, 0.6222, 0.504]
2026-06-17 14:36:59.620970: Epoch time: 14.25 s
2026-06-17 14:36:59.621114: Yayy! New best EMA pseudo Dice: 0.5559
2026-06-17 14:37:00.833966: 
2026-06-17 14:37:00.835064: Epoch 87
2026-06-17 14:37:00.835195: Current learning rate: 0.00046
2026-06-17 14:37:15.068213: train_loss -0.4326
2026-06-17 14:37:15.072846: val_loss -0.3999
2026-06-17 14:37:15.072965: Pseudo dice [0.5434, 0.607, 0.4822]
2026-06-17 14:37:15.073067: Epoch time: 14.24 s
2026-06-17 14:37:16.229149: 
2026-06-17 14:37:16.233850: Epoch 88
2026-06-17 14:37:16.233976: Current learning rate: 0.00045
2026-06-17 14:37:30.464714: train_loss -0.4335
2026-06-17 14:37:30.465954: val_loss -0.4249
2026-06-17 14:37:30.466072: Pseudo dice [0.586, 0.6398, 0.4811]
2026-06-17 14:37:30.466165: Epoch time: 14.24 s
2026-06-17 14:37:30.466238: Yayy! New best EMA pseudo Dice: 0.5562
2026-06-17 14:37:31.839102: 
2026-06-17 14:37:31.841135: Epoch 89
2026-06-17 14:37:31.841264: Current learning rate: 0.00044
2026-06-17 14:37:46.084656: train_loss -0.446
2026-06-17 14:37:46.086165: val_loss -0.4108
2026-06-17 14:37:46.086405: Pseudo dice [0.5718, 0.6483, 0.4874]
2026-06-17 14:37:46.086561: Epoch time: 14.25 s
2026-06-17 14:37:46.086711: Yayy! New best EMA pseudo Dice: 0.5575
2026-06-17 14:37:47.298311: 
2026-06-17 14:37:47.299516: Epoch 90
2026-06-17 14:37:47.299642: Current learning rate: 0.00044
2026-06-17 14:38:01.540517: train_loss -0.4337
2026-06-17 14:38:01.543164: val_loss -0.431
2026-06-17 14:38:01.543283: Pseudo dice [0.5722, 0.6545, 0.5056]
2026-06-17 14:38:01.543378: Epoch time: 14.24 s
2026-06-17 14:38:01.543453: Yayy! New best EMA pseudo Dice: 0.5595
2026-06-17 14:38:02.759243: 
2026-06-17 14:38:02.760239: Epoch 91
2026-06-17 14:38:02.760376: Current learning rate: 0.00043
2026-06-17 14:38:16.987783: train_loss -0.4352
2026-06-17 14:38:16.989763: val_loss -0.4195
2026-06-17 14:38:16.989878: Pseudo dice [0.5631, 0.6355, 0.5123]
2026-06-17 14:38:16.989968: Epoch time: 14.23 s
2026-06-17 14:38:16.990050: Yayy! New best EMA pseudo Dice: 0.5606
2026-06-17 14:38:18.222884: 
2026-06-17 14:38:18.223994: Epoch 92
2026-06-17 14:38:18.224123: Current learning rate: 0.00043
2026-06-17 14:38:32.457908: train_loss -0.437
2026-06-17 14:38:32.459208: val_loss -0.4217
2026-06-17 14:38:32.459339: Pseudo dice [0.5934, 0.6058, 0.4796]
2026-06-17 14:38:32.459444: Epoch time: 14.24 s
2026-06-17 14:38:33.620311: 
2026-06-17 14:38:33.621402: Epoch 93
2026-06-17 14:38:33.621533: Current learning rate: 0.00042
2026-06-17 14:38:47.867185: train_loss -0.4587
2026-06-17 14:38:47.876057: val_loss -0.4223
2026-06-17 14:38:47.876198: Pseudo dice [0.5547, 0.6854, 0.4281]
2026-06-17 14:38:47.876290: Epoch time: 14.25 s
2026-06-17 14:38:49.036480: 
2026-06-17 14:38:49.039520: Epoch 94
2026-06-17 14:38:49.039647: Current learning rate: 0.00041
2026-06-17 14:39:03.275972: train_loss -0.4448
2026-06-17 14:39:03.277948: val_loss -0.3882
2026-06-17 14:39:03.278067: Pseudo dice [0.5699, 0.5774, 0.4983]
2026-06-17 14:39:03.278159: Epoch time: 14.24 s
2026-06-17 14:39:04.619014: 
2026-06-17 14:39:04.620775: Epoch 95
2026-06-17 14:39:04.620902: Current learning rate: 0.00041
2026-06-17 14:39:18.868926: train_loss -0.4514
2026-06-17 14:39:18.871442: val_loss -0.4089
2026-06-17 14:39:18.871557: Pseudo dice [0.5679, 0.6646, 0.4571]
2026-06-17 14:39:18.871656: Epoch time: 14.25 s
2026-06-17 14:39:20.039203: 
2026-06-17 14:39:20.040656: Epoch 96
2026-06-17 14:39:20.040783: Current learning rate: 0.0004
2026-06-17 14:39:34.283544: train_loss -0.4422
2026-06-17 14:39:34.284887: val_loss -0.4072
2026-06-17 14:39:34.285025: Pseudo dice [0.5673, 0.6392, 0.4819]
2026-06-17 14:39:34.285216: Epoch time: 14.25 s
2026-06-17 14:39:35.468290: 
2026-06-17 14:39:35.469363: Epoch 97
2026-06-17 14:39:35.469493: Current learning rate: 0.00039
2026-06-17 14:39:49.714488: train_loss -0.4426
2026-06-17 14:39:49.720021: val_loss -0.41
2026-06-17 14:39:49.720137: Pseudo dice [0.5736, 0.6345, 0.5074]
2026-06-17 14:39:49.720852: Epoch time: 14.25 s
2026-06-17 14:39:49.720930: Yayy! New best EMA pseudo Dice: 0.5609
2026-06-17 14:39:50.941032: 
2026-06-17 14:39:50.942052: Epoch 98
2026-06-17 14:39:50.942181: Current learning rate: 0.00039
2026-06-17 14:40:05.182024: train_loss -0.4444
2026-06-17 14:40:05.183315: val_loss -0.4271
2026-06-17 14:40:05.183470: Pseudo dice [0.5759, 0.6424, 0.5067]
2026-06-17 14:40:05.183618: Epoch time: 14.24 s
2026-06-17 14:40:05.183750: Yayy! New best EMA pseudo Dice: 0.5623
2026-06-17 14:40:06.403761: 
2026-06-17 14:40:06.404948: Epoch 99
2026-06-17 14:40:06.405081: Current learning rate: 0.00038
2026-06-17 14:40:20.640079: train_loss -0.4512
2026-06-17 14:40:20.641281: val_loss -0.4142
2026-06-17 14:40:20.641402: Pseudo dice [0.5693, 0.6083, 0.5151]
2026-06-17 14:40:20.641715: Epoch time: 14.24 s
2026-06-17 14:40:20.698611: Yayy! New best EMA pseudo Dice: 0.5625
2026-06-17 14:40:21.919740: 
2026-06-17 14:40:21.920714: Epoch 100
2026-06-17 14:40:21.920840: Current learning rate: 0.00037
2026-06-17 14:40:36.161612: train_loss -0.4559
2026-06-17 14:40:36.162684: val_loss -0.4417
2026-06-17 14:40:36.162795: Pseudo dice [0.5944, 0.6612, 0.5183]
2026-06-17 14:40:36.162885: Epoch time: 14.24 s
2026-06-17 14:40:36.162960: Yayy! New best EMA pseudo Dice: 0.5654
2026-06-17 14:40:37.585449: 
2026-06-17 14:40:37.586619: Epoch 101
2026-06-17 14:40:37.586746: Current learning rate: 0.00037
2026-06-17 14:40:51.841417: train_loss -0.4441
2026-06-17 14:40:51.842803: val_loss -0.4437
2026-06-17 14:40:51.842922: Pseudo dice [0.5458, 0.6611, 0.5487]
2026-06-17 14:40:51.843105: Epoch time: 14.26 s
2026-06-17 14:40:51.843230: Yayy! New best EMA pseudo Dice: 0.5673
2026-06-17 14:40:53.077178: 
2026-06-17 14:40:53.078677: Epoch 102
2026-06-17 14:40:53.078804: Current learning rate: 0.00036
2026-06-17 14:41:07.326183: train_loss -0.451
2026-06-17 14:41:07.330535: val_loss -0.4222
2026-06-17 14:41:07.330660: Pseudo dice [0.564, 0.6291, 0.5221]
2026-06-17 14:41:07.330812: Epoch time: 14.25 s
2026-06-17 14:41:07.330944: Yayy! New best EMA pseudo Dice: 0.5678
2026-06-17 14:41:08.557725: 
2026-06-17 14:41:08.559067: Epoch 103
2026-06-17 14:41:08.559195: Current learning rate: 0.00035
2026-06-17 14:41:22.810339: train_loss -0.449
2026-06-17 14:41:22.811491: val_loss -0.4262
2026-06-17 14:41:22.811613: Pseudo dice [0.5904, 0.6575, 0.477]
2026-06-17 14:41:22.811710: Epoch time: 14.25 s
2026-06-17 14:41:22.811831: Yayy! New best EMA pseudo Dice: 0.5685
2026-06-17 14:41:24.042701: 
2026-06-17 14:41:24.043818: Epoch 104
2026-06-17 14:41:24.043947: Current learning rate: 0.00035
2026-06-17 14:41:38.316011: train_loss -0.4536
2026-06-17 14:41:38.317254: val_loss -0.4389
2026-06-17 14:41:38.317364: Pseudo dice [0.5787, 0.6753, 0.4943]
2026-06-17 14:41:38.317451: Epoch time: 14.27 s
2026-06-17 14:41:38.317525: Yayy! New best EMA pseudo Dice: 0.5699
2026-06-17 14:41:39.546532: 
2026-06-17 14:41:39.566137: Epoch 105
2026-06-17 14:41:39.566268: Current learning rate: 0.00034
2026-06-17 14:41:53.806853: train_loss -0.4456
2026-06-17 14:41:53.820293: val_loss -0.4196
2026-06-17 14:41:53.820419: Pseudo dice [0.5679, 0.6272, 0.4945]
2026-06-17 14:41:53.820515: Epoch time: 14.26 s
2026-06-17 14:41:54.998828: 
2026-06-17 14:41:55.004777: Epoch 106
2026-06-17 14:41:55.004915: Current learning rate: 0.00033
2026-06-17 14:42:09.255035: train_loss -0.4537
2026-06-17 14:42:09.259136: val_loss -0.4325
2026-06-17 14:42:09.259288: Pseudo dice [0.5677, 0.6161, 0.5562]
2026-06-17 14:42:09.259389: Epoch time: 14.26 s
2026-06-17 14:42:09.259465: Yayy! New best EMA pseudo Dice: 0.5703
2026-06-17 14:42:10.690353: 
2026-06-17 14:42:10.692029: Epoch 107
2026-06-17 14:42:10.692217: Current learning rate: 0.00032
2026-06-17 14:42:24.941313: train_loss -0.4564
2026-06-17 14:42:24.944288: val_loss -0.4212
2026-06-17 14:42:24.944407: Pseudo dice [0.5713, 0.6453, 0.5022]
2026-06-17 14:42:24.944503: Epoch time: 14.25 s
2026-06-17 14:42:24.944580: Yayy! New best EMA pseudo Dice: 0.5706
2026-06-17 14:42:26.183392: 
2026-06-17 14:42:26.184404: Epoch 108
2026-06-17 14:42:26.184534: Current learning rate: 0.00032
2026-06-17 14:42:40.436115: train_loss -0.4605
2026-06-17 14:42:40.437336: val_loss -0.453
2026-06-17 14:42:40.437447: Pseudo dice [0.5882, 0.6352, 0.5249]
2026-06-17 14:42:40.437535: Epoch time: 14.25 s
2026-06-17 14:42:40.437609: Yayy! New best EMA pseudo Dice: 0.5718
2026-06-17 14:42:41.668857: 
2026-06-17 14:42:41.678530: Epoch 109
2026-06-17 14:42:41.678658: Current learning rate: 0.00031
2026-06-17 14:42:55.935109: train_loss -0.4507
2026-06-17 14:42:55.936414: val_loss -0.4408
2026-06-17 14:42:55.936537: Pseudo dice [0.5807, 0.6438, 0.5209]
2026-06-17 14:42:55.936631: Epoch time: 14.27 s
2026-06-17 14:42:55.936705: Yayy! New best EMA pseudo Dice: 0.5728
2026-06-17 14:42:57.173031: 
2026-06-17 14:42:57.174154: Epoch 110
2026-06-17 14:42:57.174282: Current learning rate: 0.0003
2026-06-17 14:43:11.448833: train_loss -0.4541
2026-06-17 14:43:11.450746: val_loss -0.4409
2026-06-17 14:43:11.450870: Pseudo dice [0.574, 0.6556, 0.5548]
2026-06-17 14:43:11.450967: Epoch time: 14.28 s
2026-06-17 14:43:11.451051: Yayy! New best EMA pseudo Dice: 0.575
2026-06-17 14:43:12.684582: 
2026-06-17 14:43:12.685765: Epoch 111
2026-06-17 14:43:12.685891: Current learning rate: 0.0003
2026-06-17 14:43:26.942037: train_loss -0.4537
2026-06-17 14:43:26.943230: val_loss -0.4423
2026-06-17 14:43:26.943341: Pseudo dice [0.5808, 0.6516, 0.5091]
2026-06-17 14:43:26.943430: Epoch time: 14.26 s
2026-06-17 14:43:26.943503: Yayy! New best EMA pseudo Dice: 0.5755
2026-06-17 14:43:28.173317: 
2026-06-17 14:43:28.174406: Epoch 112
2026-06-17 14:43:28.174531: Current learning rate: 0.00029
2026-06-17 14:43:42.425231: train_loss -0.4523
2026-06-17 14:43:42.429151: val_loss -0.4386
2026-06-17 14:43:42.429283: Pseudo dice [0.5809, 0.6328, 0.5226]
2026-06-17 14:43:42.429423: Epoch time: 14.25 s
2026-06-17 14:43:42.429575: Yayy! New best EMA pseudo Dice: 0.5759
2026-06-17 14:43:43.846315: 
2026-06-17 14:43:43.847506: Epoch 113
2026-06-17 14:43:43.847631: Current learning rate: 0.00028
2026-06-17 14:43:58.099913: train_loss -0.4589
2026-06-17 14:43:58.101617: val_loss -0.4417
2026-06-17 14:43:58.101741: Pseudo dice [0.5931, 0.6632, 0.5222]
2026-06-17 14:43:58.101843: Epoch time: 14.25 s
2026-06-17 14:43:58.101922: Yayy! New best EMA pseudo Dice: 0.5776
2026-06-17 14:43:59.342282: 
2026-06-17 14:43:59.343360: Epoch 114
2026-06-17 14:43:59.343490: Current learning rate: 0.00028
2026-06-17 14:44:13.594294: train_loss -0.456
2026-06-17 14:44:13.595462: val_loss -0.4379
2026-06-17 14:44:13.595572: Pseudo dice [0.5732, 0.6483, 0.5077]
2026-06-17 14:44:13.595663: Epoch time: 14.25 s
2026-06-17 14:44:14.772431: 
2026-06-17 14:44:14.778338: Epoch 115
2026-06-17 14:44:14.778474: Current learning rate: 0.00027
2026-06-17 14:44:29.049064: train_loss -0.4665
2026-06-17 14:44:29.050527: val_loss -0.4338
2026-06-17 14:44:29.050643: Pseudo dice [0.5714, 0.6532, 0.502]
2026-06-17 14:44:29.050739: Epoch time: 14.28 s
2026-06-17 14:44:30.242628: 
2026-06-17 14:44:30.243742: Epoch 116
2026-06-17 14:44:30.243870: Current learning rate: 0.00026
2026-06-17 14:44:44.503329: train_loss -0.4674
2026-06-17 14:44:44.504773: val_loss -0.4546
2026-06-17 14:44:44.504888: Pseudo dice [0.5871, 0.6906, 0.5024]
2026-06-17 14:44:44.504984: Epoch time: 14.26 s
2026-06-17 14:44:44.505070: Yayy! New best EMA pseudo Dice: 0.5789
2026-06-17 14:44:45.749226: 
2026-06-17 14:44:45.751122: Epoch 117
2026-06-17 14:44:45.751249: Current learning rate: 0.00026
2026-06-17 14:45:00.009552: train_loss -0.4695
2026-06-17 14:45:00.011024: val_loss -0.4635
2026-06-17 14:45:00.011143: Pseudo dice [0.5838, 0.6802, 0.5368]
2026-06-17 14:45:00.011239: Epoch time: 14.26 s
2026-06-17 14:45:00.011320: Yayy! New best EMA pseudo Dice: 0.581
2026-06-17 14:45:01.242025: 
2026-06-17 14:45:01.245957: Epoch 118
2026-06-17 14:45:01.246094: Current learning rate: 0.00025
2026-06-17 14:45:15.517660: train_loss -0.4641
2026-06-17 14:45:15.518856: val_loss -0.4452
2026-06-17 14:45:15.518977: Pseudo dice [0.5899, 0.6554, 0.4993]
2026-06-17 14:45:15.519083: Epoch time: 14.28 s
2026-06-17 14:45:15.519164: Yayy! New best EMA pseudo Dice: 0.5811
2026-06-17 14:45:16.948512: 
2026-06-17 14:45:16.950099: Epoch 119
2026-06-17 14:45:16.950227: Current learning rate: 0.00024
2026-06-17 14:45:31.206287: train_loss -0.4547
2026-06-17 14:45:31.208326: val_loss -0.4602
2026-06-17 14:45:31.208448: Pseudo dice [0.5928, 0.6406, 0.5591]
2026-06-17 14:45:31.208542: Epoch time: 14.26 s
2026-06-17 14:45:31.208618: Yayy! New best EMA pseudo Dice: 0.5827
2026-06-17 14:45:32.434924: 
2026-06-17 14:45:32.436458: Epoch 120
2026-06-17 14:45:32.436592: Current learning rate: 0.00023
2026-06-17 14:45:46.688385: train_loss -0.4681
2026-06-17 14:45:46.690525: val_loss -0.4191
2026-06-17 14:45:46.690642: Pseudo dice [0.5816, 0.647, 0.4838]
2026-06-17 14:45:46.690734: Epoch time: 14.25 s
2026-06-17 14:45:47.865920: 
2026-06-17 14:45:47.866996: Epoch 121
2026-06-17 14:45:47.867128: Current learning rate: 0.00023
2026-06-17 14:46:02.112829: train_loss -0.4641
2026-06-17 14:46:02.121773: val_loss -0.4354
2026-06-17 14:46:02.121907: Pseudo dice [0.5629, 0.6532, 0.5051]
2026-06-17 14:46:02.122016: Epoch time: 14.25 s
2026-06-17 14:46:03.304642: 
2026-06-17 14:46:03.306194: Epoch 122
2026-06-17 14:46:03.306322: Current learning rate: 0.00022
2026-06-17 14:46:17.563776: train_loss -0.4721
2026-06-17 14:46:17.565818: val_loss -0.4444
2026-06-17 14:46:17.565929: Pseudo dice [0.6109, 0.6161, 0.5443]
2026-06-17 14:46:17.566024: Epoch time: 14.26 s
2026-06-17 14:46:18.751410: 
2026-06-17 14:46:18.752496: Epoch 123
2026-06-17 14:46:18.752626: Current learning rate: 0.00021
2026-06-17 14:46:33.007201: train_loss -0.4634
2026-06-17 14:46:33.008407: val_loss -0.4254
2026-06-17 14:46:33.008524: Pseudo dice [0.5697, 0.6656, 0.5178]
2026-06-17 14:46:33.008613: Epoch time: 14.26 s
2026-06-17 14:46:34.189218: 
2026-06-17 14:46:34.271299: Epoch 124
2026-06-17 14:46:34.271432: Current learning rate: 0.00021
2026-06-17 14:46:48.526631: train_loss -0.469
2026-06-17 14:46:48.527743: val_loss -0.4633
2026-06-17 14:46:48.527855: Pseudo dice [0.5914, 0.6724, 0.5399]
2026-06-17 14:46:48.528097: Epoch time: 14.34 s
2026-06-17 14:46:48.528215: Yayy! New best EMA pseudo Dice: 0.5839
2026-06-17 14:46:50.011041: 
2026-06-17 14:46:50.027563: Epoch 125
2026-06-17 14:46:50.027700: Current learning rate: 0.0002
2026-06-17 14:47:04.288101: train_loss -0.474
2026-06-17 14:47:04.289244: val_loss -0.4693
2026-06-17 14:47:04.289359: Pseudo dice [0.597, 0.6872, 0.5472]
2026-06-17 14:47:04.289446: Epoch time: 14.28 s
2026-06-17 14:47:04.289524: Yayy! New best EMA pseudo Dice: 0.5866
2026-06-17 14:47:05.523451: 
2026-06-17 14:47:05.524514: Epoch 126
2026-06-17 14:47:05.524647: Current learning rate: 0.00019
2026-06-17 14:47:19.788150: train_loss -0.4612
2026-06-17 14:47:19.876062: val_loss -0.4331
2026-06-17 14:47:19.876186: Pseudo dice [0.5795, 0.653, 0.5265]
2026-06-17 14:47:19.876282: Epoch time: 14.27 s
2026-06-17 14:47:21.060445: 
2026-06-17 14:47:21.061667: Epoch 127
2026-06-17 14:47:21.061794: Current learning rate: 0.00018
2026-06-17 14:47:35.313532: train_loss -0.4647
2026-06-17 14:47:35.315181: val_loss -0.4685
2026-06-17 14:47:35.315359: Pseudo dice [0.5977, 0.6648, 0.5622]
2026-06-17 14:47:35.315481: Epoch time: 14.25 s
2026-06-17 14:47:35.315598: Yayy! New best EMA pseudo Dice: 0.5887
2026-06-17 14:47:36.553271: 
2026-06-17 14:47:36.554492: Epoch 128
2026-06-17 14:47:36.554620: Current learning rate: 0.00018
2026-06-17 14:47:50.794256: train_loss -0.4782
2026-06-17 14:47:50.796161: val_loss -0.4509
2026-06-17 14:47:50.796274: Pseudo dice [0.5878, 0.6723, 0.5258]
2026-06-17 14:47:50.796364: Epoch time: 14.24 s
2026-06-17 14:47:50.796434: Yayy! New best EMA pseudo Dice: 0.5894
2026-06-17 14:47:52.012719: 
2026-06-17 14:47:52.013883: Epoch 129
2026-06-17 14:47:52.014019: Current learning rate: 0.00017
2026-06-17 14:48:06.289956: train_loss -0.4644
2026-06-17 14:48:06.291137: val_loss -0.4393
2026-06-17 14:48:06.291254: Pseudo dice [0.6054, 0.654, 0.4607]
2026-06-17 14:48:06.291352: Epoch time: 14.28 s
2026-06-17 14:48:07.458880: 
2026-06-17 14:48:07.459955: Epoch 130
2026-06-17 14:48:07.460089: Current learning rate: 0.00016
2026-06-17 14:48:21.710679: train_loss -0.4743
2026-06-17 14:48:21.712110: val_loss -0.4476
2026-06-17 14:48:21.712222: Pseudo dice [0.5887, 0.6338, 0.5286]
2026-06-17 14:48:21.712310: Epoch time: 14.25 s
2026-06-17 14:48:23.068583: 
2026-06-17 14:48:23.069786: Epoch 131
2026-06-17 14:48:23.069913: Current learning rate: 0.00016
2026-06-17 14:48:37.321349: train_loss -0.4772
2026-06-17 14:48:37.322754: val_loss -0.4569
2026-06-17 14:48:37.322881: Pseudo dice [0.5825, 0.6623, 0.5329]
2026-06-17 14:48:37.322971: Epoch time: 14.25 s
2026-06-17 14:48:38.490469: 
2026-06-17 14:48:38.491590: Epoch 132
2026-06-17 14:48:38.491720: Current learning rate: 0.00015
2026-06-17 14:48:52.734176: train_loss -0.4655
2026-06-17 14:48:52.735416: val_loss -0.4513
2026-06-17 14:48:52.735534: Pseudo dice [0.5897, 0.6648, 0.5232]
2026-06-17 14:48:52.735631: Epoch time: 14.24 s
2026-06-17 14:48:53.900428: 
2026-06-17 14:48:53.901530: Epoch 133
2026-06-17 14:48:53.901658: Current learning rate: 0.00014
2026-06-17 14:49:08.148813: train_loss -0.4812
2026-06-17 14:49:08.150025: val_loss -0.4697
2026-06-17 14:49:08.150143: Pseudo dice [0.6025, 0.658, 0.5489]
2026-06-17 14:49:08.150233: Epoch time: 14.25 s
2026-06-17 14:49:08.150307: Yayy! New best EMA pseudo Dice: 0.5898
2026-06-17 14:49:09.373455: 
2026-06-17 14:49:09.374660: Epoch 134
2026-06-17 14:49:09.374785: Current learning rate: 0.00013
2026-06-17 14:49:23.625612: train_loss -0.4841
2026-06-17 14:49:23.626702: val_loss -0.4506
2026-06-17 14:49:23.626814: Pseudo dice [0.5897, 0.6878, 0.5058]
2026-06-17 14:49:23.626904: Epoch time: 14.25 s
2026-06-17 14:49:23.626982: Yayy! New best EMA pseudo Dice: 0.5903
2026-06-17 14:49:24.857748: 
2026-06-17 14:49:24.867032: Epoch 135
2026-06-17 14:49:24.867158: Current learning rate: 0.00013
2026-06-17 14:49:39.103612: train_loss -0.4821
2026-06-17 14:49:39.106112: val_loss -0.427
2026-06-17 14:49:39.106227: Pseudo dice [0.5943, 0.6317, 0.5199]
2026-06-17 14:49:39.106319: Epoch time: 14.25 s
2026-06-17 14:49:40.278126: 
2026-06-17 14:49:40.279193: Epoch 136
2026-06-17 14:49:40.279321: Current learning rate: 0.00012
2026-06-17 14:49:54.521971: train_loss -0.4879
2026-06-17 14:49:54.523186: val_loss -0.4433
2026-06-17 14:49:54.523304: Pseudo dice [0.5997, 0.6503, 0.5275]
2026-06-17 14:49:54.523397: Epoch time: 14.24 s
2026-06-17 14:49:55.901376: 
2026-06-17 14:49:55.907677: Epoch 137
2026-06-17 14:49:55.907804: Current learning rate: 0.00011
2026-06-17 14:50:10.153673: train_loss -0.4749
2026-06-17 14:50:10.154935: val_loss -0.4739
2026-06-17 14:50:10.155066: Pseudo dice [0.6114, 0.6665, 0.5499]
2026-06-17 14:50:10.155166: Epoch time: 14.25 s
2026-06-17 14:50:10.155246: Yayy! New best EMA pseudo Dice: 0.5917
2026-06-17 14:50:11.393974: 
2026-06-17 14:50:11.462853: Epoch 138
2026-06-17 14:50:11.462983: Current learning rate: 0.0001
2026-06-17 14:50:25.729401: train_loss -0.4811
2026-06-17 14:50:25.730612: val_loss -0.4498
2026-06-17 14:50:25.730725: Pseudo dice [0.591, 0.6341, 0.5233]
2026-06-17 14:50:25.730820: Epoch time: 14.34 s
2026-06-17 14:50:26.904569: 
2026-06-17 14:50:26.905785: Epoch 139
2026-06-17 14:50:26.905912: Current learning rate: 0.0001
2026-06-17 14:50:41.171026: train_loss -0.4855
2026-06-17 14:50:41.172201: val_loss -0.4707
2026-06-17 14:50:41.172312: Pseudo dice [0.6168, 0.6996, 0.5095]
2026-06-17 14:50:41.172403: Epoch time: 14.27 s
2026-06-17 14:50:41.172476: Yayy! New best EMA pseudo Dice: 0.5926
2026-06-17 14:50:42.401505: 
2026-06-17 14:50:42.402881: Epoch 140
2026-06-17 14:50:42.403024: Current learning rate: 9e-05
2026-06-17 14:50:56.663867: train_loss -0.4786
2026-06-17 14:50:56.664977: val_loss -0.4471
2026-06-17 14:50:56.665720: Pseudo dice [0.5829, 0.6748, 0.525]
2026-06-17 14:50:56.665820: Epoch time: 14.26 s
2026-06-17 14:50:56.665895: Yayy! New best EMA pseudo Dice: 0.5928
2026-06-17 14:50:57.896178: 
2026-06-17 14:50:57.901290: Epoch 141
2026-06-17 14:50:57.901420: Current learning rate: 8e-05
2026-06-17 14:51:12.150095: train_loss -0.4673
2026-06-17 14:51:12.151332: val_loss -0.448
2026-06-17 14:51:12.151456: Pseudo dice [0.614, 0.6606, 0.5464]
2026-06-17 14:51:12.151640: Epoch time: 14.25 s
2026-06-17 14:51:12.151794: Yayy! New best EMA pseudo Dice: 0.5942
2026-06-17 14:51:13.384444: 
2026-06-17 14:51:13.460406: Epoch 142
2026-06-17 14:51:13.460552: Current learning rate: 7e-05
2026-06-17 14:51:27.719177: train_loss -0.4761
2026-06-17 14:51:27.720380: val_loss -0.4683
2026-06-17 14:51:27.720494: Pseudo dice [0.6072, 0.6639, 0.5615]
2026-06-17 14:51:27.720582: Epoch time: 14.34 s
2026-06-17 14:51:27.720652: Yayy! New best EMA pseudo Dice: 0.5959
2026-06-17 14:51:29.144526: 
2026-06-17 14:51:29.145560: Epoch 143
2026-06-17 14:51:29.145689: Current learning rate: 6e-05
2026-06-17 14:51:43.408643: train_loss -0.4873
2026-06-17 14:51:43.409673: val_loss -0.4496
2026-06-17 14:51:43.409789: Pseudo dice [0.6027, 0.6837, 0.5134]
2026-06-17 14:51:43.409878: Epoch time: 14.26 s
2026-06-17 14:51:43.409953: Yayy! New best EMA pseudo Dice: 0.5963
2026-06-17 14:51:44.640731: 
2026-06-17 14:51:44.642102: Epoch 144
2026-06-17 14:51:44.642234: Current learning rate: 6e-05
2026-06-17 14:51:58.892583: train_loss -0.485
2026-06-17 14:51:58.896380: val_loss -0.4678
2026-06-17 14:51:58.896547: Pseudo dice [0.5987, 0.6804, 0.5398]
2026-06-17 14:51:58.896772: Epoch time: 14.25 s
2026-06-17 14:51:58.896871: Yayy! New best EMA pseudo Dice: 0.5973
2026-06-17 14:52:00.125647: 
2026-06-17 14:52:00.126664: Epoch 145
2026-06-17 14:52:00.126797: Current learning rate: 5e-05
2026-06-17 14:52:14.369291: train_loss -0.4942
2026-06-17 14:52:14.370586: val_loss -0.4661
2026-06-17 14:52:14.370699: Pseudo dice [0.597, 0.6815, 0.5406]
2026-06-17 14:52:14.370789: Epoch time: 14.24 s
2026-06-17 14:52:14.370861: Yayy! New best EMA pseudo Dice: 0.5982
2026-06-17 14:52:15.614089: 
2026-06-17 14:52:15.627403: Epoch 146
2026-06-17 14:52:15.627533: Current learning rate: 4e-05
2026-06-17 14:52:29.872598: train_loss -0.4876
2026-06-17 14:52:29.873717: val_loss -0.4612
2026-06-17 14:52:29.873832: Pseudo dice [0.5997, 0.661, 0.5403]
2026-06-17 14:52:29.873921: Epoch time: 14.26 s
2026-06-17 14:52:29.873996: Yayy! New best EMA pseudo Dice: 0.5984
2026-06-17 14:52:31.112855: 
2026-06-17 14:52:31.113916: Epoch 147
2026-06-17 14:52:31.114053: Current learning rate: 3e-05
2026-06-17 14:52:45.372180: train_loss -0.4856
2026-06-17 14:52:45.373726: val_loss -0.4734
2026-06-17 14:52:45.373948: Pseudo dice [0.6103, 0.6603, 0.5712]
2026-06-17 14:52:45.374162: Epoch time: 14.26 s
2026-06-17 14:52:45.374246: Yayy! New best EMA pseudo Dice: 0.5999
2026-06-17 14:52:46.804049: 
2026-06-17 14:52:46.805134: Epoch 148
2026-06-17 14:52:46.805266: Current learning rate: 2e-05
2026-06-17 14:53:01.053726: train_loss -0.4995
2026-06-17 14:53:01.054871: val_loss -0.4622
2026-06-17 14:53:01.054982: Pseudo dice [0.6002, 0.6655, 0.5202]
2026-06-17 14:53:01.055080: Epoch time: 14.25 s
2026-06-17 14:53:02.229698: 
2026-06-17 14:53:02.234838: Epoch 149
2026-06-17 14:53:02.234969: Current learning rate: 1e-05
2026-06-17 14:53:16.501076: train_loss -0.492
2026-06-17 14:53:16.502497: val_loss -0.4886
2026-06-17 14:53:16.502612: Pseudo dice [0.6035, 0.6856, 0.5498]
2026-06-17 14:53:16.502711: Epoch time: 14.27 s
2026-06-17 14:53:16.502789: Yayy! New best EMA pseudo Dice: 0.6008
2026-06-17 14:53:17.843926: Training done.
2026-06-17 14:53:17.865487: Using splits from existing split file: /gpfs/home1/yhussein/LightM-UNet/data/nnUNet_preprocessed/Dataset501_ARCADE/splits_final.json
2026-06-17 14:53:17.865884: The split file contains 1 splits.
2026-06-17 14:53:17.865959: Desired fold for training: 0
2026-06-17 14:53:17.866018: This split has 1000 training and 200 validation cases.
2026-06-17 14:53:17.868419: predicting val_1
2026-06-17 14:53:18.833832: predicting val_10
2026-06-17 14:53:18.868551: predicting val_100
2026-06-17 14:53:18.901217: predicting val_101
2026-06-17 14:53:18.932677: predicting val_102
2026-06-17 14:53:18.965674: predicting val_103
2026-06-17 14:53:18.998312: predicting val_104
2026-06-17 14:53:19.031229: predicting val_105
2026-06-17 14:53:19.064281: predicting val_106
2026-06-17 14:53:19.096972: predicting val_107
2026-06-17 14:53:25.040065: predicting val_108
2026-06-17 14:53:25.084116: predicting val_109
2026-06-17 14:53:25.161797: predicting val_11
2026-06-17 14:53:25.211122: predicting val_110
2026-06-17 14:53:25.264662: predicting val_111
2026-06-17 14:53:25.312055: predicting val_112
2026-06-17 14:53:25.372175: predicting val_113
2026-06-17 14:53:25.407187: predicting val_114
2026-06-17 14:53:25.467763: predicting val_115
2026-06-17 14:53:25.532988: predicting val_116
2026-06-17 14:53:25.569870: predicting val_117
2026-06-17 14:53:25.628520: predicting val_118
2026-06-17 14:53:25.677243: predicting val_119
2026-06-17 14:53:25.720562: predicting val_12
2026-06-17 14:53:25.758044: predicting val_120
2026-06-17 14:53:25.820073: predicting val_121
2026-06-17 14:53:25.864609: predicting val_122
2026-06-17 14:53:25.924553: predicting val_123
2026-06-17 14:53:25.980649: predicting val_124
2026-06-17 14:53:26.025786: predicting val_125
2026-06-17 14:53:26.081551: predicting val_126
2026-06-17 14:53:26.133638: predicting val_127
2026-06-17 14:53:26.223230: predicting val_128
2026-06-17 14:53:26.280543: predicting val_129
2026-06-17 14:53:26.319158: predicting val_13
2026-06-17 14:53:26.375587: predicting val_130
2026-06-17 14:53:26.410348: predicting val_131
2026-06-17 14:53:26.460408: predicting val_132
2026-06-17 14:53:26.559595: predicting val_133
2026-06-17 14:53:26.594431: predicting val_134
2026-06-17 14:53:26.629240: predicting val_135
2026-06-17 14:53:26.678209: predicting val_136
2026-06-17 14:53:26.739126: predicting val_137
2026-06-17 14:53:26.772312: predicting val_138
2026-06-17 14:53:26.819802: predicting val_139
2026-06-17 14:53:26.898292: predicting val_14
2026-06-17 14:53:26.962031: predicting val_140
2026-06-17 14:53:27.005194: predicting val_141
2026-06-17 14:53:27.052078: predicting val_142
2026-06-17 14:53:27.127924: predicting val_143
2026-06-17 14:53:27.164256: predicting val_144
2026-06-17 14:53:27.211487: predicting val_145
2026-06-17 14:53:27.260088: predicting val_146
2026-06-17 14:53:27.321947: predicting val_147
2026-06-17 14:53:27.368659: predicting val_148
2026-06-17 14:53:27.420461: predicting val_149
2026-06-17 14:53:27.461410: predicting val_15
2026-06-17 14:53:27.497455: predicting val_150
2026-06-17 14:53:27.565170: predicting val_151
2026-06-17 14:53:27.619236: predicting val_152
2026-06-17 14:53:27.673436: predicting val_153
2026-06-17 14:53:27.719386: predicting val_154
2026-06-17 14:53:27.762168: predicting val_155
2026-06-17 14:53:27.837939: predicting val_156
2026-06-17 14:53:27.875910: predicting val_157
2026-06-17 14:53:27.914172: predicting val_158
2026-06-17 14:53:27.978934: predicting val_159
2026-06-17 14:53:28.035067: predicting val_16
2026-06-17 14:53:28.098922: predicting val_160
2026-06-17 14:53:28.155328: predicting val_161
2026-06-17 14:53:28.200754: predicting val_162
2026-06-17 14:53:28.261488: predicting val_163
2026-06-17 14:53:28.309719: predicting val_164
2026-06-17 14:53:28.347118: predicting val_165
2026-06-17 14:53:28.387937: predicting val_166
2026-06-17 14:53:28.442626: predicting val_167
2026-06-17 14:53:28.497125: predicting val_168
2026-06-17 14:53:28.551134: predicting val_169
2026-06-17 14:53:28.611089: predicting val_17
2026-06-17 14:53:28.656433: predicting val_170
2026-06-17 14:53:28.727118: predicting val_171
2026-06-17 14:53:28.791924: predicting val_172
2026-06-17 14:53:28.828525: predicting val_173
2026-06-17 14:53:28.862228: predicting val_174
2026-06-17 14:53:28.914109: predicting val_175
2026-06-17 14:53:28.947853: predicting val_176
2026-06-17 14:53:29.018502: predicting val_177
2026-06-17 14:53:29.098331: predicting val_178
2026-06-17 14:53:29.173885: predicting val_179
2026-06-17 14:53:29.212411: predicting val_18
2026-06-17 14:53:29.247149: predicting val_180
2026-06-17 14:53:29.280740: predicting val_181
2026-06-17 14:53:29.338115: predicting val_182
2026-06-17 14:53:29.396470: predicting val_183
2026-06-17 14:53:29.470902: predicting val_184
2026-06-17 14:53:29.514333: predicting val_185
2026-06-17 14:53:29.576544: predicting val_186
2026-06-17 14:53:29.611697: predicting val_187
2026-06-17 14:53:29.659248: predicting val_188
2026-06-17 14:53:29.696817: predicting val_189
2026-06-17 14:53:29.760180: predicting val_19
2026-06-17 14:53:29.836177: predicting val_190
2026-06-17 14:53:29.873235: predicting val_191
2026-06-17 14:53:29.906260: predicting val_192
2026-06-17 14:53:29.948220: predicting val_193
2026-06-17 14:53:29.983731: predicting val_194
2026-06-17 14:53:30.033219: predicting val_195
2026-06-17 14:53:30.083489: predicting val_196
2026-06-17 14:53:30.144611: predicting val_197
2026-06-17 14:53:30.182015: predicting val_198
2026-06-17 14:53:30.232040: predicting val_199
2026-06-17 14:53:30.293361: predicting val_2
2026-06-17 14:53:30.341205: predicting val_20
2026-06-17 14:53:30.394971: predicting val_200
2026-06-17 14:53:30.467982: predicting val_21
2026-06-17 14:53:30.516708: predicting val_22
2026-06-17 14:53:30.563209: predicting val_23
2026-06-17 14:53:30.603014: predicting val_24
2026-06-17 14:53:30.648818: predicting val_25
2026-06-17 14:53:30.692493: predicting val_26
2026-06-17 14:53:30.798355: predicting val_27
2026-06-17 14:53:30.872410: predicting val_28
2026-06-17 14:53:30.911926: predicting val_29
2026-06-17 14:53:30.965487: predicting val_3
2026-06-17 14:53:30.999847: predicting val_30
2026-06-17 14:53:31.045558: predicting val_31
2026-06-17 14:53:31.113132: predicting val_32
2026-06-17 14:53:31.150132: predicting val_33
2026-06-17 14:53:31.195178: predicting val_34
2026-06-17 14:53:31.243096: predicting val_35
2026-06-17 14:53:31.278270: predicting val_36
2026-06-17 14:53:31.327984: predicting val_37
2026-06-17 14:53:31.375144: predicting val_38
2026-06-17 14:53:31.465679: predicting val_39
2026-06-17 14:53:31.532747: predicting val_4
2026-06-17 14:53:31.580143: predicting val_40
2026-06-17 14:53:31.619936: predicting val_41
2026-06-17 14:53:31.682064: predicting val_42
2026-06-17 14:53:31.735237: predicting val_43
2026-06-17 14:53:31.779146: predicting val_44
2026-06-17 14:53:31.835608: predicting val_45
2026-06-17 14:53:31.885150: predicting val_46
2026-06-17 14:53:31.951916: predicting val_47
2026-06-17 14:53:31.993745: predicting val_48
2026-06-17 14:53:32.043857: predicting val_49
2026-06-17 14:53:32.089316: predicting val_5
2026-06-17 14:53:32.174608: predicting val_50
2026-06-17 14:53:32.208169: predicting val_51
2026-06-17 14:53:32.250788: predicting val_52
2026-06-17 14:53:32.288332: predicting val_53
2026-06-17 14:53:32.355300: predicting val_54
2026-06-17 14:53:32.412723: predicting val_55
2026-06-17 14:53:32.449310: predicting val_56
2026-06-17 14:53:32.490645: predicting val_57
2026-06-17 14:53:32.537354: predicting val_58
2026-06-17 14:53:32.575489: predicting val_59
2026-06-17 14:53:32.673012: predicting val_6
2026-06-17 14:53:32.713962: predicting val_60
2026-06-17 14:53:32.749318: predicting val_61
2026-06-17 14:53:32.804667: predicting val_62
2026-06-17 14:53:32.867392: predicting val_63
2026-06-17 14:53:32.925053: predicting val_64
2026-06-17 14:53:32.959752: predicting val_65
2026-06-17 14:53:33.019367: predicting val_66
2026-06-17 14:53:33.053475: predicting val_67
2026-06-17 14:53:33.119180: predicting val_68
2026-06-17 14:53:33.186281: predicting val_69
2026-06-17 14:53:33.243758: predicting val_7
2026-06-17 14:53:33.278711: predicting val_70
2026-06-17 14:53:33.343776: predicting val_71
2026-06-17 14:53:33.397674: predicting val_72
2026-06-17 14:53:33.455616: predicting val_73
2026-06-17 14:53:33.501909: predicting val_74
2026-06-17 14:53:33.565900: predicting val_75
2026-06-17 14:53:33.613397: predicting val_76
2026-06-17 14:53:33.647855: predicting val_77
2026-06-17 14:53:33.687023: predicting val_78
2026-06-17 14:53:33.762172: predicting val_79
2026-06-17 14:53:33.822782: predicting val_8
2026-06-17 14:53:33.855699: predicting val_80
2026-06-17 14:53:33.898337: predicting val_81
2026-06-17 14:53:33.952172: predicting val_82
2026-06-17 14:53:34.011361: predicting val_83
2026-06-17 14:53:34.077246: predicting val_84
2026-06-17 14:53:34.128204: predicting val_85
2026-06-17 14:53:34.186634: predicting val_86
2026-06-17 14:53:34.230186: predicting val_87
2026-06-17 14:53:34.269915: predicting val_88
2026-06-17 14:53:34.312735: predicting val_89
2026-06-17 14:53:34.374048: predicting val_9
2026-06-17 14:53:34.407295: predicting val_90
2026-06-17 14:53:34.483104: predicting val_91
2026-06-17 14:53:34.545175: predicting val_92
2026-06-17 14:53:34.599641: predicting val_93
2026-06-17 14:53:34.654051: predicting val_94
2026-06-17 14:53:34.702176: predicting val_95
2026-06-17 14:53:34.760178: predicting val_96
2026-06-17 14:53:34.793874: predicting val_97
2026-06-17 14:53:34.840498: predicting val_98
2026-06-17 14:53:34.890966: predicting val_99
2026-06-17 14:53:39.252140: Validation complete
2026-06-17 14:53:39.253081: Mean Validation Dice:  0.32573744690715284
Training finished.
