=== Job info ===
Host: gcn31.local.snellius.surf.nl
Date: Mon Jun  8 14:17:24 CEST 2026
Working dir: /home/yhussein/LightM-UNet/lightm-unet
Conda env: /home/yhussein/conda-envs/lightmunet
=== GPU info ===
Mon Jun  8 14:17:24 2026       
+-----------------------------------------------------------------------------------------+
| NVIDIA-SMI 595.71.05              Driver Version: 595.71.05      CUDA Version: 13.2     |
+-----------------------------------------+------------------------+----------------------+
| GPU  Name                 Persistence-M | Bus-Id          Disp.A | Volatile Uncorr. ECC |
| Fan  Temp   Perf          Pwr:Usage/Cap |           Memory-Usage | GPU-Util  Compute M. |
|                                         |                        |               MIG M. |
|=========================================+========================+======================|
|   0  NVIDIA A100-SXM4-40GB          On  |   00000000:31:00.0 Off |                    0 |
| N/A   30C    P0             49W /  400W |       0MiB /  40960MiB |      0%      Default |
|                                         |                        |             Disabled |
+-----------------------------------------+------------------------+----------------------+

+-----------------------------------------------------------------------------------------+
| Processes:                                                                              |
|  GPU   GI   CI              PID   Type   Process name                        GPU Memory |
|        ID   ID                                                               Usage      |
|=========================================================================================|
|  No running processes found                                                             |
+-----------------------------------------------------------------------------------------+
GPU: NVIDIA A100-SXM4-40GB
=== Python/CUDA environment check ===
/home/yhussein/conda-envs/lightmunet/bin/python
Python 3.10.20
/home/yhussein/conda-envs/lightmunet/bin/nvcc
nvcc: NVIDIA (R) Cuda compiler driver
Copyright (c) 2005-2026 NVIDIA Corporation
Built on Thu_Mar_19_11:12:51_PM_PDT_2026
Cuda compilation tools, release 13.2, V13.2.78
Build cuda_13.2.r13.2/compiler.37668154_0
torch: 2.0.1+cu118
torch CUDA: 11.8
CUDA available: True
GPU: NVIDIA A100-SXM4-40GB
numpy: 1.26.4
transformers: 4.35.2
cv2: 4.9.0
mamba_ssm OK
nnunetv2 OK
=== nnU-Net paths ===
nnUNet_raw=/home/yhussein/LightM-UNet/data/nnUNet_raw
nnUNet_preprocessed=/home/yhussein/LightM-UNet/data/nnUNet_preprocessed
nnUNet_results=/home/yhussein/LightM-UNet/data/nnUNet_results
=== Dataset check ===
dataset.json
imagesTr
imagesTs
labelsTr
labelsTs
splits_final.json
dataset.json
dataset_fingerprint.json
gt_segmentations
nnUNetPlans.json
nnUNetPlans_2d
splits_final.json
=== Ensure official split is present ===
=== Plan check ===
patch_size: [512, 512]
batch_size: 8
median_image_size_in_voxels: [512.0, 512.0]
=== Start LM-UNet training ===
Using device: cuda:0

#######################################################################
Please cite the following paper when using nnU-Net:
Isensee, F., Jaeger, P. F., Kohl, S. A., Petersen, J., & Maier-Hein, K. H. (2021). nnU-Net: a self-configuring method for deep learning-based biomedical image segmentation. Nature methods, 18(2), 203-211.
#######################################################################


This is the configuration used by this training:
Configuration name: 2d
 {'data_identifier': 'nnUNetPlans_2d', 'preprocessor_name': 'DefaultPreprocessor', 'batch_size': 8, 'patch_size': [512, 512], 'median_image_size_in_voxels': [512.0, 512.0], 'spacing': [1.0, 1.0], 'normalization_schemes': ['ZScoreNormalization'], 'use_mask_for_norm': [False], 'UNet_class_name': 'PlainConvUNet', 'UNet_base_num_features': 32, 'n_conv_per_stage_encoder': [2, 2, 2, 2, 2, 2, 2, 2], 'n_conv_per_stage_decoder': [2, 2, 2, 2, 2, 2, 2], 'num_pool_per_axis': [7, 7], 'pool_op_kernel_sizes': [[1, 1], [2, 2], [2, 2], [2, 2], [2, 2], [2, 2], [2, 2], [2, 2]], 'conv_kernel_sizes': [[3, 3], [3, 3], [3, 3], [3, 3], [3, 3], [3, 3], [3, 3], [3, 3]], 'unet_max_num_features': 512, 'resampling_fn_data': 'resample_data_or_seg_to_shape', 'resampling_fn_seg': 'resample_data_or_seg_to_shape', 'resampling_fn_data_kwargs': {'is_seg': False, 'order': 3, 'order_z': 0, 'force_separate_z': None}, 'resampling_fn_seg_kwargs': {'is_seg': True, 'order': 1, 'order_z': 0, 'force_separate_z': None}, 'resampling_fn_probabilities': 'resample_data_or_seg_to_shape', 'resampling_fn_probabilities_kwargs': {'is_seg': False, 'order': 1, 'order_z': 0, 'force_separate_z': None}, 'batch_dice': True} 

These are the global plan.json settings:
 {'dataset_name': 'Dataset501_ARCADE', 'plans_name': 'nnUNetPlans', 'original_median_spacing_after_transp': [999.0, 1.0, 1.0], 'original_median_shape_after_transp': [1, 512, 512], 'image_reader_writer': 'NaturalImage2DIO', 'transpose_forward': [0, 1, 2], 'transpose_backward': [0, 1, 2], 'experiment_planner_used': 'ExperimentPlanner', 'label_manager': 'LabelManager', 'foreground_intensity_properties_per_channel': {'0': {'max': 255.0, 'mean': 98.67886352539062, 'median': 96.0, 'min': 0.0, 'percentile_00_5': 32.0, 'percentile_99_5': 186.0, 'std': 31.84078025817871}}} 

2026-06-08 14:17:50.528249: unpacking dataset...
2026-06-08 14:17:54.967212: unpacking done...
2026-06-08 14:17:54.967670: do_dummy_2d_data_aug: False
2026-06-08 14:17:54.973644: Using splits from existing split file: /gpfs/home1/yhussein/LightM-UNet/data/nnUNet_preprocessed/Dataset501_ARCADE/splits_final.json
2026-06-08 14:17:54.974215: The split file contains 1 splits.
2026-06-08 14:17:54.974286: Desired fold for training: 0
2026-06-08 14:17:54.974338: This split has 1000 training and 200 validation cases.
2026-06-08 14:17:55.014202: Unable to plot network architecture:
2026-06-08 14:17:55.014330: No module named 'IPython'
2026-06-08 14:17:55.036648: 
2026-06-08 14:17:55.036813: Epoch 0
2026-06-08 14:17:55.036956: Current learning rate: 0.001
using pin_memory on device 0
using pin_memory on device 0
2026-06-08 14:20:56.462904: train_loss 0.1135
2026-06-08 14:20:56.463209: val_loss -0.0925
2026-06-08 14:20:56.463334: Pseudo dice [0.2039, 0.3268, 0.2433]
2026-06-08 14:20:56.463441: Epoch time: 181.43 s
2026-06-08 14:20:56.463530: Yayy! New best EMA pseudo Dice: 0.258
2026-06-08 14:20:57.707927: 
2026-06-08 14:20:57.708127: Epoch 1
2026-06-08 14:20:57.708249: Current learning rate: 0.00099
2026-06-08 14:23:54.681788: train_loss -0.1883
2026-06-08 14:23:54.682001: val_loss -0.2495
2026-06-08 14:23:54.682109: Pseudo dice [0.4184, 0.6133, 0.2588]
2026-06-08 14:23:54.682202: Epoch time: 176.98 s
2026-06-08 14:23:54.682280: Yayy! New best EMA pseudo Dice: 0.2752
2026-06-08 14:23:56.145820: 
2026-06-08 14:23:56.145983: Epoch 2
2026-06-08 14:23:56.146093: Current learning rate: 0.00099
2026-06-08 14:26:53.405795: train_loss -0.2572
2026-06-08 14:26:53.406701: val_loss -0.2952
2026-06-08 14:26:53.406829: Pseudo dice [0.4266, 0.4864, 0.4326]
2026-06-08 14:26:53.406933: Epoch time: 177.26 s
2026-06-08 14:26:53.407006: Yayy! New best EMA pseudo Dice: 0.2926
2026-06-08 14:26:54.824093: 
2026-06-08 14:26:54.824291: Epoch 3
2026-06-08 14:26:54.824408: Current learning rate: 0.00098
2026-06-08 14:29:51.795384: train_loss -0.3248
2026-06-08 14:29:51.795654: val_loss -0.3294
2026-06-08 14:29:51.795773: Pseudo dice [0.4929, 0.5458, 0.474]
2026-06-08 14:29:51.795874: Epoch time: 176.97 s
2026-06-08 14:29:51.795949: Yayy! New best EMA pseudo Dice: 0.3137
2026-06-08 14:29:53.297246: 
2026-06-08 14:29:53.297469: Epoch 4
2026-06-08 14:29:53.297589: Current learning rate: 0.00098
2026-06-08 14:32:50.474798: train_loss -0.3529
2026-06-08 14:32:50.475012: val_loss -0.3804
2026-06-08 14:32:50.475119: Pseudo dice [0.4561, 0.6815, 0.4763]
2026-06-08 14:32:50.475207: Epoch time: 177.18 s
2026-06-08 14:32:50.475279: Yayy! New best EMA pseudo Dice: 0.3361
2026-06-08 14:32:51.943608: 
2026-06-08 14:32:51.943765: Epoch 5
2026-06-08 14:32:51.943874: Current learning rate: 0.00097
2026-06-08 14:35:49.042422: train_loss -0.3853
2026-06-08 14:35:49.042681: val_loss -0.4439
2026-06-08 14:35:49.042788: Pseudo dice [0.5238, 0.7498, 0.5105]
2026-06-08 14:35:49.042887: Epoch time: 177.1 s
2026-06-08 14:35:49.042964: Yayy! New best EMA pseudo Dice: 0.362
2026-06-08 14:35:50.394894: 
2026-06-08 14:35:50.395085: Epoch 6
2026-06-08 14:35:50.395203: Current learning rate: 0.00096
2026-06-08 14:38:47.495070: train_loss -0.3808
2026-06-08 14:38:47.495268: val_loss -0.3963
2026-06-08 14:38:47.495375: Pseudo dice [0.4471, 0.6981, 0.4778]
2026-06-08 14:38:47.495462: Epoch time: 177.1 s
2026-06-08 14:38:47.495533: Yayy! New best EMA pseudo Dice: 0.3799
2026-06-08 14:38:48.834448: 
2026-06-08 14:38:48.834604: Epoch 7
2026-06-08 14:38:48.834707: Current learning rate: 0.00096
2026-06-08 14:41:45.670502: train_loss -0.3959
2026-06-08 14:41:45.670734: val_loss -0.4867
2026-06-08 14:41:45.670834: Pseudo dice [0.5778, 0.7404, 0.5715]
2026-06-08 14:41:45.670929: Epoch time: 176.84 s
2026-06-08 14:41:45.671001: Yayy! New best EMA pseudo Dice: 0.4049
2026-06-08 14:41:47.242216: 
2026-06-08 14:41:47.242404: Epoch 8
2026-06-08 14:41:47.242520: Current learning rate: 0.00095
2026-06-08 14:44:44.374002: train_loss -0.4333
2026-06-08 14:44:44.374261: val_loss -0.4544
2026-06-08 14:44:44.374362: Pseudo dice [0.5492, 0.7006, 0.5505]
2026-06-08 14:44:44.374449: Epoch time: 177.13 s
2026-06-08 14:44:44.374521: Yayy! New best EMA pseudo Dice: 0.4244
2026-06-08 14:44:45.869608: 
2026-06-08 14:44:45.869812: Epoch 9
2026-06-08 14:44:45.869937: Current learning rate: 0.00095
2026-06-08 14:47:42.790663: train_loss -0.4359
2026-06-08 14:47:42.790942: val_loss -0.4567
2026-06-08 14:47:42.791049: Pseudo dice [0.5821, 0.7044, 0.5293]
2026-06-08 14:47:42.791142: Epoch time: 176.92 s
2026-06-08 14:47:42.791217: Yayy! New best EMA pseudo Dice: 0.4425
2026-06-08 14:47:44.129221: 
2026-06-08 14:47:44.129402: Epoch 10
2026-06-08 14:47:44.129520: Current learning rate: 0.00094
2026-06-08 14:50:41.015284: train_loss -0.4464
2026-06-08 14:50:41.015506: val_loss -0.4898
2026-06-08 14:50:41.015613: Pseudo dice [0.6009, 0.7715, 0.533]
2026-06-08 14:50:41.015713: Epoch time: 176.89 s
2026-06-08 14:50:41.015789: Yayy! New best EMA pseudo Dice: 0.4618
2026-06-08 14:50:42.353537: 
2026-06-08 14:50:42.353698: Epoch 11
2026-06-08 14:50:42.353799: Current learning rate: 0.00093
2026-06-08 14:53:39.668952: train_loss -0.4399
2026-06-08 14:53:39.669196: val_loss -0.485
2026-06-08 14:53:39.669299: Pseudo dice [0.558, 0.7627, 0.5829]
2026-06-08 14:53:39.669386: Epoch time: 177.32 s
2026-06-08 14:53:39.669458: Yayy! New best EMA pseudo Dice: 0.479
2026-06-08 14:53:41.031724: 
2026-06-08 14:53:41.031922: Epoch 12
2026-06-08 14:53:41.032041: Current learning rate: 0.00093
2026-06-08 14:56:37.967537: train_loss -0.4625
2026-06-08 14:56:37.967740: val_loss -0.4318
2026-06-08 14:56:37.967842: Pseudo dice [0.5882, 0.5986, 0.5109]
2026-06-08 14:56:37.967941: Epoch time: 176.94 s
2026-06-08 14:56:37.968012: Yayy! New best EMA pseudo Dice: 0.4877
2026-06-08 14:56:39.314300: 
2026-06-08 14:56:39.315028: Epoch 13
2026-06-08 14:56:39.315162: Current learning rate: 0.00092
2026-06-08 14:59:36.638584: train_loss -0.4654
2026-06-08 14:59:36.638805: val_loss -0.5222
2026-06-08 14:59:36.638916: Pseudo dice [0.6065, 0.7367, 0.5978]
2026-06-08 14:59:36.639005: Epoch time: 177.33 s
2026-06-08 14:59:36.639076: Yayy! New best EMA pseudo Dice: 0.5037
2026-06-08 14:59:38.030735: 
2026-06-08 14:59:38.030905: Epoch 14
2026-06-08 14:59:38.031025: Current learning rate: 0.00092
2026-06-08 15:02:34.892363: train_loss -0.4942
2026-06-08 15:02:34.892625: val_loss -0.5254
2026-06-08 15:02:34.892727: Pseudo dice [0.6153, 0.7872, 0.554]
2026-06-08 15:02:34.892821: Epoch time: 176.86 s
2026-06-08 15:02:34.892901: Yayy! New best EMA pseudo Dice: 0.5185
2026-06-08 15:02:36.404526: 
2026-06-08 15:02:36.404712: Epoch 15
2026-06-08 15:02:36.404829: Current learning rate: 0.00091
2026-06-08 15:05:33.394892: train_loss -0.4942
2026-06-08 15:05:33.395132: val_loss -0.5255
2026-06-08 15:05:33.395237: Pseudo dice [0.5962, 0.7826, 0.6269]
2026-06-08 15:05:33.395325: Epoch time: 176.99 s
2026-06-08 15:05:33.395397: Yayy! New best EMA pseudo Dice: 0.5335
2026-06-08 15:05:34.741535: 
2026-06-08 15:05:34.741719: Epoch 16
2026-06-08 15:05:34.741839: Current learning rate: 0.0009
2026-06-08 15:08:31.936367: train_loss -0.4844
2026-06-08 15:08:31.936629: val_loss -0.5096
2026-06-08 15:08:31.936729: Pseudo dice [0.5857, 0.7416, 0.5865]
2026-06-08 15:08:31.936817: Epoch time: 177.2 s
2026-06-08 15:08:31.936898: Yayy! New best EMA pseudo Dice: 0.544
2026-06-08 15:08:33.302871: 
2026-06-08 15:08:33.303099: Epoch 17
2026-06-08 15:08:33.303225: Current learning rate: 0.0009
2026-06-08 15:11:30.409966: train_loss -0.4949
2026-06-08 15:11:30.410200: val_loss -0.5314
2026-06-08 15:11:30.410299: Pseudo dice [0.6023, 0.7664, 0.6055]
2026-06-08 15:11:30.410386: Epoch time: 177.11 s
2026-06-08 15:11:30.410457: Yayy! New best EMA pseudo Dice: 0.5554
2026-06-08 15:11:31.760263: 
2026-06-08 15:11:31.760429: Epoch 18
2026-06-08 15:11:31.760546: Current learning rate: 0.00089
2026-06-08 15:14:28.725086: train_loss -0.4828
2026-06-08 15:14:28.725338: val_loss -0.5215
2026-06-08 15:14:28.725462: Pseudo dice [0.6022, 0.7296, 0.6144]
2026-06-08 15:14:28.725550: Epoch time: 176.97 s
2026-06-08 15:14:28.725621: Yayy! New best EMA pseudo Dice: 0.5647
2026-06-08 15:14:30.085033: 
2026-06-08 15:14:30.085216: Epoch 19
2026-06-08 15:14:30.085342: Current learning rate: 0.00089
2026-06-08 15:17:27.005307: train_loss -0.5114
2026-06-08 15:17:27.005505: val_loss -0.413
2026-06-08 15:17:27.005603: Pseudo dice [0.5619, 0.7024, 0.4302]
2026-06-08 15:17:27.005687: Epoch time: 176.92 s
2026-06-08 15:17:27.005757: Yayy! New best EMA pseudo Dice: 0.5647
2026-06-08 15:17:28.343372: 
2026-06-08 15:17:28.343524: Epoch 20
2026-06-08 15:17:28.343625: Current learning rate: 0.00088
2026-06-08 15:20:25.412528: train_loss -0.518
2026-06-08 15:20:25.412789: val_loss -0.5057
2026-06-08 15:20:25.412904: Pseudo dice [0.6205, 0.7535, 0.5617]
2026-06-08 15:20:25.413000: Epoch time: 177.07 s
2026-06-08 15:20:25.413074: Yayy! New best EMA pseudo Dice: 0.5728
2026-06-08 15:20:26.792953: 
2026-06-08 15:20:26.793173: Epoch 21
2026-06-08 15:20:26.793302: Current learning rate: 0.00087
2026-06-08 15:23:23.887383: train_loss -0.5244
2026-06-08 15:23:23.887590: val_loss -0.5021
2026-06-08 15:23:23.887693: Pseudo dice [0.6078, 0.7068, 0.6013]
2026-06-08 15:23:23.887780: Epoch time: 177.1 s
2026-06-08 15:23:23.887852: Yayy! New best EMA pseudo Dice: 0.5794
2026-06-08 15:23:25.317246: 
2026-06-08 15:23:25.317444: Epoch 22
2026-06-08 15:23:25.317562: Current learning rate: 0.00087
2026-06-08 15:26:22.276489: train_loss -0.5038
2026-06-08 15:26:22.276733: val_loss -0.5275
2026-06-08 15:26:22.276838: Pseudo dice [0.6092, 0.7529, 0.6223]
2026-06-08 15:26:22.276941: Epoch time: 176.96 s
2026-06-08 15:26:22.277014: Yayy! New best EMA pseudo Dice: 0.5876
2026-06-08 15:26:23.614067: 
2026-06-08 15:26:23.614243: Epoch 23
2026-06-08 15:26:23.614362: Current learning rate: 0.00086
2026-06-08 15:29:20.740919: train_loss -0.5145
2026-06-08 15:29:20.741148: val_loss -0.5109
2026-06-08 15:29:20.741254: Pseudo dice [0.6098, 0.7756, 0.5955]
2026-06-08 15:29:20.741349: Epoch time: 177.13 s
2026-06-08 15:29:20.741421: Yayy! New best EMA pseudo Dice: 0.5948
2026-06-08 15:29:22.217386: 
2026-06-08 15:29:22.217588: Epoch 24
2026-06-08 15:29:22.217708: Current learning rate: 0.00085
2026-06-08 15:32:19.315420: train_loss -0.5307
2026-06-08 15:32:19.315686: val_loss -0.5323
2026-06-08 15:32:19.315791: Pseudo dice [0.6266, 0.7775, 0.5883]
2026-06-08 15:32:19.315889: Epoch time: 177.1 s
2026-06-08 15:32:19.315967: Yayy! New best EMA pseudo Dice: 0.6018
2026-06-08 15:32:20.664424: 
2026-06-08 15:32:20.664615: Epoch 25
2026-06-08 15:32:20.664735: Current learning rate: 0.00085
2026-06-08 15:35:17.936799: train_loss -0.5321
2026-06-08 15:35:17.937059: val_loss -0.5488
2026-06-08 15:35:17.937165: Pseudo dice [0.6292, 0.7878, 0.6195]
2026-06-08 15:35:17.937257: Epoch time: 177.28 s
2026-06-08 15:35:17.937329: Yayy! New best EMA pseudo Dice: 0.6095
2026-06-08 15:35:19.284496: 
2026-06-08 15:35:19.284671: Epoch 26
2026-06-08 15:35:19.284789: Current learning rate: 0.00084
2026-06-08 15:38:16.554008: train_loss -0.5406
2026-06-08 15:38:16.554257: val_loss -0.5595
2026-06-08 15:38:16.554364: Pseudo dice [0.6371, 0.7832, 0.6478]
2026-06-08 15:38:16.554454: Epoch time: 177.27 s
2026-06-08 15:38:16.554525: Yayy! New best EMA pseudo Dice: 0.6175
2026-06-08 15:38:17.919886: 
2026-06-08 15:38:17.920076: Epoch 27
2026-06-08 15:38:17.920195: Current learning rate: 0.00084
2026-06-08 15:41:14.897541: train_loss -0.5549
2026-06-08 15:41:14.897791: val_loss -0.5409
2026-06-08 15:41:14.897903: Pseudo dice [0.6379, 0.7226, 0.6313]
2026-06-08 15:41:14.897995: Epoch time: 176.98 s
2026-06-08 15:41:14.898065: Yayy! New best EMA pseudo Dice: 0.6221
2026-06-08 15:41:16.393906: 
2026-06-08 15:41:16.394085: Epoch 28
2026-06-08 15:41:16.394202: Current learning rate: 0.00083
2026-06-08 15:44:13.281569: train_loss -0.5709
2026-06-08 15:44:13.281799: val_loss -0.5719
2026-06-08 15:44:13.281925: Pseudo dice [0.6302, 0.8041, 0.6521]
2026-06-08 15:44:13.282022: Epoch time: 176.89 s
2026-06-08 15:44:13.282094: Yayy! New best EMA pseudo Dice: 0.6294
2026-06-08 15:44:14.620733: 
2026-06-08 15:44:14.620898: Epoch 29
2026-06-08 15:44:14.621015: Current learning rate: 0.00082
2026-06-08 15:47:11.758559: train_loss -0.558
2026-06-08 15:47:11.758826: val_loss -0.5715
2026-06-08 15:47:11.758945: Pseudo dice [0.6317, 0.7782, 0.6678]
2026-06-08 15:47:11.759039: Epoch time: 177.14 s
2026-06-08 15:47:11.759111: Yayy! New best EMA pseudo Dice: 0.6358
2026-06-08 15:47:13.269243: 
2026-06-08 15:47:13.269429: Epoch 30
2026-06-08 15:47:13.269550: Current learning rate: 0.00082
2026-06-08 15:50:10.251566: train_loss -0.5584
2026-06-08 15:50:10.251749: val_loss -0.5828
2026-06-08 15:50:10.251855: Pseudo dice [0.6244, 0.7932, 0.6643]
2026-06-08 15:50:10.251952: Epoch time: 176.99 s
2026-06-08 15:50:10.252023: Yayy! New best EMA pseudo Dice: 0.6416
2026-06-08 15:50:11.593998: 
2026-06-08 15:50:11.594152: Epoch 31
2026-06-08 15:50:11.594260: Current learning rate: 0.00081
2026-06-08 15:53:08.957766: train_loss -0.56
2026-06-08 15:53:08.958056: val_loss -0.5565
2026-06-08 15:53:08.958163: Pseudo dice [0.6375, 0.7723, 0.6158]
2026-06-08 15:53:08.958253: Epoch time: 177.37 s
2026-06-08 15:53:08.958327: Yayy! New best EMA pseudo Dice: 0.6449
2026-06-08 15:53:10.328233: 
2026-06-08 15:53:10.328435: Epoch 32
2026-06-08 15:53:10.328555: Current learning rate: 0.00081
2026-06-08 15:56:07.529367: train_loss -0.5741
2026-06-08 15:56:07.531261: val_loss -0.5875
2026-06-08 15:56:07.531369: Pseudo dice [0.6342, 0.79, 0.6916]
2026-06-08 15:56:07.531456: Epoch time: 177.2 s
2026-06-08 15:56:07.531527: Yayy! New best EMA pseudo Dice: 0.651
2026-06-08 15:56:08.995674: 
2026-06-08 15:56:08.995828: Epoch 33
2026-06-08 15:56:08.995936: Current learning rate: 0.0008
2026-06-08 15:59:05.912596: train_loss -0.5805
2026-06-08 15:59:05.912887: val_loss -0.5837
2026-06-08 15:59:05.912992: Pseudo dice [0.6333, 0.779, 0.6655]
2026-06-08 15:59:05.913081: Epoch time: 176.92 s
2026-06-08 15:59:05.913152: Yayy! New best EMA pseudo Dice: 0.6551
2026-06-08 15:59:07.287944: 
2026-06-08 15:59:07.288153: Epoch 34
2026-06-08 15:59:07.288271: Current learning rate: 0.00079
2026-06-08 16:02:04.248368: train_loss -0.572
2026-06-08 16:02:04.248957: val_loss -0.522
2026-06-08 16:02:04.249075: Pseudo dice [0.5852, 0.7678, 0.6063]
2026-06-08 16:02:04.249168: Epoch time: 176.96 s
2026-06-08 16:02:05.401956: 
2026-06-08 16:02:05.402194: Epoch 35
2026-06-08 16:02:05.402315: Current learning rate: 0.00079
2026-06-08 16:05:02.459247: train_loss -0.571
2026-06-08 16:05:02.459857: val_loss -0.555
2026-06-08 16:05:02.459983: Pseudo dice [0.656, 0.7746, 0.631]
2026-06-08 16:05:02.460074: Epoch time: 177.06 s
2026-06-08 16:05:02.460150: Yayy! New best EMA pseudo Dice: 0.6582
2026-06-08 16:05:03.838670: 
2026-06-08 16:05:03.838889: Epoch 36
2026-06-08 16:05:03.839006: Current learning rate: 0.00078
2026-06-08 16:08:01.140499: train_loss -0.5988
2026-06-08 16:08:01.141030: val_loss -0.5943
2026-06-08 16:08:01.141142: Pseudo dice [0.6543, 0.7794, 0.6713]
2026-06-08 16:08:01.141238: Epoch time: 177.3 s
2026-06-08 16:08:01.141312: Yayy! New best EMA pseudo Dice: 0.6625
2026-06-08 16:08:02.511579: 
2026-06-08 16:08:02.511775: Epoch 37
2026-06-08 16:08:02.511901: Current learning rate: 0.00077
2026-06-08 16:10:59.560425: train_loss -0.5927
2026-06-08 16:10:59.560683: val_loss -0.5716
2026-06-08 16:10:59.560785: Pseudo dice [0.6201, 0.7914, 0.665]
2026-06-08 16:10:59.560884: Epoch time: 177.05 s
2026-06-08 16:10:59.560960: Yayy! New best EMA pseudo Dice: 0.6655
2026-06-08 16:11:01.064178: 
2026-06-08 16:11:01.064395: Epoch 38
2026-06-08 16:11:01.064515: Current learning rate: 0.00077
2026-06-08 16:13:58.250324: train_loss -0.5799
2026-06-08 16:13:58.250591: val_loss -0.5709
2026-06-08 16:13:58.250697: Pseudo dice [0.6326, 0.7673, 0.6561]
2026-06-08 16:13:58.250790: Epoch time: 177.19 s
2026-06-08 16:13:58.250873: Yayy! New best EMA pseudo Dice: 0.6675
2026-06-08 16:13:59.615196: 
2026-06-08 16:13:59.615416: Epoch 39
2026-06-08 16:13:59.615542: Current learning rate: 0.00076
2026-06-08 16:16:56.550512: train_loss -0.5769
2026-06-08 16:16:56.550702: val_loss -0.5697
2026-06-08 16:16:56.550801: Pseudo dice [0.6118, 0.7786, 0.6505]
2026-06-08 16:16:56.550899: Epoch time: 176.94 s
2026-06-08 16:16:56.550972: Yayy! New best EMA pseudo Dice: 0.6687
2026-06-08 16:16:58.016983: 
2026-06-08 16:16:58.017173: Epoch 40
2026-06-08 16:16:58.017292: Current learning rate: 0.00076
2026-06-08 16:19:54.893921: train_loss -0.5935
2026-06-08 16:19:54.894181: val_loss -0.5954
2026-06-08 16:19:54.894288: Pseudo dice [0.6711, 0.8011, 0.6493]
2026-06-08 16:19:54.894379: Epoch time: 176.88 s
2026-06-08 16:19:54.894453: Yayy! New best EMA pseudo Dice: 0.6726
2026-06-08 16:19:56.278504: 
2026-06-08 16:19:56.278687: Epoch 41
2026-06-08 16:19:56.278808: Current learning rate: 0.00075
2026-06-08 16:22:53.328477: train_loss -0.5772
2026-06-08 16:22:53.328677: val_loss -0.5582
2026-06-08 16:22:53.328779: Pseudo dice [0.6626, 0.7902, 0.6247]
2026-06-08 16:22:53.328956: Epoch time: 177.05 s
2026-06-08 16:22:53.329039: Yayy! New best EMA pseudo Dice: 0.6746
2026-06-08 16:22:54.646841: 
2026-06-08 16:22:54.647007: Epoch 42
2026-06-08 16:22:54.647113: Current learning rate: 0.00074
2026-06-08 16:25:51.582074: train_loss -0.6005
2026-06-08 16:25:51.582339: val_loss -0.611
2026-06-08 16:25:51.582445: Pseudo dice [0.683, 0.8126, 0.6812]
2026-06-08 16:25:51.582536: Epoch time: 176.94 s
2026-06-08 16:25:51.582610: Yayy! New best EMA pseudo Dice: 0.6797
2026-06-08 16:25:52.921858: 
2026-06-08 16:25:52.922044: Epoch 43
2026-06-08 16:25:52.922166: Current learning rate: 0.00074
2026-06-08 16:28:49.900980: train_loss -0.5979
2026-06-08 16:28:49.901181: val_loss -0.5996
2026-06-08 16:28:49.901594: Pseudo dice [0.6776, 0.7885, 0.6764]
2026-06-08 16:28:49.901695: Epoch time: 176.98 s
2026-06-08 16:28:49.901770: Yayy! New best EMA pseudo Dice: 0.6831
2026-06-08 16:28:51.336682: 
2026-06-08 16:28:51.336839: Epoch 44
2026-06-08 16:28:51.336949: Current learning rate: 0.00073
2026-06-08 16:31:48.222973: train_loss -0.6011
2026-06-08 16:31:48.223224: val_loss -0.6057
2026-06-08 16:31:48.223331: Pseudo dice [0.6813, 0.794, 0.6898]
2026-06-08 16:31:48.223423: Epoch time: 176.89 s
2026-06-08 16:31:48.223495: Yayy! New best EMA pseudo Dice: 0.687
2026-06-08 16:31:49.569783: 
2026-06-08 16:31:49.569974: Epoch 45
2026-06-08 16:31:49.570093: Current learning rate: 0.00073
2026-06-08 16:34:46.693848: train_loss -0.5986
2026-06-08 16:34:46.694105: val_loss -0.573
2026-06-08 16:34:46.694215: Pseudo dice [0.6604, 0.7886, 0.6645]
2026-06-08 16:34:46.694308: Epoch time: 177.13 s
2026-06-08 16:34:46.694383: Yayy! New best EMA pseudo Dice: 0.6887
2026-06-08 16:34:48.038978: 
2026-06-08 16:34:48.039157: Epoch 46
2026-06-08 16:34:48.039281: Current learning rate: 0.00072
2026-06-08 16:37:44.933568: train_loss -0.6128
2026-06-08 16:37:44.933820: val_loss -0.5802
2026-06-08 16:37:44.933944: Pseudo dice [0.6499, 0.8026, 0.6674]
2026-06-08 16:37:44.934037: Epoch time: 176.9 s
2026-06-08 16:37:44.934111: Yayy! New best EMA pseudo Dice: 0.6905
2026-06-08 16:37:46.276041: 
2026-06-08 16:37:46.276223: Epoch 47
2026-06-08 16:37:46.276340: Current learning rate: 0.00071
2026-06-08 16:40:43.575402: train_loss -0.6013
2026-06-08 16:40:43.575646: val_loss -0.6132
2026-06-08 16:40:43.575746: Pseudo dice [0.6882, 0.8118, 0.6968]
2026-06-08 16:40:43.575833: Epoch time: 177.3 s
2026-06-08 16:40:43.575920: Yayy! New best EMA pseudo Dice: 0.6947
2026-06-08 16:40:44.916465: 
2026-06-08 16:40:44.916686: Epoch 48
2026-06-08 16:40:44.916806: Current learning rate: 0.00071
2026-06-08 16:43:41.831886: train_loss -0.6041
2026-06-08 16:43:41.832115: val_loss -0.5714
2026-06-08 16:43:41.832213: Pseudo dice [0.6401, 0.7569, 0.66]
2026-06-08 16:43:41.832301: Epoch time: 176.92 s
2026-06-08 16:43:42.983631: 
2026-06-08 16:43:42.983809: Epoch 49
2026-06-08 16:43:42.983933: Current learning rate: 0.0007
2026-06-08 16:46:39.806925: train_loss -0.6195
2026-06-08 16:46:39.807166: val_loss -0.5663
2026-06-08 16:46:39.807268: Pseudo dice [0.6546, 0.7664, 0.6591]
2026-06-08 16:46:39.807355: Epoch time: 176.83 s
2026-06-08 16:46:41.161447: 
2026-06-08 16:46:41.161643: Epoch 50
2026-06-08 16:46:41.161762: Current learning rate: 0.00069
2026-06-08 16:49:38.115514: train_loss -0.6203
2026-06-08 16:49:38.115731: val_loss -0.6327
2026-06-08 16:49:38.115832: Pseudo dice [0.7036, 0.7959, 0.7042]
2026-06-08 16:49:38.115932: Epoch time: 176.96 s
2026-06-08 16:49:38.116006: Yayy! New best EMA pseudo Dice: 0.6978
2026-06-08 16:49:39.449307: 
2026-06-08 16:49:39.449463: Epoch 51
2026-06-08 16:49:39.449581: Current learning rate: 0.00069
2026-06-08 16:52:36.274575: train_loss -0.6219
2026-06-08 16:52:36.274833: val_loss -0.6234
2026-06-08 16:52:36.274969: Pseudo dice [0.6878, 0.7976, 0.6889]
2026-06-08 16:52:36.275062: Epoch time: 176.83 s
2026-06-08 16:52:36.275136: Yayy! New best EMA pseudo Dice: 0.7005
2026-06-08 16:52:37.630842: 
2026-06-08 16:52:37.631037: Epoch 52
2026-06-08 16:52:37.631152: Current learning rate: 0.00068
2026-06-08 16:55:34.965156: train_loss -0.6142
2026-06-08 16:55:34.965355: val_loss -0.6209
2026-06-08 16:55:34.965460: Pseudo dice [0.6884, 0.7838, 0.6968]
2026-06-08 16:55:34.965545: Epoch time: 177.34 s
2026-06-08 16:55:34.965616: Yayy! New best EMA pseudo Dice: 0.7028
2026-06-08 16:55:36.297862: 
2026-06-08 16:55:36.298024: Epoch 53
2026-06-08 16:55:36.298124: Current learning rate: 0.00068
2026-06-08 16:58:33.228822: train_loss -0.6328
2026-06-08 16:58:33.229102: val_loss -0.6404
2026-06-08 16:58:33.229206: Pseudo dice [0.6981, 0.8114, 0.7261]
2026-06-08 16:58:33.229294: Epoch time: 176.93 s
2026-06-08 16:58:33.229364: Yayy! New best EMA pseudo Dice: 0.707
2026-06-08 16:58:34.592601: 
2026-06-08 16:58:34.592800: Epoch 54
2026-06-08 16:58:34.592930: Current learning rate: 0.00067
2026-06-08 17:01:31.970109: train_loss -0.6125
2026-06-08 17:01:31.970331: val_loss -0.6168
2026-06-08 17:01:31.970433: Pseudo dice [0.6832, 0.8113, 0.7185]
2026-06-08 17:01:31.970519: Epoch time: 177.38 s
2026-06-08 17:01:31.970589: Yayy! New best EMA pseudo Dice: 0.7101
2026-06-08 17:01:33.325437: 
2026-06-08 17:01:33.325638: Epoch 55
2026-06-08 17:01:33.325758: Current learning rate: 0.00066
2026-06-08 17:04:30.270983: train_loss -0.6348
2026-06-08 17:04:30.271216: val_loss -0.6028
2026-06-08 17:04:30.271317: Pseudo dice [0.6378, 0.8079, 0.7008]
2026-06-08 17:04:30.271402: Epoch time: 176.95 s
2026-06-08 17:04:30.271473: Yayy! New best EMA pseudo Dice: 0.7106
2026-06-08 17:04:31.638243: 
2026-06-08 17:04:31.638444: Epoch 56
2026-06-08 17:04:31.638564: Current learning rate: 0.00066
2026-06-08 17:07:28.860688: train_loss -0.6125
2026-06-08 17:07:28.860964: val_loss -0.6298
2026-06-08 17:07:28.861069: Pseudo dice [0.6877, 0.8239, 0.7049]
2026-06-08 17:07:28.861160: Epoch time: 177.23 s
2026-06-08 17:07:28.861232: Yayy! New best EMA pseudo Dice: 0.7134
2026-06-08 17:07:30.222439: 
2026-06-08 17:07:30.222618: Epoch 57
2026-06-08 17:07:30.222743: Current learning rate: 0.00065
2026-06-08 17:10:27.140166: train_loss -0.61
2026-06-08 17:10:27.140420: val_loss -0.6071
2026-06-08 17:10:27.140520: Pseudo dice [0.6555, 0.8152, 0.6816]
2026-06-08 17:10:27.140607: Epoch time: 176.92 s
2026-06-08 17:10:27.140680: Yayy! New best EMA pseudo Dice: 0.7138
2026-06-08 17:10:28.642388: 
2026-06-08 17:10:28.642581: Epoch 58
2026-06-08 17:10:28.642699: Current learning rate: 0.00064
2026-06-08 17:13:25.518690: train_loss -0.6237
2026-06-08 17:13:25.518893: val_loss -0.6258
2026-06-08 17:13:25.518992: Pseudo dice [0.6997, 0.7979, 0.6917]
2026-06-08 17:13:25.519077: Epoch time: 176.88 s
2026-06-08 17:13:25.519146: Yayy! New best EMA pseudo Dice: 0.7154
2026-06-08 17:13:26.855177: 
2026-06-08 17:13:26.855346: Epoch 59
2026-06-08 17:13:26.855450: Current learning rate: 0.00064
2026-06-08 17:16:23.806435: train_loss -0.6316
2026-06-08 17:16:23.806726: val_loss -0.6213
2026-06-08 17:16:23.806832: Pseudo dice [0.6539, 0.8184, 0.7015]
2026-06-08 17:16:23.806939: Epoch time: 176.95 s
2026-06-08 17:16:23.807014: Yayy! New best EMA pseudo Dice: 0.7164
2026-06-08 17:16:25.319821: 
2026-06-08 17:16:25.320007: Epoch 60
2026-06-08 17:16:25.320124: Current learning rate: 0.00063
2026-06-08 17:19:22.414810: train_loss -0.63
2026-06-08 17:19:22.415017: val_loss -0.6227
2026-06-08 17:19:22.415119: Pseudo dice [0.6997, 0.8057, 0.6916]
2026-06-08 17:19:22.415212: Epoch time: 177.1 s
2026-06-08 17:19:22.415283: Yayy! New best EMA pseudo Dice: 0.718
2026-06-08 17:19:23.758079: 
2026-06-08 17:19:23.758227: Epoch 61
2026-06-08 17:19:23.758330: Current learning rate: 0.00063
2026-06-08 17:22:20.854280: train_loss -0.6471
2026-06-08 17:22:20.854537: val_loss -0.5901
2026-06-08 17:22:20.854648: Pseudo dice [0.6606, 0.8185, 0.6387]
2026-06-08 17:22:20.854742: Epoch time: 177.1 s
2026-06-08 17:22:22.022541: 
2026-06-08 17:22:22.022716: Epoch 62
2026-06-08 17:22:22.022834: Current learning rate: 0.00062
2026-06-08 17:25:19.255799: train_loss -0.6416
2026-06-08 17:25:19.256067: val_loss -0.6153
2026-06-08 17:25:19.256192: Pseudo dice [0.6869, 0.8073, 0.7053]
2026-06-08 17:25:19.256289: Epoch time: 177.24 s
2026-06-08 17:25:19.256445: Yayy! New best EMA pseudo Dice: 0.7184
2026-06-08 17:25:20.631124: 
2026-06-08 17:25:20.631302: Epoch 63
2026-06-08 17:25:20.631419: Current learning rate: 0.00061
2026-06-08 17:28:17.780185: train_loss -0.6402
2026-06-08 17:28:17.780445: val_loss -0.5853
2026-06-08 17:28:17.780553: Pseudo dice [0.6787, 0.7673, 0.7023]
2026-06-08 17:28:17.780646: Epoch time: 177.15 s
2026-06-08 17:28:18.962860: 
2026-06-08 17:28:18.963058: Epoch 64
2026-06-08 17:28:18.963178: Current learning rate: 0.00061
2026-06-08 17:31:15.912906: train_loss -0.6519
2026-06-08 17:31:15.913162: val_loss -0.5541
2026-06-08 17:31:15.913265: Pseudo dice [0.6717, 0.772, 0.6968]
2026-06-08 17:31:15.913356: Epoch time: 176.95 s
2026-06-08 17:31:17.090352: 
2026-06-08 17:31:17.090555: Epoch 65
2026-06-08 17:31:17.090677: Current learning rate: 0.0006
2026-06-08 17:34:14.028540: train_loss -0.6379
2026-06-08 17:34:14.028785: val_loss -0.5955
2026-06-08 17:34:14.028899: Pseudo dice [0.6749, 0.8163, 0.6697]
2026-06-08 17:34:14.028995: Epoch time: 176.94 s
2026-06-08 17:34:15.348318: 
2026-06-08 17:34:15.348516: Epoch 66
2026-06-08 17:34:15.348667: Current learning rate: 0.00059
2026-06-08 17:37:12.254560: train_loss -0.64
2026-06-08 17:37:12.254828: val_loss -0.6616
2026-06-08 17:37:12.254948: Pseudo dice [0.7148, 0.8296, 0.7491]
2026-06-08 17:37:12.255045: Epoch time: 176.91 s
2026-06-08 17:37:12.255119: Yayy! New best EMA pseudo Dice: 0.7226
2026-06-08 17:37:13.773795: 
2026-06-08 17:37:13.773993: Epoch 67
2026-06-08 17:37:13.774113: Current learning rate: 0.00059
2026-06-08 17:40:10.672551: train_loss -0.6503
2026-06-08 17:40:10.672765: val_loss -0.5737
2026-06-08 17:40:10.672877: Pseudo dice [0.6718, 0.7667, 0.6646]
2026-06-08 17:40:10.672969: Epoch time: 176.9 s
2026-06-08 17:40:11.825011: 
2026-06-08 17:40:11.825172: Epoch 68
2026-06-08 17:40:11.825273: Current learning rate: 0.00058
2026-06-08 17:43:08.841630: train_loss -0.6371
2026-06-08 17:43:08.841893: val_loss -0.6195
2026-06-08 17:43:08.842001: Pseudo dice [0.6864, 0.8173, 0.711]
2026-06-08 17:43:08.842090: Epoch time: 177.02 s
2026-06-08 17:43:10.015691: 
2026-06-08 17:43:10.015876: Epoch 69
2026-06-08 17:43:10.016000: Current learning rate: 0.00057
2026-06-08 17:46:07.318179: train_loss -0.6558
2026-06-08 17:46:07.318392: val_loss -0.6092
2026-06-08 17:46:07.318501: Pseudo dice [0.6815, 0.8089, 0.7142]
2026-06-08 17:46:07.318589: Epoch time: 177.31 s
2026-06-08 17:46:07.318662: Yayy! New best EMA pseudo Dice: 0.7235
2026-06-08 17:46:08.669604: 
2026-06-08 17:46:08.669787: Epoch 70
2026-06-08 17:46:08.669901: Current learning rate: 0.00057
2026-06-08 17:49:05.793347: train_loss -0.6444
2026-06-08 17:49:05.793563: val_loss -0.6307
2026-06-08 17:49:05.793662: Pseudo dice [0.6712, 0.8174, 0.716]
2026-06-08 17:49:05.793745: Epoch time: 177.13 s
2026-06-08 17:49:05.793815: Yayy! New best EMA pseudo Dice: 0.7246
2026-06-08 17:49:07.136743: 
2026-06-08 17:49:07.136910: Epoch 71
2026-06-08 17:49:07.137013: Current learning rate: 0.00056
2026-06-08 17:52:03.549476: train_loss -0.6638
2026-06-08 17:52:03.549693: val_loss -0.6205
2026-06-08 17:52:03.549793: Pseudo dice [0.7042, 0.8148, 0.688]
2026-06-08 17:52:03.549888: Epoch time: 176.42 s
2026-06-08 17:52:03.549960: Yayy! New best EMA pseudo Dice: 0.7257
2026-06-08 17:52:05.010535: 
2026-06-08 17:52:05.010685: Epoch 72
2026-06-08 17:52:05.010792: Current learning rate: 0.00056
2026-06-08 17:55:01.370788: train_loss -0.6443
2026-06-08 17:55:01.370981: val_loss -0.6353
2026-06-08 17:55:01.371086: Pseudo dice [0.6951, 0.8092, 0.6972]
2026-06-08 17:55:01.371177: Epoch time: 176.36 s
2026-06-08 17:55:01.371248: Yayy! New best EMA pseudo Dice: 0.7265
2026-06-08 17:55:02.712892: 
2026-06-08 17:55:02.713056: Epoch 73
2026-06-08 17:55:02.713167: Current learning rate: 0.00055
2026-06-08 17:57:59.194567: train_loss -0.6523
2026-06-08 17:57:59.194765: val_loss -0.621
2026-06-08 17:57:59.194872: Pseudo dice [0.6875, 0.7719, 0.7061]
2026-06-08 17:57:59.194961: Epoch time: 176.48 s
2026-06-08 17:58:00.346442: 
2026-06-08 17:58:00.346591: Epoch 74
2026-06-08 17:58:00.346694: Current learning rate: 0.00054
2026-06-08 18:00:57.015217: train_loss -0.6597
2026-06-08 18:00:57.015409: val_loss -0.6307
2026-06-08 18:00:57.015511: Pseudo dice [0.7106, 0.8245, 0.6966]
2026-06-08 18:00:57.015595: Epoch time: 176.67 s
2026-06-08 18:00:57.015687: Yayy! New best EMA pseudo Dice: 0.7279
2026-06-08 18:00:58.357257: 
2026-06-08 18:00:58.357409: Epoch 75
2026-06-08 18:00:58.357525: Current learning rate: 0.00054
2026-06-08 18:03:55.022501: train_loss -0.657
2026-06-08 18:03:55.023314: val_loss -0.6378
2026-06-08 18:03:55.023430: Pseudo dice [0.6962, 0.8303, 0.6863]
2026-06-08 18:03:55.023520: Epoch time: 176.67 s
2026-06-08 18:03:55.023592: Yayy! New best EMA pseudo Dice: 0.7288
2026-06-08 18:03:56.401937: 
2026-06-08 18:03:56.402088: Epoch 76
2026-06-08 18:03:56.402194: Current learning rate: 0.00053
2026-06-08 18:06:52.890350: train_loss -0.6606
2026-06-08 18:06:52.890556: val_loss -0.6371
2026-06-08 18:06:52.890660: Pseudo dice [0.7168, 0.8067, 0.7106]
2026-06-08 18:06:52.890749: Epoch time: 176.49 s
2026-06-08 18:06:52.890822: Yayy! New best EMA pseudo Dice: 0.7304
2026-06-08 18:06:54.238185: 
2026-06-08 18:06:54.238335: Epoch 77
2026-06-08 18:06:54.238446: Current learning rate: 0.00052
2026-06-08 18:09:50.914463: train_loss -0.6419
2026-06-08 18:09:50.916067: val_loss -0.656
2026-06-08 18:09:50.916172: Pseudo dice [0.7217, 0.8231, 0.7234]
2026-06-08 18:09:50.916255: Epoch time: 176.68 s
2026-06-08 18:09:50.916326: Yayy! New best EMA pseudo Dice: 0.733
2026-06-08 18:09:52.272394: 
2026-06-08 18:09:52.272544: Epoch 78
2026-06-08 18:09:52.272654: Current learning rate: 0.00052
2026-06-08 18:12:48.746687: train_loss -0.6585
2026-06-08 18:12:48.746896: val_loss -0.6703
2026-06-08 18:12:48.747002: Pseudo dice [0.7105, 0.8319, 0.7629]
2026-06-08 18:12:48.747094: Epoch time: 176.48 s
2026-06-08 18:12:48.747164: Yayy! New best EMA pseudo Dice: 0.7365
2026-06-08 18:12:50.106834: 
2026-06-08 18:12:50.106988: Epoch 79
2026-06-08 18:12:50.107094: Current learning rate: 0.00051
2026-06-08 18:15:46.593890: train_loss -0.6793
2026-06-08 18:15:46.594097: val_loss -0.6474
2026-06-08 18:15:46.594199: Pseudo dice [0.7013, 0.8242, 0.7314]
2026-06-08 18:15:46.594288: Epoch time: 176.49 s
2026-06-08 18:15:46.594358: Yayy! New best EMA pseudo Dice: 0.7381
2026-06-08 18:15:47.953070: 
2026-06-08 18:15:47.953221: Epoch 80
2026-06-08 18:15:47.953329: Current learning rate: 0.0005
2026-06-08 18:18:44.452272: train_loss -0.6687
2026-06-08 18:18:44.452471: val_loss -0.6641
2026-06-08 18:18:44.452578: Pseudo dice [0.7232, 0.839, 0.7346]
2026-06-08 18:18:44.452672: Epoch time: 176.5 s
2026-06-08 18:18:44.452745: Yayy! New best EMA pseudo Dice: 0.7409
2026-06-08 18:18:45.808440: 
2026-06-08 18:18:45.808598: Epoch 81
2026-06-08 18:18:45.808701: Current learning rate: 0.0005
2026-06-08 18:21:42.498648: train_loss -0.6699
2026-06-08 18:21:42.498846: val_loss -0.6424
2026-06-08 18:21:42.498955: Pseudo dice [0.7128, 0.794, 0.7057]
2026-06-08 18:21:42.499046: Epoch time: 176.69 s
2026-06-08 18:21:43.660905: 
2026-06-08 18:21:43.661089: Epoch 82
2026-06-08 18:21:43.661208: Current learning rate: 0.00049
2026-06-08 18:24:40.237724: train_loss -0.6544
2026-06-08 18:24:40.237942: val_loss -0.6028
2026-06-08 18:24:40.238043: Pseudo dice [0.6914, 0.8196, 0.6925]
2026-06-08 18:24:40.238132: Epoch time: 176.58 s
2026-06-08 18:24:41.367399: 
2026-06-08 18:24:41.367546: Epoch 83
2026-06-08 18:24:41.367651: Current learning rate: 0.00048
2026-06-08 18:27:37.901911: train_loss -0.6605
2026-06-08 18:27:37.902109: val_loss -0.6382
2026-06-08 18:27:37.902210: Pseudo dice [0.7083, 0.8176, 0.7111]
2026-06-08 18:27:37.902302: Epoch time: 176.54 s
2026-06-08 18:27:39.043279: 
2026-06-08 18:27:39.043430: Epoch 84
2026-06-08 18:27:39.043541: Current learning rate: 0.00048
2026-06-08 18:30:35.644434: train_loss -0.6647
2026-06-08 18:30:35.644636: val_loss -0.6476
2026-06-08 18:30:35.644737: Pseudo dice [0.7206, 0.827, 0.7223]
2026-06-08 18:30:35.644830: Epoch time: 176.6 s
2026-06-08 18:30:35.644914: Yayy! New best EMA pseudo Dice: 0.7421
2026-06-08 18:30:37.088840: 
2026-06-08 18:30:37.088994: Epoch 85
2026-06-08 18:30:37.089097: Current learning rate: 0.00047
2026-06-08 18:33:33.477667: train_loss -0.6698
2026-06-08 18:33:33.477860: val_loss -0.6479
2026-06-08 18:33:33.477976: Pseudo dice [0.7159, 0.8137, 0.7044]
2026-06-08 18:33:33.478069: Epoch time: 176.39 s
2026-06-08 18:33:33.478142: Yayy! New best EMA pseudo Dice: 0.7424
2026-06-08 18:33:34.797978: 
2026-06-08 18:33:34.798128: Epoch 86
2026-06-08 18:33:34.798239: Current learning rate: 0.00046
2026-06-08 18:36:31.501347: train_loss -0.6478
2026-06-08 18:36:31.501540: val_loss -0.6572
2026-06-08 18:36:31.501645: Pseudo dice [0.7138, 0.8236, 0.7192]
2026-06-08 18:36:31.501733: Epoch time: 176.71 s
2026-06-08 18:36:31.501804: Yayy! New best EMA pseudo Dice: 0.7433
2026-06-08 18:36:32.823728: 
2026-06-08 18:36:32.823882: Epoch 87
2026-06-08 18:36:32.823989: Current learning rate: 0.00046
2026-06-08 18:39:29.318698: train_loss -0.6745
2026-06-08 18:39:29.318910: val_loss -0.6369
2026-06-08 18:39:29.319016: Pseudo dice [0.6805, 0.8207, 0.6919]
2026-06-08 18:39:29.319106: Epoch time: 176.5 s
2026-06-08 18:39:30.448462: 
2026-06-08 18:39:30.448607: Epoch 88
2026-06-08 18:39:30.448719: Current learning rate: 0.00045
2026-06-08 18:42:26.851658: train_loss -0.6876
2026-06-08 18:42:26.851875: val_loss -0.6729
2026-06-08 18:42:26.851987: Pseudo dice [0.7166, 0.8267, 0.7387]
2026-06-08 18:42:26.852076: Epoch time: 176.41 s
2026-06-08 18:42:26.852146: Yayy! New best EMA pseudo Dice: 0.744
2026-06-08 18:42:28.174790: 
2026-06-08 18:42:28.174945: Epoch 89
2026-06-08 18:42:28.175047: Current learning rate: 0.00044
2026-06-08 18:45:24.537580: train_loss -0.6824
2026-06-08 18:45:24.537781: val_loss -0.6249
2026-06-08 18:45:24.537894: Pseudo dice [0.7028, 0.8002, 0.7133]
2026-06-08 18:45:24.537990: Epoch time: 176.37 s
2026-06-08 18:45:25.669830: 
2026-06-08 18:45:25.669984: Epoch 90
2026-06-08 18:45:25.670086: Current learning rate: 0.00044
2026-06-08 18:48:22.265576: train_loss -0.6696
2026-06-08 18:48:22.265778: val_loss -0.6432
2026-06-08 18:48:22.265892: Pseudo dice [0.7059, 0.8128, 0.717]
2026-06-08 18:48:22.265985: Epoch time: 176.6 s
2026-06-08 18:48:23.396537: 
2026-06-08 18:48:23.396688: Epoch 91
2026-06-08 18:48:23.396796: Current learning rate: 0.00043
2026-06-08 18:51:19.903625: train_loss -0.6839
2026-06-08 18:51:19.903826: val_loss -0.6569
2026-06-08 18:51:19.903943: Pseudo dice [0.7309, 0.8334, 0.7276]
2026-06-08 18:51:19.904032: Epoch time: 176.51 s
2026-06-08 18:51:19.904104: Yayy! New best EMA pseudo Dice: 0.7457
2026-06-08 18:51:21.347724: 
2026-06-08 18:51:21.347879: Epoch 92
2026-06-08 18:51:21.347986: Current learning rate: 0.00043
2026-06-08 18:54:17.737074: train_loss -0.677
2026-06-08 18:54:17.737271: val_loss -0.6546
2026-06-08 18:54:17.737372: Pseudo dice [0.7112, 0.8315, 0.7168]
2026-06-08 18:54:17.737458: Epoch time: 176.39 s
2026-06-08 18:54:17.737532: Yayy! New best EMA pseudo Dice: 0.7464
2026-06-08 18:54:19.066736: 
2026-06-08 18:54:19.066897: Epoch 93
2026-06-08 18:54:19.067004: Current learning rate: 0.00042
2026-06-08 18:57:15.665026: train_loss -0.6934
2026-06-08 18:57:15.665232: val_loss -0.65
2026-06-08 18:57:15.665336: Pseudo dice [0.7141, 0.8339, 0.7202]
2026-06-08 18:57:15.665424: Epoch time: 176.6 s
2026-06-08 18:57:15.665496: Yayy! New best EMA pseudo Dice: 0.7474
2026-06-08 18:57:16.992674: 
2026-06-08 18:57:16.992826: Epoch 94
2026-06-08 18:57:16.992935: Current learning rate: 0.00041
2026-06-08 19:00:13.541290: train_loss -0.6872
2026-06-08 19:00:13.541479: val_loss -0.6554
2026-06-08 19:00:13.541580: Pseudo dice [0.7214, 0.8257, 0.7597]
2026-06-08 19:00:13.541670: Epoch time: 176.55 s
2026-06-08 19:00:13.541741: Yayy! New best EMA pseudo Dice: 0.7495
2026-06-08 19:00:14.867630: 
2026-06-08 19:00:14.867798: Epoch 95
2026-06-08 19:00:14.867911: Current learning rate: 0.00041
2026-06-08 19:03:11.205015: train_loss -0.6907
2026-06-08 19:03:11.205225: val_loss -0.6648
2026-06-08 19:03:11.205327: Pseudo dice [0.7186, 0.8466, 0.7313]
2026-06-08 19:03:11.205417: Epoch time: 176.34 s
2026-06-08 19:03:11.205490: Yayy! New best EMA pseudo Dice: 0.7511
2026-06-08 19:03:12.527870: 
2026-06-08 19:03:12.528047: Epoch 96
2026-06-08 19:03:12.528155: Current learning rate: 0.0004
2026-06-08 19:06:09.076612: train_loss -0.681
2026-06-08 19:06:09.076810: val_loss -0.6449
2026-06-08 19:06:09.076921: Pseudo dice [0.7169, 0.8259, 0.7348]
2026-06-08 19:06:09.078342: Epoch time: 176.55 s
2026-06-08 19:06:09.078423: Yayy! New best EMA pseudo Dice: 0.7519
2026-06-08 19:06:10.535988: 
2026-06-08 19:06:10.536138: Epoch 97
2026-06-08 19:06:10.536239: Current learning rate: 0.00039
2026-06-08 19:09:06.875942: train_loss -0.6783
2026-06-08 19:09:06.876133: val_loss -0.6459
2026-06-08 19:09:06.876238: Pseudo dice [0.6933, 0.8198, 0.7385]
2026-06-08 19:09:06.876323: Epoch time: 176.34 s
2026-06-08 19:09:08.017495: 
2026-06-08 19:09:08.017650: Epoch 98
2026-06-08 19:09:08.017749: Current learning rate: 0.00039
2026-06-08 19:12:04.577058: train_loss -0.684
2026-06-08 19:12:04.577255: val_loss -0.639
2026-06-08 19:12:04.577356: Pseudo dice [0.6901, 0.8314, 0.7243]
2026-06-08 19:12:04.577443: Epoch time: 176.56 s
2026-06-08 19:12:05.721076: 
2026-06-08 19:12:05.721230: Epoch 99
2026-06-08 19:12:05.721345: Current learning rate: 0.00038
2026-06-08 19:15:02.099506: train_loss -0.6989
2026-06-08 19:15:02.099714: val_loss -0.6511
2026-06-08 19:15:02.099819: Pseudo dice [0.7204, 0.8163, 0.7156]
2026-06-08 19:15:02.099920: Epoch time: 176.38 s
2026-06-08 19:15:03.431921: 
2026-06-08 19:15:03.432070: Epoch 100
2026-06-08 19:15:03.432172: Current learning rate: 0.00037
2026-06-08 19:17:59.895644: train_loss -0.6785
2026-06-08 19:17:59.896064: val_loss -0.6325
2026-06-08 19:17:59.896173: Pseudo dice [0.7111, 0.8264, 0.7203]
2026-06-08 19:17:59.896263: Epoch time: 176.47 s
2026-06-08 19:18:01.037212: 
2026-06-08 19:18:01.037362: Epoch 101
2026-06-08 19:18:01.037463: Current learning rate: 0.00037
2026-06-08 19:20:57.590631: train_loss -0.6781
2026-06-08 19:20:57.591015: val_loss -0.6592
2026-06-08 19:20:57.591121: Pseudo dice [0.7063, 0.8372, 0.7082]
2026-06-08 19:20:57.591207: Epoch time: 176.56 s
2026-06-08 19:20:58.730627: 
2026-06-08 19:20:58.730774: Epoch 102
2026-06-08 19:20:58.730881: Current learning rate: 0.00036
2026-06-08 19:23:55.123042: train_loss -0.6928
2026-06-08 19:23:55.123527: val_loss -0.6451
2026-06-08 19:23:55.123637: Pseudo dice [0.7263, 0.8381, 0.7076]
2026-06-08 19:23:55.123725: Epoch time: 176.4 s
2026-06-08 19:23:55.123798: Yayy! New best EMA pseudo Dice: 0.752
2026-06-08 19:23:56.577548: 
2026-06-08 19:23:56.577700: Epoch 103
2026-06-08 19:23:56.577803: Current learning rate: 0.00035
2026-06-08 19:26:53.119374: train_loss -0.6948
2026-06-08 19:26:53.120096: val_loss -0.6522
2026-06-08 19:26:53.120213: Pseudo dice [0.7082, 0.8455, 0.7378]
2026-06-08 19:26:53.120307: Epoch time: 176.54 s
2026-06-08 19:26:53.120378: Yayy! New best EMA pseudo Dice: 0.7532
2026-06-08 19:26:54.581790: 
2026-06-08 19:26:54.581942: Epoch 104
2026-06-08 19:26:54.582047: Current learning rate: 0.00035
2026-06-08 19:29:50.947003: train_loss -0.7022
2026-06-08 19:29:50.947705: val_loss -0.6622
2026-06-08 19:29:50.947822: Pseudo dice [0.7388, 0.8356, 0.727]
2026-06-08 19:29:50.947924: Epoch time: 176.37 s
2026-06-08 19:29:50.947997: Yayy! New best EMA pseudo Dice: 0.7546
2026-06-08 19:29:52.282922: 
2026-06-08 19:29:52.283069: Epoch 105
2026-06-08 19:29:52.283169: Current learning rate: 0.00034
2026-06-08 19:32:48.947677: train_loss -0.6938
2026-06-08 19:32:48.948138: val_loss -0.6676
2026-06-08 19:32:48.948244: Pseudo dice [0.7302, 0.8393, 0.7527]
2026-06-08 19:32:48.948335: Epoch time: 176.67 s
2026-06-08 19:32:48.948410: Yayy! New best EMA pseudo Dice: 0.7565
2026-06-08 19:32:50.280745: 
2026-06-08 19:32:50.280901: Epoch 106
2026-06-08 19:32:50.281004: Current learning rate: 0.00033
2026-06-08 19:35:46.846290: train_loss -0.6953
2026-06-08 19:35:46.846992: val_loss -0.6674
2026-06-08 19:35:46.847106: Pseudo dice [0.7264, 0.8334, 0.7456]
2026-06-08 19:35:46.847195: Epoch time: 176.57 s
2026-06-08 19:35:46.847313: Yayy! New best EMA pseudo Dice: 0.7577
2026-06-08 19:35:48.184614: 
2026-06-08 19:35:48.184770: Epoch 107
2026-06-08 19:35:48.184882: Current learning rate: 0.00032
2026-06-08 19:38:44.604605: train_loss -0.688
2026-06-08 19:38:44.604806: val_loss -0.6543
2026-06-08 19:38:44.605353: Pseudo dice [0.7346, 0.8447, 0.7357]
2026-06-08 19:38:44.605449: Epoch time: 176.42 s
2026-06-08 19:38:44.605523: Yayy! New best EMA pseudo Dice: 0.7591
2026-06-08 19:38:46.102859: 
2026-06-08 19:38:46.103014: Epoch 108
2026-06-08 19:38:46.103128: Current learning rate: 0.00032
2026-06-08 19:41:42.636325: train_loss -0.6969
2026-06-08 19:41:42.636527: val_loss -0.6572
2026-06-08 19:41:42.636633: Pseudo dice [0.7358, 0.8482, 0.7569]
2026-06-08 19:41:42.636723: Epoch time: 176.54 s
2026-06-08 19:41:42.636796: Yayy! New best EMA pseudo Dice: 0.7612
2026-06-08 19:41:44.108795: 
2026-06-08 19:41:44.108944: Epoch 109
2026-06-08 19:41:44.109042: Current learning rate: 0.00031
2026-06-08 19:44:40.480730: train_loss -0.7028
2026-06-08 19:44:40.480942: val_loss -0.6812
2026-06-08 19:44:40.481045: Pseudo dice [0.7369, 0.8497, 0.7629]
2026-06-08 19:44:40.481130: Epoch time: 176.37 s
2026-06-08 19:44:40.481202: Yayy! New best EMA pseudo Dice: 0.7634
2026-06-08 19:44:41.884320: 
2026-06-08 19:44:41.884466: Epoch 110
2026-06-08 19:44:41.884569: Current learning rate: 0.0003
2026-06-08 19:47:38.360162: train_loss -0.7083
2026-06-08 19:47:38.360825: val_loss -0.6483
2026-06-08 19:47:38.360948: Pseudo dice [0.7181, 0.8388, 0.7287]
2026-06-08 19:47:38.361040: Epoch time: 176.48 s
2026-06-08 19:47:39.491103: 
2026-06-08 19:47:39.491255: Epoch 111
2026-06-08 19:47:39.491366: Current learning rate: 0.0003
2026-06-08 19:50:35.874759: train_loss -0.7069
2026-06-08 19:50:35.874967: val_loss -0.7057
2026-06-08 19:50:35.875071: Pseudo dice [0.7351, 0.8489, 0.7761]
2026-06-08 19:50:35.875157: Epoch time: 176.39 s
2026-06-08 19:50:35.875230: Yayy! New best EMA pseudo Dice: 0.7656
2026-06-08 19:50:37.203514: 
2026-06-08 19:50:37.203667: Epoch 112
2026-06-08 19:50:37.203773: Current learning rate: 0.00029
2026-06-08 19:53:33.781741: train_loss -0.7042
2026-06-08 19:53:33.781947: val_loss -0.6705
2026-06-08 19:53:33.782054: Pseudo dice [0.7331, 0.848, 0.7498]
2026-06-08 19:53:33.782141: Epoch time: 176.58 s
2026-06-08 19:53:33.782211: Yayy! New best EMA pseudo Dice: 0.7668
2026-06-08 19:53:35.227592: 
2026-06-08 19:53:35.227743: Epoch 113
2026-06-08 19:53:35.227847: Current learning rate: 0.00028
2026-06-08 19:56:31.705180: train_loss -0.7012
2026-06-08 19:56:31.705372: val_loss -0.6501
2026-06-08 19:56:31.705473: Pseudo dice [0.7236, 0.8272, 0.7412]
2026-06-08 19:56:31.705561: Epoch time: 176.48 s
2026-06-08 19:56:32.835813: 
2026-06-08 19:56:32.835977: Epoch 114
2026-06-08 19:56:32.836087: Current learning rate: 0.00028
2026-06-08 19:59:29.437680: train_loss -0.7131
2026-06-08 19:59:29.437887: val_loss -0.6806
2026-06-08 19:59:29.438002: Pseudo dice [0.7456, 0.824, 0.7604]
2026-06-08 19:59:29.438093: Epoch time: 176.6 s
2026-06-08 19:59:29.438165: Yayy! New best EMA pseudo Dice: 0.7675
2026-06-08 19:59:30.763926: 
2026-06-08 19:59:30.764073: Epoch 115
2026-06-08 19:59:30.764185: Current learning rate: 0.00027
2026-06-08 20:02:27.250590: train_loss -0.7007
2026-06-08 20:02:27.251037: val_loss -0.6872
2026-06-08 20:02:27.251148: Pseudo dice [0.7547, 0.8442, 0.7388]
2026-06-08 20:02:27.251235: Epoch time: 176.49 s
2026-06-08 20:02:27.251305: Yayy! New best EMA pseudo Dice: 0.7687
2026-06-08 20:02:28.585192: 
2026-06-08 20:02:28.585342: Epoch 116
2026-06-08 20:02:28.585440: Current learning rate: 0.00026
2026-06-08 20:05:25.273590: train_loss -0.7059
2026-06-08 20:05:25.274004: val_loss -0.6849
2026-06-08 20:05:25.274111: Pseudo dice [0.7378, 0.8438, 0.7535]
2026-06-08 20:05:25.274203: Epoch time: 176.69 s
2026-06-08 20:05:25.274278: Yayy! New best EMA pseudo Dice: 0.7696
2026-06-08 20:05:26.610648: 
2026-06-08 20:05:26.610815: Epoch 117
2026-06-08 20:05:26.610921: Current learning rate: 0.00026
2026-06-08 20:08:22.964957: train_loss -0.7106
2026-06-08 20:08:22.965395: val_loss -0.6762
2026-06-08 20:08:22.965502: Pseudo dice [0.7067, 0.841, 0.7226]
2026-06-08 20:08:22.965593: Epoch time: 176.36 s
2026-06-08 20:08:24.133193: 
2026-06-08 20:08:24.133355: Epoch 118
2026-06-08 20:08:24.134601: Current learning rate: 0.00025
2026-06-08 20:11:20.653128: train_loss -0.7015
2026-06-08 20:11:20.653327: val_loss -0.6577
2026-06-08 20:11:20.653431: Pseudo dice [0.7284, 0.842, 0.7548]
2026-06-08 20:11:20.653516: Epoch time: 176.52 s
2026-06-08 20:11:21.802222: 
2026-06-08 20:11:21.802368: Epoch 119
2026-06-08 20:11:21.802470: Current learning rate: 0.00024
2026-06-08 20:14:18.387375: train_loss -0.7201
2026-06-08 20:14:18.387586: val_loss -0.6755
2026-06-08 20:14:18.387692: Pseudo dice [0.7393, 0.8431, 0.7474]
2026-06-08 20:14:18.387779: Epoch time: 176.59 s
2026-06-08 20:14:18.387850: Yayy! New best EMA pseudo Dice: 0.7698
2026-06-08 20:14:19.850430: 
2026-06-08 20:14:19.850585: Epoch 120
2026-06-08 20:14:19.850700: Current learning rate: 0.00023
2026-06-08 20:17:16.128396: train_loss -0.7064
2026-06-08 20:17:16.128594: val_loss -0.6648
2026-06-08 20:17:16.128697: Pseudo dice [0.7298, 0.8445, 0.7465]
2026-06-08 20:17:16.128784: Epoch time: 176.28 s
2026-06-08 20:17:16.128855: Yayy! New best EMA pseudo Dice: 0.7702
2026-06-08 20:17:17.599535: 
2026-06-08 20:17:17.599681: Epoch 121
2026-06-08 20:17:17.599787: Current learning rate: 0.00023
2026-06-08 20:20:14.162032: train_loss -0.7047
2026-06-08 20:20:14.162227: val_loss -0.6772
2026-06-08 20:20:14.162329: Pseudo dice [0.7451, 0.8433, 0.7253]
2026-06-08 20:20:14.162414: Epoch time: 176.57 s
2026-06-08 20:20:14.162486: Yayy! New best EMA pseudo Dice: 0.7703
2026-06-08 20:20:15.498685: 
2026-06-08 20:20:15.498838: Epoch 122
2026-06-08 20:20:15.498973: Current learning rate: 0.00022
2026-06-08 20:23:11.924095: train_loss -0.7194
2026-06-08 20:23:11.924513: val_loss -0.691
2026-06-08 20:23:11.924618: Pseudo dice [0.7398, 0.8429, 0.7531]
2026-06-08 20:23:11.924707: Epoch time: 176.43 s
2026-06-08 20:23:11.924781: Yayy! New best EMA pseudo Dice: 0.7711
2026-06-08 20:23:13.392439: 
2026-06-08 20:23:13.392594: Epoch 123
2026-06-08 20:23:13.392709: Current learning rate: 0.00021
2026-06-08 20:26:09.920676: train_loss -0.7296
2026-06-08 20:26:09.920884: val_loss -0.6561
2026-06-08 20:26:09.920987: Pseudo dice [0.734, 0.8302, 0.723]
2026-06-08 20:26:09.921070: Epoch time: 176.53 s
2026-06-08 20:26:11.062351: 
2026-06-08 20:26:11.062500: Epoch 124
2026-06-08 20:26:11.062606: Current learning rate: 0.00021
2026-06-08 20:29:07.466127: train_loss -0.7216
2026-06-08 20:29:07.466344: val_loss -0.697
2026-06-08 20:29:07.466444: Pseudo dice [0.7382, 0.8452, 0.7727]
2026-06-08 20:29:07.466528: Epoch time: 176.41 s
2026-06-08 20:29:07.466599: Yayy! New best EMA pseudo Dice: 0.7717
2026-06-08 20:29:08.807520: 
2026-06-08 20:29:08.807709: Epoch 125
2026-06-08 20:29:08.807822: Current learning rate: 0.0002
2026-06-08 20:32:05.522198: train_loss -0.7075
2026-06-08 20:32:05.522661: val_loss -0.6593
2026-06-08 20:32:05.522771: Pseudo dice [0.7342, 0.8295, 0.7361]
2026-06-08 20:32:05.522860: Epoch time: 176.72 s
2026-06-08 20:32:06.671680: 
2026-06-08 20:32:06.671840: Epoch 126
2026-06-08 20:32:06.671964: Current learning rate: 0.00019
2026-06-08 20:35:03.041468: train_loss -0.7059
2026-06-08 20:35:03.041952: val_loss -0.6746
2026-06-08 20:35:03.042068: Pseudo dice [0.7228, 0.8588, 0.7545]
2026-06-08 20:35:03.042158: Epoch time: 176.37 s
2026-06-08 20:35:03.042230: Yayy! New best EMA pseudo Dice: 0.772
2026-06-08 20:35:04.386625: 
2026-06-08 20:35:04.386805: Epoch 127
2026-06-08 20:35:04.386926: Current learning rate: 0.00018
2026-06-08 20:38:00.889828: train_loss -0.7156
2026-06-08 20:38:00.890260: val_loss -0.6789
2026-06-08 20:38:00.890378: Pseudo dice [0.7471, 0.8371, 0.7637]
2026-06-08 20:38:00.890475: Epoch time: 176.51 s
2026-06-08 20:38:00.890551: Yayy! New best EMA pseudo Dice: 0.773
2026-06-08 20:38:02.232988: 
2026-06-08 20:38:02.233153: Epoch 128
2026-06-08 20:38:02.233265: Current learning rate: 0.00018
2026-06-08 20:40:58.638808: train_loss -0.7309
2026-06-08 20:40:58.639487: val_loss -0.6983
2026-06-08 20:40:58.639605: Pseudo dice [0.745, 0.8489, 0.7697]
2026-06-08 20:40:58.640115: Epoch time: 176.41 s
2026-06-08 20:40:58.640196: Yayy! New best EMA pseudo Dice: 0.7745
2026-06-08 20:40:59.971553: 
2026-06-08 20:40:59.971723: Epoch 129
2026-06-08 20:40:59.971835: Current learning rate: 0.00017
2026-06-08 20:43:56.651392: train_loss -0.7313
2026-06-08 20:43:56.651902: val_loss -0.6748
2026-06-08 20:43:56.652009: Pseudo dice [0.7458, 0.8472, 0.7317]
2026-06-08 20:43:56.652104: Epoch time: 176.68 s
2026-06-08 20:43:56.652176: Yayy! New best EMA pseudo Dice: 0.7746
2026-06-08 20:43:57.988038: 
2026-06-08 20:43:57.988194: Epoch 130
2026-06-08 20:43:57.988299: Current learning rate: 0.00016
2026-06-08 20:46:54.414946: train_loss -0.7177
2026-06-08 20:46:54.419969: val_loss -0.6914
2026-06-08 20:46:54.420072: Pseudo dice [0.7492, 0.8483, 0.7496]
2026-06-08 20:46:54.420165: Epoch time: 176.43 s
2026-06-08 20:46:54.420236: Yayy! New best EMA pseudo Dice: 0.7753
2026-06-08 20:46:55.861804: 
2026-06-08 20:46:55.861959: Epoch 131
2026-06-08 20:46:55.862063: Current learning rate: 0.00016
2026-06-08 20:49:52.393561: train_loss -0.7133
2026-06-08 20:49:52.393753: val_loss -0.655
2026-06-08 20:49:52.393851: Pseudo dice [0.7316, 0.8428, 0.7645]
2026-06-08 20:49:52.393954: Epoch time: 176.53 s
2026-06-08 20:49:52.394026: Yayy! New best EMA pseudo Dice: 0.7758
2026-06-08 20:49:53.834792: 
2026-06-08 20:49:53.834944: Epoch 132
2026-06-08 20:49:53.835048: Current learning rate: 0.00015
2026-06-08 20:52:50.177154: train_loss -0.7246
2026-06-08 20:52:50.177346: val_loss -0.6871
2026-06-08 20:52:50.177450: Pseudo dice [0.7547, 0.8486, 0.7411]
2026-06-08 20:52:50.177536: Epoch time: 176.35 s
2026-06-08 20:52:50.177609: Yayy! New best EMA pseudo Dice: 0.7763
2026-06-08 20:52:51.527725: 
2026-06-08 20:52:51.527887: Epoch 133
2026-06-08 20:52:51.527998: Current learning rate: 0.00014
2026-06-08 20:55:48.096593: train_loss -0.7267
2026-06-08 20:55:48.096788: val_loss -0.6982
2026-06-08 20:55:48.096905: Pseudo dice [0.7331, 0.8386, 0.7692]
2026-06-08 20:55:48.096997: Epoch time: 176.57 s
2026-06-08 20:55:48.097069: Yayy! New best EMA pseudo Dice: 0.7767
2026-06-08 20:55:49.544173: 
2026-06-08 20:55:49.544322: Epoch 134
2026-06-08 20:55:49.544428: Current learning rate: 0.00013
2026-06-08 20:58:45.898410: train_loss -0.7306
2026-06-08 20:58:45.898603: val_loss -0.6974
2026-06-08 20:58:45.898710: Pseudo dice [0.7119, 0.8542, 0.7714]
2026-06-08 20:58:45.898796: Epoch time: 176.36 s
2026-06-08 20:58:45.898873: Yayy! New best EMA pseudo Dice: 0.777
2026-06-08 20:58:47.239577: 
2026-06-08 20:58:47.239775: Epoch 135
2026-06-08 20:58:47.239892: Current learning rate: 0.00013
2026-06-08 21:01:43.619195: train_loss -0.7332
2026-06-08 21:01:43.619395: val_loss -0.6849
2026-06-08 21:01:43.619497: Pseudo dice [0.7435, 0.8547, 0.7564]
2026-06-08 21:01:43.619583: Epoch time: 176.38 s
2026-06-08 21:01:43.619652: Yayy! New best EMA pseudo Dice: 0.7778
2026-06-08 21:01:44.954027: 
2026-06-08 21:01:44.954177: Epoch 136
2026-06-08 21:01:44.954279: Current learning rate: 0.00012
2026-06-08 21:04:41.623117: train_loss -0.7427
2026-06-08 21:04:41.638409: val_loss -0.7013
2026-06-08 21:04:41.638519: Pseudo dice [0.7483, 0.8579, 0.7624]
2026-06-08 21:04:41.638606: Epoch time: 176.67 s
2026-06-08 21:04:41.638679: Yayy! New best EMA pseudo Dice: 0.7789
2026-06-08 21:04:43.006298: 
2026-06-08 21:04:43.006461: Epoch 137
2026-06-08 21:04:43.006575: Current learning rate: 0.00011
2026-06-08 21:07:39.361369: train_loss -0.7249
2026-06-08 21:07:39.361565: val_loss -0.6886
2026-06-08 21:07:39.361669: Pseudo dice [0.7298, 0.8437, 0.7472]
2026-06-08 21:07:39.361758: Epoch time: 176.36 s
2026-06-08 21:07:40.510931: 
2026-06-08 21:07:40.511083: Epoch 138
2026-06-08 21:07:40.511189: Current learning rate: 0.0001
2026-06-08 21:10:37.064630: train_loss -0.7326
2026-06-08 21:10:37.064831: val_loss -0.6847
2026-06-08 21:10:37.064945: Pseudo dice [0.7542, 0.8405, 0.7444]
2026-06-08 21:10:37.065032: Epoch time: 176.56 s
2026-06-08 21:10:38.209554: 
2026-06-08 21:10:38.209706: Epoch 139
2026-06-08 21:10:38.210922: Current learning rate: 0.0001
2026-06-08 21:13:34.819609: train_loss -0.7283
2026-06-08 21:13:34.820091: val_loss -0.6704
2026-06-08 21:13:34.820200: Pseudo dice [0.7379, 0.8336, 0.7596]
2026-06-08 21:13:34.820288: Epoch time: 176.61 s
2026-06-08 21:13:35.963637: 
2026-06-08 21:13:35.963800: Epoch 140
2026-06-08 21:13:35.963929: Current learning rate: 9e-05
2026-06-08 21:16:32.418757: train_loss -0.7346
2026-06-08 21:16:32.419191: val_loss -0.7031
2026-06-08 21:16:32.419296: Pseudo dice [0.7415, 0.8596, 0.7677]
2026-06-08 21:16:32.419383: Epoch time: 176.46 s
2026-06-08 21:16:32.419456: Yayy! New best EMA pseudo Dice: 0.7795
2026-06-08 21:16:33.949469: 
2026-06-08 21:16:33.949616: Epoch 141
2026-06-08 21:16:33.949728: Current learning rate: 8e-05
2026-06-08 21:19:30.483418: train_loss -0.7244
2026-06-08 21:19:30.483877: val_loss -0.6892
2026-06-08 21:19:30.483993: Pseudo dice [0.7377, 0.8471, 0.7701]
2026-06-08 21:19:30.484089: Epoch time: 176.54 s
2026-06-08 21:19:30.484163: Yayy! New best EMA pseudo Dice: 0.7801
2026-06-08 21:19:31.941144: 
2026-06-08 21:19:31.941295: Epoch 142
2026-06-08 21:19:31.941398: Current learning rate: 7e-05
2026-06-08 21:22:28.301270: train_loss -0.7383
2026-06-08 21:22:28.301784: val_loss -0.6841
2026-06-08 21:22:28.301906: Pseudo dice [0.7343, 0.856, 0.7535]
2026-06-08 21:22:28.301998: Epoch time: 176.36 s
2026-06-08 21:22:28.302070: Yayy! New best EMA pseudo Dice: 0.7802
2026-06-08 21:22:29.773022: 
2026-06-08 21:22:29.773192: Epoch 143
2026-06-08 21:22:29.773297: Current learning rate: 6e-05
2026-06-08 21:25:26.203271: train_loss -0.7276
2026-06-08 21:25:26.203763: val_loss -0.705
2026-06-08 21:25:26.203883: Pseudo dice [0.7455, 0.8543, 0.7755]
2026-06-08 21:25:26.203973: Epoch time: 176.43 s
2026-06-08 21:25:26.204044: Yayy! New best EMA pseudo Dice: 0.7813
2026-06-08 21:25:27.666418: 
2026-06-08 21:25:27.666611: Epoch 144
2026-06-08 21:25:27.666721: Current learning rate: 6e-05
2026-06-08 21:28:24.037162: train_loss -0.7303
2026-06-08 21:28:24.037622: val_loss -0.7006
2026-06-08 21:28:24.037730: Pseudo dice [0.7431, 0.8491, 0.7774]
2026-06-08 21:28:24.037816: Epoch time: 176.37 s
2026-06-08 21:28:24.037899: Yayy! New best EMA pseudo Dice: 0.7822
2026-06-08 21:28:25.378603: 
2026-06-08 21:28:25.378761: Epoch 145
2026-06-08 21:28:25.378885: Current learning rate: 5e-05
2026-06-08 21:31:22.094061: train_loss -0.7282
2026-06-08 21:31:22.094474: val_loss -0.6829
2026-06-08 21:31:22.094578: Pseudo dice [0.7264, 0.8527, 0.753]
2026-06-08 21:31:22.094667: Epoch time: 176.72 s
2026-06-08 21:31:23.236802: 
2026-06-08 21:31:23.236962: Epoch 146
2026-06-08 21:31:23.237068: Current learning rate: 4e-05
2026-06-08 21:34:19.778731: train_loss -0.7277
2026-06-08 21:34:19.779225: val_loss -0.6838
2026-06-08 21:34:19.779334: Pseudo dice [0.7472, 0.8514, 0.7561]
2026-06-08 21:34:19.779426: Epoch time: 176.54 s
2026-06-08 21:34:20.930437: 
2026-06-08 21:34:20.930592: Epoch 147
2026-06-08 21:34:20.930696: Current learning rate: 3e-05
2026-06-08 21:37:17.414725: train_loss -0.7315
2026-06-08 21:37:17.415296: val_loss -0.6857
2026-06-08 21:37:17.415413: Pseudo dice [0.7447, 0.8388, 0.7643]
2026-06-08 21:37:17.415508: Epoch time: 176.49 s
2026-06-08 21:37:18.686479: 
2026-06-08 21:37:18.686638: Epoch 148
2026-06-08 21:37:18.686753: Current learning rate: 2e-05
2026-06-08 21:40:15.110767: train_loss -0.7302
2026-06-08 21:40:15.111346: val_loss -0.7052
2026-06-08 21:40:15.111458: Pseudo dice [0.7445, 0.8446, 0.7664]
2026-06-08 21:40:15.111548: Epoch time: 176.43 s
2026-06-08 21:40:15.111622: Yayy! New best EMA pseudo Dice: 0.7824
2026-06-08 21:40:16.458751: 
2026-06-08 21:40:16.458914: Epoch 149
2026-06-08 21:40:16.459024: Current learning rate: 1e-05
2026-06-08 21:43:12.968162: train_loss -0.7394
2026-06-08 21:43:12.968428: val_loss -0.6873
2026-06-08 21:43:12.968537: Pseudo dice [0.754, 0.8473, 0.7709]
2026-06-08 21:43:12.968627: Epoch time: 176.51 s
2026-06-08 21:43:12.968701: Yayy! New best EMA pseudo Dice: 0.7832
2026-06-08 21:43:14.626225: Training done.
2026-06-08 21:43:14.670986: Using splits from existing split file: /gpfs/home1/yhussein/LightM-UNet/data/nnUNet_preprocessed/Dataset501_ARCADE/splits_final.json
2026-06-08 21:43:14.671882: The split file contains 1 splits.
2026-06-08 21:43:14.671958: Desired fold for training: 0
2026-06-08 21:43:14.672008: This split has 1000 training and 200 validation cases.
2026-06-08 21:43:14.674363: predicting val_1
2026-06-08 21:43:16.160709: predicting val_10
2026-06-08 21:43:16.407967: predicting val_100
2026-06-08 21:43:16.654561: predicting val_101
2026-06-08 21:43:16.898817: predicting val_102
2026-06-08 21:43:17.143165: predicting val_103
2026-06-08 21:43:17.386902: predicting val_104
2026-06-08 21:43:17.633902: predicting val_105
2026-06-08 21:43:17.880847: predicting val_106
2026-06-08 21:43:18.125351: predicting val_107
2026-06-08 21:43:25.382075: predicting val_108
2026-06-08 21:43:25.653409: predicting val_109
2026-06-08 21:43:25.897191: predicting val_11
2026-06-08 21:43:26.141681: predicting val_110
2026-06-08 21:43:26.385923: predicting val_111
2026-06-08 21:43:26.630051: predicting val_112
2026-06-08 21:43:26.872962: predicting val_113
2026-06-08 21:43:27.119693: predicting val_114
2026-06-08 21:43:27.364321: predicting val_115
2026-06-08 21:43:27.611549: predicting val_116
2026-06-08 21:43:27.856911: predicting val_117
2026-06-08 21:43:28.100261: predicting val_118
2026-06-08 21:43:28.343743: predicting val_119
2026-06-08 21:43:28.591175: predicting val_12
2026-06-08 21:43:28.835724: predicting val_120
2026-06-08 21:43:29.080099: predicting val_121
2026-06-08 21:43:29.323886: predicting val_122
2026-06-08 21:43:29.569049: predicting val_123
2026-06-08 21:43:29.813805: predicting val_124
2026-06-08 21:43:30.059523: predicting val_125
2026-06-08 21:43:30.304214: predicting val_126
2026-06-08 21:43:30.548230: predicting val_127
2026-06-08 21:43:30.791987: predicting val_128
2026-06-08 21:43:31.035397: predicting val_129
2026-06-08 21:43:31.280946: predicting val_13
2026-06-08 21:43:31.526378: predicting val_130
2026-06-08 21:43:31.771266: predicting val_131
2026-06-08 21:43:32.016990: predicting val_132
2026-06-08 21:43:32.262200: predicting val_133
2026-06-08 21:43:32.507206: predicting val_134
2026-06-08 21:43:32.752407: predicting val_135
2026-06-08 21:43:32.996707: predicting val_136
2026-06-08 21:43:33.241652: predicting val_137
2026-06-08 21:43:33.485533: predicting val_138
2026-06-08 21:43:33.728837: predicting val_139
2026-06-08 21:43:33.973321: predicting val_14
2026-06-08 21:43:34.218704: predicting val_140
2026-06-08 21:43:34.463840: predicting val_141
2026-06-08 21:43:34.707000: predicting val_142
2026-06-08 21:43:34.950234: predicting val_143
2026-06-08 21:43:35.194522: predicting val_144
2026-06-08 21:43:35.437910: predicting val_145
2026-06-08 21:43:35.682716: predicting val_146
2026-06-08 21:43:35.926062: predicting val_147
2026-06-08 21:43:36.169672: predicting val_148
2026-06-08 21:43:36.414539: predicting val_149
2026-06-08 21:43:36.657668: predicting val_15
2026-06-08 21:43:36.901098: predicting val_150
2026-06-08 21:43:37.144653: predicting val_151
2026-06-08 21:43:37.390092: predicting val_152
2026-06-08 21:43:37.634320: predicting val_153
2026-06-08 21:43:37.879490: predicting val_154
2026-06-08 21:43:38.125340: predicting val_155
2026-06-08 21:43:38.369411: predicting val_156
2026-06-08 21:43:38.612751: predicting val_157
2026-06-08 21:43:38.857219: predicting val_158
2026-06-08 21:43:39.102908: predicting val_159
2026-06-08 21:43:39.346901: predicting val_16
2026-06-08 21:43:39.591511: predicting val_160
2026-06-08 21:43:39.836108: predicting val_161
2026-06-08 21:43:40.080225: predicting val_162
2026-06-08 21:43:40.323938: predicting val_163
2026-06-08 21:43:40.567352: predicting val_164
2026-06-08 21:43:40.811757: predicting val_165
2026-06-08 21:43:41.054576: predicting val_166
2026-06-08 21:43:41.298206: predicting val_167
2026-06-08 21:43:41.543924: predicting val_168
2026-06-08 21:43:41.788528: predicting val_169
2026-06-08 21:43:42.032026: predicting val_17
2026-06-08 21:43:42.276386: predicting val_170
2026-06-08 21:43:42.519687: predicting val_171
2026-06-08 21:43:42.763431: predicting val_172
2026-06-08 21:43:43.007648: predicting val_173
2026-06-08 21:43:43.252989: predicting val_174
2026-06-08 21:43:43.498283: predicting val_175
2026-06-08 21:43:43.743437: predicting val_176
2026-06-08 21:43:43.988079: predicting val_177
2026-06-08 21:43:44.233164: predicting val_178
2026-06-08 21:43:44.477257: predicting val_179
2026-06-08 21:43:44.722299: predicting val_18
2026-06-08 21:43:44.966963: predicting val_180
2026-06-08 21:43:45.212368: predicting val_181
2026-06-08 21:43:45.455888: predicting val_182
2026-06-08 21:43:45.701617: predicting val_183
2026-06-08 21:43:45.946431: predicting val_184
2026-06-08 21:43:46.192007: predicting val_185
2026-06-08 21:43:46.436749: predicting val_186
2026-06-08 21:43:46.680985: predicting val_187
2026-06-08 21:43:46.925109: predicting val_188
2026-06-08 21:43:47.170451: predicting val_189
2026-06-08 21:43:47.416636: predicting val_19
2026-06-08 21:43:47.661030: predicting val_190
2026-06-08 21:43:47.906543: predicting val_191
2026-06-08 21:43:48.151548: predicting val_192
2026-06-08 21:43:48.395762: predicting val_193
2026-06-08 21:43:48.639259: predicting val_194
2026-06-08 21:43:48.883948: predicting val_195
2026-06-08 21:43:49.129630: predicting val_196
2026-06-08 21:43:49.374800: predicting val_197
2026-06-08 21:43:49.619105: predicting val_198
2026-06-08 21:43:49.864537: predicting val_199
2026-06-08 21:43:50.109366: predicting val_2
2026-06-08 21:43:50.354141: predicting val_20
2026-06-08 21:43:50.599061: predicting val_200
2026-06-08 21:43:50.843435: predicting val_21
2026-06-08 21:43:51.088053: predicting val_22
2026-06-08 21:43:51.333399: predicting val_23
2026-06-08 21:43:51.579641: predicting val_24
2026-06-08 21:43:51.823360: predicting val_25
2026-06-08 21:43:52.068839: predicting val_26
2026-06-08 21:43:52.313312: predicting val_27
2026-06-08 21:43:52.558295: predicting val_28
2026-06-08 21:43:52.803219: predicting val_29
2026-06-08 21:43:53.048204: predicting val_3
2026-06-08 21:43:53.293619: predicting val_30
2026-06-08 21:43:53.538886: predicting val_31
2026-06-08 21:43:53.784657: predicting val_32
2026-06-08 21:43:54.029405: predicting val_33
2026-06-08 21:43:54.274877: predicting val_34
2026-06-08 21:43:54.519780: predicting val_35
2026-06-08 21:43:54.764807: predicting val_36
2026-06-08 21:43:55.010164: predicting val_37
2026-06-08 21:43:55.255475: predicting val_38
2026-06-08 21:43:55.501645: predicting val_39
2026-06-08 21:43:55.746986: predicting val_4
2026-06-08 21:43:55.992364: predicting val_40
2026-06-08 21:43:56.236513: predicting val_41
2026-06-08 21:43:56.481331: predicting val_42
2026-06-08 21:43:56.726531: predicting val_43
2026-06-08 21:43:56.971323: predicting val_44
2026-06-08 21:43:57.217147: predicting val_45
2026-06-08 21:43:57.462590: predicting val_46
2026-06-08 21:43:57.706665: predicting val_47
2026-06-08 21:43:57.952387: predicting val_48
2026-06-08 21:43:58.197547: predicting val_49
2026-06-08 21:43:58.442828: predicting val_5
2026-06-08 21:43:58.688251: predicting val_50
2026-06-08 21:43:58.933239: predicting val_51
2026-06-08 21:43:59.177707: predicting val_52
2026-06-08 21:43:59.422724: predicting val_53
2026-06-08 21:43:59.667814: predicting val_54
2026-06-08 21:43:59.922205: predicting val_55
2026-06-08 21:44:00.167933: predicting val_56
2026-06-08 21:44:00.413734: predicting val_57
2026-06-08 21:44:00.658740: predicting val_58
2026-06-08 21:44:00.904163: predicting val_59
2026-06-08 21:44:01.149485: predicting val_6
2026-06-08 21:44:01.394828: predicting val_60
2026-06-08 21:44:01.639815: predicting val_61
2026-06-08 21:44:01.884465: predicting val_62
2026-06-08 21:44:02.129254: predicting val_63
2026-06-08 21:44:02.374342: predicting val_64
2026-06-08 21:44:02.619025: predicting val_65
2026-06-08 21:44:02.865396: predicting val_66
2026-06-08 21:44:03.112132: predicting val_67
2026-06-08 21:44:03.357801: predicting val_68
2026-06-08 21:44:03.604427: predicting val_69
2026-06-08 21:44:03.850109: predicting val_7
2026-06-08 21:44:04.095525: predicting val_70
2026-06-08 21:44:04.341625: predicting val_71
2026-06-08 21:44:04.587790: predicting val_72
2026-06-08 21:44:04.833441: predicting val_73
2026-06-08 21:44:05.079013: predicting val_74
2026-06-08 21:44:05.325476: predicting val_75
2026-06-08 21:44:05.570236: predicting val_76
2026-06-08 21:44:05.815368: predicting val_77
2026-06-08 21:44:06.060358: predicting val_78
2026-06-08 21:44:06.306150: predicting val_79
2026-06-08 21:44:06.551914: predicting val_8
2026-06-08 21:44:06.798382: predicting val_80
2026-06-08 21:44:07.043507: predicting val_81
2026-06-08 21:44:07.289005: predicting val_82
2026-06-08 21:44:07.534415: predicting val_83
2026-06-08 21:44:07.780934: predicting val_84
2026-06-08 21:44:08.026636: predicting val_85
2026-06-08 21:44:08.272247: predicting val_86
2026-06-08 21:44:08.518234: predicting val_87
2026-06-08 21:44:08.763889: predicting val_88
2026-06-08 21:44:09.009168: predicting val_89
2026-06-08 21:44:09.254380: predicting val_9
2026-06-08 21:44:09.499504: predicting val_90
2026-06-08 21:44:09.744538: predicting val_91
2026-06-08 21:44:09.989359: predicting val_92
2026-06-08 21:44:10.234539: predicting val_93
2026-06-08 21:44:10.480822: predicting val_94
2026-06-08 21:44:10.726836: predicting val_95
2026-06-08 21:44:10.971579: predicting val_96
2026-06-08 21:44:11.216174: predicting val_97
2026-06-08 21:44:11.461838: predicting val_98
2026-06-08 21:44:11.707551: predicting val_99
2026-06-08 21:44:16.548703: Validation complete
2026-06-08 21:44:16.548829: Mean Validation Dice:  0.7313983038215156
Training finished.
