=== Job info ===
Host: gcn35.local.snellius.surf.nl
Date: Wed Jun  3 18:29:01 CEST 2026
Working dir: /home/yhussein/LightM-UNet/lightm-unet
Conda env: /home/yhussein/conda-envs/lightmunet
=== GPU info ===
Wed Jun  3 18:29:01 2026       
+-----------------------------------------------------------------------------------------+
| NVIDIA-SMI 595.71.05              Driver Version: 595.71.05      CUDA Version: 13.2     |
+-----------------------------------------+------------------------+----------------------+
| GPU  Name                 Persistence-M | Bus-Id          Disp.A | Volatile Uncorr. ECC |
| Fan  Temp   Perf          Pwr:Usage/Cap |           Memory-Usage | GPU-Util  Compute M. |
|                                         |                        |               MIG M. |
|=========================================+========================+======================|
|   0  NVIDIA A100-SXM4-40GB          On  |   00000000:31:00.0 Off |                    0 |
| N/A   30C    P0             49W /  400W |       0MiB /  40960MiB |      0%      Default |
|                                         |                        |             Disabled |
+-----------------------------------------+------------------------+----------------------+

+-----------------------------------------------------------------------------------------+
| Processes:                                                                              |
|  GPU   GI   CI              PID   Type   Process name                        GPU Memory |
|        ID   ID                                                               Usage      |
|=========================================================================================|
|  No running processes found                                                             |
+-----------------------------------------------------------------------------------------+
GPU: NVIDIA A100-SXM4-40GB
=== Python/CUDA environment check ===
/home/yhussein/conda-envs/lightmunet/bin/python
Python 3.10.20
/home/yhussein/conda-envs/lightmunet/bin/nvcc
nvcc: NVIDIA (R) Cuda compiler driver
Copyright (c) 2005-2026 NVIDIA Corporation
Built on Thu_Mar_19_11:12:51_PM_PDT_2026
Cuda compilation tools, release 13.2, V13.2.78
Build cuda_13.2.r13.2/compiler.37668154_0
torch: 2.0.1+cu118
torch CUDA: 11.8
CUDA available: True
GPU: NVIDIA A100-SXM4-40GB
numpy: 1.26.4
transformers: 4.35.2
cv2: 4.9.0
mamba_ssm OK
nnunetv2 OK
=== nnU-Net paths ===
nnUNet_raw=/home/yhussein/LightM-UNet/data/nnUNet_raw
nnUNet_preprocessed=/home/yhussein/LightM-UNet/data/nnUNet_preprocessed
nnUNet_results=/home/yhussein/LightM-UNet/data/nnUNet_results
=== Dataset check ===
dataset.json
imagesTr
imagesTs
labelsTr
labelsTs
splits_final.json
dataset.json
dataset_fingerprint.json
gt_segmentations
nnUNetPlans.json
nnUNetPlans_2d
splits_final.json
=== Ensure official split is present ===
=== Plan check ===
patch_size: [512, 512]
batch_size: 4
median_image_size_in_voxels: [512.0, 512.0]
=== Start LM-UNet training ===
Using device: cuda:0

#######################################################################
Please cite the following paper when using nnU-Net:
Isensee, F., Jaeger, P. F., Kohl, S. A., Petersen, J., & Maier-Hein, K. H. (2021). nnU-Net: a self-configuring method for deep learning-based biomedical image segmentation. Nature methods, 18(2), 203-211.
#######################################################################


This is the configuration used by this training:
Configuration name: 2d
 {'data_identifier': 'nnUNetPlans_2d', 'preprocessor_name': 'DefaultPreprocessor', 'batch_size': 4, 'patch_size': [512, 512], 'median_image_size_in_voxels': [512.0, 512.0], 'spacing': [1.0, 1.0], 'normalization_schemes': ['ZScoreNormalization'], 'use_mask_for_norm': [False], 'UNet_class_name': 'PlainConvUNet', 'UNet_base_num_features': 32, 'n_conv_per_stage_encoder': [2, 2, 2, 2, 2, 2, 2, 2], 'n_conv_per_stage_decoder': [2, 2, 2, 2, 2, 2, 2], 'num_pool_per_axis': [7, 7], 'pool_op_kernel_sizes': [[1, 1], [2, 2], [2, 2], [2, 2], [2, 2], [2, 2], [2, 2], [2, 2]], 'conv_kernel_sizes': [[3, 3], [3, 3], [3, 3], [3, 3], [3, 3], [3, 3], [3, 3], [3, 3]], 'unet_max_num_features': 512, 'resampling_fn_data': 'resample_data_or_seg_to_shape', 'resampling_fn_seg': 'resample_data_or_seg_to_shape', 'resampling_fn_data_kwargs': {'is_seg': False, 'order': 3, 'order_z': 0, 'force_separate_z': None}, 'resampling_fn_seg_kwargs': {'is_seg': True, 'order': 1, 'order_z': 0, 'force_separate_z': None}, 'resampling_fn_probabilities': 'resample_data_or_seg_to_shape', 'resampling_fn_probabilities_kwargs': {'is_seg': False, 'order': 1, 'order_z': 0, 'force_separate_z': None}, 'batch_dice': True} 

These are the global plan.json settings:
 {'dataset_name': 'Dataset501_ARCADE', 'plans_name': 'nnUNetPlans', 'original_median_spacing_after_transp': [999.0, 1.0, 1.0], 'original_median_shape_after_transp': [1, 512, 512], 'image_reader_writer': 'NaturalImage2DIO', 'transpose_forward': [0, 1, 2], 'transpose_backward': [0, 1, 2], 'experiment_planner_used': 'ExperimentPlanner', 'label_manager': 'LabelManager', 'foreground_intensity_properties_per_channel': {'0': {'max': 255.0, 'mean': 98.67886352539062, 'median': 96.0, 'min': 0.0, 'percentile_00_5': 32.0, 'percentile_99_5': 186.0, 'std': 31.84078025817871}}} 

2026-06-03 18:29:15.791861: unpacking dataset...
2026-06-03 18:29:20.155036: unpacking done...
2026-06-03 18:29:20.155521: do_dummy_2d_data_aug: False
2026-06-03 18:29:20.161434: Using splits from existing split file: /gpfs/home1/yhussein/LightM-UNet/data/nnUNet_preprocessed/Dataset501_ARCADE/splits_final.json
2026-06-03 18:29:20.161764: The split file contains 1 splits.
2026-06-03 18:29:20.161830: Desired fold for training: 0
2026-06-03 18:29:20.161880: This split has 1000 training and 200 validation cases.
2026-06-03 18:29:20.192752: Unable to plot network architecture:
2026-06-03 18:29:20.192854: No module named 'IPython'
2026-06-03 18:29:20.210803: 
2026-06-03 18:29:20.210915: Epoch 0
2026-06-03 18:29:20.211050: Current learning rate: 0.001
using pin_memory on device 0
using pin_memory on device 0
2026-06-03 18:31:12.884123: train_loss 0.0726
2026-06-03 18:31:12.884413: val_loss -0.05
2026-06-03 18:31:12.884538: Pseudo dice [0.0093, 0.4267, 0.0003]
2026-06-03 18:31:12.884650: Epoch time: 112.68 s
2026-06-03 18:31:12.884736: Yayy! New best EMA pseudo Dice: 0.1454
2026-06-03 18:31:14.096794: 
2026-06-03 18:31:14.097722: Epoch 1
2026-06-03 18:31:14.097907: Current learning rate: 0.001
2026-06-03 18:33:03.729416: train_loss -0.0804
2026-06-03 18:33:03.729647: val_loss -0.0831
2026-06-03 18:33:03.729755: Pseudo dice [0.1018, 0.4232, 0.2275]
2026-06-03 18:33:03.729849: Epoch time: 109.64 s
2026-06-03 18:33:03.729922: Yayy! New best EMA pseudo Dice: 0.156
2026-06-03 18:33:05.067570: 
2026-06-03 18:33:05.067739: Epoch 2
2026-06-03 18:33:05.067870: Current learning rate: 0.00099
2026-06-03 18:34:54.703364: train_loss -0.1372
2026-06-03 18:34:54.704190: val_loss -0.181
2026-06-03 18:34:54.704314: Pseudo dice [0.3038, 0.5444, 0.3114]
2026-06-03 18:34:54.704416: Epoch time: 109.64 s
2026-06-03 18:34:54.704494: Yayy! New best EMA pseudo Dice: 0.179
2026-06-03 18:34:56.190605: 
2026-06-03 18:34:56.190777: Epoch 3
2026-06-03 18:34:56.190909: Current learning rate: 0.00099
2026-06-03 18:36:45.827737: train_loss -0.2026
2026-06-03 18:36:45.827960: val_loss -0.2141
2026-06-03 18:36:45.828065: Pseudo dice [0.4326, 0.5681, 0.254]
2026-06-03 18:36:45.828164: Epoch time: 109.64 s
2026-06-03 18:36:45.828243: Yayy! New best EMA pseudo Dice: 0.2029
2026-06-03 18:36:47.180136: 
2026-06-03 18:36:47.180301: Epoch 4
2026-06-03 18:36:47.180435: Current learning rate: 0.00098
2026-06-03 18:38:36.880098: train_loss -0.2193
2026-06-03 18:38:36.880313: val_loss -0.2157
2026-06-03 18:38:36.880414: Pseudo dice [0.4174, 0.5459, 0.3541]
2026-06-03 18:38:36.880505: Epoch time: 109.7 s
2026-06-03 18:38:36.880577: Yayy! New best EMA pseudo Dice: 0.2266
2026-06-03 18:38:38.256408: 
2026-06-03 18:38:38.256572: Epoch 5
2026-06-03 18:38:38.256700: Current learning rate: 0.00098
2026-06-03 18:40:27.892803: train_loss -0.2695
2026-06-03 18:40:27.893020: val_loss -0.2114
2026-06-03 18:40:27.893125: Pseudo dice [0.4769, 0.5521, 0.304]
2026-06-03 18:40:27.893222: Epoch time: 109.64 s
2026-06-03 18:40:27.893321: Yayy! New best EMA pseudo Dice: 0.2483
2026-06-03 18:40:29.355701: 
2026-06-03 18:40:29.355863: Epoch 6
2026-06-03 18:40:29.355988: Current learning rate: 0.00097
2026-06-03 18:42:19.107090: train_loss -0.2925
2026-06-03 18:42:19.107307: val_loss -0.3065
2026-06-03 18:42:19.107411: Pseudo dice [0.4446, 0.711, 0.463]
2026-06-03 18:42:19.107499: Epoch time: 109.75 s
2026-06-03 18:42:19.107569: Yayy! New best EMA pseudo Dice: 0.2775
2026-06-03 18:42:20.464496: 
2026-06-03 18:42:20.464658: Epoch 7
2026-06-03 18:42:20.464784: Current learning rate: 0.00097
2026-06-03 18:44:10.435329: train_loss -0.3088
2026-06-03 18:44:10.435536: val_loss -0.333
2026-06-03 18:44:10.435640: Pseudo dice [0.553, 0.663, 0.4286]
2026-06-03 18:44:10.435731: Epoch time: 109.97 s
2026-06-03 18:44:10.435804: Yayy! New best EMA pseudo Dice: 0.3045
2026-06-03 18:44:11.813500: 
2026-06-03 18:44:11.813698: Epoch 8
2026-06-03 18:44:11.813828: Current learning rate: 0.00096
2026-06-03 18:46:01.759721: train_loss -0.3076
2026-06-03 18:46:01.759930: val_loss -0.3623
2026-06-03 18:46:01.760032: Pseudo dice [0.5298, 0.7025, 0.5253]
2026-06-03 18:46:01.760123: Epoch time: 109.95 s
2026-06-03 18:46:01.760195: Yayy! New best EMA pseudo Dice: 0.3327
2026-06-03 18:46:03.109188: 
2026-06-03 18:46:03.109352: Epoch 9
2026-06-03 18:46:03.109481: Current learning rate: 0.00096
2026-06-03 18:47:53.065300: train_loss -0.3425
2026-06-03 18:47:53.065524: val_loss -0.3316
2026-06-03 18:47:53.065632: Pseudo dice [0.5502, 0.6456, 0.5235]
2026-06-03 18:47:53.065725: Epoch time: 109.96 s
2026-06-03 18:47:53.065797: Yayy! New best EMA pseudo Dice: 0.3567
2026-06-03 18:47:54.390776: 
2026-06-03 18:47:54.390939: Epoch 10
2026-06-03 18:47:54.391064: Current learning rate: 0.00095
2026-06-03 18:49:44.286919: train_loss -0.34
2026-06-03 18:49:44.287146: val_loss -0.3339
2026-06-03 18:49:44.287265: Pseudo dice [0.4698, 0.6774, 0.4884]
2026-06-03 18:49:44.287368: Epoch time: 109.9 s
2026-06-03 18:49:44.287445: Yayy! New best EMA pseudo Dice: 0.3756
2026-06-03 18:49:45.735950: 
2026-06-03 18:49:45.736148: Epoch 11
2026-06-03 18:49:45.736293: Current learning rate: 0.00095
2026-06-03 18:51:35.480662: train_loss -0.357
2026-06-03 18:51:35.480872: val_loss -0.3632
2026-06-03 18:51:35.480979: Pseudo dice [0.5463, 0.7158, 0.5549]
2026-06-03 18:51:35.481076: Epoch time: 109.75 s
2026-06-03 18:51:35.481148: Yayy! New best EMA pseudo Dice: 0.3986
2026-06-03 18:51:36.800490: 
2026-06-03 18:51:36.800652: Epoch 12
2026-06-03 18:51:36.800778: Current learning rate: 0.00095
2026-06-03 18:53:26.736628: train_loss -0.3605
2026-06-03 18:53:26.736841: val_loss -0.4159
2026-06-03 18:53:26.736945: Pseudo dice [0.5533, 0.716, 0.559]
2026-06-03 18:53:26.737035: Epoch time: 109.94 s
2026-06-03 18:53:26.737106: Yayy! New best EMA pseudo Dice: 0.4197
2026-06-03 18:53:28.072406: 
2026-06-03 18:53:28.073062: Epoch 13
2026-06-03 18:53:28.073197: Current learning rate: 0.00094
2026-06-03 18:55:18.017417: train_loss -0.358
2026-06-03 18:55:18.017641: val_loss -0.4012
2026-06-03 18:55:18.017745: Pseudo dice [0.53, 0.7264, 0.5655]
2026-06-03 18:55:18.017840: Epoch time: 109.95 s
2026-06-03 18:55:18.017912: Yayy! New best EMA pseudo Dice: 0.4384
2026-06-03 18:55:19.481812: 
2026-06-03 18:55:19.481979: Epoch 14
2026-06-03 18:55:19.482103: Current learning rate: 0.00094
2026-06-03 18:57:09.473122: train_loss -0.3424
2026-06-03 18:57:09.477373: val_loss -0.3513
2026-06-03 18:57:09.477480: Pseudo dice [0.6114, 0.6814, 0.5496]
2026-06-03 18:57:09.477567: Epoch time: 109.99 s
2026-06-03 18:57:09.477639: Yayy! New best EMA pseudo Dice: 0.456
2026-06-03 18:57:10.826685: 
2026-06-03 18:57:10.826849: Epoch 15
2026-06-03 18:57:10.826977: Current learning rate: 0.00093
2026-06-03 18:59:00.779959: train_loss -0.35
2026-06-03 18:59:00.780178: val_loss -0.3762
2026-06-03 18:59:00.780293: Pseudo dice [0.5734, 0.6489, 0.4818]
2026-06-03 18:59:00.780388: Epoch time: 109.96 s
2026-06-03 18:59:00.780462: Yayy! New best EMA pseudo Dice: 0.4672
2026-06-03 18:59:02.138975: 
2026-06-03 18:59:02.139135: Epoch 16
2026-06-03 18:59:02.139266: Current learning rate: 0.00093
2026-06-03 19:00:51.901935: train_loss -0.3831
2026-06-03 19:00:51.902162: val_loss -0.3925
2026-06-03 19:00:51.902277: Pseudo dice [0.5889, 0.6648, 0.5521]
2026-06-03 19:00:51.902375: Epoch time: 109.77 s
2026-06-03 19:00:51.902450: Yayy! New best EMA pseudo Dice: 0.4807
2026-06-03 19:00:53.265149: 
2026-06-03 19:00:53.265308: Epoch 17
2026-06-03 19:00:53.265434: Current learning rate: 0.00092
2026-06-03 19:02:43.174259: train_loss -0.3871
2026-06-03 19:02:43.174466: val_loss -0.3565
2026-06-03 19:02:43.174567: Pseudo dice [0.5754, 0.7077, 0.5318]
2026-06-03 19:02:43.174654: Epoch time: 109.91 s
2026-06-03 19:02:43.174726: Yayy! New best EMA pseudo Dice: 0.4931
2026-06-03 19:02:44.666139: 
2026-06-03 19:02:44.666312: Epoch 18
2026-06-03 19:02:44.666438: Current learning rate: 0.00092
2026-06-03 19:04:34.568473: train_loss -0.3776
2026-06-03 19:04:34.568696: val_loss -0.439
2026-06-03 19:04:34.568800: Pseudo dice [0.5907, 0.764, 0.5462]
2026-06-03 19:04:34.568891: Epoch time: 109.91 s
2026-06-03 19:04:34.568962: Yayy! New best EMA pseudo Dice: 0.5072
2026-06-03 19:04:36.097291: 
2026-06-03 19:04:36.097463: Epoch 19
2026-06-03 19:04:36.097592: Current learning rate: 0.00091
2026-06-03 19:06:25.919667: train_loss -0.3884
2026-06-03 19:06:25.919893: val_loss -0.36
2026-06-03 19:06:25.920000: Pseudo dice [0.5719, 0.6496, 0.4378]
2026-06-03 19:06:25.920092: Epoch time: 109.83 s
2026-06-03 19:06:25.920162: Yayy! New best EMA pseudo Dice: 0.5117
2026-06-03 19:06:27.396161: 
2026-06-03 19:06:27.396329: Epoch 20
2026-06-03 19:06:27.396456: Current learning rate: 0.00091
2026-06-03 19:08:17.196925: train_loss -0.3804
2026-06-03 19:08:17.197330: val_loss -0.3798
2026-06-03 19:08:17.197442: Pseudo dice [0.557, 0.689, 0.6068]
2026-06-03 19:08:17.197537: Epoch time: 109.8 s
2026-06-03 19:08:17.197611: Yayy! New best EMA pseudo Dice: 0.5223
2026-06-03 19:08:18.681355: 
2026-06-03 19:08:18.681518: Epoch 21
2026-06-03 19:08:18.681642: Current learning rate: 0.0009
2026-06-03 19:10:08.615770: train_loss -0.3818
2026-06-03 19:10:08.615997: val_loss -0.4136
2026-06-03 19:10:08.616105: Pseudo dice [0.573, 0.7505, 0.5883]
2026-06-03 19:10:08.616200: Epoch time: 109.94 s
2026-06-03 19:10:08.616286: Yayy! New best EMA pseudo Dice: 0.5338
2026-06-03 19:10:09.927678: 
2026-06-03 19:10:09.927851: Epoch 22
2026-06-03 19:10:09.927981: Current learning rate: 0.0009
2026-06-03 19:11:59.723906: train_loss -0.4215
2026-06-03 19:11:59.724116: val_loss -0.427
2026-06-03 19:11:59.724218: Pseudo dice [0.5873, 0.7659, 0.563]
2026-06-03 19:11:59.724316: Epoch time: 109.8 s
2026-06-03 19:11:59.724388: Yayy! New best EMA pseudo Dice: 0.5443
2026-06-03 19:12:01.038947: 
2026-06-03 19:12:01.039106: Epoch 23
2026-06-03 19:12:01.039238: Current learning rate: 0.0009
2026-06-03 19:13:50.829047: train_loss -0.3941
2026-06-03 19:13:50.829327: val_loss -0.4207
2026-06-03 19:13:50.829444: Pseudo dice [0.5781, 0.7165, 0.5733]
2026-06-03 19:13:50.829542: Epoch time: 109.79 s
2026-06-03 19:13:50.829615: Yayy! New best EMA pseudo Dice: 0.5521
2026-06-03 19:13:52.270815: 
2026-06-03 19:13:52.270976: Epoch 24
2026-06-03 19:13:52.271101: Current learning rate: 0.00089
2026-06-03 19:15:42.106862: train_loss -0.4046
2026-06-03 19:15:42.107065: val_loss -0.4388
2026-06-03 19:15:42.107168: Pseudo dice [0.6247, 0.7764, 0.611]
2026-06-03 19:15:42.107264: Epoch time: 109.84 s
2026-06-03 19:15:42.107337: Yayy! New best EMA pseudo Dice: 0.564
2026-06-03 19:15:43.423853: 
2026-06-03 19:15:43.424077: Epoch 25
2026-06-03 19:15:43.424210: Current learning rate: 0.00089
2026-06-03 19:17:33.269175: train_loss -0.4025
2026-06-03 19:17:33.271272: val_loss -0.3877
2026-06-03 19:17:33.271382: Pseudo dice [0.5798, 0.7519, 0.5537]
2026-06-03 19:17:33.271472: Epoch time: 109.85 s
2026-06-03 19:17:33.271544: Yayy! New best EMA pseudo Dice: 0.5704
2026-06-03 19:17:34.726635: 
2026-06-03 19:17:34.726794: Epoch 26
2026-06-03 19:17:34.726920: Current learning rate: 0.00088
2026-06-03 19:19:24.494351: train_loss -0.4087
2026-06-03 19:19:24.494570: val_loss -0.4322
2026-06-03 19:19:24.494671: Pseudo dice [0.6207, 0.7304, 0.6021]
2026-06-03 19:19:24.494761: Epoch time: 109.77 s
2026-06-03 19:19:24.494832: Yayy! New best EMA pseudo Dice: 0.5785
2026-06-03 19:19:25.825340: 
2026-06-03 19:19:25.825500: Epoch 27
2026-06-03 19:19:25.825623: Current learning rate: 0.00088
2026-06-03 19:21:15.658148: train_loss -0.4099
2026-06-03 19:21:15.658373: val_loss -0.5114
2026-06-03 19:21:15.658478: Pseudo dice [0.6287, 0.786, 0.6357]
2026-06-03 19:21:15.658568: Epoch time: 109.84 s
2026-06-03 19:21:15.658640: Yayy! New best EMA pseudo Dice: 0.589
2026-06-03 19:21:17.004343: 
2026-06-03 19:21:17.004517: Epoch 28
2026-06-03 19:21:17.004646: Current learning rate: 0.00087
2026-06-03 19:23:06.761653: train_loss -0.4012
2026-06-03 19:23:06.761880: val_loss -0.4539
2026-06-03 19:23:06.761982: Pseudo dice [0.5863, 0.7415, 0.5963]
2026-06-03 19:23:06.762070: Epoch time: 109.76 s
2026-06-03 19:23:06.762141: Yayy! New best EMA pseudo Dice: 0.5942
2026-06-03 19:23:08.110759: 
2026-06-03 19:23:08.110923: Epoch 29
2026-06-03 19:23:08.111049: Current learning rate: 0.00087
2026-06-03 19:24:57.861120: train_loss -0.4058
2026-06-03 19:24:57.861342: val_loss -0.407
2026-06-03 19:24:57.861446: Pseudo dice [0.5889, 0.7545, 0.5801]
2026-06-03 19:24:57.861536: Epoch time: 109.75 s
2026-06-03 19:24:57.861606: Yayy! New best EMA pseudo Dice: 0.5989
2026-06-03 19:24:59.340295: 
2026-06-03 19:24:59.340465: Epoch 30
2026-06-03 19:24:59.340590: Current learning rate: 0.00086
2026-06-03 19:26:49.209069: train_loss -0.4254
2026-06-03 19:26:49.209295: val_loss -0.4495
2026-06-03 19:26:49.209400: Pseudo dice [0.6224, 0.7946, 0.6135]
2026-06-03 19:26:49.209491: Epoch time: 109.87 s
2026-06-03 19:26:49.209564: Yayy! New best EMA pseudo Dice: 0.6067
2026-06-03 19:26:50.694591: 
2026-06-03 19:26:50.694748: Epoch 31
2026-06-03 19:26:50.694873: Current learning rate: 0.00086
2026-06-03 19:28:40.404164: train_loss -0.4307
2026-06-03 19:28:40.404385: val_loss -0.3558
2026-06-03 19:28:40.404492: Pseudo dice [0.5368, 0.5909, 0.5348]
2026-06-03 19:28:40.404590: Epoch time: 109.71 s
2026-06-03 19:28:41.697684: 
2026-06-03 19:28:41.697841: Epoch 32
2026-06-03 19:28:41.697968: Current learning rate: 0.00085
2026-06-03 19:30:31.217710: train_loss -0.4146
2026-06-03 19:30:31.217929: val_loss -0.4509
2026-06-03 19:30:31.218033: Pseudo dice [0.6146, 0.7593, 0.6177]
2026-06-03 19:30:31.218125: Epoch time: 109.52 s
2026-06-03 19:30:31.218199: Yayy! New best EMA pseudo Dice: 0.6077
2026-06-03 19:30:32.714723: 
2026-06-03 19:30:32.714890: Epoch 33
2026-06-03 19:30:32.715017: Current learning rate: 0.00085
2026-06-03 19:32:22.493106: train_loss -0.426
2026-06-03 19:32:22.493327: val_loss -0.3966
2026-06-03 19:32:22.494038: Pseudo dice [0.6059, 0.6785, 0.5067]
2026-06-03 19:32:22.494136: Epoch time: 109.78 s
2026-06-03 19:32:23.650223: 
2026-06-03 19:32:23.650395: Epoch 34
2026-06-03 19:32:23.650522: Current learning rate: 0.00085
2026-06-03 19:34:13.413622: train_loss -0.4122
2026-06-03 19:34:13.413830: val_loss -0.4503
2026-06-03 19:34:13.413930: Pseudo dice [0.589, 0.7621, 0.5969]
2026-06-03 19:34:13.414018: Epoch time: 109.77 s
2026-06-03 19:34:13.414089: Yayy! New best EMA pseudo Dice: 0.6109
2026-06-03 19:34:14.791664: 
2026-06-03 19:34:14.791834: Epoch 35
2026-06-03 19:34:14.791972: Current learning rate: 0.00084
2026-06-03 19:36:04.526242: train_loss -0.4378
2026-06-03 19:36:04.526478: val_loss -0.4277
2026-06-03 19:36:04.526582: Pseudo dice [0.5978, 0.7265, 0.5761]
2026-06-03 19:36:04.526674: Epoch time: 109.74 s
2026-06-03 19:36:04.526745: Yayy! New best EMA pseudo Dice: 0.6132
2026-06-03 19:36:05.899014: 
2026-06-03 19:36:05.899172: Epoch 36
2026-06-03 19:36:05.899301: Current learning rate: 0.00084
2026-06-03 19:37:55.518173: train_loss -0.4159
2026-06-03 19:37:55.518405: val_loss -0.4359
2026-06-03 19:37:55.518507: Pseudo dice [0.589, 0.7794, 0.6268]
2026-06-03 19:37:55.518605: Epoch time: 109.62 s
2026-06-03 19:37:55.518678: Yayy! New best EMA pseudo Dice: 0.6184
2026-06-03 19:37:57.027482: 
2026-06-03 19:37:57.027651: Epoch 37
2026-06-03 19:37:57.027776: Current learning rate: 0.00083
2026-06-03 19:39:46.645100: train_loss -0.4559
2026-06-03 19:39:46.645322: val_loss -0.4969
2026-06-03 19:39:46.645424: Pseudo dice [0.6067, 0.7701, 0.6713]
2026-06-03 19:39:46.645515: Epoch time: 109.62 s
2026-06-03 19:39:46.645587: Yayy! New best EMA pseudo Dice: 0.6248
2026-06-03 19:39:48.017647: 
2026-06-03 19:39:48.017855: Epoch 38
2026-06-03 19:39:48.017989: Current learning rate: 0.00083
2026-06-03 19:41:37.886614: train_loss -0.4252
2026-06-03 19:41:37.886829: val_loss -0.432
2026-06-03 19:41:37.886929: Pseudo dice [0.5964, 0.7179, 0.6002]
2026-06-03 19:41:37.887017: Epoch time: 109.87 s
2026-06-03 19:41:37.887090: Yayy! New best EMA pseudo Dice: 0.6261
2026-06-03 19:41:39.255485: 
2026-06-03 19:41:39.255646: Epoch 39
2026-06-03 19:41:39.255771: Current learning rate: 0.00082
2026-06-03 19:43:28.846848: train_loss -0.4292
2026-06-03 19:43:28.847066: val_loss -0.4663
2026-06-03 19:43:28.847167: Pseudo dice [0.6068, 0.7737, 0.6443]
2026-06-03 19:43:28.847264: Epoch time: 109.59 s
2026-06-03 19:43:28.847339: Yayy! New best EMA pseudo Dice: 0.631
2026-06-03 19:43:30.346607: 
2026-06-03 19:43:30.346828: Epoch 40
2026-06-03 19:43:30.346959: Current learning rate: 0.00082
2026-06-03 19:45:19.831587: train_loss -0.4185
2026-06-03 19:45:19.831808: val_loss -0.4322
2026-06-03 19:45:19.831921: Pseudo dice [0.6128, 0.6792, 0.619]
2026-06-03 19:45:19.832015: Epoch time: 109.49 s
2026-06-03 19:45:19.832091: Yayy! New best EMA pseudo Dice: 0.6316
2026-06-03 19:45:21.350767: 
2026-06-03 19:45:21.350920: Epoch 41
2026-06-03 19:45:21.351049: Current learning rate: 0.00081
2026-06-03 19:47:10.929720: train_loss -0.4591
2026-06-03 19:47:10.929940: val_loss -0.4681
2026-06-03 19:47:10.930046: Pseudo dice [0.5944, 0.7592, 0.6474]
2026-06-03 19:47:10.930140: Epoch time: 109.58 s
2026-06-03 19:47:10.930212: Yayy! New best EMA pseudo Dice: 0.6351
2026-06-03 19:47:12.267820: 
2026-06-03 19:47:12.267988: Epoch 42
2026-06-03 19:47:12.268116: Current learning rate: 0.00081
2026-06-03 19:49:02.098021: train_loss -0.4425
2026-06-03 19:49:02.098235: val_loss -0.4421
2026-06-03 19:49:02.098342: Pseudo dice [0.6247, 0.767, 0.5922]
2026-06-03 19:49:02.098434: Epoch time: 109.83 s
2026-06-03 19:49:02.098505: Yayy! New best EMA pseudo Dice: 0.6378
2026-06-03 19:49:03.440372: 
2026-06-03 19:49:03.440531: Epoch 43
2026-06-03 19:49:03.440655: Current learning rate: 0.0008
2026-06-03 19:50:53.035841: train_loss -0.4541
2026-06-03 19:50:53.036062: val_loss -0.4602
2026-06-03 19:50:53.036165: Pseudo dice [0.6341, 0.7228, 0.6363]
2026-06-03 19:50:53.036264: Epoch time: 109.6 s
2026-06-03 19:50:53.036336: Yayy! New best EMA pseudo Dice: 0.6404
2026-06-03 19:50:54.382770: 
2026-06-03 19:50:54.382931: Epoch 44
2026-06-03 19:50:54.383058: Current learning rate: 0.0008
2026-06-03 19:52:44.200064: train_loss -0.4293
2026-06-03 19:52:44.200289: val_loss -0.4853
2026-06-03 19:52:44.200397: Pseudo dice [0.5801, 0.7432, 0.641]
2026-06-03 19:52:44.200488: Epoch time: 109.82 s
2026-06-03 19:52:44.200560: Yayy! New best EMA pseudo Dice: 0.6419
2026-06-03 19:52:45.545720: 
2026-06-03 19:52:45.545880: Epoch 45
2026-06-03 19:52:45.546003: Current learning rate: 0.0008
2026-06-03 19:54:35.089712: train_loss -0.4526
2026-06-03 19:54:35.089932: val_loss -0.4259
2026-06-03 19:54:35.090033: Pseudo dice [0.5669, 0.7789, 0.556]
2026-06-03 19:54:35.090126: Epoch time: 109.55 s
2026-06-03 19:54:36.220486: 
2026-06-03 19:54:36.220701: Epoch 46
2026-06-03 19:54:36.220827: Current learning rate: 0.00079
2026-06-03 19:56:25.829792: train_loss -0.4482
2026-06-03 19:56:25.830011: val_loss -0.4849
2026-06-03 19:56:25.830116: Pseudo dice [0.6067, 0.8028, 0.6576]
2026-06-03 19:56:25.830210: Epoch time: 109.61 s
2026-06-03 19:56:25.830294: Yayy! New best EMA pseudo Dice: 0.6459
2026-06-03 19:56:27.157693: 
2026-06-03 19:56:27.157855: Epoch 47
2026-06-03 19:56:27.157980: Current learning rate: 0.00079
2026-06-03 19:58:16.751757: train_loss -0.4425
2026-06-03 19:58:16.751969: val_loss -0.4951
2026-06-03 19:58:16.752070: Pseudo dice [0.6435, 0.7882, 0.6366]
2026-06-03 19:58:16.752166: Epoch time: 109.6 s
2026-06-03 19:58:16.752244: Yayy! New best EMA pseudo Dice: 0.6502
2026-06-03 19:58:18.210939: 
2026-06-03 19:58:18.211098: Epoch 48
2026-06-03 19:58:18.211232: Current learning rate: 0.00078
2026-06-03 20:00:07.744471: train_loss -0.4618
2026-06-03 20:00:07.744699: val_loss -0.483
2026-06-03 20:00:07.744802: Pseudo dice [0.6417, 0.7631, 0.6368]
2026-06-03 20:00:07.744899: Epoch time: 109.54 s
2026-06-03 20:00:07.744975: Yayy! New best EMA pseudo Dice: 0.6532
2026-06-03 20:00:09.085535: 
2026-06-03 20:00:09.085699: Epoch 49
2026-06-03 20:00:09.085821: Current learning rate: 0.00078
2026-06-03 20:01:58.918744: train_loss -0.479
2026-06-03 20:01:58.918973: val_loss -0.432
2026-06-03 20:01:58.919073: Pseudo dice [0.6172, 0.7112, 0.6332]
2026-06-03 20:01:58.919167: Epoch time: 109.84 s
2026-06-03 20:01:59.118277: Yayy! New best EMA pseudo Dice: 0.6533
2026-06-03 20:02:00.456420: 
2026-06-03 20:02:00.456575: Epoch 50
2026-06-03 20:02:00.456699: Current learning rate: 0.00077
2026-06-03 20:03:50.120347: train_loss -0.4464
2026-06-03 20:03:50.120567: val_loss -0.4488
2026-06-03 20:03:50.120671: Pseudo dice [0.6166, 0.7853, 0.631]
2026-06-03 20:03:50.120764: Epoch time: 109.67 s
2026-06-03 20:03:50.120838: Yayy! New best EMA pseudo Dice: 0.6557
2026-06-03 20:03:51.455889: 
2026-06-03 20:03:51.456044: Epoch 51
2026-06-03 20:03:51.456168: Current learning rate: 0.00077
2026-06-03 20:05:41.078699: train_loss -0.465
2026-06-03 20:05:41.078918: val_loss -0.4744
2026-06-03 20:05:41.079020: Pseudo dice [0.6303, 0.7713, 0.6523]
2026-06-03 20:05:41.079111: Epoch time: 109.63 s
2026-06-03 20:05:41.079182: Yayy! New best EMA pseudo Dice: 0.6586
2026-06-03 20:05:42.414923: 
2026-06-03 20:05:42.415154: Epoch 52
2026-06-03 20:05:42.415286: Current learning rate: 0.00076
2026-06-03 20:07:32.070094: train_loss -0.4726
2026-06-03 20:07:32.070337: val_loss -0.4786
2026-06-03 20:07:32.070442: Pseudo dice [0.6467, 0.7737, 0.6777]
2026-06-03 20:07:32.070535: Epoch time: 109.66 s
2026-06-03 20:07:32.070608: Yayy! New best EMA pseudo Dice: 0.6627
2026-06-03 20:07:33.402486: 
2026-06-03 20:07:33.402644: Epoch 53
2026-06-03 20:07:33.402768: Current learning rate: 0.00076
2026-06-03 20:09:23.045131: train_loss -0.4737
2026-06-03 20:09:23.045372: val_loss -0.4309
2026-06-03 20:09:23.045478: Pseudo dice [0.6195, 0.7681, 0.5859]
2026-06-03 20:09:23.045572: Epoch time: 109.65 s
2026-06-03 20:09:24.226833: 
2026-06-03 20:09:24.226994: Epoch 54
2026-06-03 20:09:24.227121: Current learning rate: 0.00075
2026-06-03 20:11:14.141944: train_loss -0.4664
2026-06-03 20:11:14.142165: val_loss -0.4446
2026-06-03 20:11:14.142280: Pseudo dice [0.6314, 0.7281, 0.6122]
2026-06-03 20:11:14.142374: Epoch time: 109.92 s
2026-06-03 20:11:15.295583: 
2026-06-03 20:11:15.295749: Epoch 55
2026-06-03 20:11:15.295877: Current learning rate: 0.00075
2026-06-03 20:13:04.973427: train_loss -0.468
2026-06-03 20:13:04.973654: val_loss -0.4853
2026-06-03 20:13:04.973759: Pseudo dice [0.6044, 0.7872, 0.6523]
2026-06-03 20:13:04.973853: Epoch time: 109.68 s
2026-06-03 20:13:04.973926: Yayy! New best EMA pseudo Dice: 0.6637
2026-06-03 20:13:06.454671: 
2026-06-03 20:13:06.454834: Epoch 56
2026-06-03 20:13:06.454962: Current learning rate: 0.00074
2026-06-03 20:14:56.074633: train_loss -0.4695
2026-06-03 20:14:56.074852: val_loss -0.5038
2026-06-03 20:14:56.074954: Pseudo dice [0.6279, 0.7882, 0.6633]
2026-06-03 20:14:56.075042: Epoch time: 109.62 s
2026-06-03 20:14:56.075115: Yayy! New best EMA pseudo Dice: 0.6666
2026-06-03 20:14:57.550801: 
2026-06-03 20:14:57.550959: Epoch 57
2026-06-03 20:14:57.551084: Current learning rate: 0.00074
2026-06-03 20:16:47.167264: train_loss -0.4759
2026-06-03 20:16:47.167497: val_loss -0.4502
2026-06-03 20:16:47.167600: Pseudo dice [0.6295, 0.7455, 0.62]
2026-06-03 20:16:47.167691: Epoch time: 109.62 s
2026-06-03 20:16:48.447790: 
2026-06-03 20:16:48.447957: Epoch 58
2026-06-03 20:16:48.448082: Current learning rate: 0.00073
2026-06-03 20:18:38.024741: train_loss -0.4649
2026-06-03 20:18:38.024971: val_loss -0.466
2026-06-03 20:18:38.025077: Pseudo dice [0.6438, 0.7738, 0.5945]
2026-06-03 20:18:38.025168: Epoch time: 109.58 s
2026-06-03 20:18:38.025250: Yayy! New best EMA pseudo Dice: 0.6669
2026-06-03 20:18:39.378204: 
2026-06-03 20:18:39.378394: Epoch 59
2026-06-03 20:18:39.378524: Current learning rate: 0.00073
2026-06-03 20:20:29.288203: train_loss -0.4792
2026-06-03 20:20:29.288425: val_loss -0.5028
2026-06-03 20:20:29.288525: Pseudo dice [0.6363, 0.7693, 0.6374]
2026-06-03 20:20:29.288615: Epoch time: 109.91 s
2026-06-03 20:20:29.288685: Yayy! New best EMA pseudo Dice: 0.6683
2026-06-03 20:20:30.638580: 
2026-06-03 20:20:30.638745: Epoch 60
2026-06-03 20:20:30.638870: Current learning rate: 0.00073
2026-06-03 20:22:20.442264: train_loss -0.4809
2026-06-03 20:22:20.442483: val_loss -0.5284
2026-06-03 20:22:20.442585: Pseudo dice [0.6632, 0.7704, 0.6742]
2026-06-03 20:22:20.442676: Epoch time: 109.81 s
2026-06-03 20:22:20.442748: Yayy! New best EMA pseudo Dice: 0.6717
2026-06-03 20:22:21.794468: 
2026-06-03 20:22:21.794632: Epoch 61
2026-06-03 20:22:21.794757: Current learning rate: 0.00072
2026-06-03 20:24:11.513130: train_loss -0.4773
2026-06-03 20:24:11.513398: val_loss -0.4839
2026-06-03 20:24:11.513505: Pseudo dice [0.6461, 0.7616, 0.6438]
2026-06-03 20:24:11.513601: Epoch time: 109.72 s
2026-06-03 20:24:11.513676: Yayy! New best EMA pseudo Dice: 0.6729
2026-06-03 20:24:12.868270: 
2026-06-03 20:24:12.868430: Epoch 62
2026-06-03 20:24:12.868552: Current learning rate: 0.00072
2026-06-03 20:26:02.420156: train_loss -0.4904
2026-06-03 20:26:02.439187: val_loss -0.5032
2026-06-03 20:26:02.439316: Pseudo dice [0.6468, 0.7888, 0.6759]
2026-06-03 20:26:02.439430: Epoch time: 109.55 s
2026-06-03 20:26:02.439504: Yayy! New best EMA pseudo Dice: 0.676
2026-06-03 20:26:03.929336: 
2026-06-03 20:26:03.929555: Epoch 63
2026-06-03 20:26:03.929728: Current learning rate: 0.00071
2026-06-03 20:27:53.603570: train_loss -0.4769
2026-06-03 20:27:53.603780: val_loss -0.4593
2026-06-03 20:27:53.603884: Pseudo dice [0.6343, 0.7318, 0.6162]
2026-06-03 20:27:53.603973: Epoch time: 109.68 s
2026-06-03 20:27:54.762005: 
2026-06-03 20:27:54.762163: Epoch 64
2026-06-03 20:27:54.762294: Current learning rate: 0.00071
2026-06-03 20:29:44.274943: train_loss -0.463
2026-06-03 20:29:44.275160: val_loss -0.4867
2026-06-03 20:29:44.275272: Pseudo dice [0.6529, 0.7539, 0.6084]
2026-06-03 20:29:44.275362: Epoch time: 109.52 s
2026-06-03 20:29:45.432378: 
2026-06-03 20:29:45.432536: Epoch 65
2026-06-03 20:29:45.432660: Current learning rate: 0.0007
2026-06-03 20:31:35.036198: train_loss -0.4874
2026-06-03 20:31:35.036425: val_loss -0.5033
2026-06-03 20:31:35.036530: Pseudo dice [0.6603, 0.7814, 0.6703]
2026-06-03 20:31:35.036622: Epoch time: 109.61 s
2026-06-03 20:31:35.036697: Yayy! New best EMA pseudo Dice: 0.6772
2026-06-03 20:31:36.391299: 
2026-06-03 20:31:36.391459: Epoch 66
2026-06-03 20:31:36.391585: Current learning rate: 0.0007
2026-06-03 20:33:26.064622: train_loss -0.4969
2026-06-03 20:33:26.064852: val_loss -0.4897
2026-06-03 20:33:26.064986: Pseudo dice [0.6411, 0.7863, 0.6459]
2026-06-03 20:33:26.065080: Epoch time: 109.68 s
2026-06-03 20:33:26.065152: Yayy! New best EMA pseudo Dice: 0.6786
2026-06-03 20:33:27.420221: 
2026-06-03 20:33:27.420381: Epoch 67
2026-06-03 20:33:27.420502: Current learning rate: 0.00069
2026-06-03 20:35:16.774734: train_loss -0.4818
2026-06-03 20:35:16.774953: val_loss -0.5477
2026-06-03 20:35:16.775057: Pseudo dice [0.6637, 0.7851, 0.6847]
2026-06-03 20:35:16.775144: Epoch time: 109.36 s
2026-06-03 20:35:16.775215: Yayy! New best EMA pseudo Dice: 0.6819
2026-06-03 20:35:18.257133: 
2026-06-03 20:35:18.257303: Epoch 68
2026-06-03 20:35:18.257427: Current learning rate: 0.00069
2026-06-03 20:37:07.675145: train_loss -0.4611
2026-06-03 20:37:07.675388: val_loss -0.4773
2026-06-03 20:37:07.675492: Pseudo dice [0.6904, 0.7901, 0.6055]
2026-06-03 20:37:07.675581: Epoch time: 109.42 s
2026-06-03 20:37:07.675651: Yayy! New best EMA pseudo Dice: 0.6832
2026-06-03 20:37:09.033836: 
2026-06-03 20:37:09.034013: Epoch 69
2026-06-03 20:37:09.034137: Current learning rate: 0.00068
2026-06-03 20:38:58.352329: train_loss -0.4906
2026-06-03 20:38:58.352528: val_loss -0.5013
2026-06-03 20:38:58.352628: Pseudo dice [0.6644, 0.7965, 0.6851]
2026-06-03 20:38:58.352714: Epoch time: 109.32 s
2026-06-03 20:38:58.352784: Yayy! New best EMA pseudo Dice: 0.6864
2026-06-03 20:38:59.711293: 
2026-06-03 20:38:59.711460: Epoch 70
2026-06-03 20:38:59.711582: Current learning rate: 0.00068
2026-06-03 20:40:49.059864: train_loss -0.4987
2026-06-03 20:40:49.060081: val_loss -0.4597
2026-06-03 20:40:49.060184: Pseudo dice [0.5962, 0.7339, 0.5974]
2026-06-03 20:40:49.060281: Epoch time: 109.35 s
2026-06-03 20:40:50.221405: 
2026-06-03 20:40:50.221581: Epoch 71
2026-06-03 20:40:50.221704: Current learning rate: 0.00067
2026-06-03 20:42:39.621559: train_loss -0.4775
2026-06-03 20:42:39.621799: val_loss -0.4747
2026-06-03 20:42:39.621904: Pseudo dice [0.5909, 0.7849, 0.6008]
2026-06-03 20:42:39.621992: Epoch time: 109.4 s
2026-06-03 20:42:40.906598: 
2026-06-03 20:42:40.906768: Epoch 72
2026-06-03 20:42:40.906893: Current learning rate: 0.00067
2026-06-03 20:44:30.113983: train_loss -0.4899
2026-06-03 20:44:30.114214: val_loss -0.4963
2026-06-03 20:44:30.114329: Pseudo dice [0.6286, 0.7844, 0.6565]
2026-06-03 20:44:30.114419: Epoch time: 109.21 s
2026-06-03 20:44:31.278424: 
2026-06-03 20:44:31.278599: Epoch 73
2026-06-03 20:44:31.278724: Current learning rate: 0.00066
2026-06-03 20:46:20.626399: train_loss -0.4932
2026-06-03 20:46:20.626643: val_loss -0.4767
2026-06-03 20:46:20.626747: Pseudo dice [0.6674, 0.7916, 0.6721]
2026-06-03 20:46:20.626842: Epoch time: 109.35 s
2026-06-03 20:46:21.795284: 
2026-06-03 20:46:21.795448: Epoch 74
2026-06-03 20:46:21.795573: Current learning rate: 0.00066
2026-06-03 20:48:11.336760: train_loss -0.5028
2026-06-03 20:48:11.336978: val_loss -0.5165
2026-06-03 20:48:11.337079: Pseudo dice [0.6515, 0.7679, 0.6782]
2026-06-03 20:48:11.337165: Epoch time: 109.54 s
2026-06-03 20:48:12.500603: 
2026-06-03 20:48:12.500774: Epoch 75
2026-06-03 20:48:12.500899: Current learning rate: 0.00066
2026-06-03 20:50:01.740438: train_loss -0.4955
2026-06-03 20:50:01.740676: val_loss -0.5185
2026-06-03 20:50:01.740775: Pseudo dice [0.6467, 0.7983, 0.6761]
2026-06-03 20:50:01.740865: Epoch time: 109.24 s
2026-06-03 20:50:01.740938: Yayy! New best EMA pseudo Dice: 0.6874
2026-06-03 20:50:03.232134: 
2026-06-03 20:50:03.232310: Epoch 76
2026-06-03 20:50:03.232437: Current learning rate: 0.00065
2026-06-03 20:51:52.488773: train_loss -0.4821
2026-06-03 20:51:52.489017: val_loss -0.4928
2026-06-03 20:51:52.489119: Pseudo dice [0.6411, 0.7873, 0.6345]
2026-06-03 20:51:52.489210: Epoch time: 109.26 s
2026-06-03 20:51:52.489288: Yayy! New best EMA pseudo Dice: 0.6874
2026-06-03 20:51:53.853607: 
2026-06-03 20:51:53.853779: Epoch 77
2026-06-03 20:51:53.853906: Current learning rate: 0.00065
2026-06-03 20:53:43.081663: train_loss -0.4884
2026-06-03 20:53:43.081870: val_loss -0.4887
2026-06-03 20:53:43.081968: Pseudo dice [0.6617, 0.7601, 0.6522]
2026-06-03 20:53:43.082057: Epoch time: 109.23 s
2026-06-03 20:53:43.082130: Yayy! New best EMA pseudo Dice: 0.6878
2026-06-03 20:53:44.455806: 
2026-06-03 20:53:44.455972: Epoch 78
2026-06-03 20:53:44.456097: Current learning rate: 0.00064
2026-06-03 20:55:33.802207: train_loss -0.5068
2026-06-03 20:55:33.802432: val_loss -0.5109
2026-06-03 20:55:33.802533: Pseudo dice [0.6717, 0.8002, 0.6506]
2026-06-03 20:55:33.802626: Epoch time: 109.35 s
2026-06-03 20:55:33.802696: Yayy! New best EMA pseudo Dice: 0.6898
2026-06-03 20:55:35.174062: 
2026-06-03 20:55:35.174232: Epoch 79
2026-06-03 20:55:35.174358: Current learning rate: 0.00064
2026-06-03 20:57:24.713145: train_loss -0.4817
2026-06-03 20:57:24.713793: val_loss -0.5082
2026-06-03 20:57:24.713910: Pseudo dice [0.6719, 0.8196, 0.6275]
2026-06-03 20:57:24.714003: Epoch time: 109.54 s
2026-06-03 20:57:24.714076: Yayy! New best EMA pseudo Dice: 0.6914
2026-06-03 20:57:26.094280: 
2026-06-03 20:57:26.094444: Epoch 80
2026-06-03 20:57:26.094569: Current learning rate: 0.00063
2026-06-03 20:59:15.772656: train_loss -0.4952
2026-06-03 20:59:15.772902: val_loss -0.5192
2026-06-03 20:59:15.773006: Pseudo dice [0.6584, 0.7897, 0.6717]
2026-06-03 20:59:15.773097: Epoch time: 109.68 s
2026-06-03 20:59:15.773169: Yayy! New best EMA pseudo Dice: 0.693
2026-06-03 20:59:17.148689: 
2026-06-03 20:59:17.148867: Epoch 81
2026-06-03 20:59:17.148993: Current learning rate: 0.00063
2026-06-03 21:01:06.433125: train_loss -0.5015
2026-06-03 21:01:06.433363: val_loss -0.4967
2026-06-03 21:01:06.433475: Pseudo dice [0.6791, 0.8041, 0.6662]
2026-06-03 21:01:06.433567: Epoch time: 109.29 s
2026-06-03 21:01:06.433638: Yayy! New best EMA pseudo Dice: 0.6953
2026-06-03 21:01:07.808239: 
2026-06-03 21:01:07.808395: Epoch 82
2026-06-03 21:01:07.808518: Current learning rate: 0.00062
2026-06-03 21:02:57.422009: train_loss -0.5181
2026-06-03 21:02:57.422258: val_loss -0.4889
2026-06-03 21:02:57.422367: Pseudo dice [0.6312, 0.7919, 0.6672]
2026-06-03 21:02:57.422456: Epoch time: 109.62 s
2026-06-03 21:02:57.422527: Yayy! New best EMA pseudo Dice: 0.6955
2026-06-03 21:02:58.762442: 
2026-06-03 21:02:58.762611: Epoch 83
2026-06-03 21:02:58.762762: Current learning rate: 0.00062
2026-06-03 21:04:48.024666: train_loss -0.508
2026-06-03 21:04:48.025062: val_loss -0.4088
2026-06-03 21:04:48.025169: Pseudo dice [0.6171, 0.7783, 0.5587]
2026-06-03 21:04:48.025270: Epoch time: 109.27 s
2026-06-03 21:04:49.169298: 
2026-06-03 21:04:49.169465: Epoch 84
2026-06-03 21:04:49.169591: Current learning rate: 0.00061
2026-06-03 21:06:38.623188: train_loss -0.5029
2026-06-03 21:06:38.623416: val_loss -0.5085
2026-06-03 21:06:38.623521: Pseudo dice [0.6545, 0.816, 0.6546]
2026-06-03 21:06:38.623611: Epoch time: 109.46 s
2026-06-03 21:06:39.770348: 
2026-06-03 21:06:39.770512: Epoch 85
2026-06-03 21:06:39.770636: Current learning rate: 0.00061
2026-06-03 21:08:29.169083: train_loss -0.4948
2026-06-03 21:08:29.169370: val_loss -0.5045
2026-06-03 21:08:29.169478: Pseudo dice [0.6595, 0.834, 0.6829]
2026-06-03 21:08:29.169572: Epoch time: 109.4 s
2026-06-03 21:08:29.169647: Yayy! New best EMA pseudo Dice: 0.696
2026-06-03 21:08:30.517596: 
2026-06-03 21:08:30.517770: Epoch 86
2026-06-03 21:08:30.517895: Current learning rate: 0.0006
2026-06-03 21:10:19.851554: train_loss -0.5099
2026-06-03 21:10:19.851997: val_loss -0.4427
2026-06-03 21:10:19.852109: Pseudo dice [0.6238, 0.7242, 0.6026]
2026-06-03 21:10:19.852199: Epoch time: 109.34 s
2026-06-03 21:10:21.000498: 
2026-06-03 21:10:21.000665: Epoch 87
2026-06-03 21:10:21.000789: Current learning rate: 0.0006
2026-06-03 21:12:10.423969: train_loss -0.4866
2026-06-03 21:12:10.424500: val_loss -0.4203
2026-06-03 21:12:10.424612: Pseudo dice [0.6311, 0.7819, 0.5897]
2026-06-03 21:12:10.424702: Epoch time: 109.43 s
2026-06-03 21:12:11.570116: 
2026-06-03 21:12:11.570290: Epoch 88
2026-06-03 21:12:11.570414: Current learning rate: 0.00059
2026-06-03 21:14:00.916321: train_loss -0.522
2026-06-03 21:14:00.916556: val_loss -0.4842
2026-06-03 21:14:00.916661: Pseudo dice [0.6617, 0.7434, 0.6713]
2026-06-03 21:14:00.916752: Epoch time: 109.35 s
2026-06-03 21:14:02.061337: 
2026-06-03 21:14:02.061505: Epoch 89
2026-06-03 21:14:02.061630: Current learning rate: 0.00059
2026-06-03 21:15:51.589500: train_loss -0.5031
2026-06-03 21:15:51.589733: val_loss -0.5049
2026-06-03 21:15:51.589837: Pseudo dice [0.663, 0.8001, 0.6844]
2026-06-03 21:15:51.589926: Epoch time: 109.53 s
2026-06-03 21:15:52.713378: 
2026-06-03 21:15:52.713540: Epoch 90
2026-06-03 21:15:52.713667: Current learning rate: 0.00058
2026-06-03 21:17:42.022854: train_loss -0.5151
2026-06-03 21:17:42.023099: val_loss -0.4883
2026-06-03 21:17:42.023204: Pseudo dice [0.6581, 0.8033, 0.6493]
2026-06-03 21:17:42.023312: Epoch time: 109.31 s
2026-06-03 21:17:43.141704: 
2026-06-03 21:17:43.141876: Epoch 91
2026-06-03 21:17:43.142001: Current learning rate: 0.00058
2026-06-03 21:19:32.579234: train_loss -0.5178
2026-06-03 21:19:32.579716: val_loss -0.529
2026-06-03 21:19:32.579830: Pseudo dice [0.6792, 0.7826, 0.6694]
2026-06-03 21:19:32.579925: Epoch time: 109.44 s
2026-06-03 21:19:33.704613: 
2026-06-03 21:19:33.704784: Epoch 92
2026-06-03 21:19:33.704910: Current learning rate: 0.00057
2026-06-03 21:21:23.292757: train_loss -0.5396
2026-06-03 21:21:23.293000: val_loss -0.5262
2026-06-03 21:21:23.293102: Pseudo dice [0.6665, 0.7855, 0.6914]
2026-06-03 21:21:23.293190: Epoch time: 109.59 s
2026-06-03 21:21:23.293275: Yayy! New best EMA pseudo Dice: 0.6969
2026-06-03 21:21:24.618703: 
2026-06-03 21:21:24.618869: Epoch 93
2026-06-03 21:21:24.618997: Current learning rate: 0.00057
2026-06-03 21:23:13.998091: train_loss -0.5195
2026-06-03 21:23:13.998329: val_loss -0.5283
2026-06-03 21:23:13.998433: Pseudo dice [0.6901, 0.7993, 0.6753]
2026-06-03 21:23:13.998522: Epoch time: 109.38 s
2026-06-03 21:23:13.998592: Yayy! New best EMA pseudo Dice: 0.6993
2026-06-03 21:23:15.317895: 
2026-06-03 21:23:15.318070: Epoch 94
2026-06-03 21:23:15.318197: Current learning rate: 0.00056
2026-06-03 21:25:04.665608: train_loss -0.5237
2026-06-03 21:25:04.665837: val_loss -0.5111
2026-06-03 21:25:04.665942: Pseudo dice [0.686, 0.8215, 0.6488]
2026-06-03 21:25:04.666030: Epoch time: 109.35 s
2026-06-03 21:25:04.666102: Yayy! New best EMA pseudo Dice: 0.7013
2026-06-03 21:25:05.990860: 
2026-06-03 21:25:05.991025: Epoch 95
2026-06-03 21:25:05.991151: Current learning rate: 0.00056
2026-06-03 21:26:55.411673: train_loss -0.5165
2026-06-03 21:26:55.411917: val_loss -0.4827
2026-06-03 21:26:55.412022: Pseudo dice [0.6444, 0.7343, 0.6105]
2026-06-03 21:26:55.412113: Epoch time: 109.42 s
2026-06-03 21:26:56.653099: 
2026-06-03 21:26:56.653273: Epoch 96
2026-06-03 21:26:56.653399: Current learning rate: 0.00056
2026-06-03 21:28:46.026511: train_loss -0.5361
2026-06-03 21:28:46.026736: val_loss -0.5099
2026-06-03 21:28:46.026839: Pseudo dice [0.6651, 0.8259, 0.6797]
2026-06-03 21:28:46.026929: Epoch time: 109.38 s
2026-06-03 21:28:47.173010: 
2026-06-03 21:28:47.173177: Epoch 97
2026-06-03 21:28:47.173312: Current learning rate: 0.00055
2026-06-03 21:30:36.423586: train_loss -0.5201
2026-06-03 21:30:36.423823: val_loss -0.5052
2026-06-03 21:30:36.423954: Pseudo dice [0.6642, 0.7943, 0.6749]
2026-06-03 21:30:36.424046: Epoch time: 109.25 s
2026-06-03 21:30:37.558152: 
2026-06-03 21:30:37.558324: Epoch 98
2026-06-03 21:30:37.558455: Current learning rate: 0.00055
2026-06-03 21:32:27.088629: train_loss -0.5248
2026-06-03 21:32:27.088873: val_loss -0.5452
2026-06-03 21:32:27.088977: Pseudo dice [0.6785, 0.8132, 0.6533]
2026-06-03 21:32:27.089066: Epoch time: 109.53 s
2026-06-03 21:32:27.089137: Yayy! New best EMA pseudo Dice: 0.7026
2026-06-03 21:32:28.420763: 
2026-06-03 21:32:28.420930: Epoch 99
2026-06-03 21:32:28.421055: Current learning rate: 0.00054
2026-06-03 21:34:17.707731: train_loss -0.5223
2026-06-03 21:34:17.707948: val_loss -0.5167
2026-06-03 21:34:17.708049: Pseudo dice [0.6386, 0.805, 0.6703]
2026-06-03 21:34:17.708139: Epoch time: 109.29 s
2026-06-03 21:34:17.907706: Yayy! New best EMA pseudo Dice: 0.7028
2026-06-03 21:34:19.236088: 
2026-06-03 21:34:19.236254: Epoch 100
2026-06-03 21:34:19.236380: Current learning rate: 0.00054
2026-06-03 21:36:08.786980: train_loss -0.524
2026-06-03 21:36:08.787195: val_loss -0.5554
2026-06-03 21:36:08.787320: Pseudo dice [0.6639, 0.8032, 0.6877]
2026-06-03 21:36:08.787411: Epoch time: 109.55 s
2026-06-03 21:36:08.787483: Yayy! New best EMA pseudo Dice: 0.7043
2026-06-03 21:36:10.117894: 
2026-06-03 21:36:10.118060: Epoch 101
2026-06-03 21:36:10.118186: Current learning rate: 0.00053
2026-06-03 21:37:59.360004: train_loss -0.5253
2026-06-03 21:37:59.360255: val_loss -0.5179
2026-06-03 21:37:59.360364: Pseudo dice [0.6881, 0.8037, 0.6472]
2026-06-03 21:37:59.360462: Epoch time: 109.25 s
2026-06-03 21:37:59.360539: Yayy! New best EMA pseudo Dice: 0.7052
2026-06-03 21:38:00.693758: 
2026-06-03 21:38:00.693922: Epoch 102
2026-06-03 21:38:00.694048: Current learning rate: 0.00053
2026-06-03 21:39:50.017358: train_loss -0.5188
2026-06-03 21:39:50.017602: val_loss -0.4943
2026-06-03 21:39:50.017715: Pseudo dice [0.7049, 0.7945, 0.7189]
2026-06-03 21:39:50.017812: Epoch time: 109.33 s
2026-06-03 21:39:50.017889: Yayy! New best EMA pseudo Dice: 0.7086
2026-06-03 21:39:51.459732: 
2026-06-03 21:39:51.459923: Epoch 103
2026-06-03 21:39:51.460051: Current learning rate: 0.00052
2026-06-03 21:41:40.800290: train_loss -0.5359
2026-06-03 21:41:40.800522: val_loss -0.5209
2026-06-03 21:41:40.800625: Pseudo dice [0.6977, 0.7666, 0.6864]
2026-06-03 21:41:40.800714: Epoch time: 109.34 s
2026-06-03 21:41:40.800788: Yayy! New best EMA pseudo Dice: 0.7094
2026-06-03 21:41:42.291580: 
2026-06-03 21:41:42.291745: Epoch 104
2026-06-03 21:41:42.291873: Current learning rate: 0.00052
2026-06-03 21:43:31.337649: train_loss -0.527
2026-06-03 21:43:31.337937: val_loss -0.5325
2026-06-03 21:43:31.338049: Pseudo dice [0.6499, 0.8081, 0.6642]
2026-06-03 21:43:31.338144: Epoch time: 109.05 s
2026-06-03 21:43:32.608354: 
2026-06-03 21:43:32.608526: Epoch 105
2026-06-03 21:43:32.608651: Current learning rate: 0.00051
2026-06-03 21:45:21.853061: train_loss -0.5273
2026-06-03 21:45:21.853310: val_loss -0.5105
2026-06-03 21:45:21.853424: Pseudo dice [0.6557, 0.7973, 0.6681]
2026-06-03 21:45:21.853518: Epoch time: 109.25 s
2026-06-03 21:45:23.108656: 
2026-06-03 21:45:23.108828: Epoch 106
2026-06-03 21:45:23.108952: Current learning rate: 0.00051
2026-06-03 21:47:12.456257: train_loss -0.5355
2026-06-03 21:47:12.456481: val_loss -0.551
2026-06-03 21:47:12.456586: Pseudo dice [0.6704, 0.8133, 0.6972]
2026-06-03 21:47:12.456676: Epoch time: 109.35 s
2026-06-03 21:47:12.456748: Yayy! New best EMA pseudo Dice: 0.7108
2026-06-03 21:47:13.791004: 
2026-06-03 21:47:13.791233: Epoch 107
2026-06-03 21:47:13.791393: Current learning rate: 0.0005
2026-06-03 21:49:03.030350: train_loss -0.5357
2026-06-03 21:49:03.030746: val_loss -0.5355
2026-06-03 21:49:03.030852: Pseudo dice [0.6621, 0.8114, 0.7159]
2026-06-03 21:49:03.031031: Epoch time: 109.24 s
2026-06-03 21:49:03.031113: Yayy! New best EMA pseudo Dice: 0.7127
2026-06-03 21:49:04.365011: 
2026-06-03 21:49:04.365178: Epoch 108
2026-06-03 21:49:04.365309: Current learning rate: 0.0005
2026-06-03 21:50:53.604148: train_loss -0.5396
2026-06-03 21:50:53.604594: val_loss -0.5259
2026-06-03 21:50:53.604709: Pseudo dice [0.6543, 0.8075, 0.7075]
2026-06-03 21:50:53.604802: Epoch time: 109.24 s
2026-06-03 21:50:53.604877: Yayy! New best EMA pseudo Dice: 0.7137
2026-06-03 21:50:55.051902: 
2026-06-03 21:50:55.052055: Epoch 109
2026-06-03 21:50:55.052172: Current learning rate: 0.00049
2026-06-03 21:52:44.154260: train_loss -0.5461
2026-06-03 21:52:44.154669: val_loss -0.5517
2026-06-03 21:52:44.154776: Pseudo dice [0.7122, 0.8328, 0.7257]
2026-06-03 21:52:44.154865: Epoch time: 109.11 s
2026-06-03 21:52:44.154938: Yayy! New best EMA pseudo Dice: 0.7181
2026-06-03 21:52:45.594192: 
2026-06-03 21:52:45.594355: Epoch 110
2026-06-03 21:52:45.594478: Current learning rate: 0.00049
2026-06-03 21:54:34.468061: train_loss -0.5543
2026-06-03 21:54:34.468256: val_loss -0.5218
2026-06-03 21:54:34.468382: Pseudo dice [0.6525, 0.8049, 0.6673]
2026-06-03 21:54:34.468472: Epoch time: 108.88 s
2026-06-03 21:54:35.597579: 
2026-06-03 21:54:35.597733: Epoch 111
2026-06-03 21:54:35.597850: Current learning rate: 0.00048
2026-06-03 21:56:24.511297: train_loss -0.5327
2026-06-03 21:56:24.511722: val_loss -0.5091
2026-06-03 21:56:24.511832: Pseudo dice [0.6566, 0.7869, 0.6306]
2026-06-03 21:56:24.511929: Epoch time: 108.92 s
2026-06-03 21:56:25.762301: 
2026-06-03 21:56:25.762453: Epoch 112
2026-06-03 21:56:25.762574: Current learning rate: 0.00048
2026-06-03 21:58:14.651312: train_loss -0.5276
2026-06-03 21:58:14.651960: val_loss -0.5458
2026-06-03 21:58:14.652076: Pseudo dice [0.6715, 0.8259, 0.6982]
2026-06-03 21:58:14.652168: Epoch time: 108.89 s
2026-06-03 21:58:15.781683: 
2026-06-03 21:58:15.781836: Epoch 113
2026-06-03 21:58:15.781958: Current learning rate: 0.00047
2026-06-03 22:00:04.683124: train_loss -0.551
2026-06-03 22:00:04.683320: val_loss -0.492
2026-06-03 22:00:04.683432: Pseudo dice [0.6599, 0.7775, 0.6539]
2026-06-03 22:00:04.683524: Epoch time: 108.9 s
2026-06-03 22:00:05.813576: 
2026-06-03 22:00:05.813732: Epoch 114
2026-06-03 22:00:05.813852: Current learning rate: 0.00047
2026-06-03 22:01:54.765686: train_loss -0.5397
2026-06-03 22:01:54.765876: val_loss -0.5213
2026-06-03 22:01:54.765977: Pseudo dice [0.6781, 0.8169, 0.6436]
2026-06-03 22:01:54.766062: Epoch time: 108.95 s
2026-06-03 22:01:55.897296: 
2026-06-03 22:01:55.897453: Epoch 115
2026-06-03 22:01:55.897574: Current learning rate: 0.00046
2026-06-03 22:03:44.810776: train_loss -0.5216
2026-06-03 22:03:44.810980: val_loss -0.5074
2026-06-03 22:03:44.811083: Pseudo dice [0.7021, 0.8115, 0.7015]
2026-06-03 22:03:44.811169: Epoch time: 108.92 s
2026-06-03 22:03:45.952808: 
2026-06-03 22:03:45.952964: Epoch 116
2026-06-03 22:03:45.953081: Current learning rate: 0.00046
2026-06-03 22:05:35.032844: train_loss -0.5574
2026-06-03 22:05:35.033044: val_loss -0.5063
2026-06-03 22:05:35.033150: Pseudo dice [0.6587, 0.8034, 0.6817]
2026-06-03 22:05:35.033251: Epoch time: 109.08 s
2026-06-03 22:05:36.176933: 
2026-06-03 22:05:36.177127: Epoch 117
2026-06-03 22:05:36.177248: Current learning rate: 0.00045
2026-06-03 22:07:25.145946: train_loss -0.5332
2026-06-03 22:07:25.146146: val_loss -0.5172
2026-06-03 22:07:25.146258: Pseudo dice [0.6929, 0.8094, 0.6675]
2026-06-03 22:07:25.146350: Epoch time: 108.97 s
2026-06-03 22:07:26.288868: 
2026-06-03 22:07:26.289026: Epoch 118
2026-06-03 22:07:26.289140: Current learning rate: 0.00045
2026-06-03 22:09:15.378649: train_loss -0.5571
2026-06-03 22:09:15.378841: val_loss -0.555
2026-06-03 22:09:15.378948: Pseudo dice [0.687, 0.8112, 0.7382]
2026-06-03 22:09:15.379034: Epoch time: 109.09 s
2026-06-03 22:09:15.379103: Yayy! New best EMA pseudo Dice: 0.7199
2026-06-03 22:09:16.835991: 
2026-06-03 22:09:16.836149: Epoch 119
2026-06-03 22:09:16.836280: Current learning rate: 0.00044
2026-06-03 22:11:05.772196: train_loss -0.5315
2026-06-03 22:11:05.772396: val_loss -0.5464
2026-06-03 22:11:05.772498: Pseudo dice [0.6788, 0.7921, 0.6716]
2026-06-03 22:11:05.772584: Epoch time: 108.94 s
2026-06-03 22:11:06.915992: 
2026-06-03 22:11:06.916152: Epoch 120
2026-06-03 22:11:06.916280: Current learning rate: 0.00044
2026-06-03 22:12:56.039106: train_loss -0.5462
2026-06-03 22:12:56.039311: val_loss -0.548
2026-06-03 22:12:56.039413: Pseudo dice [0.6737, 0.8205, 0.6918]
2026-06-03 22:12:56.039499: Epoch time: 109.13 s
2026-06-03 22:12:56.039570: Yayy! New best EMA pseudo Dice: 0.7203
2026-06-03 22:12:57.489527: 
2026-06-03 22:12:57.489720: Epoch 121
2026-06-03 22:12:57.489845: Current learning rate: 0.00043
2026-06-03 22:14:46.444711: train_loss -0.5276
2026-06-03 22:14:46.445420: val_loss -0.4857
2026-06-03 22:14:46.445540: Pseudo dice [0.6743, 0.7885, 0.659]
2026-06-03 22:14:46.445634: Epoch time: 108.96 s
2026-06-03 22:14:47.589728: 
2026-06-03 22:14:47.589890: Epoch 122
2026-06-03 22:14:47.590014: Current learning rate: 0.00043
2026-06-03 22:16:36.816967: train_loss -0.5591
2026-06-03 22:16:36.817419: val_loss -0.4901
2026-06-03 22:16:36.817530: Pseudo dice [0.6536, 0.8153, 0.6835]
2026-06-03 22:16:36.817623: Epoch time: 109.23 s
2026-06-03 22:16:37.965550: 
2026-06-03 22:16:37.965706: Epoch 123
2026-06-03 22:16:37.965827: Current learning rate: 0.00042
2026-06-03 22:18:26.983124: train_loss -0.5322
2026-06-03 22:18:26.983333: val_loss -0.5849
2026-06-03 22:18:26.983437: Pseudo dice [0.6826, 0.8316, 0.7163]
2026-06-03 22:18:26.983530: Epoch time: 109.02 s
2026-06-03 22:18:26.983602: Yayy! New best EMA pseudo Dice: 0.7213
2026-06-03 22:18:28.337940: 
2026-06-03 22:18:28.338104: Epoch 124
2026-06-03 22:18:28.338234: Current learning rate: 0.00042
2026-06-03 22:20:17.309786: train_loss -0.5452
2026-06-03 22:20:17.309987: val_loss -0.5212
2026-06-03 22:20:17.310089: Pseudo dice [0.6898, 0.8263, 0.7001]
2026-06-03 22:20:17.310177: Epoch time: 108.97 s
2026-06-03 22:20:17.310261: Yayy! New best EMA pseudo Dice: 0.723
2026-06-03 22:20:18.785254: 
2026-06-03 22:20:18.785415: Epoch 125
2026-06-03 22:20:18.785538: Current learning rate: 0.00041
2026-06-03 22:22:07.753830: train_loss -0.568
2026-06-03 22:22:07.754025: val_loss -0.5334
2026-06-03 22:22:07.754126: Pseudo dice [0.6781, 0.8091, 0.7166]
2026-06-03 22:22:07.754216: Epoch time: 108.97 s
2026-06-03 22:22:07.754297: Yayy! New best EMA pseudo Dice: 0.7242
2026-06-03 22:22:09.227232: 
2026-06-03 22:22:09.227391: Epoch 126
2026-06-03 22:22:09.227520: Current learning rate: 0.00041
2026-06-03 22:23:58.350513: train_loss -0.5473
2026-06-03 22:23:58.351161: val_loss -0.5834
2026-06-03 22:23:58.351290: Pseudo dice [0.691, 0.8121, 0.7348]
2026-06-03 22:23:58.351388: Epoch time: 109.13 s
2026-06-03 22:23:58.351465: Yayy! New best EMA pseudo Dice: 0.7264
2026-06-03 22:23:59.833151: 
2026-06-03 22:23:59.833317: Epoch 127
2026-06-03 22:23:59.833442: Current learning rate: 0.0004
2026-06-03 22:25:48.795820: train_loss -0.5534
2026-06-03 22:25:48.796219: val_loss -0.5494
2026-06-03 22:25:48.796336: Pseudo dice [0.6725, 0.8068, 0.7155]
2026-06-03 22:25:48.796432: Epoch time: 108.97 s
2026-06-03 22:25:48.796506: Yayy! New best EMA pseudo Dice: 0.7269
2026-06-03 22:25:50.267715: 
2026-06-03 22:25:50.267868: Epoch 128
2026-06-03 22:25:50.267989: Current learning rate: 0.0004
2026-06-03 22:27:39.319391: train_loss -0.5387
2026-06-03 22:27:39.320279: val_loss -0.5259
2026-06-03 22:27:39.320390: Pseudo dice [0.6714, 0.8272, 0.7196]
2026-06-03 22:27:39.320484: Epoch time: 109.05 s
2026-06-03 22:27:39.320559: Yayy! New best EMA pseudo Dice: 0.7282
2026-06-03 22:27:40.675281: 
2026-06-03 22:27:40.675435: Epoch 129
2026-06-03 22:27:40.675557: Current learning rate: 0.00039
2026-06-03 22:29:29.696289: train_loss -0.5492
2026-06-03 22:29:29.697594: val_loss -0.5362
2026-06-03 22:29:29.697707: Pseudo dice [0.6913, 0.8204, 0.7034]
2026-06-03 22:29:29.697804: Epoch time: 109.02 s
2026-06-03 22:29:29.697877: Yayy! New best EMA pseudo Dice: 0.7292
2026-06-03 22:29:31.181311: 
2026-06-03 22:29:31.182515: Epoch 130
2026-06-03 22:29:31.182652: Current learning rate: 0.00039
2026-06-03 22:31:20.137520: train_loss -0.5511
2026-06-03 22:31:20.139139: val_loss -0.5443
2026-06-03 22:31:20.139256: Pseudo dice [0.6875, 0.8136, 0.663]
2026-06-03 22:31:20.139349: Epoch time: 108.96 s
2026-06-03 22:31:21.408870: 
2026-06-03 22:31:21.409827: Epoch 131
2026-06-03 22:31:21.409961: Current learning rate: 0.00038
2026-06-03 22:33:10.378748: train_loss -0.579
2026-06-03 22:33:10.380028: val_loss -0.5159
2026-06-03 22:33:10.380136: Pseudo dice [0.686, 0.8288, 0.6473]
2026-06-03 22:33:10.380223: Epoch time: 108.97 s
2026-06-03 22:33:11.649868: 
2026-06-03 22:33:11.650903: Epoch 132
2026-06-03 22:33:11.651038: Current learning rate: 0.00038
2026-06-03 22:35:00.602597: train_loss -0.5628
2026-06-03 22:35:00.603723: val_loss -0.5604
2026-06-03 22:35:00.603832: Pseudo dice [0.6866, 0.8219, 0.7202]
2026-06-03 22:35:00.603926: Epoch time: 108.96 s
2026-06-03 22:35:01.755438: 
2026-06-03 22:35:01.756462: Epoch 133
2026-06-03 22:35:01.756626: Current learning rate: 0.00037
2026-06-03 22:36:50.784634: train_loss -0.5603
2026-06-03 22:36:50.785915: val_loss -0.5266
2026-06-03 22:36:50.786025: Pseudo dice [0.6861, 0.8057, 0.6742]
2026-06-03 22:36:50.786112: Epoch time: 109.03 s
2026-06-03 22:36:52.053722: 
2026-06-03 22:36:52.054831: Epoch 134
2026-06-03 22:36:52.054963: Current learning rate: 0.00037
2026-06-03 22:38:41.148889: train_loss -0.5513
2026-06-03 22:38:41.150143: val_loss -0.5381
2026-06-03 22:38:41.150257: Pseudo dice [0.7222, 0.8126, 0.7084]
2026-06-03 22:38:41.150348: Epoch time: 109.1 s
2026-06-03 22:38:41.150421: Yayy! New best EMA pseudo Dice: 0.7304
2026-06-03 22:38:42.510523: 
2026-06-03 22:38:42.511680: Epoch 135
2026-06-03 22:38:42.511813: Current learning rate: 0.00036
2026-06-03 22:40:31.754456: train_loss -0.5643
2026-06-03 22:40:31.755565: val_loss -0.6067
2026-06-03 22:40:31.755681: Pseudo dice [0.7317, 0.8422, 0.7346]
2026-06-03 22:40:31.755774: Epoch time: 109.25 s
2026-06-03 22:40:31.755847: Yayy! New best EMA pseudo Dice: 0.7343
2026-06-03 22:40:33.118692: 
2026-06-03 22:40:33.119751: Epoch 136
2026-06-03 22:40:33.119880: Current learning rate: 0.00036
2026-06-03 22:42:22.169713: train_loss -0.5699
2026-06-03 22:42:22.170902: val_loss -0.56
2026-06-03 22:42:22.171011: Pseudo dice [0.6972, 0.809, 0.7274]
2026-06-03 22:42:22.171098: Epoch time: 109.05 s
2026-06-03 22:42:22.171169: Yayy! New best EMA pseudo Dice: 0.7353
2026-06-03 22:42:23.534738: 
2026-06-03 22:42:23.535825: Epoch 137
2026-06-03 22:42:23.535960: Current learning rate: 0.00035
2026-06-03 22:44:12.497543: train_loss -0.5491
2026-06-03 22:44:12.498718: val_loss -0.5264
2026-06-03 22:44:12.498829: Pseudo dice [0.6688, 0.8116, 0.6842]
2026-06-03 22:44:12.498917: Epoch time: 108.97 s
2026-06-03 22:44:13.662923: 
2026-06-03 22:44:13.663953: Epoch 138
2026-06-03 22:44:13.664086: Current learning rate: 0.00035
2026-06-03 22:46:02.882220: train_loss -0.5636
2026-06-03 22:46:02.883547: val_loss -0.5156
2026-06-03 22:46:02.883657: Pseudo dice [0.6791, 0.7745, 0.7271]
2026-06-03 22:46:02.883748: Epoch time: 109.22 s
2026-06-03 22:46:04.050118: 
2026-06-03 22:46:04.050978: Epoch 139
2026-06-03 22:46:04.051113: Current learning rate: 0.00034
2026-06-03 22:47:53.586530: train_loss -0.5694
2026-06-03 22:47:53.587639: val_loss -0.5464
2026-06-03 22:47:53.587750: Pseudo dice [0.7126, 0.8142, 0.6975]
2026-06-03 22:47:53.587839: Epoch time: 109.54 s
2026-06-03 22:47:54.756724: 
2026-06-03 22:47:54.757725: Epoch 140
2026-06-03 22:47:54.757868: Current learning rate: 0.00034
2026-06-03 22:49:44.134258: train_loss -0.5662
2026-06-03 22:49:44.135460: val_loss -0.5688
2026-06-03 22:49:44.135573: Pseudo dice [0.722, 0.8192, 0.6789]
2026-06-03 22:49:44.135665: Epoch time: 109.38 s
2026-06-03 22:49:45.306103: 
2026-06-03 22:49:45.307259: Epoch 141
2026-06-03 22:49:45.307394: Current learning rate: 0.00033
2026-06-03 22:51:34.569982: train_loss -0.5568
2026-06-03 22:51:34.571168: val_loss -0.5581
2026-06-03 22:51:34.571292: Pseudo dice [0.6918, 0.8208, 0.7168]
2026-06-03 22:51:34.571386: Epoch time: 109.27 s
2026-06-03 22:51:34.572555: Yayy! New best EMA pseudo Dice: 0.7355
2026-06-03 22:51:35.947597: 
2026-06-03 22:51:35.948527: Epoch 142
2026-06-03 22:51:35.948662: Current learning rate: 0.00033
2026-06-03 22:53:25.383109: train_loss -0.5507
2026-06-03 22:53:25.384136: val_loss -0.5196
2026-06-03 22:53:25.384259: Pseudo dice [0.6804, 0.7578, 0.7015]
2026-06-03 22:53:25.384352: Epoch time: 109.44 s
2026-06-03 22:53:26.567096: 
2026-06-03 22:53:26.568055: Epoch 143
2026-06-03 22:53:26.568210: Current learning rate: 0.00032
2026-06-03 22:55:16.000236: train_loss -0.5493
2026-06-03 22:55:16.001235: val_loss -0.5711
2026-06-03 22:55:16.001347: Pseudo dice [0.7123, 0.8208, 0.7045]
2026-06-03 22:55:16.001437: Epoch time: 109.44 s
2026-06-03 22:55:17.177917: 
2026-06-03 22:55:17.178837: Epoch 144
2026-06-03 22:55:17.178976: Current learning rate: 0.00032
2026-06-03 22:57:06.619736: train_loss -0.5747
2026-06-03 22:57:06.620751: val_loss -0.5493
2026-06-03 22:57:06.620862: Pseudo dice [0.6897, 0.82, 0.7319]
2026-06-03 22:57:06.620953: Epoch time: 109.44 s
2026-06-03 22:57:06.621025: Yayy! New best EMA pseudo Dice: 0.7358
2026-06-03 22:57:07.998409: 
2026-06-03 22:57:07.999447: Epoch 145
2026-06-03 22:57:07.999586: Current learning rate: 0.00031
2026-06-03 22:58:57.535597: train_loss -0.5662
2026-06-03 22:58:57.536663: val_loss -0.5387
2026-06-03 22:58:57.536771: Pseudo dice [0.6828, 0.8351, 0.6887]
2026-06-03 22:58:57.536865: Epoch time: 109.54 s
2026-06-03 22:58:58.712018: 
2026-06-03 22:58:58.712891: Epoch 146
2026-06-03 22:58:58.713029: Current learning rate: 0.00031
2026-06-03 23:00:48.166401: train_loss -0.5739
2026-06-03 23:00:48.167446: val_loss -0.5712
2026-06-03 23:00:48.167560: Pseudo dice [0.7138, 0.8128, 0.7305]
2026-06-03 23:00:48.167654: Epoch time: 109.46 s
2026-06-03 23:00:48.167727: Yayy! New best EMA pseudo Dice: 0.7374
2026-06-03 23:00:49.546071: 
2026-06-03 23:00:49.546971: Epoch 147
2026-06-03 23:00:49.547108: Current learning rate: 0.0003
2026-06-03 23:02:38.991713: train_loss -0.5523
2026-06-03 23:02:38.992686: val_loss -0.5725
2026-06-03 23:02:38.992803: Pseudo dice [0.6823, 0.8393, 0.7503]
2026-06-03 23:02:38.992897: Epoch time: 109.45 s
2026-06-03 23:02:38.992969: Yayy! New best EMA pseudo Dice: 0.7394
2026-06-03 23:02:40.505790: 
2026-06-03 23:02:40.506736: Epoch 148
2026-06-03 23:02:40.506872: Current learning rate: 0.0003
2026-06-03 23:04:29.927639: train_loss -0.581
2026-06-03 23:04:29.929038: val_loss -0.5547
2026-06-03 23:04:29.929155: Pseudo dice [0.6854, 0.8266, 0.7238]
2026-06-03 23:04:29.929258: Epoch time: 109.42 s
2026-06-03 23:04:29.929336: Yayy! New best EMA pseudo Dice: 0.74
2026-06-03 23:04:31.308973: 
2026-06-03 23:04:31.310061: Epoch 149
2026-06-03 23:04:31.310195: Current learning rate: 0.00029
2026-06-03 23:06:20.859281: train_loss -0.5519
2026-06-03 23:06:20.860398: val_loss -0.5733
2026-06-03 23:06:20.860507: Pseudo dice [0.7143, 0.8273, 0.7118]
2026-06-03 23:06:20.860597: Epoch time: 109.55 s
2026-06-03 23:06:21.067454: Yayy! New best EMA pseudo Dice: 0.7411
2026-06-03 23:06:22.446945: 
2026-06-03 23:06:22.448085: Epoch 150
2026-06-03 23:06:22.448219: Current learning rate: 0.00029
2026-06-03 23:08:12.005127: train_loss -0.5638
2026-06-03 23:08:12.006401: val_loss -0.5564
2026-06-03 23:08:12.006510: Pseudo dice [0.7071, 0.8328, 0.7242]
2026-06-03 23:08:12.006600: Epoch time: 109.56 s
2026-06-03 23:08:12.006671: Yayy! New best EMA pseudo Dice: 0.7425
2026-06-03 23:08:13.386673: 
2026-06-03 23:08:13.387998: Epoch 151
2026-06-03 23:08:13.388133: Current learning rate: 0.00028
2026-06-03 23:10:02.967034: train_loss -0.5833
2026-06-03 23:10:02.968215: val_loss -0.5793
2026-06-03 23:10:02.968335: Pseudo dice [0.6982, 0.83, 0.7201]
2026-06-03 23:10:02.968430: Epoch time: 109.58 s
2026-06-03 23:10:02.968502: Yayy! New best EMA pseudo Dice: 0.7432
2026-06-03 23:10:04.350962: 
2026-06-03 23:10:04.351977: Epoch 152
2026-06-03 23:10:04.352112: Current learning rate: 0.00028
2026-06-03 23:11:53.940093: train_loss -0.5653
2026-06-03 23:11:53.941319: val_loss -0.5362
2026-06-03 23:11:53.941439: Pseudo dice [0.6704, 0.825, 0.7212]
2026-06-03 23:11:53.941537: Epoch time: 109.59 s
2026-06-03 23:11:55.123131: 
2026-06-03 23:11:55.124072: Epoch 153
2026-06-03 23:11:55.124215: Current learning rate: 0.00027
2026-06-03 23:13:44.959928: train_loss -0.5718
2026-06-03 23:13:44.960951: val_loss -0.5897
2026-06-03 23:13:44.961068: Pseudo dice [0.709, 0.8305, 0.7105]
2026-06-03 23:13:44.961159: Epoch time: 109.84 s
2026-06-03 23:13:44.961236: Yayy! New best EMA pseudo Dice: 0.7435
2026-06-03 23:13:46.358610: 
2026-06-03 23:13:46.359662: Epoch 154
2026-06-03 23:13:46.359805: Current learning rate: 0.00027
2026-06-03 23:15:35.905087: train_loss -0.5724
2026-06-03 23:15:35.906484: val_loss -0.5922
2026-06-03 23:15:35.906599: Pseudo dice [0.7261, 0.8452, 0.719]
2026-06-03 23:15:35.906688: Epoch time: 109.55 s
2026-06-03 23:15:35.906760: Yayy! New best EMA pseudo Dice: 0.7455
2026-06-03 23:15:37.302036: 
2026-06-03 23:15:37.303607: Epoch 155
2026-06-03 23:15:37.303746: Current learning rate: 0.00026
2026-06-03 23:17:26.987109: train_loss -0.5688
2026-06-03 23:17:26.989894: val_loss -0.5718
2026-06-03 23:17:26.990012: Pseudo dice [0.7213, 0.8245, 0.7145]
2026-06-03 23:17:26.990113: Epoch time: 109.69 s
2026-06-03 23:17:26.990196: Yayy! New best EMA pseudo Dice: 0.7463
2026-06-03 23:17:28.660693: 
2026-06-03 23:17:28.661613: Epoch 156
2026-06-03 23:17:28.661748: Current learning rate: 0.00026
2026-06-03 23:19:18.355714: train_loss -0.5636
2026-06-03 23:19:18.357058: val_loss -0.5916
2026-06-03 23:19:18.357170: Pseudo dice [0.6912, 0.8331, 0.7425]
2026-06-03 23:19:18.357275: Epoch time: 109.7 s
2026-06-03 23:19:18.357349: Yayy! New best EMA pseudo Dice: 0.7472
2026-06-03 23:19:19.758224: 
2026-06-03 23:19:19.759232: Epoch 157
2026-06-03 23:19:19.759369: Current learning rate: 0.00025
2026-06-03 23:21:09.606158: train_loss -0.5872
2026-06-03 23:21:09.607656: val_loss -0.5581
2026-06-03 23:21:09.607777: Pseudo dice [0.6905, 0.8262, 0.7079]
2026-06-03 23:21:09.607875: Epoch time: 109.85 s
2026-06-03 23:21:10.804130: 
2026-06-03 23:21:10.805146: Epoch 158
2026-06-03 23:21:10.805289: Current learning rate: 0.00025
2026-06-03 23:23:00.614607: train_loss -0.5849
2026-06-03 23:23:00.615944: val_loss -0.5659
2026-06-03 23:23:00.616063: Pseudo dice [0.6865, 0.8205, 0.7084]
2026-06-03 23:23:00.616163: Epoch time: 109.81 s
2026-06-03 23:23:01.814182: 
2026-06-03 23:23:01.815343: Epoch 159
2026-06-03 23:23:01.815483: Current learning rate: 0.00024
2026-06-03 23:24:51.686065: train_loss -0.5862
2026-06-03 23:24:51.687190: val_loss -0.5631
2026-06-03 23:24:51.687311: Pseudo dice [0.7065, 0.8004, 0.7268]
2026-06-03 23:24:51.687403: Epoch time: 109.87 s
2026-06-03 23:24:52.876480: 
2026-06-03 23:24:52.877424: Epoch 160
2026-06-03 23:24:52.877564: Current learning rate: 0.00023
2026-06-03 23:26:42.366340: train_loss -0.578
2026-06-03 23:26:42.367404: val_loss -0.5859
2026-06-03 23:26:42.367516: Pseudo dice [0.7046, 0.8291, 0.6981]
2026-06-03 23:26:42.367607: Epoch time: 109.49 s
2026-06-03 23:26:43.569574: 
2026-06-03 23:26:43.570591: Epoch 161
2026-06-03 23:26:43.570728: Current learning rate: 0.00023
2026-06-03 23:28:33.000318: train_loss -0.5681
2026-06-03 23:28:33.001740: val_loss -0.5738
2026-06-03 23:28:33.001853: Pseudo dice [0.7148, 0.8334, 0.7249]
2026-06-03 23:28:33.001947: Epoch time: 109.43 s
2026-06-03 23:28:34.196685: 
2026-06-03 23:28:34.197737: Epoch 162
2026-06-03 23:28:34.197876: Current learning rate: 0.00022
2026-06-03 23:30:23.609754: train_loss -0.5699
2026-06-03 23:30:23.610871: val_loss -0.546
2026-06-03 23:30:23.610986: Pseudo dice [0.7082, 0.8259, 0.6981]
2026-06-03 23:30:23.611085: Epoch time: 109.42 s
2026-06-03 23:30:24.832943: 
2026-06-03 23:30:24.833979: Epoch 163
2026-06-03 23:30:24.834115: Current learning rate: 0.00022
2026-06-03 23:32:14.350054: train_loss -0.5636
2026-06-03 23:32:14.351376: val_loss -0.5075
2026-06-03 23:32:14.351493: Pseudo dice [0.6959, 0.8044, 0.6288]
2026-06-03 23:32:14.352817: Epoch time: 109.52 s
2026-06-03 23:32:15.550552: 
2026-06-03 23:32:15.551656: Epoch 164
2026-06-03 23:32:15.551794: Current learning rate: 0.00021
2026-06-03 23:34:04.987951: train_loss -0.5876
2026-06-03 23:34:04.989499: val_loss -0.5271
2026-06-03 23:34:04.989620: Pseudo dice [0.7149, 0.8009, 0.7041]
2026-06-03 23:34:04.989721: Epoch time: 109.44 s
2026-06-03 23:34:06.169480: 
2026-06-03 23:34:06.170442: Epoch 165
2026-06-03 23:34:06.170576: Current learning rate: 0.00021
2026-06-03 23:35:55.677555: train_loss -0.5687
2026-06-03 23:35:55.678640: val_loss -0.5577
2026-06-03 23:35:55.678753: Pseudo dice [0.7043, 0.8259, 0.7114]
2026-06-03 23:35:55.678847: Epoch time: 109.51 s
2026-06-03 23:35:56.856785: 
2026-06-03 23:35:56.857754: Epoch 166
2026-06-03 23:35:56.857888: Current learning rate: 0.0002
2026-06-03 23:37:46.425761: train_loss -0.5899
2026-06-03 23:37:46.426920: val_loss -0.5817
2026-06-03 23:37:46.427035: Pseudo dice [0.6945, 0.836, 0.7229]
2026-06-03 23:37:46.427132: Epoch time: 109.57 s
2026-06-03 23:37:47.737077: 
2026-06-03 23:37:47.738101: Epoch 167
2026-06-03 23:37:47.738244: Current learning rate: 0.0002
2026-06-03 23:39:37.195001: train_loss -0.5811
2026-06-03 23:39:37.196550: val_loss -0.5252
2026-06-03 23:39:37.196662: Pseudo dice [0.6831, 0.8007, 0.6581]
2026-06-03 23:39:37.196756: Epoch time: 109.46 s
2026-06-03 23:39:38.514969: 
2026-06-03 23:39:38.515851: Epoch 168
2026-06-03 23:39:38.515990: Current learning rate: 0.00019
2026-06-03 23:41:27.879621: train_loss -0.5688
2026-06-03 23:41:27.881018: val_loss -0.5446
2026-06-03 23:41:27.881136: Pseudo dice [0.6819, 0.7924, 0.7289]
2026-06-03 23:41:27.881235: Epoch time: 109.37 s
2026-06-03 23:41:29.066414: 
2026-06-03 23:41:29.069049: Epoch 169
2026-06-03 23:41:29.069186: Current learning rate: 0.00019
2026-06-03 23:43:18.445023: train_loss -0.5848
2026-06-03 23:43:18.446338: val_loss -0.5668
2026-06-03 23:43:18.446455: Pseudo dice [0.6961, 0.8424, 0.7099]
2026-06-03 23:43:18.446544: Epoch time: 109.38 s
2026-06-03 23:43:19.631796: 
2026-06-03 23:43:19.632783: Epoch 170
2026-06-03 23:43:19.632917: Current learning rate: 0.00018
2026-06-03 23:45:09.071452: train_loss -0.584
2026-06-03 23:45:09.072550: val_loss -0.5884
2026-06-03 23:45:09.072662: Pseudo dice [0.7254, 0.8319, 0.7348]
2026-06-03 23:45:09.072751: Epoch time: 109.44 s
2026-06-03 23:45:10.242755: 
2026-06-03 23:45:10.243822: Epoch 171
2026-06-03 23:45:10.243962: Current learning rate: 0.00018
2026-06-03 23:46:59.871184: train_loss -0.5905
2026-06-03 23:46:59.872504: val_loss -0.585
2026-06-03 23:46:59.872615: Pseudo dice [0.7153, 0.8357, 0.7135]
2026-06-03 23:46:59.872712: Epoch time: 109.63 s
2026-06-03 23:47:01.040703: 
2026-06-03 23:47:01.042578: Epoch 172
2026-06-03 23:47:01.042714: Current learning rate: 0.00017
2026-06-03 23:48:50.581774: train_loss -0.5786
2026-06-03 23:48:50.587333: val_loss -0.5848
2026-06-03 23:48:50.587443: Pseudo dice [0.7163, 0.8268, 0.7259]
2026-06-03 23:48:50.587535: Epoch time: 109.54 s
2026-06-03 23:48:51.759478: 
2026-06-03 23:48:51.760399: Epoch 173
2026-06-03 23:48:51.760538: Current learning rate: 0.00016
2026-06-03 23:50:41.230903: train_loss -0.5846
2026-06-03 23:50:41.232048: val_loss -0.5654
2026-06-03 23:50:41.232165: Pseudo dice [0.7117, 0.8481, 0.7044]
2026-06-03 23:50:41.232264: Epoch time: 109.47 s
2026-06-03 23:50:42.398754: 
2026-06-03 23:50:42.399715: Epoch 174
2026-06-03 23:50:42.399858: Current learning rate: 0.00016
2026-06-03 23:52:31.716129: train_loss -0.5665
2026-06-03 23:52:31.717323: val_loss -0.5665
2026-06-03 23:52:31.717434: Pseudo dice [0.7008, 0.8309, 0.6844]
2026-06-03 23:52:31.717524: Epoch time: 109.32 s
2026-06-03 23:52:33.015805: 
2026-06-03 23:52:33.016878: Epoch 175
2026-06-03 23:52:33.017017: Current learning rate: 0.00015
2026-06-03 23:54:22.492053: train_loss -0.5927
2026-06-03 23:54:22.493245: val_loss -0.5814
2026-06-03 23:54:22.493369: Pseudo dice [0.6951, 0.8197, 0.7309]
2026-06-03 23:54:22.493993: Epoch time: 109.48 s
2026-06-03 23:54:23.665820: 
2026-06-03 23:54:23.666811: Epoch 176
2026-06-03 23:54:23.666952: Current learning rate: 0.00015
2026-06-03 23:56:13.183717: train_loss -0.5854
2026-06-03 23:56:13.185163: val_loss -0.5735
2026-06-03 23:56:13.185289: Pseudo dice [0.68, 0.8406, 0.7111]
2026-06-03 23:56:13.185385: Epoch time: 109.52 s
2026-06-03 23:56:14.351183: 
2026-06-03 23:56:14.352347: Epoch 177
2026-06-03 23:56:14.352489: Current learning rate: 0.00014
2026-06-03 23:58:03.676103: train_loss -0.5908
2026-06-03 23:58:03.677715: val_loss -0.5913
2026-06-03 23:58:03.677828: Pseudo dice [0.7282, 0.8461, 0.744]
2026-06-03 23:58:03.677920: Epoch time: 109.33 s
2026-06-03 23:58:03.677992: Yayy! New best EMA pseudo Dice: 0.7486
2026-06-03 23:58:05.178488: 
2026-06-03 23:58:05.179503: Epoch 178
2026-06-03 23:58:05.179644: Current learning rate: 0.00014
2026-06-03 23:59:54.440451: train_loss -0.5839
2026-06-03 23:59:54.441589: val_loss -0.5803
2026-06-03 23:59:54.441705: Pseudo dice [0.6809, 0.8154, 0.701]
2026-06-03 23:59:54.441798: Epoch time: 109.26 s
2026-06-03 23:59:55.748426: 
2026-06-03 23:59:55.749542: Epoch 179
2026-06-03 23:59:55.749687: Current learning rate: 0.00013
2026-06-04 00:01:45.363583: train_loss -0.5866
2026-06-04 00:01:45.364765: val_loss -0.5625
2026-06-04 00:01:45.364882: Pseudo dice [0.724, 0.8303, 0.7195]
2026-06-04 00:01:45.364975: Epoch time: 109.62 s
2026-06-04 00:01:46.537861: 
2026-06-04 00:01:46.538801: Epoch 180
2026-06-04 00:01:46.538941: Current learning rate: 0.00013
2026-06-04 00:03:36.030022: train_loss -0.5697
2026-06-04 00:03:36.031187: val_loss -0.5643
2026-06-04 00:03:36.031308: Pseudo dice [0.6979, 0.8383, 0.7322]
2026-06-04 00:03:36.031398: Epoch time: 109.5 s
2026-06-04 00:03:36.031469: Yayy! New best EMA pseudo Dice: 0.7489
2026-06-04 00:03:37.400947: 
2026-06-04 00:03:37.401858: Epoch 181
2026-06-04 00:03:37.401994: Current learning rate: 0.00012
2026-06-04 00:05:26.784870: train_loss -0.6014
2026-06-04 00:05:26.787371: val_loss -0.542
2026-06-04 00:05:26.787483: Pseudo dice [0.693, 0.8329, 0.6732]
2026-06-04 00:05:26.787575: Epoch time: 109.39 s
2026-06-04 00:05:28.094449: 
2026-06-04 00:05:28.095544: Epoch 182
2026-06-04 00:05:28.095679: Current learning rate: 0.00011
2026-06-04 00:07:17.644126: train_loss -0.5751
2026-06-04 00:07:17.645483: val_loss -0.5913
2026-06-04 00:07:17.645590: Pseudo dice [0.7161, 0.8407, 0.7387]
2026-06-04 00:07:17.645680: Epoch time: 109.55 s
2026-06-04 00:07:17.645751: Yayy! New best EMA pseudo Dice: 0.7491
2026-06-04 00:07:19.023148: 
2026-06-04 00:07:19.023310: Epoch 183
2026-06-04 00:07:19.023439: Current learning rate: 0.00011
2026-06-04 00:09:08.703237: train_loss -0.5938
2026-06-04 00:09:08.703444: val_loss -0.5506
2026-06-04 00:09:08.703546: Pseudo dice [0.7165, 0.8177, 0.7287]
2026-06-04 00:09:08.703637: Epoch time: 109.68 s
2026-06-04 00:09:08.703709: Yayy! New best EMA pseudo Dice: 0.7496
2026-06-04 00:09:10.071955: 
2026-06-04 00:09:10.072111: Epoch 184
2026-06-04 00:09:10.072241: Current learning rate: 0.0001
2026-06-04 00:10:59.556240: train_loss -0.5927
2026-06-04 00:10:59.556657: val_loss -0.5516
2026-06-04 00:10:59.556764: Pseudo dice [0.697, 0.8344, 0.7135]
2026-06-04 00:10:59.556855: Epoch time: 109.49 s
2026-06-04 00:11:00.721864: 
2026-06-04 00:11:00.722018: Epoch 185
2026-06-04 00:11:00.722143: Current learning rate: 0.0001
2026-06-04 00:12:50.225078: train_loss -0.5958
2026-06-04 00:12:50.225291: val_loss -0.573
2026-06-04 00:12:50.225395: Pseudo dice [0.7165, 0.8272, 0.7376]
2026-06-04 00:12:50.225482: Epoch time: 109.51 s
2026-06-04 00:12:50.225552: Yayy! New best EMA pseudo Dice: 0.7506
2026-06-04 00:12:51.598661: 
2026-06-04 00:12:51.598827: Epoch 186
2026-06-04 00:12:51.598955: Current learning rate: 9e-05
2026-06-04 00:14:40.982686: train_loss -0.6032
2026-06-04 00:14:40.983183: val_loss -0.5695
2026-06-04 00:14:40.983301: Pseudo dice [0.703, 0.8219, 0.7248]
2026-06-04 00:14:40.983392: Epoch time: 109.39 s
2026-06-04 00:14:42.151202: 
2026-06-04 00:14:42.151364: Epoch 187
2026-06-04 00:14:42.151491: Current learning rate: 9e-05
2026-06-04 00:16:31.656632: train_loss -0.5835
2026-06-04 00:16:31.657186: val_loss -0.5786
2026-06-04 00:16:31.657306: Pseudo dice [0.6925, 0.8355, 0.7074]
2026-06-04 00:16:31.657399: Epoch time: 109.51 s
2026-06-04 00:16:32.823266: 
2026-06-04 00:16:32.823419: Epoch 188
2026-06-04 00:16:32.823545: Current learning rate: 8e-05
2026-06-04 00:18:22.253885: train_loss -0.5909
2026-06-04 00:18:22.254102: val_loss -0.5701
2026-06-04 00:18:22.254204: Pseudo dice [0.7046, 0.8385, 0.7502]
2026-06-04 00:18:22.254320: Epoch time: 109.43 s
2026-06-04 00:18:22.254394: Yayy! New best EMA pseudo Dice: 0.7514
2026-06-04 00:18:23.742006: 
2026-06-04 00:18:23.742166: Epoch 189
2026-06-04 00:18:23.742298: Current learning rate: 7e-05
2026-06-04 00:20:13.142727: train_loss -0.5937
2026-06-04 00:20:13.142936: val_loss -0.5784
2026-06-04 00:20:13.143041: Pseudo dice [0.7028, 0.8376, 0.7499]
2026-06-04 00:20:13.143131: Epoch time: 109.4 s
2026-06-04 00:20:13.143203: Yayy! New best EMA pseudo Dice: 0.7526
2026-06-04 00:20:14.512423: 
2026-06-04 00:20:14.512584: Epoch 190
2026-06-04 00:20:14.512712: Current learning rate: 7e-05
2026-06-04 00:22:04.080825: train_loss -0.6075
2026-06-04 00:22:04.081350: val_loss -0.6025
2026-06-04 00:22:04.081460: Pseudo dice [0.7217, 0.8207, 0.7243]
2026-06-04 00:22:04.081553: Epoch time: 109.57 s
2026-06-04 00:22:04.081629: Yayy! New best EMA pseudo Dice: 0.7529
2026-06-04 00:22:05.583845: 
2026-06-04 00:22:05.584005: Epoch 191
2026-06-04 00:22:05.584133: Current learning rate: 6e-05
2026-06-04 00:23:55.154248: train_loss -0.6107
2026-06-04 00:23:55.154654: val_loss -0.5468
2026-06-04 00:23:55.154762: Pseudo dice [0.7058, 0.8128, 0.7251]
2026-06-04 00:23:55.154852: Epoch time: 109.57 s
2026-06-04 00:23:56.331844: 
2026-06-04 00:23:56.332007: Epoch 192
2026-06-04 00:23:56.332138: Current learning rate: 6e-05
2026-06-04 00:25:45.824418: train_loss -0.5974
2026-06-04 00:25:45.824609: val_loss -0.5938
2026-06-04 00:25:45.824715: Pseudo dice [0.7004, 0.8231, 0.693]
2026-06-04 00:25:45.824806: Epoch time: 109.5 s
2026-06-04 00:25:46.996005: 
2026-06-04 00:25:46.996158: Epoch 193
2026-06-04 00:25:46.996273: Current learning rate: 5e-05
2026-06-04 00:27:36.522297: train_loss -0.5865
2026-06-04 00:27:36.522516: val_loss -0.5534
2026-06-04 00:27:36.522620: Pseudo dice [0.7017, 0.8492, 0.7102]
2026-06-04 00:27:36.522714: Epoch time: 109.53 s
2026-06-04 00:27:37.708103: 
2026-06-04 00:27:37.708284: Epoch 194
2026-06-04 00:27:37.708421: Current learning rate: 4e-05
2026-06-04 00:29:27.480102: train_loss -0.5845
2026-06-04 00:29:27.480321: val_loss -0.5591
2026-06-04 00:29:27.480424: Pseudo dice [0.7004, 0.8376, 0.7165]
2026-06-04 00:29:27.480516: Epoch time: 109.77 s
2026-06-04 00:29:28.665438: 
2026-06-04 00:29:28.665598: Epoch 195
2026-06-04 00:29:28.665732: Current learning rate: 4e-05
2026-06-04 00:31:18.430233: train_loss -0.6063
2026-06-04 00:31:18.430464: val_loss -0.5149
2026-06-04 00:31:18.430568: Pseudo dice [0.6956, 0.8131, 0.6935]
2026-06-04 00:31:18.430657: Epoch time: 109.77 s
2026-06-04 00:31:19.621367: 
2026-06-04 00:31:19.621527: Epoch 196
2026-06-04 00:31:19.621656: Current learning rate: 3e-05
2026-06-04 00:33:09.234403: train_loss -0.5978
2026-06-04 00:33:09.234615: val_loss -0.597
2026-06-04 00:33:09.234720: Pseudo dice [0.709, 0.8318, 0.7536]
2026-06-04 00:33:09.234809: Epoch time: 109.62 s
2026-06-04 00:33:10.422958: 
2026-06-04 00:33:10.423137: Epoch 197
2026-06-04 00:33:10.423283: Current learning rate: 2e-05
2026-06-04 00:35:00.026794: train_loss -0.6163
2026-06-04 00:35:00.027013: val_loss -0.5667
2026-06-04 00:35:00.027115: Pseudo dice [0.6974, 0.8299, 0.7245]
2026-06-04 00:35:00.027210: Epoch time: 109.61 s
2026-06-04 00:35:01.216777: 
2026-06-04 00:35:01.216931: Epoch 198
2026-06-04 00:35:01.217061: Current learning rate: 2e-05
2026-06-04 00:36:50.906306: train_loss -0.6032
2026-06-04 00:36:50.906528: val_loss -0.5729
2026-06-04 00:36:50.907486: Pseudo dice [0.7164, 0.8409, 0.7085]
2026-06-04 00:36:50.907586: Epoch time: 109.69 s
2026-06-04 00:36:52.099150: 
2026-06-04 00:36:52.099591: Epoch 199
2026-06-04 00:36:52.099727: Current learning rate: 1e-05
2026-06-04 00:38:41.956950: train_loss -0.5977
2026-06-04 00:38:41.957177: val_loss -0.5929
2026-06-04 00:38:41.957344: Pseudo dice [0.7163, 0.8296, 0.7412]
2026-06-04 00:38:41.957446: Epoch time: 109.86 s
2026-06-04 00:38:43.423547: Training done.
2026-06-04 00:38:43.454376: Using splits from existing split file: /gpfs/home1/yhussein/LightM-UNet/data/nnUNet_preprocessed/Dataset501_ARCADE/splits_final.json
2026-06-04 00:38:43.455448: The split file contains 1 splits.
2026-06-04 00:38:43.455528: Desired fold for training: 0
2026-06-04 00:38:43.455579: This split has 1000 training and 200 validation cases.
2026-06-04 00:38:43.458035: predicting val_1
2026-06-04 00:38:45.045140: predicting val_10
2026-06-04 00:38:45.293073: predicting val_100
2026-06-04 00:38:45.539248: predicting val_101
2026-06-04 00:38:45.784012: predicting val_102
2026-06-04 00:38:46.030674: predicting val_103
2026-06-04 00:38:46.277375: predicting val_104
2026-06-04 00:38:46.525516: predicting val_105
2026-06-04 00:38:46.773254: predicting val_106
2026-06-04 00:38:47.020787: predicting val_107
2026-06-04 00:38:56.180220: predicting val_108
2026-06-04 00:38:56.452260: predicting val_109
2026-06-04 00:38:56.699103: predicting val_11
2026-06-04 00:38:56.946862: predicting val_110
2026-06-04 00:38:57.194582: predicting val_111
2026-06-04 00:38:57.443345: predicting val_112
2026-06-04 00:38:57.691217: predicting val_113
2026-06-04 00:38:57.939046: predicting val_114
2026-06-04 00:38:58.187075: predicting val_115
2026-06-04 00:38:58.435947: predicting val_116
2026-06-04 00:38:58.684658: predicting val_117
2026-06-04 00:38:58.932929: predicting val_118
2026-06-04 00:38:59.181552: predicting val_119
2026-06-04 00:38:59.430794: predicting val_12
2026-06-04 00:38:59.678555: predicting val_120
2026-06-04 00:38:59.926997: predicting val_121
2026-06-04 00:39:00.174953: predicting val_122
2026-06-04 00:39:00.424440: predicting val_123
2026-06-04 00:39:00.672955: predicting val_124
2026-06-04 00:39:00.920437: predicting val_125
2026-06-04 00:39:01.168975: predicting val_126
2026-06-04 00:39:01.416725: predicting val_127
2026-06-04 00:39:01.664084: predicting val_128
2026-06-04 00:39:01.911554: predicting val_129
2026-06-04 00:39:02.159432: predicting val_13
2026-06-04 00:39:02.407343: predicting val_130
2026-06-04 00:39:02.654268: predicting val_131
2026-06-04 00:39:02.903546: predicting val_132
2026-06-04 00:39:03.149087: predicting val_133
2026-06-04 00:39:03.397056: predicting val_134
2026-06-04 00:39:03.644650: predicting val_135
2026-06-04 00:39:03.890486: predicting val_136
2026-06-04 00:39:04.136925: predicting val_137
2026-06-04 00:39:04.384633: predicting val_138
2026-06-04 00:39:04.631362: predicting val_139
2026-06-04 00:39:04.879244: predicting val_14
2026-06-04 00:39:05.128088: predicting val_140
2026-06-04 00:39:05.375159: predicting val_141
2026-06-04 00:39:05.622942: predicting val_142
2026-06-04 00:39:05.870854: predicting val_143
2026-06-04 00:39:06.118638: predicting val_144
2026-06-04 00:39:06.366803: predicting val_145
2026-06-04 00:39:06.613527: predicting val_146
2026-06-04 00:39:06.860173: predicting val_147
2026-06-04 00:39:07.108527: predicting val_148
2026-06-04 00:39:07.357292: predicting val_149
2026-06-04 00:39:07.606297: predicting val_15
2026-06-04 00:39:07.853045: predicting val_150
2026-06-04 00:39:08.102013: predicting val_151
2026-06-04 00:39:08.350904: predicting val_152
2026-06-04 00:39:08.598906: predicting val_153
2026-06-04 00:39:08.847401: predicting val_154
2026-06-04 00:39:09.098366: predicting val_155
2026-06-04 00:39:09.347571: predicting val_156
2026-06-04 00:39:09.595261: predicting val_157
2026-06-04 00:39:09.843917: predicting val_158
2026-06-04 00:39:10.092318: predicting val_159
2026-06-04 00:39:10.339929: predicting val_16
2026-06-04 00:39:10.586564: predicting val_160
2026-06-04 00:39:10.833498: predicting val_161
2026-06-04 00:39:11.081943: predicting val_162
2026-06-04 00:39:11.328201: predicting val_163
2026-06-04 00:39:11.577202: predicting val_164
2026-06-04 00:39:11.824382: predicting val_165
2026-06-04 00:39:12.070265: predicting val_166
2026-06-04 00:39:12.318295: predicting val_167
2026-06-04 00:39:12.566130: predicting val_168
2026-06-04 00:39:12.814369: predicting val_169
2026-06-04 00:39:13.061157: predicting val_17
2026-06-04 00:39:13.309568: predicting val_170
2026-06-04 00:39:13.558311: predicting val_171
2026-06-04 00:39:13.806242: predicting val_172
2026-06-04 00:39:14.053961: predicting val_173
2026-06-04 00:39:14.299932: predicting val_174
2026-06-04 00:39:14.547774: predicting val_175
2026-06-04 00:39:14.795344: predicting val_176
2026-06-04 00:39:15.043126: predicting val_177
2026-06-04 00:39:15.291955: predicting val_178
2026-06-04 00:39:15.540940: predicting val_179
2026-06-04 00:39:15.789097: predicting val_18
2026-06-04 00:39:16.037388: predicting val_180
2026-06-04 00:39:16.285141: predicting val_181
2026-06-04 00:39:16.532415: predicting val_182
2026-06-04 00:39:16.781492: predicting val_183
2026-06-04 00:39:17.029261: predicting val_184
2026-06-04 00:39:17.277895: predicting val_185
2026-06-04 00:39:17.525263: predicting val_186
2026-06-04 00:39:17.773633: predicting val_187
2026-06-04 00:39:18.019754: predicting val_188
2026-06-04 00:39:18.267453: predicting val_189
2026-06-04 00:39:18.515186: predicting val_19
2026-06-04 00:39:18.762776: predicting val_190
2026-06-04 00:39:19.010988: predicting val_191
2026-06-04 00:39:19.258955: predicting val_192
2026-06-04 00:39:19.505503: predicting val_193
2026-06-04 00:39:19.753296: predicting val_194
2026-06-04 00:39:20.000180: predicting val_195
2026-06-04 00:39:20.248159: predicting val_196
2026-06-04 00:39:20.497093: predicting val_197
2026-06-04 00:39:20.743840: predicting val_198
2026-06-04 00:39:20.992313: predicting val_199
2026-06-04 00:39:21.240140: predicting val_2
2026-06-04 00:39:21.488965: predicting val_20
2026-06-04 00:39:21.737790: predicting val_200
2026-06-04 00:39:21.985723: predicting val_21
2026-06-04 00:39:22.233533: predicting val_22
2026-06-04 00:39:22.481724: predicting val_23
2026-06-04 00:39:22.729268: predicting val_24
2026-06-04 00:39:22.977565: predicting val_25
2026-06-04 00:39:23.225602: predicting val_26
2026-06-04 00:39:23.473008: predicting val_27
2026-06-04 00:39:23.720680: predicting val_28
2026-06-04 00:39:23.968221: predicting val_29
2026-06-04 00:39:24.215745: predicting val_3
2026-06-04 00:39:24.461971: predicting val_30
2026-06-04 00:39:24.709581: predicting val_31
2026-06-04 00:39:24.956352: predicting val_32
2026-06-04 00:39:25.203461: predicting val_33
2026-06-04 00:39:25.450006: predicting val_34
2026-06-04 00:39:25.696145: predicting val_35
2026-06-04 00:39:25.956681: predicting val_36
2026-06-04 00:39:26.205031: predicting val_37
2026-06-04 00:39:26.453861: predicting val_38
2026-06-04 00:39:26.701174: predicting val_39
2026-06-04 00:39:26.949954: predicting val_4
2026-06-04 00:39:27.198101: predicting val_40
2026-06-04 00:39:27.446889: predicting val_41
2026-06-04 00:39:27.695073: predicting val_42
2026-06-04 00:39:27.943037: predicting val_43
2026-06-04 00:39:28.189341: predicting val_44
2026-06-04 00:39:28.438153: predicting val_45
2026-06-04 00:39:28.687250: predicting val_46
2026-06-04 00:39:28.934039: predicting val_47
2026-06-04 00:39:29.182704: predicting val_48
2026-06-04 00:39:29.430874: predicting val_49
2026-06-04 00:39:29.679899: predicting val_5
2026-06-04 00:39:29.927451: predicting val_50
2026-06-04 00:39:30.174157: predicting val_51
2026-06-04 00:39:30.422983: predicting val_52
2026-06-04 00:39:30.671525: predicting val_53
2026-06-04 00:39:30.919782: predicting val_54
2026-06-04 00:39:31.168342: predicting val_55
2026-06-04 00:39:31.416248: predicting val_56
2026-06-04 00:39:31.664692: predicting val_57
2026-06-04 00:39:31.912953: predicting val_58
2026-06-04 00:39:32.162081: predicting val_59
2026-06-04 00:39:32.409011: predicting val_6
2026-06-04 00:39:32.656348: predicting val_60
2026-06-04 00:39:32.903512: predicting val_61
2026-06-04 00:39:33.153155: predicting val_62
2026-06-04 00:39:33.400782: predicting val_63
2026-06-04 00:39:33.649287: predicting val_64
2026-06-04 00:39:33.896637: predicting val_65
2026-06-04 00:39:34.143381: predicting val_66
2026-06-04 00:39:34.391484: predicting val_67
2026-06-04 00:39:34.638800: predicting val_68
2026-06-04 00:39:34.887622: predicting val_69
2026-06-04 00:39:35.135744: predicting val_7
2026-06-04 00:39:35.384088: predicting val_70
2026-06-04 00:39:35.630993: predicting val_71
2026-06-04 00:39:35.879331: predicting val_72
2026-06-04 00:39:36.130945: predicting val_73
2026-06-04 00:39:36.379653: predicting val_74
2026-06-04 00:39:36.626738: predicting val_75
2026-06-04 00:39:36.873070: predicting val_76
2026-06-04 00:39:37.121080: predicting val_77
2026-06-04 00:39:37.369566: predicting val_78
2026-06-04 00:39:37.618557: predicting val_79
2026-06-04 00:39:37.867106: predicting val_8
2026-06-04 00:39:38.115628: predicting val_80
2026-06-04 00:39:38.364332: predicting val_81
2026-06-04 00:39:38.613065: predicting val_82
2026-06-04 00:39:38.859442: predicting val_83
2026-06-04 00:39:39.107419: predicting val_84
2026-06-04 00:39:39.356514: predicting val_85
2026-06-04 00:39:39.604716: predicting val_86
2026-06-04 00:39:39.852534: predicting val_87
2026-06-04 00:39:40.100815: predicting val_88
2026-06-04 00:39:40.346580: predicting val_89
2026-06-04 00:39:40.593638: predicting val_9
2026-06-04 00:39:40.840279: predicting val_90
2026-06-04 00:39:41.089342: predicting val_91
2026-06-04 00:39:41.337872: predicting val_92
2026-06-04 00:39:41.586478: predicting val_93
2026-06-04 00:39:41.833700: predicting val_94
2026-06-04 00:39:42.082954: predicting val_95
2026-06-04 00:39:42.330401: predicting val_96
2026-06-04 00:39:42.578239: predicting val_97
2026-06-04 00:39:42.825248: predicting val_98
2026-06-04 00:39:43.073860: predicting val_99
2026-06-04 00:39:48.102432: Validation complete
2026-06-04 00:39:48.102567: Mean Validation Dice:  0.705950079455205
Training finished.
