=== Job info ===
Host: gcn12.local.snellius.surf.nl
Date: Sun Jun  7 12:54:02 CEST 2026
Working dir: /home/yhussein/LightM-UNet/lightm-unet
Conda env: /home/yhussein/conda-envs/lightmunet
=== GPU info ===
Sun Jun  7 12:54:02 2026       
+-----------------------------------------------------------------------------------------+
| NVIDIA-SMI 595.71.05              Driver Version: 595.71.05      CUDA Version: 13.2     |
+-----------------------------------------+------------------------+----------------------+
| GPU  Name                 Persistence-M | Bus-Id          Disp.A | Volatile Uncorr. ECC |
| Fan  Temp   Perf          Pwr:Usage/Cap |           Memory-Usage | GPU-Util  Compute M. |
|                                         |                        |               MIG M. |
|=========================================+========================+======================|
|   0  NVIDIA A100-SXM4-40GB          On  |   00000000:E3:00.0 Off |                    0 |
| N/A   31C    P0             48W /  400W |       0MiB /  40960MiB |      0%      Default |
|                                         |                        |             Disabled |
+-----------------------------------------+------------------------+----------------------+

+-----------------------------------------------------------------------------------------+
| Processes:                                                                              |
|  GPU   GI   CI              PID   Type   Process name                        GPU Memory |
|        ID   ID                                                               Usage      |
|=========================================================================================|
|  No running processes found                                                             |
+-----------------------------------------------------------------------------------------+
GPU: NVIDIA A100-SXM4-40GB
=== Python/CUDA environment check ===
/home/yhussein/conda-envs/lightmunet/bin/python
Python 3.10.20
/home/yhussein/conda-envs/lightmunet/bin/nvcc
nvcc: NVIDIA (R) Cuda compiler driver
Copyright (c) 2005-2026 NVIDIA Corporation
Built on Thu_Mar_19_11:12:51_PM_PDT_2026
Cuda compilation tools, release 13.2, V13.2.78
Build cuda_13.2.r13.2/compiler.37668154_0
torch: 2.0.1+cu118
torch CUDA: 11.8
CUDA available: True
GPU: NVIDIA A100-SXM4-40GB
numpy: 1.26.4
transformers: 4.35.2
cv2: 4.9.0
mamba_ssm OK
nnunetv2 OK
=== nnU-Net paths ===
nnUNet_raw=/home/yhussein/LightM-UNet/data/nnUNet_raw
nnUNet_preprocessed=/home/yhussein/LightM-UNet/data/nnUNet_preprocessed
nnUNet_results=/home/yhussein/LightM-UNet/data/nnUNet_results
=== Dataset check ===
dataset.json
imagesTr
imagesTs
labelsTr
labelsTs
splits_final.json
dataset.json
dataset_fingerprint.json
gt_segmentations
nnUNetPlans.json
nnUNetPlans_2d
splits_final.json
=== Ensure official split is present ===
=== Plan check ===
patch_size: [512, 512]
planned_batch_size: 4
pareto_batch_size: 8
median_image_size_in_voxels: [512.0, 512.0]
=== Start LM-UNet Pareto sweep ===
