=== Job info ===
Host: gcn28.local.snellius.surf.nl
Date: Sun Jun  7 19:13:25 CEST 2026
Working dir: /home/yhussein/LightM-UNet/lightm-unet
Conda env: /home/yhussein/conda-envs/lightmunet
=== GPU info ===
Sun Jun  7 19:13:25 2026       
+-----------------------------------------------------------------------------------------+
| NVIDIA-SMI 595.71.05              Driver Version: 595.71.05      CUDA Version: 13.2     |
+-----------------------------------------+------------------------+----------------------+
| GPU  Name                 Persistence-M | Bus-Id          Disp.A | Volatile Uncorr. ECC |
| Fan  Temp   Perf          Pwr:Usage/Cap |           Memory-Usage | GPU-Util  Compute M. |
|                                         |                        |               MIG M. |
|=========================================+========================+======================|
|   0  NVIDIA A100-SXM4-40GB          On  |   00000000:32:00.0 Off |                    0 |
| N/A   32C    P0             51W /  400W |       0MiB /  40960MiB |      0%      Default |
|                                         |                        |             Disabled |
+-----------------------------------------+------------------------+----------------------+

+-----------------------------------------------------------------------------------------+
| Processes:                                                                              |
|  GPU   GI   CI              PID   Type   Process name                        GPU Memory |
|        ID   ID                                                               Usage      |
|=========================================================================================|
|  No running processes found                                                             |
+-----------------------------------------------------------------------------------------+
GPU: NVIDIA A100-SXM4-40GB
=== Python/CUDA environment check ===
/home/yhussein/conda-envs/lightmunet/bin/python
Python 3.10.20
/home/yhussein/conda-envs/lightmunet/bin/nvcc
nvcc: NVIDIA (R) Cuda compiler driver
Copyright (c) 2005-2026 NVIDIA Corporation
Built on Thu_Mar_19_11:12:51_PM_PDT_2026
Cuda compilation tools, release 13.2, V13.2.78
Build cuda_13.2.r13.2/compiler.37668154_0
torch: 2.0.1+cu118
torch CUDA: 11.8
CUDA available: True
GPU: NVIDIA A100-SXM4-40GB
numpy: 1.26.4
transformers: 4.35.2
cv2: 4.9.0
mamba_ssm OK
nnunetv2 OK
=== nnU-Net paths ===
nnUNet_raw=/home/yhussein/LightM-UNet/data/nnUNet_raw
nnUNet_preprocessed=/home/yhussein/LightM-UNet/data/nnUNet_preprocessed
nnUNet_results=/home/yhussein/LightM-UNet/data/nnUNet_results
=== Dataset check ===
dataset.json
imagesTr
imagesTs
labelsTr
labelsTs
splits_final.json
dataset.json
dataset_fingerprint.json
gt_segmentations
nnUNetPlans.json
nnUNetPlans_2d
splits_final.json
=== Ensure official split is present ===
=== Plan check ===
patch_size: [512, 512]
planned_batch_size: 4
pareto_batch_size: 4
median_image_size_in_voxels: [512.0, 512.0]
=== Start LM-UNet handoff follow-up sweep ===

=== DS0 downscaled_smooth_handoff ===
channels: (12, 24, 40, 40, 56, 56)
edge_channels: 20
params: 442166
results: /home/yhussein/LightM-UNet/data/nnUNET_results_pareto/lmunet_handoff_bs4_e10/DS0_downscaled_smooth_handoff
command: nnUNetv2_train 501 2d 0 -tr nnUNetTrainerLMUNet
/home/yhussein/conda-envs/lightmunet/lib/python3.10/site-packages/monai/utils/module.py:396: UserWarning: pkg_resources is deprecated as an API. See https://setuptools.pypa.io/en/latest/pkg_resources.html. The pkg_resources package is slated for removal as early as 2025-11-30. Refrain from using this package or pin to Setuptools<81.
  pkg = __import__(module)  # top level module
Using device: cuda:0

#######################################################################
Please cite the following paper when using nnU-Net:
Isensee, F., Jaeger, P. F., Kohl, S. A., Petersen, J., & Maier-Hein, K. H. (2021). nnU-Net: a self-configuring method for deep learning-based biomedical image segmentation. Nature methods, 18(2), 203-211.
#######################################################################


This is the configuration used by this training:
Configuration name: 2d
 {'data_identifier': 'nnUNetPlans_2d', 'preprocessor_name': 'DefaultPreprocessor', 'batch_size': 4, 'patch_size': [512, 512], 'median_image_size_in_voxels': [512.0, 512.0], 'spacing': [1.0, 1.0], 'normalization_schemes': ['ZScoreNormalization'], 'use_mask_for_norm': [False], 'UNet_class_name': 'PlainConvUNet', 'UNet_base_num_features': 32, 'n_conv_per_stage_encoder': [2, 2, 2, 2, 2, 2, 2, 2], 'n_conv_per_stage_decoder': [2, 2, 2, 2, 2, 2, 2], 'num_pool_per_axis': [7, 7], 'pool_op_kernel_sizes': [[1, 1], [2, 2], [2, 2], [2, 2], [2, 2], [2, 2], [2, 2], [2, 2]], 'conv_kernel_sizes': [[3, 3], [3, 3], [3, 3], [3, 3], [3, 3], [3, 3], [3, 3], [3, 3]], 'unet_max_num_features': 512, 'resampling_fn_data': 'resample_data_or_seg_to_shape', 'resampling_fn_seg': 'resample_data_or_seg_to_shape', 'resampling_fn_data_kwargs': {'is_seg': False, 'order': 3, 'order_z': 0, 'force_separate_z': None}, 'resampling_fn_seg_kwargs': {'is_seg': True, 'order': 1, 'order_z': 0, 'force_separate_z': None}, 'resampling_fn_probabilities': 'resample_data_or_seg_to_shape', 'resampling_fn_probabilities_kwargs': {'is_seg': False, 'order': 1, 'order_z': 0, 'force_separate_z': None}, 'batch_dice': True} 

These are the global plan.json settings:
 {'dataset_name': 'Dataset501_ARCADE', 'plans_name': 'nnUNetPlans', 'original_median_spacing_after_transp': [999.0, 1.0, 1.0], 'original_median_shape_after_transp': [1, 512, 512], 'image_reader_writer': 'NaturalImage2DIO', 'transpose_forward': [0, 1, 2], 'transpose_backward': [0, 1, 2], 'experiment_planner_used': 'ExperimentPlanner', 'label_manager': 'LabelManager', 'foreground_intensity_properties_per_channel': {'0': {'max': 255.0, 'mean': 98.67886352539062, 'median': 96.0, 'min': 0.0, 'percentile_00_5': 32.0, 'percentile_99_5': 186.0, 'std': 31.84078025817871}}} 

2026-06-07 19:13:45.895516: unpacking dataset...
2026-06-07 19:13:49.985138: unpacking done...
2026-06-07 19:13:49.985606: do_dummy_2d_data_aug: False
2026-06-07 19:13:49.991492: Using splits from existing split file: /gpfs/home1/yhussein/LightM-UNet/data/nnUNet_preprocessed/Dataset501_ARCADE/splits_final.json
2026-06-07 19:13:49.991957: The split file contains 1 splits.
2026-06-07 19:13:49.992028: Desired fold for training: 0
2026-06-07 19:13:49.992082: This split has 1000 training and 200 validation cases.
2026-06-07 19:13:50.018261: Skipping network architecture plot because LMUNET_SKIP_ARCH_PLOT=1
2026-06-07 19:13:50.034482: 
2026-06-07 19:13:50.034588: Epoch 0
2026-06-07 19:13:50.034690: Current learning rate: 0.001
using pin_memory on device 0
using pin_memory on device 0
2026-06-07 19:15:44.032408: train_loss 0.1862
2026-06-07 19:15:44.032699: val_loss -0.0679
2026-06-07 19:15:44.032826: Pseudo dice [0.299, 0.3627, 0.0075]
2026-06-07 19:15:44.032937: Epoch time: 114.0 s
2026-06-07 19:15:44.033027: Yayy! New best EMA pseudo Dice: 0.2231
2026-06-07 19:15:44.033121: No checkpoint written, checkpointing is disabled
2026-06-07 19:15:45.032097: 
2026-06-07 19:15:45.032259: Epoch 1
2026-06-07 19:15:45.032370: Current learning rate: 0.00091
2026-06-07 19:17:35.741457: train_loss -0.1034
2026-06-07 19:17:35.741673: val_loss -0.127
2026-06-07 19:17:35.741784: Pseudo dice [0.3412, 0.456, 0.2307]
2026-06-07 19:17:35.741882: Epoch time: 110.71 s
2026-06-07 19:17:35.741961: Yayy! New best EMA pseudo Dice: 0.235
2026-06-07 19:17:35.742027: No checkpoint written, checkpointing is disabled
2026-06-07 19:17:36.867058: 
2026-06-07 19:17:36.867241: Epoch 2
2026-06-07 19:17:36.867357: Current learning rate: 0.00082
2026-06-07 19:19:27.454078: train_loss -0.1648
2026-06-07 19:19:27.454303: val_loss -0.1578
2026-06-07 19:19:27.454412: Pseudo dice [0.3753, 0.4567, 0.2908]
2026-06-07 19:19:27.454504: Epoch time: 110.59 s
2026-06-07 19:19:27.454581: Yayy! New best EMA pseudo Dice: 0.2489
2026-06-07 19:19:27.454651: No checkpoint written, checkpointing is disabled
2026-06-07 19:19:28.643372: 
2026-06-07 19:19:28.643547: Epoch 3
2026-06-07 19:19:28.643661: Current learning rate: 0.00073
2026-06-07 19:21:19.213339: train_loss -0.2117
2026-06-07 19:21:19.213718: val_loss -0.2609
2026-06-07 19:21:19.213831: Pseudo dice [0.4157, 0.6184, 0.4023]
2026-06-07 19:21:19.213923: Epoch time: 110.57 s
2026-06-07 19:21:19.214005: Yayy! New best EMA pseudo Dice: 0.2719
2026-06-07 19:21:19.214069: No checkpoint written, checkpointing is disabled
2026-06-07 19:21:20.341034: 
2026-06-07 19:21:20.341223: Epoch 4
2026-06-07 19:21:20.341336: Current learning rate: 0.00063
2026-06-07 19:23:11.048722: train_loss -0.2734
2026-06-07 19:23:11.048927: val_loss -0.3258
2026-06-07 19:23:11.049035: Pseudo dice [0.5185, 0.6935, 0.4896]
2026-06-07 19:23:11.049125: Epoch time: 110.71 s
2026-06-07 19:23:11.049208: Yayy! New best EMA pseudo Dice: 0.3015
2026-06-07 19:23:11.049272: No checkpoint written, checkpointing is disabled
2026-06-07 19:23:12.215840: 
2026-06-07 19:23:12.216008: Epoch 5
2026-06-07 19:23:12.216156: Current learning rate: 0.00054
2026-06-07 19:25:02.822854: train_loss -0.2988
2026-06-07 19:25:02.823067: val_loss -0.3001
2026-06-07 19:25:02.823179: Pseudo dice [0.551, 0.6148, 0.4404]
2026-06-07 19:25:02.823295: Epoch time: 110.61 s
2026-06-07 19:25:02.823371: Yayy! New best EMA pseudo Dice: 0.3249
2026-06-07 19:25:02.823440: No checkpoint written, checkpointing is disabled
2026-06-07 19:25:03.940122: 
2026-06-07 19:25:03.940303: Epoch 6
2026-06-07 19:25:03.940425: Current learning rate: 0.00044
2026-06-07 19:26:54.833294: train_loss -0.3245
2026-06-07 19:26:54.833506: val_loss -0.3447
2026-06-07 19:26:54.833616: Pseudo dice [0.5048, 0.7007, 0.5062]
2026-06-07 19:26:54.833706: Epoch time: 110.9 s
2026-06-07 19:26:54.833783: Yayy! New best EMA pseudo Dice: 0.3494
2026-06-07 19:26:54.833847: No checkpoint written, checkpointing is disabled
2026-06-07 19:26:55.958850: 
2026-06-07 19:26:55.959027: Epoch 7
2026-06-07 19:26:55.959145: Current learning rate: 0.00034
2026-06-07 19:28:46.708648: train_loss -0.3447
2026-06-07 19:28:46.708849: val_loss -0.3734
2026-06-07 19:28:46.708961: Pseudo dice [0.5611, 0.6946, 0.5134]
2026-06-07 19:28:46.709052: Epoch time: 110.75 s
2026-06-07 19:28:46.709125: Yayy! New best EMA pseudo Dice: 0.3734
2026-06-07 19:28:46.709196: No checkpoint written, checkpointing is disabled
2026-06-07 19:28:47.860657: 
2026-06-07 19:28:47.860830: Epoch 8
2026-06-07 19:28:47.860938: Current learning rate: 0.00023
2026-06-07 19:30:38.502726: train_loss -0.3777
2026-06-07 19:30:38.502935: val_loss -0.3766
2026-06-07 19:30:38.503045: Pseudo dice [0.5824, 0.695, 0.5243]
2026-06-07 19:30:38.503138: Epoch time: 110.64 s
2026-06-07 19:30:38.503223: Yayy! New best EMA pseudo Dice: 0.3962
2026-06-07 19:30:38.503288: No checkpoint written, checkpointing is disabled
2026-06-07 19:30:39.672296: 
2026-06-07 19:30:39.672472: Epoch 9
2026-06-07 19:30:39.672585: Current learning rate: 0.00013
2026-06-07 19:32:30.289105: train_loss -0.3788
2026-06-07 19:32:30.289333: val_loss -0.3587
2026-06-07 19:32:30.289444: Pseudo dice [0.5446, 0.7052, 0.557]
2026-06-07 19:32:30.289535: Epoch time: 110.62 s
2026-06-07 19:32:30.289614: Yayy! New best EMA pseudo Dice: 0.4168
2026-06-07 19:32:30.289679: No checkpoint written, checkpointing is disabled
2026-06-07 19:32:31.397948: No checkpoint written, checkpointing is disabled
2026-06-07 19:32:31.471650: Training done.
2026-06-07 19:32:31.472704: Skipping final full validation because LMUNET_SKIP_FINAL_VALIDATION=1


=== DS1 downscaled_smooth_handoff_plus ===
channels: (12, 24, 44, 44, 60, 60)
edge_channels: 20
params: 501838
results: /home/yhussein/LightM-UNet/data/nnUNET_results_pareto/lmunet_handoff_bs4_e10/DS1_downscaled_smooth_handoff_plus
command: nnUNetv2_train 501 2d 0 -tr nnUNetTrainerLMUNet
/home/yhussein/conda-envs/lightmunet/lib/python3.10/site-packages/monai/utils/module.py:396: UserWarning: pkg_resources is deprecated as an API. See https://setuptools.pypa.io/en/latest/pkg_resources.html. The pkg_resources package is slated for removal as early as 2025-11-30. Refrain from using this package or pin to Setuptools<81.
  pkg = __import__(module)  # top level module
Using device: cuda:0

#######################################################################
Please cite the following paper when using nnU-Net:
Isensee, F., Jaeger, P. F., Kohl, S. A., Petersen, J., & Maier-Hein, K. H. (2021). nnU-Net: a self-configuring method for deep learning-based biomedical image segmentation. Nature methods, 18(2), 203-211.
#######################################################################


This is the configuration used by this training:
Configuration name: 2d
 {'data_identifier': 'nnUNetPlans_2d', 'preprocessor_name': 'DefaultPreprocessor', 'batch_size': 4, 'patch_size': [512, 512], 'median_image_size_in_voxels': [512.0, 512.0], 'spacing': [1.0, 1.0], 'normalization_schemes': ['ZScoreNormalization'], 'use_mask_for_norm': [False], 'UNet_class_name': 'PlainConvUNet', 'UNet_base_num_features': 32, 'n_conv_per_stage_encoder': [2, 2, 2, 2, 2, 2, 2, 2], 'n_conv_per_stage_decoder': [2, 2, 2, 2, 2, 2, 2], 'num_pool_per_axis': [7, 7], 'pool_op_kernel_sizes': [[1, 1], [2, 2], [2, 2], [2, 2], [2, 2], [2, 2], [2, 2], [2, 2]], 'conv_kernel_sizes': [[3, 3], [3, 3], [3, 3], [3, 3], [3, 3], [3, 3], [3, 3], [3, 3]], 'unet_max_num_features': 512, 'resampling_fn_data': 'resample_data_or_seg_to_shape', 'resampling_fn_seg': 'resample_data_or_seg_to_shape', 'resampling_fn_data_kwargs': {'is_seg': False, 'order': 3, 'order_z': 0, 'force_separate_z': None}, 'resampling_fn_seg_kwargs': {'is_seg': True, 'order': 1, 'order_z': 0, 'force_separate_z': None}, 'resampling_fn_probabilities': 'resample_data_or_seg_to_shape', 'resampling_fn_probabilities_kwargs': {'is_seg': False, 'order': 1, 'order_z': 0, 'force_separate_z': None}, 'batch_dice': True} 

These are the global plan.json settings:
 {'dataset_name': 'Dataset501_ARCADE', 'plans_name': 'nnUNetPlans', 'original_median_spacing_after_transp': [999.0, 1.0, 1.0], 'original_median_shape_after_transp': [1, 512, 512], 'image_reader_writer': 'NaturalImage2DIO', 'transpose_forward': [0, 1, 2], 'transpose_backward': [0, 1, 2], 'experiment_planner_used': 'ExperimentPlanner', 'label_manager': 'LabelManager', 'foreground_intensity_properties_per_channel': {'0': {'max': 255.0, 'mean': 98.67886352539062, 'median': 96.0, 'min': 0.0, 'percentile_00_5': 32.0, 'percentile_99_5': 186.0, 'std': 31.84078025817871}}} 

2026-06-07 19:32:39.633937: unpacking dataset...
2026-06-07 19:32:43.570826: unpacking done...
2026-06-07 19:32:43.571321: do_dummy_2d_data_aug: False
2026-06-07 19:32:43.577252: Using splits from existing split file: /gpfs/home1/yhussein/LightM-UNet/data/nnUNet_preprocessed/Dataset501_ARCADE/splits_final.json
2026-06-07 19:32:43.577582: The split file contains 1 splits.
2026-06-07 19:32:43.577653: Desired fold for training: 0
2026-06-07 19:32:43.577708: This split has 1000 training and 200 validation cases.
2026-06-07 19:32:43.611177: Skipping network architecture plot because LMUNET_SKIP_ARCH_PLOT=1
2026-06-07 19:32:43.624187: 
2026-06-07 19:32:43.624290: Epoch 0
2026-06-07 19:32:43.624394: Current learning rate: 0.001
using pin_memory on device 0
using pin_memory on device 0
2026-06-07 19:34:37.592877: train_loss -0.0049
2026-06-07 19:34:37.593426: val_loss -0.0671
2026-06-07 19:34:37.593557: Pseudo dice [0.124, 0.3698, 0.2205]
2026-06-07 19:34:37.593669: Epoch time: 113.97 s
2026-06-07 19:34:37.593766: Yayy! New best EMA pseudo Dice: 0.2381
2026-06-07 19:34:37.593851: No checkpoint written, checkpointing is disabled
2026-06-07 19:34:38.584469: 
2026-06-07 19:34:38.584631: Epoch 1
2026-06-07 19:34:38.584737: Current learning rate: 0.00091
2026-06-07 19:36:29.988075: train_loss -0.1088
2026-06-07 19:36:29.988303: val_loss -0.1176
2026-06-07 19:36:29.988415: Pseudo dice [0.1891, 0.4148, 0.3312]
2026-06-07 19:36:29.988515: Epoch time: 111.41 s
2026-06-07 19:36:29.988596: Yayy! New best EMA pseudo Dice: 0.2455
2026-06-07 19:36:29.988663: No checkpoint written, checkpointing is disabled
2026-06-07 19:36:31.120383: 
2026-06-07 19:36:31.120573: Epoch 2
2026-06-07 19:36:31.120683: Current learning rate: 0.00082
2026-06-07 19:38:22.352157: train_loss -0.1587
2026-06-07 19:38:22.352384: val_loss -0.1304
2026-06-07 19:38:22.352496: Pseudo dice [0.2697, 0.4558, 0.3186]
2026-06-07 19:38:22.352591: Epoch time: 111.23 s
2026-06-07 19:38:22.352671: Yayy! New best EMA pseudo Dice: 0.2557
2026-06-07 19:38:22.352736: No checkpoint written, checkpointing is disabled
2026-06-07 19:38:23.532827: 
2026-06-07 19:38:23.533004: Epoch 3
2026-06-07 19:38:23.533115: Current learning rate: 0.00073
2026-06-07 19:40:14.656306: train_loss -0.2185
2026-06-07 19:40:14.656560: val_loss -0.1403
2026-06-07 19:40:14.656673: Pseudo dice [0.2249, 0.4335, 0.3823]
2026-06-07 19:40:14.656772: Epoch time: 111.13 s
2026-06-07 19:40:14.656862: Yayy! New best EMA pseudo Dice: 0.2648
2026-06-07 19:40:14.656942: No checkpoint written, checkpointing is disabled
2026-06-07 19:40:15.784964: 
2026-06-07 19:40:15.785132: Epoch 4
2026-06-07 19:40:15.785266: Current learning rate: 0.00063
2026-06-07 19:42:06.979533: train_loss -0.2563
2026-06-07 19:42:06.979734: val_loss -0.2541
2026-06-07 19:42:06.979841: Pseudo dice [0.4437, 0.5353, 0.4723]
2026-06-07 19:42:06.979934: Epoch time: 111.2 s
2026-06-07 19:42:06.980011: Yayy! New best EMA pseudo Dice: 0.2867
2026-06-07 19:42:06.980073: No checkpoint written, checkpointing is disabled
2026-06-07 19:42:08.135989: 
2026-06-07 19:42:08.136154: Epoch 5
2026-06-07 19:42:08.136268: Current learning rate: 0.00054
2026-06-07 19:43:59.293230: train_loss -0.2974
2026-06-07 19:43:59.293431: val_loss -0.2772
2026-06-07 19:43:59.293539: Pseudo dice [0.4538, 0.5437, 0.5249]
2026-06-07 19:43:59.293631: Epoch time: 111.16 s
2026-06-07 19:43:59.293709: Yayy! New best EMA pseudo Dice: 0.3088
2026-06-07 19:43:59.293773: No checkpoint written, checkpointing is disabled
2026-06-07 19:44:00.406155: 
2026-06-07 19:44:00.406331: Epoch 6
2026-06-07 19:44:00.406441: Current learning rate: 0.00044
2026-06-07 19:45:51.488105: train_loss -0.3162
2026-06-07 19:45:51.488312: val_loss -0.4171
2026-06-07 19:45:51.488420: Pseudo dice [0.5861, 0.7213, 0.5531]
2026-06-07 19:45:51.488511: Epoch time: 111.08 s
2026-06-07 19:45:51.488586: Yayy! New best EMA pseudo Dice: 0.34
2026-06-07 19:45:51.488649: No checkpoint written, checkpointing is disabled
2026-06-07 19:45:52.612871: 
2026-06-07 19:45:52.613042: Epoch 7
2026-06-07 19:45:52.613156: Current learning rate: 0.00034
2026-06-07 19:47:43.692568: train_loss -0.3432
2026-06-07 19:47:43.692774: val_loss -0.349
2026-06-07 19:47:43.692885: Pseudo dice [0.5197, 0.6382, 0.5156]
2026-06-07 19:47:43.692979: Epoch time: 111.08 s
2026-06-07 19:47:43.693055: Yayy! New best EMA pseudo Dice: 0.3617
2026-06-07 19:47:43.693119: No checkpoint written, checkpointing is disabled
2026-06-07 19:47:44.833826: 
2026-06-07 19:47:44.833995: Epoch 8
2026-06-07 19:47:44.834100: Current learning rate: 0.00023
2026-06-07 19:49:36.046166: train_loss -0.3587
2026-06-07 19:49:36.046381: val_loss -0.3963
2026-06-07 19:49:36.046485: Pseudo dice [0.5492, 0.6974, 0.5618]
2026-06-07 19:49:36.046579: Epoch time: 111.22 s
2026-06-07 19:49:36.046655: Yayy! New best EMA pseudo Dice: 0.3858
2026-06-07 19:49:36.046716: No checkpoint written, checkpointing is disabled
2026-06-07 19:49:37.205024: 
2026-06-07 19:49:37.205199: Epoch 9
2026-06-07 19:49:37.205304: Current learning rate: 0.00013
2026-06-07 19:51:28.478356: train_loss -0.3914
2026-06-07 19:51:28.478681: val_loss -0.4079
2026-06-07 19:51:28.478791: Pseudo dice [0.5992, 0.751, 0.5627]
2026-06-07 19:51:28.478891: Epoch time: 111.28 s
2026-06-07 19:51:28.478973: Yayy! New best EMA pseudo Dice: 0.411
2026-06-07 19:51:28.479053: No checkpoint written, checkpointing is disabled
2026-06-07 19:51:29.622852: No checkpoint written, checkpointing is disabled
2026-06-07 19:51:29.698512: Training done.
2026-06-07 19:51:29.699658: Skipping final full validation because LMUNET_SKIP_FINAL_VALIDATION=1


=== DS2 early_smooth_downscaled ===
channels: (16, 28, 44, 44, 60, 60)
edge_channels: 20
params: 519606
results: /home/yhussein/LightM-UNet/data/nnUNET_results_pareto/lmunet_handoff_bs4_e10/DS2_early_smooth_downscaled
command: nnUNetv2_train 501 2d 0 -tr nnUNetTrainerLMUNet
/home/yhussein/conda-envs/lightmunet/lib/python3.10/site-packages/monai/utils/module.py:396: UserWarning: pkg_resources is deprecated as an API. See https://setuptools.pypa.io/en/latest/pkg_resources.html. The pkg_resources package is slated for removal as early as 2025-11-30. Refrain from using this package or pin to Setuptools<81.
  pkg = __import__(module)  # top level module
Using device: cuda:0

#######################################################################
Please cite the following paper when using nnU-Net:
Isensee, F., Jaeger, P. F., Kohl, S. A., Petersen, J., & Maier-Hein, K. H. (2021). nnU-Net: a self-configuring method for deep learning-based biomedical image segmentation. Nature methods, 18(2), 203-211.
#######################################################################


This is the configuration used by this training:
Configuration name: 2d
 {'data_identifier': 'nnUNetPlans_2d', 'preprocessor_name': 'DefaultPreprocessor', 'batch_size': 4, 'patch_size': [512, 512], 'median_image_size_in_voxels': [512.0, 512.0], 'spacing': [1.0, 1.0], 'normalization_schemes': ['ZScoreNormalization'], 'use_mask_for_norm': [False], 'UNet_class_name': 'PlainConvUNet', 'UNet_base_num_features': 32, 'n_conv_per_stage_encoder': [2, 2, 2, 2, 2, 2, 2, 2], 'n_conv_per_stage_decoder': [2, 2, 2, 2, 2, 2, 2], 'num_pool_per_axis': [7, 7], 'pool_op_kernel_sizes': [[1, 1], [2, 2], [2, 2], [2, 2], [2, 2], [2, 2], [2, 2], [2, 2]], 'conv_kernel_sizes': [[3, 3], [3, 3], [3, 3], [3, 3], [3, 3], [3, 3], [3, 3], [3, 3]], 'unet_max_num_features': 512, 'resampling_fn_data': 'resample_data_or_seg_to_shape', 'resampling_fn_seg': 'resample_data_or_seg_to_shape', 'resampling_fn_data_kwargs': {'is_seg': False, 'order': 3, 'order_z': 0, 'force_separate_z': None}, 'resampling_fn_seg_kwargs': {'is_seg': True, 'order': 1, 'order_z': 0, 'force_separate_z': None}, 'resampling_fn_probabilities': 'resample_data_or_seg_to_shape', 'resampling_fn_probabilities_kwargs': {'is_seg': False, 'order': 1, 'order_z': 0, 'force_separate_z': None}, 'batch_dice': True} 

These are the global plan.json settings:
 {'dataset_name': 'Dataset501_ARCADE', 'plans_name': 'nnUNetPlans', 'original_median_spacing_after_transp': [999.0, 1.0, 1.0], 'original_median_shape_after_transp': [1, 512, 512], 'image_reader_writer': 'NaturalImage2DIO', 'transpose_forward': [0, 1, 2], 'transpose_backward': [0, 1, 2], 'experiment_planner_used': 'ExperimentPlanner', 'label_manager': 'LabelManager', 'foreground_intensity_properties_per_channel': {'0': {'max': 255.0, 'mean': 98.67886352539062, 'median': 96.0, 'min': 0.0, 'percentile_00_5': 32.0, 'percentile_99_5': 186.0, 'std': 31.84078025817871}}} 

2026-06-07 19:51:38.374126: unpacking dataset...
2026-06-07 19:51:42.560609: unpacking done...
2026-06-07 19:51:42.561036: do_dummy_2d_data_aug: False
2026-06-07 19:51:42.566982: Using splits from existing split file: /gpfs/home1/yhussein/LightM-UNet/data/nnUNet_preprocessed/Dataset501_ARCADE/splits_final.json
2026-06-07 19:51:42.567324: The split file contains 1 splits.
2026-06-07 19:51:42.567397: Desired fold for training: 0
2026-06-07 19:51:42.567451: This split has 1000 training and 200 validation cases.
2026-06-07 19:51:42.588972: Skipping network architecture plot because LMUNET_SKIP_ARCH_PLOT=1
2026-06-07 19:51:42.602330: 
2026-06-07 19:51:42.602495: Epoch 0
2026-06-07 19:51:42.602619: Current learning rate: 0.001
using pin_memory on device 0
using pin_memory on device 0
2026-06-07 19:53:34.916223: train_loss 0.0489
2026-06-07 19:53:34.916565: val_loss -0.0519
2026-06-07 19:53:34.916705: Pseudo dice [0.2711, 0.2758, 0.2364]
2026-06-07 19:53:34.916834: Epoch time: 112.32 s
2026-06-07 19:53:34.916931: Yayy! New best EMA pseudo Dice: 0.2611
2026-06-07 19:53:34.917026: No checkpoint written, checkpointing is disabled
2026-06-07 19:53:35.899883: 
2026-06-07 19:53:35.900089: Epoch 1
2026-06-07 19:53:35.900225: Current learning rate: 0.00091
2026-06-07 19:55:24.978060: train_loss -0.1142
2026-06-07 19:55:24.978293: val_loss -0.1601
2026-06-07 19:55:24.978411: Pseudo dice [0.2964, 0.4834, 0.341]
2026-06-07 19:55:24.978510: Epoch time: 109.08 s
2026-06-07 19:55:24.978593: Yayy! New best EMA pseudo Dice: 0.2723
2026-06-07 19:55:24.978661: No checkpoint written, checkpointing is disabled
2026-06-07 19:55:26.100102: 
2026-06-07 19:55:26.100311: Epoch 2
2026-06-07 19:55:26.100441: Current learning rate: 0.00082
2026-06-07 19:57:15.200455: train_loss -0.1758
2026-06-07 19:57:15.200714: val_loss -0.1549
2026-06-07 19:57:15.200827: Pseudo dice [0.3495, 0.4918, 0.1242]
2026-06-07 19:57:15.200931: Epoch time: 109.1 s
2026-06-07 19:57:15.201013: Yayy! New best EMA pseudo Dice: 0.2773
2026-06-07 19:57:15.201090: No checkpoint written, checkpointing is disabled
2026-06-07 19:57:16.369641: 
2026-06-07 19:57:16.369809: Epoch 3
2026-06-07 19:57:16.369912: Current learning rate: 0.00073
2026-06-07 19:59:05.099827: train_loss -0.2257
2026-06-07 19:59:05.100038: val_loss -0.274
2026-06-07 19:59:05.100145: Pseudo dice [0.4994, 0.5728, 0.4065]
2026-06-07 19:59:05.100242: Epoch time: 108.73 s
2026-06-07 19:59:05.100317: Yayy! New best EMA pseudo Dice: 0.2989
2026-06-07 19:59:05.100382: No checkpoint written, checkpointing is disabled
2026-06-07 19:59:06.243319: 
2026-06-07 19:59:06.243496: Epoch 4
2026-06-07 19:59:06.243614: Current learning rate: 0.00063
2026-06-07 20:00:55.154293: train_loss -0.2615
2026-06-07 20:00:55.156579: val_loss -0.2861
2026-06-07 20:00:55.156692: Pseudo dice [0.5114, 0.5985, 0.3667]
2026-06-07 20:00:55.156792: Epoch time: 108.91 s
2026-06-07 20:00:55.156869: Yayy! New best EMA pseudo Dice: 0.3182
2026-06-07 20:00:55.156943: No checkpoint written, checkpointing is disabled
2026-06-07 20:00:56.336129: 
2026-06-07 20:00:56.336309: Epoch 5
2026-06-07 20:00:56.336426: Current learning rate: 0.00054
2026-06-07 20:02:45.488048: train_loss -0.3183
2026-06-07 20:02:45.488264: val_loss -0.3252
2026-06-07 20:02:45.488376: Pseudo dice [0.5243, 0.6919, 0.4771]
2026-06-07 20:02:45.488465: Epoch time: 109.15 s
2026-06-07 20:02:45.488541: Yayy! New best EMA pseudo Dice: 0.3428
2026-06-07 20:02:45.488607: No checkpoint written, checkpointing is disabled
2026-06-07 20:02:46.618697: 
2026-06-07 20:02:46.618875: Epoch 6
2026-06-07 20:02:46.618986: Current learning rate: 0.00044
2026-06-07 20:04:35.627666: train_loss -0.3507
2026-06-07 20:04:35.627904: val_loss -0.3911
2026-06-07 20:04:35.628016: Pseudo dice [0.5574, 0.7445, 0.4879]
2026-06-07 20:04:35.628108: Epoch time: 109.01 s
2026-06-07 20:04:35.628191: Yayy! New best EMA pseudo Dice: 0.3682
2026-06-07 20:04:35.628260: No checkpoint written, checkpointing is disabled
2026-06-07 20:04:36.769419: 
2026-06-07 20:04:36.769603: Epoch 7
2026-06-07 20:04:36.769727: Current learning rate: 0.00034
2026-06-07 20:06:25.740435: train_loss -0.3615
2026-06-07 20:06:25.740652: val_loss -0.4104
2026-06-07 20:06:25.740764: Pseudo dice [0.5556, 0.7119, 0.5428]
2026-06-07 20:06:25.740858: Epoch time: 108.97 s
2026-06-07 20:06:25.740933: Yayy! New best EMA pseudo Dice: 0.3917
2026-06-07 20:06:25.740997: No checkpoint written, checkpointing is disabled
2026-06-07 20:06:26.884281: 
2026-06-07 20:06:26.884484: Epoch 8
2026-06-07 20:06:26.884614: Current learning rate: 0.00023
2026-06-07 20:08:15.904130: train_loss -0.3773
2026-06-07 20:08:15.904344: val_loss -0.4163
2026-06-07 20:08:15.904454: Pseudo dice [0.5953, 0.771, 0.5975]
2026-06-07 20:08:15.904545: Epoch time: 109.02 s
2026-06-07 20:08:15.904622: Yayy! New best EMA pseudo Dice: 0.418
2026-06-07 20:08:15.904688: No checkpoint written, checkpointing is disabled
2026-06-07 20:08:17.066518: 
2026-06-07 20:08:17.066680: Epoch 9
2026-06-07 20:08:17.066786: Current learning rate: 0.00013
2026-06-07 20:10:06.053741: train_loss -0.413
2026-06-07 20:10:06.053974: val_loss -0.4178
2026-06-07 20:10:06.054082: Pseudo dice [0.5924, 0.7411, 0.5499]
2026-06-07 20:10:06.054181: Epoch time: 108.99 s
2026-06-07 20:10:06.054269: Yayy! New best EMA pseudo Dice: 0.439
2026-06-07 20:10:06.054340: No checkpoint written, checkpointing is disabled
2026-06-07 20:10:07.162491: No checkpoint written, checkpointing is disabled
2026-06-07 20:10:07.237713: Training done.
2026-06-07 20:10:07.238826: Skipping final full validation because LMUNET_SKIP_FINAL_VALIDATION=1


=== DC1 pre_mamba_control ===
channels: (12, 24, 44, 36, 60, 60)
edge_channels: 20
params: 471974
results: /home/yhussein/LightM-UNet/data/nnUNET_results_pareto/lmunet_handoff_bs4_e10/DC1_pre_mamba_control
command: nnUNetv2_train 501 2d 0 -tr nnUNetTrainerLMUNet
/home/yhussein/conda-envs/lightmunet/lib/python3.10/site-packages/monai/utils/module.py:396: UserWarning: pkg_resources is deprecated as an API. See https://setuptools.pypa.io/en/latest/pkg_resources.html. The pkg_resources package is slated for removal as early as 2025-11-30. Refrain from using this package or pin to Setuptools<81.
  pkg = __import__(module)  # top level module
Using device: cuda:0

#######################################################################
Please cite the following paper when using nnU-Net:
Isensee, F., Jaeger, P. F., Kohl, S. A., Petersen, J., & Maier-Hein, K. H. (2021). nnU-Net: a self-configuring method for deep learning-based biomedical image segmentation. Nature methods, 18(2), 203-211.
#######################################################################


This is the configuration used by this training:
Configuration name: 2d
 {'data_identifier': 'nnUNetPlans_2d', 'preprocessor_name': 'DefaultPreprocessor', 'batch_size': 4, 'patch_size': [512, 512], 'median_image_size_in_voxels': [512.0, 512.0], 'spacing': [1.0, 1.0], 'normalization_schemes': ['ZScoreNormalization'], 'use_mask_for_norm': [False], 'UNet_class_name': 'PlainConvUNet', 'UNet_base_num_features': 32, 'n_conv_per_stage_encoder': [2, 2, 2, 2, 2, 2, 2, 2], 'n_conv_per_stage_decoder': [2, 2, 2, 2, 2, 2, 2], 'num_pool_per_axis': [7, 7], 'pool_op_kernel_sizes': [[1, 1], [2, 2], [2, 2], [2, 2], [2, 2], [2, 2], [2, 2], [2, 2]], 'conv_kernel_sizes': [[3, 3], [3, 3], [3, 3], [3, 3], [3, 3], [3, 3], [3, 3], [3, 3]], 'unet_max_num_features': 512, 'resampling_fn_data': 'resample_data_or_seg_to_shape', 'resampling_fn_seg': 'resample_data_or_seg_to_shape', 'resampling_fn_data_kwargs': {'is_seg': False, 'order': 3, 'order_z': 0, 'force_separate_z': None}, 'resampling_fn_seg_kwargs': {'is_seg': True, 'order': 1, 'order_z': 0, 'force_separate_z': None}, 'resampling_fn_probabilities': 'resample_data_or_seg_to_shape', 'resampling_fn_probabilities_kwargs': {'is_seg': False, 'order': 1, 'order_z': 0, 'force_separate_z': None}, 'batch_dice': True} 

These are the global plan.json settings:
 {'dataset_name': 'Dataset501_ARCADE', 'plans_name': 'nnUNetPlans', 'original_median_spacing_after_transp': [999.0, 1.0, 1.0], 'original_median_shape_after_transp': [1, 512, 512], 'image_reader_writer': 'NaturalImage2DIO', 'transpose_forward': [0, 1, 2], 'transpose_backward': [0, 1, 2], 'experiment_planner_used': 'ExperimentPlanner', 'label_manager': 'LabelManager', 'foreground_intensity_properties_per_channel': {'0': {'max': 255.0, 'mean': 98.67886352539062, 'median': 96.0, 'min': 0.0, 'percentile_00_5': 32.0, 'percentile_99_5': 186.0, 'std': 31.84078025817871}}} 

2026-06-07 20:10:14.956379: unpacking dataset...
2026-06-07 20:10:18.953056: unpacking done...
2026-06-07 20:10:18.953505: do_dummy_2d_data_aug: False
2026-06-07 20:10:18.959407: Using splits from existing split file: /gpfs/home1/yhussein/LightM-UNet/data/nnUNet_preprocessed/Dataset501_ARCADE/splits_final.json
2026-06-07 20:10:18.960397: The split file contains 1 splits.
2026-06-07 20:10:18.960488: Desired fold for training: 0
2026-06-07 20:10:18.960545: This split has 1000 training and 200 validation cases.
2026-06-07 20:10:18.981006: Skipping network architecture plot because LMUNET_SKIP_ARCH_PLOT=1
2026-06-07 20:10:18.993468: 
2026-06-07 20:10:18.993580: Epoch 0
2026-06-07 20:10:18.993692: Current learning rate: 0.001
using pin_memory on device 0
using pin_memory on device 0
2026-06-07 20:12:13.392065: train_loss 0.0132
2026-06-07 20:12:13.392413: val_loss -0.0692
2026-06-07 20:12:13.392544: Pseudo dice [0.302, 0.3178, 0.0]
2026-06-07 20:12:13.392662: Epoch time: 114.4 s
2026-06-07 20:12:13.392754: Yayy! New best EMA pseudo Dice: 0.2066
2026-06-07 20:12:13.392851: No checkpoint written, checkpointing is disabled
2026-06-07 20:12:14.367501: 
2026-06-07 20:12:14.367673: Epoch 1
2026-06-07 20:12:14.367804: Current learning rate: 0.00091
2026-06-07 20:14:05.751223: train_loss -0.1064
2026-06-07 20:14:05.751445: val_loss -0.1206
2026-06-07 20:14:05.751560: Pseudo dice [0.3417, 0.4645, 0.0057]
2026-06-07 20:14:05.751655: Epoch time: 111.39 s
2026-06-07 20:14:05.751733: Yayy! New best EMA pseudo Dice: 0.213
2026-06-07 20:14:05.751800: No checkpoint written, checkpointing is disabled
2026-06-07 20:14:06.885919: 
2026-06-07 20:14:06.886092: Epoch 2
2026-06-07 20:14:06.886225: Current learning rate: 0.00082
2026-06-07 20:15:58.334411: train_loss -0.1552
2026-06-07 20:15:58.334944: val_loss -0.2157
2026-06-07 20:15:58.335068: Pseudo dice [0.4482, 0.3406, 0.3908]
2026-06-07 20:15:58.335174: Epoch time: 111.45 s
2026-06-07 20:15:58.335268: Yayy! New best EMA pseudo Dice: 0.231
2026-06-07 20:15:58.335352: No checkpoint written, checkpointing is disabled
2026-06-07 20:15:59.525200: 
2026-06-07 20:15:59.525363: Epoch 3
2026-06-07 20:15:59.525488: Current learning rate: 0.00073
2026-06-07 20:17:50.824888: train_loss -0.2131
2026-06-07 20:17:50.825166: val_loss -0.2238
2026-06-07 20:17:50.825292: Pseudo dice [0.4591, 0.532, 0.3827]
2026-06-07 20:17:50.825392: Epoch time: 111.3 s
2026-06-07 20:17:50.825471: Yayy! New best EMA pseudo Dice: 0.2537
2026-06-07 20:17:50.825552: No checkpoint written, checkpointing is disabled
2026-06-07 20:17:51.967975: 
2026-06-07 20:17:51.968137: Epoch 4
2026-06-07 20:17:51.968269: Current learning rate: 0.00063
2026-06-07 20:19:43.480102: train_loss -0.2515
2026-06-07 20:19:43.480337: val_loss -0.2578
2026-06-07 20:19:43.480448: Pseudo dice [0.4836, 0.5893, 0.4072]
2026-06-07 20:19:43.480544: Epoch time: 111.51 s
2026-06-07 20:19:43.480621: Yayy! New best EMA pseudo Dice: 0.2777
2026-06-07 20:19:43.480687: No checkpoint written, checkpointing is disabled
2026-06-07 20:19:44.653309: 
2026-06-07 20:19:44.653477: Epoch 5
2026-06-07 20:19:44.653600: Current learning rate: 0.00054
2026-06-07 20:21:35.881293: train_loss -0.2947
2026-06-07 20:21:35.881554: val_loss -0.3124
2026-06-07 20:21:35.881665: Pseudo dice [0.4943, 0.5847, 0.4869]
2026-06-07 20:21:35.881762: Epoch time: 111.23 s
2026-06-07 20:21:35.881840: Yayy! New best EMA pseudo Dice: 0.3021
2026-06-07 20:21:35.881921: No checkpoint written, checkpointing is disabled
2026-06-07 20:21:37.014269: 
2026-06-07 20:21:37.014434: Epoch 6
2026-06-07 20:21:37.014557: Current learning rate: 0.00044
2026-06-07 20:23:28.639442: train_loss -0.3164
2026-06-07 20:23:28.639640: val_loss -0.2787
2026-06-07 20:23:28.639750: Pseudo dice [0.5223, 0.6058, 0.3364]
2026-06-07 20:23:28.639843: Epoch time: 111.63 s
2026-06-07 20:23:28.639920: Yayy! New best EMA pseudo Dice: 0.3207
2026-06-07 20:23:28.639984: No checkpoint written, checkpointing is disabled
2026-06-07 20:23:29.770360: 
2026-06-07 20:23:29.770515: Epoch 7
2026-06-07 20:23:29.770627: Current learning rate: 0.00034
2026-06-07 20:25:21.026370: train_loss -0.3528
2026-06-07 20:25:21.026607: val_loss -0.3684
2026-06-07 20:25:21.026723: Pseudo dice [0.569, 0.6891, 0.5287]
2026-06-07 20:25:21.026818: Epoch time: 111.26 s
2026-06-07 20:25:21.026893: Yayy! New best EMA pseudo Dice: 0.3482
2026-06-07 20:25:21.026961: No checkpoint written, checkpointing is disabled
2026-06-07 20:25:22.193279: 
2026-06-07 20:25:22.193443: Epoch 8
2026-06-07 20:25:22.193567: Current learning rate: 0.00023
2026-06-07 20:27:13.270848: train_loss -0.3653
2026-06-07 20:27:13.271058: val_loss -0.3693
2026-06-07 20:27:13.271167: Pseudo dice [0.5668, 0.7293, 0.518]
2026-06-07 20:27:13.271266: Epoch time: 111.08 s
2026-06-07 20:27:13.271343: Yayy! New best EMA pseudo Dice: 0.3738
2026-06-07 20:27:13.271407: No checkpoint written, checkpointing is disabled
2026-06-07 20:27:14.445484: 
2026-06-07 20:27:14.445657: Epoch 9
2026-06-07 20:27:14.445777: Current learning rate: 0.00013
2026-06-07 20:29:05.270411: train_loss -0.3948
2026-06-07 20:29:05.270667: val_loss -0.4328
2026-06-07 20:29:05.270787: Pseudo dice [0.589, 0.721, 0.5857]
2026-06-07 20:29:05.270887: Epoch time: 110.83 s
2026-06-07 20:29:05.270973: Yayy! New best EMA pseudo Dice: 0.3997
2026-06-07 20:29:05.271061: No checkpoint written, checkpointing is disabled
2026-06-07 20:29:06.364564: No checkpoint written, checkpointing is disabled
2026-06-07 20:29:06.438925: Training done.
2026-06-07 20:29:06.440052: Skipping final full validation because LMUNET_SKIP_FINAL_VALIDATION=1


=== DC2 mamba_entry_control ===
channels: (12, 24, 36, 44, 60, 60)
edge_channels: 20
params: 478534
results: /home/yhussein/LightM-UNet/data/nnUNET_results_pareto/lmunet_handoff_bs4_e10/DC2_mamba_entry_control
command: nnUNetv2_train 501 2d 0 -tr nnUNetTrainerLMUNet
/home/yhussein/conda-envs/lightmunet/lib/python3.10/site-packages/monai/utils/module.py:396: UserWarning: pkg_resources is deprecated as an API. See https://setuptools.pypa.io/en/latest/pkg_resources.html. The pkg_resources package is slated for removal as early as 2025-11-30. Refrain from using this package or pin to Setuptools<81.
  pkg = __import__(module)  # top level module
Using device: cuda:0

#######################################################################
Please cite the following paper when using nnU-Net:
Isensee, F., Jaeger, P. F., Kohl, S. A., Petersen, J., & Maier-Hein, K. H. (2021). nnU-Net: a self-configuring method for deep learning-based biomedical image segmentation. Nature methods, 18(2), 203-211.
#######################################################################


This is the configuration used by this training:
Configuration name: 2d
 {'data_identifier': 'nnUNetPlans_2d', 'preprocessor_name': 'DefaultPreprocessor', 'batch_size': 4, 'patch_size': [512, 512], 'median_image_size_in_voxels': [512.0, 512.0], 'spacing': [1.0, 1.0], 'normalization_schemes': ['ZScoreNormalization'], 'use_mask_for_norm': [False], 'UNet_class_name': 'PlainConvUNet', 'UNet_base_num_features': 32, 'n_conv_per_stage_encoder': [2, 2, 2, 2, 2, 2, 2, 2], 'n_conv_per_stage_decoder': [2, 2, 2, 2, 2, 2, 2], 'num_pool_per_axis': [7, 7], 'pool_op_kernel_sizes': [[1, 1], [2, 2], [2, 2], [2, 2], [2, 2], [2, 2], [2, 2], [2, 2]], 'conv_kernel_sizes': [[3, 3], [3, 3], [3, 3], [3, 3], [3, 3], [3, 3], [3, 3], [3, 3]], 'unet_max_num_features': 512, 'resampling_fn_data': 'resample_data_or_seg_to_shape', 'resampling_fn_seg': 'resample_data_or_seg_to_shape', 'resampling_fn_data_kwargs': {'is_seg': False, 'order': 3, 'order_z': 0, 'force_separate_z': None}, 'resampling_fn_seg_kwargs': {'is_seg': True, 'order': 1, 'order_z': 0, 'force_separate_z': None}, 'resampling_fn_probabilities': 'resample_data_or_seg_to_shape', 'resampling_fn_probabilities_kwargs': {'is_seg': False, 'order': 1, 'order_z': 0, 'force_separate_z': None}, 'batch_dice': True} 

These are the global plan.json settings:
 {'dataset_name': 'Dataset501_ARCADE', 'plans_name': 'nnUNetPlans', 'original_median_spacing_after_transp': [999.0, 1.0, 1.0], 'original_median_shape_after_transp': [1, 512, 512], 'image_reader_writer': 'NaturalImage2DIO', 'transpose_forward': [0, 1, 2], 'transpose_backward': [0, 1, 2], 'experiment_planner_used': 'ExperimentPlanner', 'label_manager': 'LabelManager', 'foreground_intensity_properties_per_channel': {'0': {'max': 255.0, 'mean': 98.67886352539062, 'median': 96.0, 'min': 0.0, 'percentile_00_5': 32.0, 'percentile_99_5': 186.0, 'std': 31.84078025817871}}} 

2026-06-07 20:29:13.834188: unpacking dataset...
2026-06-07 20:29:17.843266: unpacking done...
2026-06-07 20:29:17.843698: do_dummy_2d_data_aug: False
2026-06-07 20:29:17.849559: Using splits from existing split file: /gpfs/home1/yhussein/LightM-UNet/data/nnUNet_preprocessed/Dataset501_ARCADE/splits_final.json
2026-06-07 20:29:17.849874: The split file contains 1 splits.
2026-06-07 20:29:17.849944: Desired fold for training: 0
2026-06-07 20:29:17.849998: This split has 1000 training and 200 validation cases.
2026-06-07 20:29:17.867584: Skipping network architecture plot because LMUNET_SKIP_ARCH_PLOT=1
2026-06-07 20:29:17.879637: 
2026-06-07 20:29:17.879745: Epoch 0
2026-06-07 20:29:17.879849: Current learning rate: 0.001
using pin_memory on device 0
using pin_memory on device 0
2026-06-07 20:31:11.398170: train_loss 0.0289
2026-06-07 20:31:11.398477: val_loss -0.0923
2026-06-07 20:31:11.398604: Pseudo dice [0.2207, 0.3515, 0.2771]
2026-06-07 20:31:11.398715: Epoch time: 113.52 s
2026-06-07 20:31:11.398806: Yayy! New best EMA pseudo Dice: 0.2831
2026-06-07 20:31:11.398897: No checkpoint written, checkpointing is disabled
2026-06-07 20:31:12.386283: 
2026-06-07 20:31:12.386447: Epoch 1
2026-06-07 20:31:12.386555: Current learning rate: 0.00091
2026-06-07 20:33:03.332473: train_loss -0.1312
2026-06-07 20:33:03.332694: val_loss -0.1719
2026-06-07 20:33:03.332806: Pseudo dice [0.3921, 0.3955, 0.333]
2026-06-07 20:33:03.332902: Epoch time: 110.95 s
2026-06-07 20:33:03.332982: Yayy! New best EMA pseudo Dice: 0.2921
2026-06-07 20:33:03.333047: No checkpoint written, checkpointing is disabled
2026-06-07 20:33:04.465841: 
2026-06-07 20:33:04.466019: Epoch 2
2026-06-07 20:33:04.466129: Current learning rate: 0.00082
2026-06-07 20:34:55.168073: train_loss -0.1835
2026-06-07 20:34:55.168311: val_loss -0.2112
2026-06-07 20:34:55.168425: Pseudo dice [0.4199, 0.5441, 0.3562]
2026-06-07 20:34:55.168523: Epoch time: 110.71 s
2026-06-07 20:34:55.168604: Yayy! New best EMA pseudo Dice: 0.3069
2026-06-07 20:34:55.168670: No checkpoint written, checkpointing is disabled
2026-06-07 20:34:56.354420: 
2026-06-07 20:34:56.354593: Epoch 3
2026-06-07 20:34:56.354704: Current learning rate: 0.00073
2026-06-07 20:36:47.206187: train_loss -0.2396
2026-06-07 20:36:47.206443: val_loss -0.2625
2026-06-07 20:36:47.206557: Pseudo dice [0.4374, 0.5548, 0.4199]
2026-06-07 20:36:47.206656: Epoch time: 110.85 s
2026-06-07 20:36:47.206740: Yayy! New best EMA pseudo Dice: 0.3233
2026-06-07 20:36:47.206822: No checkpoint written, checkpointing is disabled
2026-06-07 20:36:48.361500: 
2026-06-07 20:36:48.361677: Epoch 4
2026-06-07 20:36:48.361781: Current learning rate: 0.00063
2026-06-07 20:38:39.153433: train_loss -0.2777
2026-06-07 20:38:39.153648: val_loss -0.3356
2026-06-07 20:38:39.153760: Pseudo dice [0.4808, 0.6328, 0.4803]
2026-06-07 20:38:39.153863: Epoch time: 110.79 s
2026-06-07 20:38:39.153939: Yayy! New best EMA pseudo Dice: 0.3441
2026-06-07 20:38:39.154008: No checkpoint written, checkpointing is disabled
2026-06-07 20:38:40.328435: 
2026-06-07 20:38:40.328619: Epoch 5
2026-06-07 20:38:40.328740: Current learning rate: 0.00054
2026-06-07 20:40:31.457309: train_loss -0.3001
2026-06-07 20:40:31.457563: val_loss -0.3264
2026-06-07 20:40:31.457672: Pseudo dice [0.4968, 0.6864, 0.4378]
2026-06-07 20:40:31.457768: Epoch time: 111.13 s
2026-06-07 20:40:31.457847: Yayy! New best EMA pseudo Dice: 0.3637
2026-06-07 20:40:31.457917: No checkpoint written, checkpointing is disabled
2026-06-07 20:40:32.592713: 
2026-06-07 20:40:32.592904: Epoch 6
2026-06-07 20:40:32.593025: Current learning rate: 0.00044
2026-06-07 20:42:23.707984: train_loss -0.3547
2026-06-07 20:42:23.708215: val_loss -0.3
2026-06-07 20:42:23.708324: Pseudo dice [0.5105, 0.613, 0.4858]
2026-06-07 20:42:23.708424: Epoch time: 111.12 s
2026-06-07 20:42:23.708499: Yayy! New best EMA pseudo Dice: 0.381
2026-06-07 20:42:23.708566: No checkpoint written, checkpointing is disabled
2026-06-07 20:42:24.864855: 
2026-06-07 20:42:24.865043: Epoch 7
2026-06-07 20:42:24.865167: Current learning rate: 0.00034
2026-06-07 20:44:15.953834: train_loss -0.3483
2026-06-07 20:44:15.954041: val_loss -0.3754
2026-06-07 20:44:15.954149: Pseudo dice [0.5318, 0.7122, 0.5717]
2026-06-07 20:44:15.954250: Epoch time: 111.09 s
2026-06-07 20:44:15.954327: Yayy! New best EMA pseudo Dice: 0.4034
2026-06-07 20:44:15.954391: No checkpoint written, checkpointing is disabled
2026-06-07 20:44:17.113191: 
2026-06-07 20:44:17.113373: Epoch 8
2026-06-07 20:44:17.113494: Current learning rate: 0.00023
2026-06-07 20:46:08.031121: train_loss -0.3583
2026-06-07 20:46:08.031345: val_loss -0.3848
2026-06-07 20:46:08.031451: Pseudo dice [0.5609, 0.6872, 0.5771]
2026-06-07 20:46:08.031544: Epoch time: 110.92 s
2026-06-07 20:46:08.031623: Yayy! New best EMA pseudo Dice: 0.4239
2026-06-07 20:46:08.031686: No checkpoint written, checkpointing is disabled
2026-06-07 20:46:09.191757: 
2026-06-07 20:46:09.191944: Epoch 9
2026-06-07 20:46:09.192061: Current learning rate: 0.00013
2026-06-07 20:48:00.183056: train_loss -0.3743
2026-06-07 20:48:00.183274: val_loss -0.3756
2026-06-07 20:48:00.183381: Pseudo dice [0.5924, 0.7068, 0.504]
2026-06-07 20:48:00.183472: Epoch time: 110.99 s
2026-06-07 20:48:00.183550: Yayy! New best EMA pseudo Dice: 0.4416
2026-06-07 20:48:00.183616: No checkpoint written, checkpointing is disabled
2026-06-07 20:48:01.289969: No checkpoint written, checkpointing is disabled
2026-06-07 20:48:01.364497: Training done.
2026-06-07 20:48:01.365770: Skipping final full validation because LMUNET_SKIP_FINAL_VALIDATION=1


=== Summary ===
DS0 params=0.442M final_dice=0.6022666666666666 momentum=0.06686666666666663 duration_s=1136.3
DS1 params=0.502M final_dice=0.6376333333333334 momentum=0.13016666666666676 duration_s=1137.2
DS2 params=0.520M final_dice=0.6278 momentum=0.06336666666666668 duration_s=1116.7
DC1 params=0.472M final_dice=0.6319 momentum=0.10993333333333333 duration_s=1138.5
DC2 params=0.479M final_dice=0.6010666666666666 momentum=0.060733333333333306 duration_s=1134.4
CSV: /home/yhussein/LightM-UNet/data/nnUNET_results_pareto/lmunet_handoff_bs4_e10/summary.csv
Plot: /home/yhussein/LightM-UNet/data/nnUNET_results_pareto/lmunet_handoff_bs4_e10/pareto_final_dice.png
=== Handoff follow-up sweep finished ===
Summary:
id,name,channels,edge_channels,params,params_m,final_dice,best_dice,momentum,acceleration,num_dice_epochs,mean_epoch_time_s,duration_s,returncode,hypothesis,pseudo_dice_by_epoch,log_file,results_root
DS0,downscaled_smooth_handoff,"12,24,40,40,56,56",20,442166,0.442166,0.6022666666666666,0.6022666666666666,0.06686666666666663,-0.04575000000000001,10,111.00999999999999,1136.2905358050484,0,downscaled smooth handoff pattern from previous follow-up,0.223067;0.342633;0.374267;0.478800;0.567200;0.535400;0.570567;0.589700;0.600567;0.602267,/home/yhussein/LightM-UNet/data/nnUNET_results_pareto/lmunet_handoff_bs4_e10/DS0_downscaled_smooth_handoff/fold_0/training_log_2026_6_7_19_13_45.txt,/home/yhussein/LightM-UNet/data/nnUNET_results_pareto/lmunet_handoff_bs4_e10/DS0_downscaled_smooth_handoff
DS1,downscaled_smooth_handoff_plus,"12,24,44,44,60,60",20,501838,0.501838,0.6376333333333334,0.6376333333333334,0.13016666666666676,-0.021331666666666638,10,111.47600000000003,1137.2022567498498,0,slightly wider downscaled smooth handoff near baseline parameter count,0.238100;0.311700;0.348033;0.346900;0.483767;0.507467;0.620167;0.557833;0.602800;0.637633,/home/yhussein/LightM-UNet/data/nnUNET_results_pareto/lmunet_handoff_bs4_e10/DS1_downscaled_smooth_handoff_plus/fold_0/training_log_2026_6_7_19_32_39.txt,/home/yhussein/LightM-UNet/data/nnUNET_results_pareto/lmunet_handoff_bs4_e10/DS1_downscaled_smooth_handoff_plus
DS2,early_smooth_downscaled,"16,28,44,44,60,60",20,519606,0.519606,0.6278,0.6546,0.06336666666666668,-0.04482500000000001,10,109.328,1116.7212732140906,0,downscaled smooth handoff with a stronger early-stage start at 16 channels,0.261100;0.373600;0.321833;0.492900;0.492200;0.564433;0.596600;0.603433;0.654600;0.627800,/home/yhussein/LightM-UNet/data/nnUNET_results_pareto/lmunet_handoff_bs4_e10/DS2_early_smooth_downscaled/fold_0/training_log_2026_6_7_19_51_38.txt,/home/yhussein/LightM-UNet/data/nnUNET_results_pareto/lmunet_handoff_bs4_e10/DS2_early_smooth_downscaled
DC1,pre_mamba_control,"12,24,44,36,60,60",20,471974,0.471974,0.6319,0.6319,0.10993333333333333,-0.03559000000000001,10,111.60800000000002,1138.4531440378632,0,control: wide last conv stage but narrower first PV-Mamba stage,0.206600;0.270633;0.393200;0.457933;0.493367;0.521967;0.488167;0.595600;0.604700;0.631900,/home/yhussein/LightM-UNet/data/nnUNET_results_pareto/lmunet_handoff_bs4_e10/DC1_pre_mamba_control/fold_0/training_log_2026_6_7_20_10_14.txt,/home/yhussein/LightM-UNet/data/nnUNET_results_pareto/lmunet_handoff_bs4_e10/DC1_pre_mamba_control
DC2,mamba_entry_control,"12,24,36,44,60,60",20,478534,0.478534,0.6010666666666666,0.6083999999999999,0.060733333333333306,-0.036263333333333335,10,111.207,1134.3567135909107,0,control: narrower last conv stage but wide first PV-Mamba stage,0.283100;0.373533;0.440067;0.470700;0.531300;0.540333;0.536433;0.605233;0.608400;0.601067,/home/yhussein/LightM-UNet/data/nnUNET_results_pareto/lmunet_handoff_bs4_e10/DC2_mamba_entry_control/fold_0/training_log_2026_6_7_20_29_13.txt,/home/yhussein/LightM-UNet/data/nnUNET_results_pareto/lmunet_handoff_bs4_e10/DC2_mamba_entry_control
