=== Job info ===
Host: gcn60.local.snellius.surf.nl
Date: Wed Jun 17 16:56:25 CEST 2026
Working dir: /home/yhussein/LightM-UNet/lightm-unet
Conda env: /home/yhussein/conda-envs/lightmunet
=== GPU info ===
Wed Jun 17 16:56:25 2026       
+-----------------------------------------------------------------------------------------+
| NVIDIA-SMI 595.71.05              Driver Version: 595.71.05      CUDA Version: 13.2     |
+-----------------------------------------+------------------------+----------------------+
| GPU  Name                 Persistence-M | Bus-Id          Disp.A | Volatile Uncorr. ECC |
| Fan  Temp   Perf          Pwr:Usage/Cap |           Memory-Usage | GPU-Util  Compute M. |
|                                         |                        |               MIG M. |
|=========================================+========================+======================|
|   0  NVIDIA A100-SXM4-40GB          On  |   00000000:E3:00.0 Off |                    0 |
| N/A   30C    P0             48W /  400W |       0MiB /  40960MiB |      0%      Default |
|                                         |                        |             Disabled |
+-----------------------------------------+------------------------+----------------------+

+-----------------------------------------------------------------------------------------+
| Processes:                                                                              |
|  GPU   GI   CI              PID   Type   Process name                        GPU Memory |
|        ID   ID                                                               Usage      |
|=========================================================================================|
|  No running processes found                                                             |
+-----------------------------------------------------------------------------------------+
=== Training PUNet ===
PUNET_EPOCHS=150
PUNET_BATCH_SIZE=8
Using device: cuda:0

#######################################################################
Please cite the following paper when using nnU-Net:
Isensee, F., Jaeger, P. F., Kohl, S. A., Petersen, J., & Maier-Hein, K. H. (2021). nnU-Net: a self-configuring method for deep learning-based biomedical image segmentation. Nature methods, 18(2), 203-211.
#######################################################################


This is the configuration used by this training:
Configuration name: 2d
 {'data_identifier': 'nnUNetPlans_2d', 'preprocessor_name': 'DefaultPreprocessor', 'batch_size': 4, 'patch_size': [512, 512], 'median_image_size_in_voxels': [512.0, 512.0], 'spacing': [1.0, 1.0], 'normalization_schemes': ['ZScoreNormalization'], 'use_mask_for_norm': [False], 'UNet_class_name': 'PlainConvUNet', 'UNet_base_num_features': 32, 'n_conv_per_stage_encoder': [2, 2, 2, 2, 2, 2, 2, 2], 'n_conv_per_stage_decoder': [2, 2, 2, 2, 2, 2, 2], 'num_pool_per_axis': [7, 7], 'pool_op_kernel_sizes': [[1, 1], [2, 2], [2, 2], [2, 2], [2, 2], [2, 2], [2, 2], [2, 2]], 'conv_kernel_sizes': [[3, 3], [3, 3], [3, 3], [3, 3], [3, 3], [3, 3], [3, 3], [3, 3]], 'unet_max_num_features': 512, 'resampling_fn_data': 'resample_data_or_seg_to_shape', 'resampling_fn_seg': 'resample_data_or_seg_to_shape', 'resampling_fn_data_kwargs': {'is_seg': False, 'order': 3, 'order_z': 0, 'force_separate_z': None}, 'resampling_fn_seg_kwargs': {'is_seg': True, 'order': 1, 'order_z': 0, 'force_separate_z': None}, 'resampling_fn_probabilities': 'resample_data_or_seg_to_shape', 'resampling_fn_probabilities_kwargs': {'is_seg': False, 'order': 1, 'order_z': 0, 'force_separate_z': None}, 'batch_dice': True} 

These are the global plan.json settings:
 {'dataset_name': 'Dataset501_ARCADE', 'plans_name': 'nnUNetPlans', 'original_median_spacing_after_transp': [999.0, 1.0, 1.0], 'original_median_shape_after_transp': [1, 512, 512], 'image_reader_writer': 'NaturalImage2DIO', 'transpose_forward': [0, 1, 2], 'transpose_backward': [0, 1, 2], 'experiment_planner_used': 'ExperimentPlanner', 'label_manager': 'LabelManager', 'foreground_intensity_properties_per_channel': {'0': {'max': 255.0, 'mean': 98.67886352539062, 'median': 96.0, 'min': 0.0, 'percentile_00_5': 32.0, 'percentile_99_5': 186.0, 'std': 31.84078025817871}}} 

2026-06-17 16:56:32.146234: unpacking dataset...
2026-06-17 16:56:36.074282: unpacking done...
2026-06-17 16:56:36.074753: do_dummy_2d_data_aug: False
2026-06-17 16:56:36.080757: Using splits from existing split file: /gpfs/home1/yhussein/LightM-UNet/data/nnUNet_preprocessed/Dataset501_ARCADE/splits_final.json
2026-06-17 16:56:36.081096: The split file contains 1 splits.
2026-06-17 16:56:36.081162: Desired fold for training: 0
2026-06-17 16:56:36.081213: This split has 1000 training and 200 validation cases.
2026-06-17 16:56:36.102905: Skipping network architecture plot because PUNET_SKIP_ARCH_PLOT=1
2026-06-17 16:56:36.116751: 
2026-06-17 16:56:36.116859: Epoch 0
2026-06-17 16:56:36.116976: Current learning rate: 0.001
using pin_memory on device 0
using pin_memory on device 0
2026-06-17 16:58:38.813043: train_loss 0.4586
2026-06-17 16:58:38.813380: val_loss 0.0964
2026-06-17 16:58:38.813503: Pseudo dice [0.0125, 0.3124, 0.0]
2026-06-17 16:58:38.813610: Epoch time: 122.7 s
2026-06-17 16:58:38.813697: Yayy! New best EMA pseudo Dice: 0.1083
2026-06-17 16:58:40.001683: 
2026-06-17 16:58:40.001860: Epoch 1
2026-06-17 16:58:40.001985: Current learning rate: 0.00099
2026-06-17 17:00:38.634350: train_loss -0.0031
2026-06-17 17:00:38.634608: val_loss -0.0324
2026-06-17 17:00:38.634715: Pseudo dice [0.1265, 0.3783, 0.0]
2026-06-17 17:00:38.634811: Epoch time: 118.64 s
2026-06-17 17:00:38.634890: Yayy! New best EMA pseudo Dice: 0.1143
2026-06-17 17:00:40.080541: 
2026-06-17 17:00:40.080704: Epoch 2
2026-06-17 17:00:40.080818: Current learning rate: 0.00099
2026-06-17 17:02:38.568028: train_loss -0.1264
2026-06-17 17:02:38.568239: val_loss -0.1296
2026-06-17 17:02:38.568975: Pseudo dice [0.2825, 0.4602, 0.2736]
2026-06-17 17:02:38.569086: Epoch time: 118.49 s
2026-06-17 17:02:38.569162: Yayy! New best EMA pseudo Dice: 0.1367
2026-06-17 17:02:39.925284: 
2026-06-17 17:02:39.925445: Epoch 3
2026-06-17 17:02:39.925563: Current learning rate: 0.00098
2026-06-17 17:04:38.395995: train_loss -0.2091
2026-06-17 17:04:38.396188: val_loss -0.23
2026-06-17 17:04:38.396297: Pseudo dice [0.3504, 0.5359, 0.3779]
2026-06-17 17:04:38.396392: Epoch time: 118.47 s
2026-06-17 17:04:38.396461: Yayy! New best EMA pseudo Dice: 0.1652
2026-06-17 17:04:39.851869: 
2026-06-17 17:04:39.852022: Epoch 4
2026-06-17 17:04:39.852138: Current learning rate: 0.00098
2026-06-17 17:06:38.410420: train_loss -0.2314
2026-06-17 17:06:38.410618: val_loss -0.2072
2026-06-17 17:06:38.410720: Pseudo dice [0.3406, 0.4828, 0.3571]
2026-06-17 17:06:38.410814: Epoch time: 118.56 s
2026-06-17 17:06:38.410885: Yayy! New best EMA pseudo Dice: 0.188
2026-06-17 17:06:39.765847: 
2026-06-17 17:06:39.766009: Epoch 5
2026-06-17 17:06:39.766123: Current learning rate: 0.00097
2026-06-17 17:08:38.371527: train_loss -0.2715
2026-06-17 17:08:38.371721: val_loss -0.2785
2026-06-17 17:08:38.371826: Pseudo dice [0.3993, 0.5749, 0.4226]
2026-06-17 17:08:38.371917: Epoch time: 118.61 s
2026-06-17 17:08:38.371987: Yayy! New best EMA pseudo Dice: 0.2158
2026-06-17 17:08:39.819122: 
2026-06-17 17:08:39.819299: Epoch 6
2026-06-17 17:08:39.819413: Current learning rate: 0.00096
2026-06-17 17:10:38.328489: train_loss -0.2984
2026-06-17 17:10:38.328688: val_loss -0.3391
2026-06-17 17:10:38.328789: Pseudo dice [0.4563, 0.6069, 0.4398]
2026-06-17 17:10:38.328880: Epoch time: 118.51 s
2026-06-17 17:10:38.328951: Yayy! New best EMA pseudo Dice: 0.2443
2026-06-17 17:10:39.674666: 
2026-06-17 17:10:39.674822: Epoch 7
2026-06-17 17:10:39.674936: Current learning rate: 0.00096
2026-06-17 17:12:38.289084: train_loss -0.3208
2026-06-17 17:12:38.289288: val_loss -0.3647
2026-06-17 17:12:38.289410: Pseudo dice [0.4755, 0.66, 0.4667]
2026-06-17 17:12:38.289504: Epoch time: 118.62 s
2026-06-17 17:12:38.289573: Yayy! New best EMA pseudo Dice: 0.2733
2026-06-17 17:12:39.734912: 
2026-06-17 17:12:39.735082: Epoch 8
2026-06-17 17:12:39.735200: Current learning rate: 0.00095
2026-06-17 17:14:38.338325: train_loss -0.3482
2026-06-17 17:14:38.338510: val_loss -0.3532
2026-06-17 17:14:38.338609: Pseudo dice [0.4811, 0.6503, 0.4271]
2026-06-17 17:14:38.338693: Epoch time: 118.61 s
2026-06-17 17:14:38.338762: Yayy! New best EMA pseudo Dice: 0.2979
2026-06-17 17:14:39.671337: 
2026-06-17 17:14:39.671497: Epoch 9
2026-06-17 17:14:39.671612: Current learning rate: 0.00095
2026-06-17 17:16:38.286901: train_loss -0.3699
2026-06-17 17:16:38.287099: val_loss -0.2759
2026-06-17 17:16:38.287204: Pseudo dice [0.4669, 0.5232, 0.4448]
2026-06-17 17:16:38.287304: Epoch time: 118.62 s
2026-06-17 17:16:38.287375: Yayy! New best EMA pseudo Dice: 0.3159
2026-06-17 17:16:39.582680: 
2026-06-17 17:16:39.582839: Epoch 10
2026-06-17 17:16:39.582954: Current learning rate: 0.00094
2026-06-17 17:18:38.465943: train_loss -0.3615
2026-06-17 17:18:38.466143: val_loss -0.2916
2026-06-17 17:18:38.466245: Pseudo dice [0.5007, 0.6192, 0.3453]
2026-06-17 17:18:38.466349: Epoch time: 118.89 s
2026-06-17 17:18:38.466423: Yayy! New best EMA pseudo Dice: 0.3332
2026-06-17 17:18:39.780995: 
2026-06-17 17:18:39.781166: Epoch 11
2026-06-17 17:18:39.781294: Current learning rate: 0.00093
2026-06-17 17:20:38.675085: train_loss -0.3867
2026-06-17 17:20:38.675295: val_loss -0.4342
2026-06-17 17:20:38.675400: Pseudo dice [0.5359, 0.7132, 0.5306]
2026-06-17 17:20:38.675488: Epoch time: 118.9 s
2026-06-17 17:20:38.675557: Yayy! New best EMA pseudo Dice: 0.3592
2026-06-17 17:20:39.989352: 
2026-06-17 17:20:39.989543: Epoch 12
2026-06-17 17:20:39.989663: Current learning rate: 0.00093
2026-06-17 17:22:38.966510: train_loss -0.3908
2026-06-17 17:22:38.966705: val_loss -0.4179
2026-06-17 17:22:38.966804: Pseudo dice [0.556, 0.6805, 0.51]
2026-06-17 17:22:38.966892: Epoch time: 118.98 s
2026-06-17 17:22:38.966960: Yayy! New best EMA pseudo Dice: 0.3815
2026-06-17 17:22:40.293252: 
2026-06-17 17:22:40.293411: Epoch 13
2026-06-17 17:22:40.294044: Current learning rate: 0.00092
2026-06-17 17:24:38.914369: train_loss -0.4087
2026-06-17 17:24:38.914567: val_loss -0.4095
2026-06-17 17:24:38.914668: Pseudo dice [0.5132, 0.6716, 0.5081]
2026-06-17 17:24:38.914753: Epoch time: 118.62 s
2026-06-17 17:24:38.914823: Yayy! New best EMA pseudo Dice: 0.3998
2026-06-17 17:24:40.251652: 
2026-06-17 17:24:40.251812: Epoch 14
2026-06-17 17:24:40.251928: Current learning rate: 0.00092
2026-06-17 17:26:38.864680: train_loss -0.4183
2026-06-17 17:26:38.864880: val_loss -0.4038
2026-06-17 17:26:38.864981: Pseudo dice [0.5321, 0.7104, 0.4516]
2026-06-17 17:26:38.865071: Epoch time: 118.62 s
2026-06-17 17:26:38.865141: Yayy! New best EMA pseudo Dice: 0.4163
2026-06-17 17:26:40.198703: 
2026-06-17 17:26:40.198863: Epoch 15
2026-06-17 17:26:40.198972: Current learning rate: 0.00091
2026-06-17 17:28:38.838032: train_loss -0.418
2026-06-17 17:28:38.838212: val_loss -0.4048
2026-06-17 17:28:38.838320: Pseudo dice [0.5441, 0.6805, 0.473]
2026-06-17 17:28:38.838403: Epoch time: 118.64 s
2026-06-17 17:28:38.838477: Yayy! New best EMA pseudo Dice: 0.4312
2026-06-17 17:28:40.166556: 
2026-06-17 17:28:40.166713: Epoch 16
2026-06-17 17:28:40.166826: Current learning rate: 0.0009
2026-06-17 17:30:38.827990: train_loss -0.4198
2026-06-17 17:30:38.828190: val_loss -0.44
2026-06-17 17:30:38.828299: Pseudo dice [0.5369, 0.6884, 0.5277]
2026-06-17 17:30:38.828391: Epoch time: 118.66 s
2026-06-17 17:30:38.828461: Yayy! New best EMA pseudo Dice: 0.4465
2026-06-17 17:30:40.286791: 
2026-06-17 17:30:40.286952: Epoch 17
2026-06-17 17:30:40.287064: Current learning rate: 0.0009
2026-06-17 17:32:39.055134: train_loss -0.4332
2026-06-17 17:32:39.055340: val_loss -0.4063
2026-06-17 17:32:39.055442: Pseudo dice [0.5164, 0.6125, 0.5937]
2026-06-17 17:32:39.055533: Epoch time: 118.77 s
2026-06-17 17:32:39.055604: Yayy! New best EMA pseudo Dice: 0.4593
2026-06-17 17:32:40.393931: 
2026-06-17 17:32:40.394087: Epoch 18
2026-06-17 17:32:40.394191: Current learning rate: 0.00089
2026-06-17 17:34:38.929205: train_loss -0.416
2026-06-17 17:34:38.929398: val_loss -0.4629
2026-06-17 17:34:38.929495: Pseudo dice [0.5572, 0.7059, 0.5645]
2026-06-17 17:34:38.929578: Epoch time: 118.54 s
2026-06-17 17:34:38.929646: Yayy! New best EMA pseudo Dice: 0.4743
2026-06-17 17:34:40.268772: 
2026-06-17 17:34:40.268921: Epoch 19
2026-06-17 17:34:40.269024: Current learning rate: 0.00089
2026-06-17 17:36:39.023520: train_loss -0.4346
2026-06-17 17:36:39.023720: val_loss -0.4418
2026-06-17 17:36:39.023820: Pseudo dice [0.5455, 0.6667, 0.5635]
2026-06-17 17:36:39.023912: Epoch time: 118.76 s
2026-06-17 17:36:39.023984: Yayy! New best EMA pseudo Dice: 0.486
2026-06-17 17:36:40.366457: 
2026-06-17 17:36:40.366647: Epoch 20
2026-06-17 17:36:40.366753: Current learning rate: 0.00088
2026-06-17 17:38:39.032200: train_loss -0.4424
2026-06-17 17:38:39.032394: val_loss -0.4535
2026-06-17 17:38:39.032495: Pseudo dice [0.5646, 0.6569, 0.5841]
2026-06-17 17:38:39.032582: Epoch time: 118.67 s
2026-06-17 17:38:39.032652: Yayy! New best EMA pseudo Dice: 0.4976
2026-06-17 17:38:40.383461: 
2026-06-17 17:38:40.383616: Epoch 21
2026-06-17 17:38:40.383718: Current learning rate: 0.00087
2026-06-17 17:40:39.049187: train_loss -0.4374
2026-06-17 17:40:39.049399: val_loss -0.3512
2026-06-17 17:40:39.049502: Pseudo dice [0.5131, 0.64, 0.4459]
2026-06-17 17:40:39.049591: Epoch time: 118.67 s
2026-06-17 17:40:39.049662: Yayy! New best EMA pseudo Dice: 0.5012
2026-06-17 17:40:40.357807: 
2026-06-17 17:40:40.357964: Epoch 22
2026-06-17 17:40:40.358068: Current learning rate: 0.00087
2026-06-17 17:42:38.930684: train_loss -0.4479
2026-06-17 17:42:38.930912: val_loss -0.4521
2026-06-17 17:42:38.931012: Pseudo dice [0.5631, 0.6967, 0.5541]
2026-06-17 17:42:38.931108: Epoch time: 118.58 s
2026-06-17 17:42:38.931181: Yayy! New best EMA pseudo Dice: 0.5115
2026-06-17 17:42:40.243714: 
2026-06-17 17:42:40.243877: Epoch 23
2026-06-17 17:42:40.243997: Current learning rate: 0.00086
2026-06-17 17:44:38.884187: train_loss -0.4463
2026-06-17 17:44:38.884391: val_loss -0.4374
2026-06-17 17:44:38.884492: Pseudo dice [0.5751, 0.7045, 0.5174]
2026-06-17 17:44:38.884585: Epoch time: 118.64 s
2026-06-17 17:44:38.884657: Yayy! New best EMA pseudo Dice: 0.5203
2026-06-17 17:44:40.199693: 
2026-06-17 17:44:40.199855: Epoch 24
2026-06-17 17:44:40.199974: Current learning rate: 0.00085
2026-06-17 17:46:39.108613: train_loss -0.4409
2026-06-17 17:46:39.108799: val_loss -0.448
2026-06-17 17:46:39.108902: Pseudo dice [0.5704, 0.6813, 0.5613]
2026-06-17 17:46:39.108990: Epoch time: 118.91 s
2026-06-17 17:46:39.109061: Yayy! New best EMA pseudo Dice: 0.5287
2026-06-17 17:46:40.547898: 
2026-06-17 17:46:40.548058: Epoch 25
2026-06-17 17:46:40.548165: Current learning rate: 0.00085
2026-06-17 17:48:39.379093: train_loss -0.4438
2026-06-17 17:48:39.380094: val_loss -0.4905
2026-06-17 17:48:39.380203: Pseudo dice [0.5703, 0.7192, 0.5856]
2026-06-17 17:48:39.380297: Epoch time: 118.83 s
2026-06-17 17:48:39.380368: Yayy! New best EMA pseudo Dice: 0.5383
2026-06-17 17:48:40.821241: 
2026-06-17 17:48:40.822118: Epoch 26
2026-06-17 17:48:40.822244: Current learning rate: 0.00084
2026-06-17 17:50:39.536571: train_loss -0.4559
2026-06-17 17:50:39.542310: val_loss -0.4773
2026-06-17 17:50:39.542426: Pseudo dice [0.5981, 0.703, 0.5716]
2026-06-17 17:50:39.542524: Epoch time: 118.72 s
2026-06-17 17:50:39.542599: Yayy! New best EMA pseudo Dice: 0.5469
2026-06-17 17:50:40.870283: 
2026-06-17 17:50:40.871211: Epoch 27
2026-06-17 17:50:40.871333: Current learning rate: 0.00084
2026-06-17 17:52:39.552589: train_loss -0.4663
2026-06-17 17:52:39.553528: val_loss -0.4989
2026-06-17 17:52:39.553639: Pseudo dice [0.5657, 0.7331, 0.5961]
2026-06-17 17:52:39.553728: Epoch time: 118.69 s
2026-06-17 17:52:39.553798: Yayy! New best EMA pseudo Dice: 0.5554
2026-06-17 17:52:40.884882: 
2026-06-17 17:52:40.885718: Epoch 28
2026-06-17 17:52:40.885850: Current learning rate: 0.00083
2026-06-17 17:54:39.777149: train_loss -0.4691
2026-06-17 17:54:39.778358: val_loss -0.4548
2026-06-17 17:54:39.778472: Pseudo dice [0.5482, 0.6908, 0.5812]
2026-06-17 17:54:39.778562: Epoch time: 118.9 s
2026-06-17 17:54:39.778630: Yayy! New best EMA pseudo Dice: 0.5605
2026-06-17 17:54:41.103057: 
2026-06-17 17:54:41.112962: Epoch 29
2026-06-17 17:54:41.113084: Current learning rate: 0.00082
2026-06-17 17:56:39.792005: train_loss -0.459
2026-06-17 17:56:39.792929: val_loss -0.4808
2026-06-17 17:56:39.793042: Pseudo dice [0.5835, 0.7172, 0.5595]
2026-06-17 17:56:39.793135: Epoch time: 118.69 s
2026-06-17 17:56:39.793206: Yayy! New best EMA pseudo Dice: 0.5665
2026-06-17 17:56:41.254081: 
2026-06-17 17:56:41.254977: Epoch 30
2026-06-17 17:56:41.255104: Current learning rate: 0.00082
2026-06-17 17:58:39.824257: train_loss -0.4899
2026-06-17 17:58:39.834104: val_loss -0.5252
2026-06-17 17:58:39.834219: Pseudo dice [0.5926, 0.7549, 0.6087]
2026-06-17 17:58:39.834322: Epoch time: 118.57 s
2026-06-17 17:58:39.834401: Yayy! New best EMA pseudo Dice: 0.575
2026-06-17 17:58:41.162108: 
2026-06-17 17:58:41.164087: Epoch 31
2026-06-17 17:58:41.164207: Current learning rate: 0.00081
2026-06-17 18:00:39.762462: train_loss -0.474
2026-06-17 18:00:39.763427: val_loss -0.4848
2026-06-17 18:00:39.763540: Pseudo dice [0.5937, 0.7437, 0.585]
2026-06-17 18:00:39.763640: Epoch time: 118.6 s
2026-06-17 18:00:39.763714: Yayy! New best EMA pseudo Dice: 0.5816
2026-06-17 18:00:41.095242: 
2026-06-17 18:00:41.096517: Epoch 32
2026-06-17 18:00:41.096641: Current learning rate: 0.00081
2026-06-17 18:02:39.745607: train_loss -0.4984
2026-06-17 18:02:39.746527: val_loss -0.5145
2026-06-17 18:02:39.746636: Pseudo dice [0.6066, 0.7396, 0.6082]
2026-06-17 18:02:39.746729: Epoch time: 118.65 s
2026-06-17 18:02:39.746801: Yayy! New best EMA pseudo Dice: 0.5886
2026-06-17 18:02:41.201242: 
2026-06-17 18:02:41.202108: Epoch 33
2026-06-17 18:02:41.202251: Current learning rate: 0.0008
2026-06-17 18:04:40.066334: train_loss -0.477
2026-06-17 18:04:40.068053: val_loss -0.5055
2026-06-17 18:04:40.068171: Pseudo dice [0.5933, 0.7485, 0.5832]
2026-06-17 18:04:40.068260: Epoch time: 118.87 s
2026-06-17 18:04:40.068344: Yayy! New best EMA pseudo Dice: 0.5939
2026-06-17 18:04:41.407309: 
2026-06-17 18:04:41.408174: Epoch 34
2026-06-17 18:04:41.408290: Current learning rate: 0.00079
2026-06-17 18:06:39.964828: train_loss -0.4863
2026-06-17 18:06:39.966104: val_loss -0.4526
2026-06-17 18:06:39.966213: Pseudo dice [0.5607, 0.6842, 0.586]
2026-06-17 18:06:39.966314: Epoch time: 118.56 s
2026-06-17 18:06:39.966386: Yayy! New best EMA pseudo Dice: 0.5955
2026-06-17 18:06:41.396529: 
2026-06-17 18:06:41.397359: Epoch 35
2026-06-17 18:06:41.397468: Current learning rate: 0.00079
2026-06-17 18:08:40.240917: train_loss -0.4891
2026-06-17 18:08:40.241949: val_loss -0.5149
2026-06-17 18:08:40.242061: Pseudo dice [0.6147, 0.7474, 0.6094]
2026-06-17 18:08:40.242159: Epoch time: 118.85 s
2026-06-17 18:08:40.242232: Yayy! New best EMA pseudo Dice: 0.6017
2026-06-17 18:08:41.688766: 
2026-06-17 18:08:41.689679: Epoch 36
2026-06-17 18:08:41.689783: Current learning rate: 0.00078
2026-06-17 18:10:40.429517: train_loss -0.504
2026-06-17 18:10:40.438407: val_loss -0.4751
2026-06-17 18:10:40.438526: Pseudo dice [0.5609, 0.7249, 0.5491]
2026-06-17 18:10:40.438618: Epoch time: 118.74 s
2026-06-17 18:10:40.438690: Yayy! New best EMA pseudo Dice: 0.6027
2026-06-17 18:10:41.894507: 
2026-06-17 18:10:41.895395: Epoch 37
2026-06-17 18:10:41.895500: Current learning rate: 0.00077
2026-06-17 18:12:40.641792: train_loss -0.4947
2026-06-17 18:12:40.643714: val_loss -0.5118
2026-06-17 18:12:40.643827: Pseudo dice [0.5915, 0.7617, 0.606]
2026-06-17 18:12:40.643922: Epoch time: 118.75 s
2026-06-17 18:12:40.643995: Yayy! New best EMA pseudo Dice: 0.6077
2026-06-17 18:12:42.085674: 
2026-06-17 18:12:42.086531: Epoch 38
2026-06-17 18:12:42.086660: Current learning rate: 0.00077
2026-06-17 18:14:40.811969: train_loss -0.4999
2026-06-17 18:14:40.812880: val_loss -0.4689
2026-06-17 18:14:40.812989: Pseudo dice [0.5202, 0.7406, 0.5758]
2026-06-17 18:14:40.813088: Epoch time: 118.73 s
2026-06-17 18:14:40.813164: Yayy! New best EMA pseudo Dice: 0.6082
2026-06-17 18:14:42.283974: 
2026-06-17 18:14:42.284846: Epoch 39
2026-06-17 18:14:42.284972: Current learning rate: 0.00076
2026-06-17 18:16:41.075415: train_loss -0.4948
2026-06-17 18:16:41.076539: val_loss -0.4715
2026-06-17 18:16:41.076649: Pseudo dice [0.5669, 0.708, 0.5599]
2026-06-17 18:16:41.076738: Epoch time: 118.79 s
2026-06-17 18:16:41.076809: Yayy! New best EMA pseudo Dice: 0.6085
2026-06-17 18:16:42.530418: 
2026-06-17 18:16:42.535455: Epoch 40
2026-06-17 18:16:42.535578: Current learning rate: 0.00076
2026-06-17 18:18:41.147181: train_loss -0.5082
2026-06-17 18:18:41.148084: val_loss -0.5124
2026-06-17 18:18:41.148195: Pseudo dice [0.5945, 0.7431, 0.6024]
2026-06-17 18:18:41.148295: Epoch time: 118.62 s
2026-06-17 18:18:41.148368: Yayy! New best EMA pseudo Dice: 0.6123
2026-06-17 18:18:42.597232: 
2026-06-17 18:18:42.598142: Epoch 41
2026-06-17 18:18:42.598275: Current learning rate: 0.00075
2026-06-17 18:20:41.222893: train_loss -0.5289
2026-06-17 18:20:41.223925: val_loss -0.5414
2026-06-17 18:20:41.224099: Pseudo dice [0.5994, 0.7401, 0.6345]
2026-06-17 18:20:41.224194: Epoch time: 118.63 s
2026-06-17 18:20:41.224275: Yayy! New best EMA pseudo Dice: 0.6169
2026-06-17 18:20:42.524410: 
2026-06-17 18:20:42.525312: Epoch 42
2026-06-17 18:20:42.525419: Current learning rate: 0.00074
2026-06-17 18:22:41.071028: train_loss -0.5049
2026-06-17 18:22:41.072336: val_loss -0.52
2026-06-17 18:22:41.072448: Pseudo dice [0.6152, 0.764, 0.5887]
2026-06-17 18:22:41.072539: Epoch time: 118.55 s
2026-06-17 18:22:41.072613: Yayy! New best EMA pseudo Dice: 0.6208
2026-06-17 18:22:42.379712: 
2026-06-17 18:22:42.380877: Epoch 43
2026-06-17 18:22:42.381005: Current learning rate: 0.00074
2026-06-17 18:24:41.170738: train_loss -0.5382
2026-06-17 18:24:41.171788: val_loss -0.4911
2026-06-17 18:24:41.172374: Pseudo dice [0.6031, 0.7283, 0.5534]
2026-06-17 18:24:41.172471: Epoch time: 118.79 s
2026-06-17 18:24:41.172542: Yayy! New best EMA pseudo Dice: 0.6215
2026-06-17 18:24:42.475635: 
2026-06-17 18:24:42.476584: Epoch 44
2026-06-17 18:24:42.476701: Current learning rate: 0.00073
2026-06-17 18:26:41.253945: train_loss -0.5159
2026-06-17 18:26:41.255470: val_loss -0.478
2026-06-17 18:26:41.255579: Pseudo dice [0.5933, 0.6892, 0.5985]
2026-06-17 18:26:41.255666: Epoch time: 118.78 s
2026-06-17 18:26:41.255738: Yayy! New best EMA pseudo Dice: 0.6221
2026-06-17 18:26:42.682244: 
2026-06-17 18:26:42.692991: Epoch 45
2026-06-17 18:26:42.693117: Current learning rate: 0.00073
2026-06-17 18:28:41.381028: train_loss -0.5122
2026-06-17 18:28:41.382293: val_loss -0.5108
2026-06-17 18:28:41.382406: Pseudo dice [0.5989, 0.7325, 0.5896]
2026-06-17 18:28:41.382494: Epoch time: 118.7 s
2026-06-17 18:28:41.382563: Yayy! New best EMA pseudo Dice: 0.6239
2026-06-17 18:28:42.683018: 
2026-06-17 18:28:42.684103: Epoch 46
2026-06-17 18:28:42.684226: Current learning rate: 0.00072
2026-06-17 18:30:41.155822: train_loss -0.5082
2026-06-17 18:30:41.157045: val_loss -0.5257
2026-06-17 18:30:41.157155: Pseudo dice [0.6247, 0.7413, 0.6248]
2026-06-17 18:30:41.157245: Epoch time: 118.48 s
2026-06-17 18:30:41.157326: Yayy! New best EMA pseudo Dice: 0.6279
2026-06-17 18:30:42.461589: 
2026-06-17 18:30:42.462625: Epoch 47
2026-06-17 18:30:42.462741: Current learning rate: 0.00071
2026-06-17 18:32:41.221684: train_loss -0.5211
2026-06-17 18:32:41.223034: val_loss -0.5265
2026-06-17 18:32:41.223143: Pseudo dice [0.5796, 0.751, 0.5992]
2026-06-17 18:32:41.223234: Epoch time: 118.76 s
2026-06-17 18:32:41.223316: Yayy! New best EMA pseudo Dice: 0.6294
2026-06-17 18:32:42.656937: 
2026-06-17 18:32:42.657932: Epoch 48
2026-06-17 18:32:42.658059: Current learning rate: 0.00071
2026-06-17 18:34:41.289783: train_loss -0.5169
2026-06-17 18:34:41.290965: val_loss -0.5101
2026-06-17 18:34:41.291075: Pseudo dice [0.6153, 0.7513, 0.6119]
2026-06-17 18:34:41.291171: Epoch time: 118.64 s
2026-06-17 18:34:41.291245: Yayy! New best EMA pseudo Dice: 0.6324
2026-06-17 18:34:42.614730: 
2026-06-17 18:34:42.615909: Epoch 49
2026-06-17 18:34:42.621430: Current learning rate: 0.0007
2026-06-17 18:36:41.172922: train_loss -0.5489
2026-06-17 18:36:41.174150: val_loss -0.5451
2026-06-17 18:36:41.174273: Pseudo dice [0.6266, 0.7666, 0.6289]
2026-06-17 18:36:41.174370: Epoch time: 118.56 s
2026-06-17 18:36:41.364537: Yayy! New best EMA pseudo Dice: 0.6366
2026-06-17 18:36:42.806026: 
2026-06-17 18:36:42.806978: Epoch 50
2026-06-17 18:36:42.807099: Current learning rate: 0.00069
2026-06-17 18:38:41.509386: train_loss -0.5482
2026-06-17 18:38:41.510518: val_loss -0.5407
2026-06-17 18:38:41.510627: Pseudo dice [0.6296, 0.7461, 0.6143]
2026-06-17 18:38:41.510715: Epoch time: 118.71 s
2026-06-17 18:38:41.510787: Yayy! New best EMA pseudo Dice: 0.6393
2026-06-17 18:38:42.838884: 
2026-06-17 18:38:42.839915: Epoch 51
2026-06-17 18:38:42.840041: Current learning rate: 0.00069
2026-06-17 18:40:41.320438: train_loss -0.5278
2026-06-17 18:40:41.321847: val_loss -0.5121
2026-06-17 18:40:41.321958: Pseudo dice [0.6131, 0.7521, 0.5943]
2026-06-17 18:40:41.322048: Epoch time: 118.48 s
2026-06-17 18:40:41.322122: Yayy! New best EMA pseudo Dice: 0.6407
2026-06-17 18:40:42.647947: 
2026-06-17 18:40:42.650829: Epoch 52
2026-06-17 18:40:42.650955: Current learning rate: 0.00068
2026-06-17 18:42:41.224206: train_loss -0.5334
2026-06-17 18:42:41.227593: val_loss -0.5611
2026-06-17 18:42:41.227703: Pseudo dice [0.6104, 0.7694, 0.6518]
2026-06-17 18:42:41.227793: Epoch time: 118.58 s
2026-06-17 18:42:41.227866: Yayy! New best EMA pseudo Dice: 0.6443
2026-06-17 18:42:42.565038: 
2026-06-17 18:42:42.566104: Epoch 53
2026-06-17 18:42:42.566235: Current learning rate: 0.00068
2026-06-17 18:44:41.286724: train_loss -0.5507
2026-06-17 18:44:41.288119: val_loss -0.5195
2026-06-17 18:44:41.288234: Pseudo dice [0.6165, 0.7519, 0.6414]
2026-06-17 18:44:41.297056: Epoch time: 118.72 s
2026-06-17 18:44:41.297160: Yayy! New best EMA pseudo Dice: 0.6469
2026-06-17 18:44:42.755479: 
2026-06-17 18:44:42.760977: Epoch 54
2026-06-17 18:44:42.761128: Current learning rate: 0.00067
2026-06-17 18:46:41.489460: train_loss -0.5493
2026-06-17 18:46:41.491443: val_loss -0.5419
2026-06-17 18:46:41.491577: Pseudo dice [0.644, 0.7502, 0.6355]
2026-06-17 18:46:41.491693: Epoch time: 118.74 s
2026-06-17 18:46:41.491792: Yayy! New best EMA pseudo Dice: 0.6498
2026-06-17 18:46:42.822598: 
2026-06-17 18:46:42.823765: Epoch 55
2026-06-17 18:46:42.823905: Current learning rate: 0.00066
2026-06-17 18:48:41.540977: train_loss -0.5479
2026-06-17 18:48:41.542384: val_loss -0.5297
2026-06-17 18:48:41.542521: Pseudo dice [0.6142, 0.742, 0.6287]
2026-06-17 18:48:41.542639: Epoch time: 118.72 s
2026-06-17 18:48:41.542736: Yayy! New best EMA pseudo Dice: 0.651
2026-06-17 18:48:42.996897: 
2026-06-17 18:48:42.998010: Epoch 56
2026-06-17 18:48:42.998151: Current learning rate: 0.00066
2026-06-17 18:50:41.679893: train_loss -0.5394
2026-06-17 18:50:41.681570: val_loss -0.5267
2026-06-17 18:50:41.681709: Pseudo dice [0.613, 0.7171, 0.6279]
2026-06-17 18:50:41.681834: Epoch time: 118.69 s
2026-06-17 18:50:41.681934: Yayy! New best EMA pseudo Dice: 0.6512
2026-06-17 18:50:43.148246: 
2026-06-17 18:50:43.149572: Epoch 57
2026-06-17 18:50:43.149720: Current learning rate: 0.00065
2026-06-17 18:52:41.849105: train_loss -0.5496
2026-06-17 18:52:41.850636: val_loss -0.5549
2026-06-17 18:52:41.850772: Pseudo dice [0.6223, 0.773, 0.6246]
2026-06-17 18:52:41.850886: Epoch time: 118.7 s
2026-06-17 18:52:41.850983: Yayy! New best EMA pseudo Dice: 0.6534
2026-06-17 18:52:43.311000: 
2026-06-17 18:52:43.322138: Epoch 58
2026-06-17 18:52:43.322277: Current learning rate: 0.00064
2026-06-17 18:54:41.951878: train_loss -0.5399
2026-06-17 18:54:41.954295: val_loss -0.5667
2026-06-17 18:54:41.954433: Pseudo dice [0.6418, 0.7579, 0.6672]
2026-06-17 18:54:41.954550: Epoch time: 118.64 s
2026-06-17 18:54:41.954649: Yayy! New best EMA pseudo Dice: 0.657
2026-06-17 18:54:43.302477: 
2026-06-17 18:54:43.303738: Epoch 59
2026-06-17 18:54:43.303884: Current learning rate: 0.00064
2026-06-17 18:56:42.147924: train_loss -0.5405
2026-06-17 18:56:42.149533: val_loss -0.5329
2026-06-17 18:56:42.149669: Pseudo dice [0.6202, 0.7832, 0.6311]
2026-06-17 18:56:42.149789: Epoch time: 118.85 s
2026-06-17 18:56:42.149890: Yayy! New best EMA pseudo Dice: 0.6591
2026-06-17 18:56:43.629787: 
2026-06-17 18:56:43.631128: Epoch 60
2026-06-17 18:56:43.631282: Current learning rate: 0.00063
2026-06-17 18:58:42.382092: train_loss -0.5575
2026-06-17 18:58:42.383593: val_loss -0.5143
2026-06-17 18:58:42.383730: Pseudo dice [0.6315, 0.7601, 0.5712]
2026-06-17 18:58:42.383850: Epoch time: 118.76 s
2026-06-17 18:58:43.543380: 
2026-06-17 18:58:43.544582: Epoch 61
2026-06-17 18:58:43.544721: Current learning rate: 0.00063
2026-06-17 19:00:42.519015: train_loss -0.5295
2026-06-17 19:00:42.520566: val_loss -0.5834
2026-06-17 19:00:42.520704: Pseudo dice [0.6504, 0.7749, 0.666]
2026-06-17 19:00:42.520827: Epoch time: 118.98 s
2026-06-17 19:00:42.520941: Yayy! New best EMA pseudo Dice: 0.6624
2026-06-17 19:00:43.869179: 
2026-06-17 19:00:43.870379: Epoch 62
2026-06-17 19:00:43.870523: Current learning rate: 0.00062
2026-06-17 19:02:42.543506: train_loss -0.5578
2026-06-17 19:02:42.546087: val_loss -0.5813
2026-06-17 19:02:42.546232: Pseudo dice [0.6572, 0.7644, 0.657]
2026-06-17 19:02:42.546366: Epoch time: 118.68 s
2026-06-17 19:02:42.546467: Yayy! New best EMA pseudo Dice: 0.6655
2026-06-17 19:02:43.901582: 
2026-06-17 19:02:43.902768: Epoch 63
2026-06-17 19:02:43.902909: Current learning rate: 0.00061
2026-06-17 19:04:42.580729: train_loss -0.5615
2026-06-17 19:04:42.585523: val_loss -0.5546
2026-06-17 19:04:42.585656: Pseudo dice [0.6499, 0.7475, 0.6539]
2026-06-17 19:04:42.585772: Epoch time: 118.68 s
2026-06-17 19:04:42.585868: Yayy! New best EMA pseudo Dice: 0.6673
2026-06-17 19:04:44.072938: 
2026-06-17 19:04:44.074052: Epoch 64
2026-06-17 19:04:44.074197: Current learning rate: 0.00061
2026-06-17 19:06:42.692564: train_loss -0.5593
2026-06-17 19:06:42.694512: val_loss -0.5522
2026-06-17 19:06:42.694655: Pseudo dice [0.6335, 0.7418, 0.672]
2026-06-17 19:06:42.694778: Epoch time: 118.62 s
2026-06-17 19:06:42.694881: Yayy! New best EMA pseudo Dice: 0.6688
2026-06-17 19:06:44.050595: 
2026-06-17 19:06:44.051812: Epoch 65
2026-06-17 19:06:44.051960: Current learning rate: 0.0006
2026-06-17 19:08:42.945601: train_loss -0.5604
2026-06-17 19:08:42.949383: val_loss -0.5697
2026-06-17 19:08:42.949528: Pseudo dice [0.6559, 0.7667, 0.6344]
2026-06-17 19:08:42.949652: Epoch time: 118.9 s
2026-06-17 19:08:42.949753: Yayy! New best EMA pseudo Dice: 0.6705
2026-06-17 19:08:44.431237: 
2026-06-17 19:08:44.432582: Epoch 66
2026-06-17 19:08:44.432724: Current learning rate: 0.00059
2026-06-17 19:10:43.236645: train_loss -0.5716
2026-06-17 19:10:43.237972: val_loss -0.5574
2026-06-17 19:10:43.238112: Pseudo dice [0.6185, 0.7461, 0.6407]
2026-06-17 19:10:43.238237: Epoch time: 118.81 s
2026-06-17 19:10:44.403213: 
2026-06-17 19:10:44.404539: Epoch 67
2026-06-17 19:10:44.404690: Current learning rate: 0.00059
2026-06-17 19:12:43.503844: train_loss -0.5548
2026-06-17 19:12:43.505533: val_loss -0.5676
2026-06-17 19:12:43.505668: Pseudo dice [0.655, 0.7677, 0.6413]
2026-06-17 19:12:43.505782: Epoch time: 119.1 s
2026-06-17 19:12:43.505880: Yayy! New best EMA pseudo Dice: 0.6721
2026-06-17 19:12:44.852352: 
2026-06-17 19:12:44.853631: Epoch 68
2026-06-17 19:12:44.853762: Current learning rate: 0.00058
2026-06-17 19:14:43.439996: train_loss -0.5627
2026-06-17 19:14:43.441370: val_loss -0.5562
2026-06-17 19:14:43.441505: Pseudo dice [0.6407, 0.7719, 0.6485]
2026-06-17 19:14:43.441626: Epoch time: 118.59 s
2026-06-17 19:14:43.441726: Yayy! New best EMA pseudo Dice: 0.6736
2026-06-17 19:14:44.909154: 
2026-06-17 19:14:44.910429: Epoch 69
2026-06-17 19:14:44.910578: Current learning rate: 0.00057
2026-06-17 19:16:43.584296: train_loss -0.5714
2026-06-17 19:16:43.585739: val_loss -0.5733
2026-06-17 19:16:43.585873: Pseudo dice [0.6407, 0.7838, 0.6634]
2026-06-17 19:16:43.585987: Epoch time: 118.68 s
2026-06-17 19:16:43.586084: Yayy! New best EMA pseudo Dice: 0.6758
2026-06-17 19:16:44.925635: 
2026-06-17 19:16:44.926786: Epoch 70
2026-06-17 19:16:44.926936: Current learning rate: 0.00057
2026-06-17 19:18:43.570472: train_loss -0.5608
2026-06-17 19:18:43.572083: val_loss -0.5544
2026-06-17 19:18:43.572227: Pseudo dice [0.6298, 0.7375, 0.6578]
2026-06-17 19:18:43.572368: Epoch time: 118.65 s
2026-06-17 19:18:44.725155: 
2026-06-17 19:18:44.727143: Epoch 71
2026-06-17 19:18:44.727306: Current learning rate: 0.00056
2026-06-17 19:20:43.621458: train_loss -0.5565
2026-06-17 19:20:43.628309: val_loss -0.5611
2026-06-17 19:20:43.628446: Pseudo dice [0.6299, 0.7726, 0.6622]
2026-06-17 19:20:43.628568: Epoch time: 118.9 s
2026-06-17 19:20:43.628667: Yayy! New best EMA pseudo Dice: 0.677
2026-06-17 19:20:44.973300: 
2026-06-17 19:20:44.974623: Epoch 72
2026-06-17 19:20:44.974776: Current learning rate: 0.00056
2026-06-17 19:22:43.575413: train_loss -0.5756
2026-06-17 19:22:43.577527: val_loss -0.5899
2026-06-17 19:22:43.577672: Pseudo dice [0.6365, 0.7991, 0.6804]
2026-06-17 19:22:43.577802: Epoch time: 118.61 s
2026-06-17 19:22:43.577902: Yayy! New best EMA pseudo Dice: 0.6798
2026-06-17 19:22:45.038789: 
2026-06-17 19:22:45.040091: Epoch 73
2026-06-17 19:22:45.040219: Current learning rate: 0.00055
2026-06-17 19:24:43.574816: train_loss -0.5732
2026-06-17 19:24:43.576188: val_loss -0.6017
2026-06-17 19:24:43.576323: Pseudo dice [0.65, 0.7821, 0.6889]
2026-06-17 19:24:43.576439: Epoch time: 118.54 s
2026-06-17 19:24:43.576534: Yayy! New best EMA pseudo Dice: 0.6825
2026-06-17 19:24:44.930713: 
2026-06-17 19:24:44.931945: Epoch 74
2026-06-17 19:24:44.932073: Current learning rate: 0.00054
2026-06-17 19:26:43.506703: train_loss -0.5678
2026-06-17 19:26:43.508532: val_loss -0.5913
2026-06-17 19:26:43.508660: Pseudo dice [0.6544, 0.7635, 0.7001]
2026-06-17 19:26:43.508770: Epoch time: 118.58 s
2026-06-17 19:26:43.508864: Yayy! New best EMA pseudo Dice: 0.6849
2026-06-17 19:26:44.845922: 
2026-06-17 19:26:44.854832: Epoch 75
2026-06-17 19:26:44.854976: Current learning rate: 0.00054
2026-06-17 19:28:43.467049: train_loss -0.5687
2026-06-17 19:28:43.468423: val_loss -0.5946
2026-06-17 19:28:43.468558: Pseudo dice [0.6376, 0.7752, 0.6722]
2026-06-17 19:28:43.468675: Epoch time: 118.62 s
2026-06-17 19:28:43.468773: Yayy! New best EMA pseudo Dice: 0.6859
2026-06-17 19:28:44.809715: 
2026-06-17 19:28:44.810944: Epoch 76
2026-06-17 19:28:44.811081: Current learning rate: 0.00053
2026-06-17 19:30:43.677469: train_loss -0.5731
2026-06-17 19:30:43.679250: val_loss -0.5499
2026-06-17 19:30:43.679397: Pseudo dice [0.6202, 0.7383, 0.652]
2026-06-17 19:30:43.679528: Epoch time: 118.87 s
2026-06-17 19:30:44.837750: 
2026-06-17 19:30:44.850667: Epoch 77
2026-06-17 19:30:44.850826: Current learning rate: 0.00052
2026-06-17 19:32:43.685457: train_loss -0.5675
2026-06-17 19:32:43.689825: val_loss -0.5408
2026-06-17 19:32:43.689960: Pseudo dice [0.6223, 0.7362, 0.6659]
2026-06-17 19:32:43.690080: Epoch time: 118.85 s
2026-06-17 19:32:44.850548: 
2026-06-17 19:32:44.851826: Epoch 78
2026-06-17 19:32:44.851962: Current learning rate: 0.00052
2026-06-17 19:34:43.504528: train_loss -0.5815
2026-06-17 19:34:43.507395: val_loss -0.5637
2026-06-17 19:34:43.507534: Pseudo dice [0.6329, 0.7814, 0.64]
2026-06-17 19:34:43.507657: Epoch time: 118.66 s
2026-06-17 19:34:44.673605: 
2026-06-17 19:34:44.674893: Epoch 79
2026-06-17 19:34:44.675029: Current learning rate: 0.00051
2026-06-17 19:36:43.717746: train_loss -0.5875
2026-06-17 19:36:43.719184: val_loss -0.5506
2026-06-17 19:36:43.719335: Pseudo dice [0.6383, 0.7817, 0.6608]
2026-06-17 19:36:43.719461: Epoch time: 119.05 s
2026-06-17 19:36:44.886975: 
2026-06-17 19:36:44.888243: Epoch 80
2026-06-17 19:36:44.888408: Current learning rate: 0.0005
2026-06-17 19:38:43.698521: train_loss -0.5936
2026-06-17 19:38:43.700830: val_loss -0.626
2026-06-17 19:38:43.700965: Pseudo dice [0.67, 0.782, 0.7121]
2026-06-17 19:38:43.701088: Epoch time: 118.81 s
2026-06-17 19:38:43.701188: Yayy! New best EMA pseudo Dice: 0.6882
2026-06-17 19:38:45.174641: 
2026-06-17 19:38:45.175821: Epoch 81
2026-06-17 19:38:45.175944: Current learning rate: 0.0005
2026-06-17 19:40:44.004238: train_loss -0.5846
2026-06-17 19:40:44.005679: val_loss -0.5693
2026-06-17 19:40:44.005818: Pseudo dice [0.6473, 0.7793, 0.6821]
2026-06-17 19:40:44.005940: Epoch time: 118.83 s
2026-06-17 19:40:44.006039: Yayy! New best EMA pseudo Dice: 0.6897
2026-06-17 19:40:45.473164: 
2026-06-17 19:40:45.474596: Epoch 82
2026-06-17 19:40:45.474736: Current learning rate: 0.00049
2026-06-17 19:42:44.208560: train_loss -0.5789
2026-06-17 19:42:44.210170: val_loss -0.5814
2026-06-17 19:42:44.210309: Pseudo dice [0.664, 0.778, 0.6922]
2026-06-17 19:42:44.210425: Epoch time: 118.74 s
2026-06-17 19:42:44.210524: Yayy! New best EMA pseudo Dice: 0.6918
2026-06-17 19:42:45.534127: 
2026-06-17 19:42:45.535665: Epoch 83
2026-06-17 19:42:45.535817: Current learning rate: 0.00048
2026-06-17 19:44:44.226913: train_loss -0.5843
2026-06-17 19:44:44.228260: val_loss -0.5832
2026-06-17 19:44:44.228402: Pseudo dice [0.6381, 0.7592, 0.6943]
2026-06-17 19:44:44.228514: Epoch time: 118.7 s
2026-06-17 19:44:44.228611: Yayy! New best EMA pseudo Dice: 0.6924
2026-06-17 19:44:45.559511: 
2026-06-17 19:44:45.560784: Epoch 84
2026-06-17 19:44:45.560932: Current learning rate: 0.00048
2026-06-17 19:46:44.200899: train_loss -0.58
2026-06-17 19:46:44.206625: val_loss -0.5864
2026-06-17 19:46:44.206765: Pseudo dice [0.6583, 0.7946, 0.6525]
2026-06-17 19:46:44.206888: Epoch time: 118.64 s
2026-06-17 19:46:44.206990: Yayy! New best EMA pseudo Dice: 0.6933
2026-06-17 19:46:45.519720: 
2026-06-17 19:46:45.523328: Epoch 85
2026-06-17 19:46:45.523465: Current learning rate: 0.00047
2026-06-17 19:48:44.082633: train_loss -0.5882
2026-06-17 19:48:44.084229: val_loss -0.5995
2026-06-17 19:48:44.084371: Pseudo dice [0.6736, 0.7943, 0.6853]
2026-06-17 19:48:44.084486: Epoch time: 118.57 s
2026-06-17 19:48:44.084583: Yayy! New best EMA pseudo Dice: 0.6958
2026-06-17 19:48:45.521284: 
2026-06-17 19:48:45.522382: Epoch 86
2026-06-17 19:48:45.522523: Current learning rate: 0.00046
2026-06-17 19:50:44.165100: train_loss -0.5933
2026-06-17 19:50:44.166639: val_loss -0.5989
2026-06-17 19:50:44.166775: Pseudo dice [0.6653, 0.8033, 0.672]
2026-06-17 19:50:44.166893: Epoch time: 118.65 s
2026-06-17 19:50:44.166996: Yayy! New best EMA pseudo Dice: 0.6975
2026-06-17 19:50:45.479886: 
2026-06-17 19:50:45.481338: Epoch 87
2026-06-17 19:50:45.481475: Current learning rate: 0.00046
2026-06-17 19:52:44.110147: train_loss -0.5888
2026-06-17 19:52:44.112244: val_loss -0.5987
2026-06-17 19:52:44.112381: Pseudo dice [0.664, 0.7849, 0.7081]
2026-06-17 19:52:44.112490: Epoch time: 118.63 s
2026-06-17 19:52:44.112581: Yayy! New best EMA pseudo Dice: 0.6997
2026-06-17 19:52:45.424045: 
2026-06-17 19:52:45.425630: Epoch 88
2026-06-17 19:52:45.425772: Current learning rate: 0.00045
2026-06-17 19:54:44.071477: train_loss -0.5768
2026-06-17 19:54:44.072817: val_loss -0.5691
2026-06-17 19:54:44.072953: Pseudo dice [0.6301, 0.7926, 0.6857]
2026-06-17 19:54:44.073072: Epoch time: 118.65 s
2026-06-17 19:54:44.073172: Yayy! New best EMA pseudo Dice: 0.7
2026-06-17 19:54:45.506364: 
2026-06-17 19:54:45.507628: Epoch 89
2026-06-17 19:54:45.507770: Current learning rate: 0.00044
2026-06-17 19:56:44.078701: train_loss -0.5926
2026-06-17 19:56:44.081787: val_loss -0.5998
2026-06-17 19:56:44.081923: Pseudo dice [0.6579, 0.7855, 0.6872]
2026-06-17 19:56:44.082042: Epoch time: 118.58 s
2026-06-17 19:56:44.082140: Yayy! New best EMA pseudo Dice: 0.701
2026-06-17 19:56:45.400289: 
2026-06-17 19:56:45.401472: Epoch 90
2026-06-17 19:56:45.401623: Current learning rate: 0.00044
2026-06-17 19:58:44.183970: train_loss -0.6015
2026-06-17 19:58:44.185326: val_loss -0.5775
2026-06-17 19:58:44.185459: Pseudo dice [0.6488, 0.8154, 0.6751]
2026-06-17 19:58:44.185573: Epoch time: 118.79 s
2026-06-17 19:58:44.185672: Yayy! New best EMA pseudo Dice: 0.7022
2026-06-17 19:58:45.496625: 
2026-06-17 19:58:45.497825: Epoch 91
2026-06-17 19:58:45.497957: Current learning rate: 0.00043
2026-06-17 20:00:44.178973: train_loss -0.6041
2026-06-17 20:00:44.189885: val_loss -0.5425
2026-06-17 20:00:44.190023: Pseudo dice [0.6219, 0.763, 0.6612]
2026-06-17 20:00:44.190139: Epoch time: 118.69 s
2026-06-17 20:00:45.317174: 
2026-06-17 20:00:45.318527: Epoch 92
2026-06-17 20:00:45.318679: Current learning rate: 0.00043
2026-06-17 20:02:44.031901: train_loss -0.5839
2026-06-17 20:02:44.037939: val_loss -0.5648
2026-06-17 20:02:44.038076: Pseudo dice [0.6442, 0.7826, 0.6389]
2026-06-17 20:02:44.038195: Epoch time: 118.72 s
2026-06-17 20:02:45.175946: 
2026-06-17 20:02:45.178850: Epoch 93
2026-06-17 20:02:45.178998: Current learning rate: 0.00042
2026-06-17 20:04:43.946719: train_loss -0.6049
2026-06-17 20:04:43.950049: val_loss -0.5935
2026-06-17 20:04:43.950197: Pseudo dice [0.6689, 0.8069, 0.6607]
2026-06-17 20:04:43.950325: Epoch time: 118.77 s
2026-06-17 20:04:45.212391: 
2026-06-17 20:04:45.217666: Epoch 94
2026-06-17 20:04:45.217793: Current learning rate: 0.00041
2026-06-17 20:06:44.057126: train_loss -0.6017
2026-06-17 20:06:44.058614: val_loss -0.5885
2026-06-17 20:06:44.058752: Pseudo dice [0.6643, 0.7778, 0.6874]
2026-06-17 20:06:44.058872: Epoch time: 118.85 s
2026-06-17 20:06:45.185509: 
2026-06-17 20:06:45.186761: Epoch 95
2026-06-17 20:06:45.186908: Current learning rate: 0.00041
2026-06-17 20:08:43.866823: train_loss -0.5995
2026-06-17 20:08:43.868454: val_loss -0.6148
2026-06-17 20:08:43.868591: Pseudo dice [0.6738, 0.7856, 0.7077]
2026-06-17 20:08:43.868707: Epoch time: 118.68 s
2026-06-17 20:08:43.868808: Yayy! New best EMA pseudo Dice: 0.7034
2026-06-17 20:08:45.195691: 
2026-06-17 20:08:45.196986: Epoch 96
2026-06-17 20:08:45.197137: Current learning rate: 0.0004
2026-06-17 20:10:43.835949: train_loss -0.5982
2026-06-17 20:10:43.837687: val_loss -0.6249
2026-06-17 20:10:43.837834: Pseudo dice [0.6764, 0.8065, 0.6951]
2026-06-17 20:10:43.837975: Epoch time: 118.64 s
2026-06-17 20:10:43.838078: Yayy! New best EMA pseudo Dice: 0.7057
2026-06-17 20:10:45.170724: 
2026-06-17 20:10:45.172408: Epoch 97
2026-06-17 20:10:45.172542: Current learning rate: 0.00039
2026-06-17 20:12:43.868330: train_loss -0.6023
2026-06-17 20:12:43.869822: val_loss -0.5892
2026-06-17 20:12:43.869955: Pseudo dice [0.6475, 0.7866, 0.6776]
2026-06-17 20:12:43.870067: Epoch time: 118.7 s
2026-06-17 20:12:45.008773: 
2026-06-17 20:12:45.014147: Epoch 98
2026-06-17 20:12:45.014302: Current learning rate: 0.00039
2026-06-17 20:14:43.843940: train_loss -0.6076
2026-06-17 20:14:43.845515: val_loss -0.5948
2026-06-17 20:14:43.845653: Pseudo dice [0.6283, 0.7937, 0.6827]
2026-06-17 20:14:43.845769: Epoch time: 118.84 s
2026-06-17 20:14:44.981748: 
2026-06-17 20:14:44.983048: Epoch 99
2026-06-17 20:14:44.983179: Current learning rate: 0.00038
2026-06-17 20:16:43.642392: train_loss -0.6087
2026-06-17 20:16:43.643910: val_loss -0.5847
2026-06-17 20:16:43.644047: Pseudo dice [0.6293, 0.8049, 0.6817]
2026-06-17 20:16:43.644164: Epoch time: 118.66 s
2026-06-17 20:16:44.973972: 
2026-06-17 20:16:44.975162: Epoch 100
2026-06-17 20:16:44.975299: Current learning rate: 0.00037
2026-06-17 20:18:43.911458: train_loss -0.6048
2026-06-17 20:18:43.921169: val_loss -0.5964
2026-06-17 20:18:43.921311: Pseudo dice [0.6648, 0.7907, 0.6793]
2026-06-17 20:18:43.921431: Epoch time: 118.94 s
2026-06-17 20:18:43.921530: Yayy! New best EMA pseudo Dice: 0.7058
2026-06-17 20:18:45.253972: 
2026-06-17 20:18:45.255086: Epoch 101
2026-06-17 20:18:45.255234: Current learning rate: 0.00037
2026-06-17 20:20:43.967036: train_loss -0.598
2026-06-17 20:20:43.968422: val_loss -0.5713
2026-06-17 20:20:43.968561: Pseudo dice [0.6643, 0.7829, 0.6452]
2026-06-17 20:20:43.968680: Epoch time: 118.72 s
2026-06-17 20:20:45.104487: 
2026-06-17 20:20:45.105862: Epoch 102
2026-06-17 20:20:45.105996: Current learning rate: 0.00036
2026-06-17 20:22:43.869719: train_loss -0.5975
2026-06-17 20:22:43.871040: val_loss -0.6013
2026-06-17 20:22:43.871182: Pseudo dice [0.6629, 0.798, 0.6771]
2026-06-17 20:22:43.871308: Epoch time: 118.77 s
2026-06-17 20:22:45.128515: 
2026-06-17 20:22:45.129638: Epoch 103
2026-06-17 20:22:45.129778: Current learning rate: 0.00035
2026-06-17 20:24:43.837133: train_loss -0.6006
2026-06-17 20:24:43.838722: val_loss -0.6148
2026-06-17 20:24:43.838855: Pseudo dice [0.6619, 0.81, 0.6773]
2026-06-17 20:24:43.838968: Epoch time: 118.71 s
2026-06-17 20:24:43.839065: Yayy! New best EMA pseudo Dice: 0.7068
2026-06-17 20:24:45.172137: 
2026-06-17 20:24:45.173915: Epoch 104
2026-06-17 20:24:45.174065: Current learning rate: 0.00035
2026-06-17 20:26:43.873811: train_loss -0.6131
2026-06-17 20:26:43.875355: val_loss -0.6242
2026-06-17 20:26:43.875490: Pseudo dice [0.6735, 0.7925, 0.7071]
2026-06-17 20:26:43.875607: Epoch time: 118.7 s
2026-06-17 20:26:43.875707: Yayy! New best EMA pseudo Dice: 0.7085
2026-06-17 20:26:45.333845: 
2026-06-17 20:26:45.334966: Epoch 105
2026-06-17 20:26:45.335108: Current learning rate: 0.00034
2026-06-17 20:28:43.901986: train_loss -0.6177
2026-06-17 20:28:43.903490: val_loss -0.5979
2026-06-17 20:28:43.903626: Pseudo dice [0.6659, 0.807, 0.6951]
2026-06-17 20:28:43.903743: Epoch time: 118.57 s
2026-06-17 20:28:43.903846: Yayy! New best EMA pseudo Dice: 0.7099
2026-06-17 20:28:45.355867: 
2026-06-17 20:28:45.356984: Epoch 106
2026-06-17 20:28:45.357123: Current learning rate: 0.00033
2026-06-17 20:30:43.904913: train_loss -0.6169
2026-06-17 20:30:43.906392: val_loss -0.5846
2026-06-17 20:30:43.906524: Pseudo dice [0.6748, 0.7756, 0.6875]
2026-06-17 20:30:43.906638: Epoch time: 118.55 s
2026-06-17 20:30:43.907018: Yayy! New best EMA pseudo Dice: 0.7102
2026-06-17 20:30:45.245007: 
2026-06-17 20:30:45.246128: Epoch 107
2026-06-17 20:30:45.246276: Current learning rate: 0.00032
2026-06-17 20:32:43.905805: train_loss -0.6097
2026-06-17 20:32:43.907136: val_loss -0.5789
2026-06-17 20:32:43.907279: Pseudo dice [0.6574, 0.769, 0.6662]
2026-06-17 20:32:43.907396: Epoch time: 118.66 s
2026-06-17 20:32:45.052093: 
2026-06-17 20:32:45.053152: Epoch 108
2026-06-17 20:32:45.053303: Current learning rate: 0.00032
2026-06-17 20:34:44.192958: train_loss -0.6105
2026-06-17 20:34:44.194308: val_loss -0.5923
2026-06-17 20:34:44.194448: Pseudo dice [0.659, 0.7935, 0.68]
2026-06-17 20:34:44.194569: Epoch time: 119.14 s
2026-06-17 20:34:45.340136: 
2026-06-17 20:34:45.341398: Epoch 109
2026-06-17 20:34:45.341554: Current learning rate: 0.00031
2026-06-17 20:36:43.957283: train_loss -0.6244
2026-06-17 20:36:43.958950: val_loss -0.5887
2026-06-17 20:36:43.959087: Pseudo dice [0.6679, 0.7934, 0.702]
2026-06-17 20:36:43.959203: Epoch time: 118.62 s
2026-06-17 20:36:43.959305: Yayy! New best EMA pseudo Dice: 0.7103
2026-06-17 20:36:45.294525: 
2026-06-17 20:36:45.295839: Epoch 110
2026-06-17 20:36:45.295977: Current learning rate: 0.0003
2026-06-17 20:38:43.900719: train_loss -0.6085
2026-06-17 20:38:43.902119: val_loss -0.5798
2026-06-17 20:38:43.902256: Pseudo dice [0.6374, 0.7682, 0.6902]
2026-06-17 20:38:43.902382: Epoch time: 118.61 s
2026-06-17 20:38:45.048985: 
2026-06-17 20:38:45.050341: Epoch 111
2026-06-17 20:38:45.050492: Current learning rate: 0.0003
2026-06-17 20:40:44.269860: train_loss -0.6094
2026-06-17 20:40:44.271309: val_loss -0.6119
2026-06-17 20:40:44.271450: Pseudo dice [0.6804, 0.7915, 0.7272]
2026-06-17 20:40:44.271569: Epoch time: 119.22 s
2026-06-17 20:40:44.271670: Yayy! New best EMA pseudo Dice: 0.7115
2026-06-17 20:40:45.934330: 
2026-06-17 20:40:45.935531: Epoch 112
2026-06-17 20:40:45.935665: Current learning rate: 0.00029
2026-06-17 20:42:44.550964: train_loss -0.6154
2026-06-17 20:42:44.552785: val_loss -0.5907
2026-06-17 20:42:44.552930: Pseudo dice [0.6455, 0.8118, 0.6705]
2026-06-17 20:42:44.553048: Epoch time: 118.62 s
2026-06-17 20:42:45.695393: 
2026-06-17 20:42:45.696954: Epoch 113
2026-06-17 20:42:45.697084: Current learning rate: 0.00028
2026-06-17 20:44:44.420858: train_loss -0.631
2026-06-17 20:44:44.422470: val_loss -0.5966
2026-06-17 20:44:44.422614: Pseudo dice [0.6783, 0.8119, 0.6857]
2026-06-17 20:44:44.422737: Epoch time: 118.73 s
2026-06-17 20:44:44.422835: Yayy! New best EMA pseudo Dice: 0.7127
2026-06-17 20:44:45.880973: 
2026-06-17 20:44:45.882222: Epoch 114
2026-06-17 20:44:45.882361: Current learning rate: 0.00028
2026-06-17 20:46:44.768697: train_loss -0.6333
2026-06-17 20:46:44.770040: val_loss -0.6266
2026-06-17 20:46:44.770192: Pseudo dice [0.6622, 0.8061, 0.7222]
2026-06-17 20:46:44.770312: Epoch time: 118.89 s
2026-06-17 20:46:44.770411: Yayy! New best EMA pseudo Dice: 0.7145
2026-06-17 20:46:46.109059: 
2026-06-17 20:46:46.110306: Epoch 115
2026-06-17 20:46:46.110455: Current learning rate: 0.00027
2026-06-17 20:48:45.062968: train_loss -0.6233
2026-06-17 20:48:45.064492: val_loss -0.6243
2026-06-17 20:48:45.064623: Pseudo dice [0.6779, 0.8109, 0.7117]
2026-06-17 20:48:45.064735: Epoch time: 118.96 s
2026-06-17 20:48:45.064829: Yayy! New best EMA pseudo Dice: 0.7164
2026-06-17 20:48:46.418713: 
2026-06-17 20:48:46.419939: Epoch 116
2026-06-17 20:48:46.420084: Current learning rate: 0.00026
2026-06-17 20:50:45.157894: train_loss -0.6184
2026-06-17 20:50:45.159852: val_loss -0.6212
2026-06-17 20:50:45.159988: Pseudo dice [0.67, 0.7996, 0.6999]
2026-06-17 20:50:45.160103: Epoch time: 118.74 s
2026-06-17 20:50:45.160203: Yayy! New best EMA pseudo Dice: 0.717
2026-06-17 20:50:46.640150: 
2026-06-17 20:50:46.641673: Epoch 117
2026-06-17 20:50:46.641825: Current learning rate: 0.00026
2026-06-17 20:52:45.506831: train_loss -0.6164
2026-06-17 20:52:45.508504: val_loss -0.6039
2026-06-17 20:52:45.508843: Pseudo dice [0.6595, 0.7931, 0.6889]
2026-06-17 20:52:45.508960: Epoch time: 118.87 s
2026-06-17 20:52:46.662751: 
2026-06-17 20:52:46.663897: Epoch 118
2026-06-17 20:52:46.664046: Current learning rate: 0.00025
2026-06-17 20:54:45.408865: train_loss -0.6345
2026-06-17 20:54:45.410504: val_loss -0.6243
2026-06-17 20:54:45.410647: Pseudo dice [0.6738, 0.8075, 0.7011]
2026-06-17 20:54:45.410766: Epoch time: 118.75 s
2026-06-17 20:54:45.410864: Yayy! New best EMA pseudo Dice: 0.7178
2026-06-17 20:54:46.898592: 
2026-06-17 20:54:46.899734: Epoch 119
2026-06-17 20:54:46.899885: Current learning rate: 0.00024
2026-06-17 20:56:45.842196: train_loss -0.6302
2026-06-17 20:56:45.843823: val_loss -0.6247
2026-06-17 20:56:45.843968: Pseudo dice [0.6889, 0.8143, 0.7085]
2026-06-17 20:56:45.844089: Epoch time: 118.95 s
2026-06-17 20:56:45.844188: Yayy! New best EMA pseudo Dice: 0.7197
2026-06-17 20:56:47.189658: 
2026-06-17 20:56:47.190727: Epoch 120
2026-06-17 20:56:47.190863: Current learning rate: 0.00023
2026-06-17 20:58:45.828320: train_loss -0.6319
2026-06-17 20:58:45.829781: val_loss -0.6256
2026-06-17 20:58:45.829913: Pseudo dice [0.6777, 0.8085, 0.7193]
2026-06-17 20:58:45.830029: Epoch time: 118.64 s
2026-06-17 20:58:45.830128: Yayy! New best EMA pseudo Dice: 0.7213
2026-06-17 20:58:47.186835: 
2026-06-17 20:58:47.190000: Epoch 121
2026-06-17 20:58:47.190143: Current learning rate: 0.00023
2026-06-17 21:00:46.376940: train_loss -0.6231
2026-06-17 21:00:46.378475: val_loss -0.6289
2026-06-17 21:00:46.378619: Pseudo dice [0.6899, 0.7962, 0.7089]
2026-06-17 21:00:46.378738: Epoch time: 119.19 s
2026-06-17 21:00:46.378838: Yayy! New best EMA pseudo Dice: 0.7223
2026-06-17 21:00:47.730176: 
2026-06-17 21:00:47.731268: Epoch 122
2026-06-17 21:00:47.731400: Current learning rate: 0.00022
2026-06-17 21:02:46.634368: train_loss -0.6245
2026-06-17 21:02:46.635999: val_loss -0.63
2026-06-17 21:02:46.636132: Pseudo dice [0.6749, 0.8164, 0.7233]
2026-06-17 21:02:46.636246: Epoch time: 118.91 s
2026-06-17 21:02:46.636350: Yayy! New best EMA pseudo Dice: 0.7239
2026-06-17 21:02:47.991663: 
2026-06-17 21:02:47.992810: Epoch 123
2026-06-17 21:02:47.992939: Current learning rate: 0.00021
2026-06-17 21:04:46.617352: train_loss -0.6326
2026-06-17 21:04:46.620432: val_loss -0.6311
2026-06-17 21:04:46.620574: Pseudo dice [0.67, 0.8225, 0.715]
2026-06-17 21:04:46.620692: Epoch time: 118.63 s
2026-06-17 21:04:46.620793: Yayy! New best EMA pseudo Dice: 0.7251
2026-06-17 21:04:47.969117: 
2026-06-17 21:04:47.970406: Epoch 124
2026-06-17 21:04:47.970538: Current learning rate: 0.00021
2026-06-17 21:06:46.820681: train_loss -0.6355
2026-06-17 21:06:46.822255: val_loss -0.6484
2026-06-17 21:06:46.822398: Pseudo dice [0.6841, 0.8189, 0.723]
2026-06-17 21:06:46.822515: Epoch time: 118.85 s
2026-06-17 21:06:46.822613: Yayy! New best EMA pseudo Dice: 0.7268
2026-06-17 21:06:48.302054: 
2026-06-17 21:06:48.303519: Epoch 125
2026-06-17 21:06:48.303668: Current learning rate: 0.0002
2026-06-17 21:08:47.111997: train_loss -0.6273
2026-06-17 21:08:47.113390: val_loss -0.5973
2026-06-17 21:08:47.113526: Pseudo dice [0.6468, 0.785, 0.7089]
2026-06-17 21:08:47.113641: Epoch time: 118.81 s
2026-06-17 21:08:48.273525: 
2026-06-17 21:08:48.274644: Epoch 126
2026-06-17 21:08:48.274801: Current learning rate: 0.00019
2026-06-17 21:10:46.991047: train_loss -0.6388
2026-06-17 21:10:46.992318: val_loss -0.6046
2026-06-17 21:10:46.992456: Pseudo dice [0.6945, 0.8071, 0.715]
2026-06-17 21:10:46.992574: Epoch time: 118.72 s
2026-06-17 21:10:46.992680: Yayy! New best EMA pseudo Dice: 0.7268
2026-06-17 21:10:48.345957: 
2026-06-17 21:10:48.347074: Epoch 127
2026-06-17 21:10:48.347227: Current learning rate: 0.00018
2026-06-17 21:12:47.190038: train_loss -0.6421
2026-06-17 21:12:47.191603: val_loss -0.6387
2026-06-17 21:12:47.191743: Pseudo dice [0.6738, 0.8144, 0.703]
2026-06-17 21:12:47.191912: Epoch time: 118.85 s
2026-06-17 21:12:47.192022: Yayy! New best EMA pseudo Dice: 0.7272
2026-06-17 21:12:48.671916: 
2026-06-17 21:12:48.673096: Epoch 128
2026-06-17 21:12:48.673249: Current learning rate: 0.00018
2026-06-17 21:14:47.618458: train_loss -0.6325
2026-06-17 21:14:47.620425: val_loss -0.6174
2026-06-17 21:14:47.620560: Pseudo dice [0.6726, 0.822, 0.7231]
2026-06-17 21:14:47.620682: Epoch time: 118.95 s
2026-06-17 21:14:47.620784: Yayy! New best EMA pseudo Dice: 0.7284
2026-06-17 21:14:48.959744: 
2026-06-17 21:14:48.960963: Epoch 129
2026-06-17 21:14:48.961099: Current learning rate: 0.00017
2026-06-17 21:16:47.638668: train_loss -0.6374
2026-06-17 21:16:47.719587: val_loss -0.6318
2026-06-17 21:16:47.719728: Pseudo dice [0.6845, 0.8209, 0.7315]
2026-06-17 21:16:47.719850: Epoch time: 118.68 s
2026-06-17 21:16:47.719960: Yayy! New best EMA pseudo Dice: 0.7301
2026-06-17 21:16:49.179689: 
2026-06-17 21:16:49.181181: Epoch 130
2026-06-17 21:16:49.181337: Current learning rate: 0.00016
2026-06-17 21:18:47.814564: train_loss -0.6397
2026-06-17 21:18:47.816197: val_loss -0.6265
2026-06-17 21:18:47.816344: Pseudo dice [0.6678, 0.8244, 0.701]
2026-06-17 21:18:47.816468: Epoch time: 118.64 s
2026-06-17 21:18:47.816568: Yayy! New best EMA pseudo Dice: 0.7302
2026-06-17 21:18:49.153953: 
2026-06-17 21:18:49.155174: Epoch 131
2026-06-17 21:18:49.155328: Current learning rate: 0.00016
2026-06-17 21:20:48.097501: train_loss -0.6405
2026-06-17 21:20:48.098919: val_loss -0.6309
2026-06-17 21:20:48.099055: Pseudo dice [0.6748, 0.8184, 0.7341]
2026-06-17 21:20:48.099180: Epoch time: 118.95 s
2026-06-17 21:20:48.099284: Yayy! New best EMA pseudo Dice: 0.7314
2026-06-17 21:20:49.446306: 
2026-06-17 21:20:49.451123: Epoch 132
2026-06-17 21:20:49.451276: Current learning rate: 0.00015
2026-06-17 21:22:48.210233: train_loss -0.644
2026-06-17 21:22:48.212355: val_loss -0.6285
2026-06-17 21:22:48.212491: Pseudo dice [0.6691, 0.8047, 0.7133]
2026-06-17 21:22:48.212626: Epoch time: 118.77 s
2026-06-17 21:22:49.368830: 
2026-06-17 21:22:49.370054: Epoch 133
2026-06-17 21:22:49.370205: Current learning rate: 0.00014
2026-06-17 21:24:48.201668: train_loss -0.6453
2026-06-17 21:24:48.203097: val_loss -0.6195
2026-06-17 21:24:48.203232: Pseudo dice [0.6928, 0.7977, 0.7113]
2026-06-17 21:24:48.203356: Epoch time: 118.84 s
2026-06-17 21:24:48.203466: Yayy! New best EMA pseudo Dice: 0.7315
2026-06-17 21:24:49.541112: 
2026-06-17 21:24:49.542389: Epoch 134
2026-06-17 21:24:49.542533: Current learning rate: 0.00013
2026-06-17 21:26:48.189198: train_loss -0.6298
2026-06-17 21:26:48.190576: val_loss -0.6364
2026-06-17 21:26:48.190703: Pseudo dice [0.672, 0.8087, 0.7201]
2026-06-17 21:26:48.190811: Epoch time: 118.65 s
2026-06-17 21:26:48.190906: Yayy! New best EMA pseudo Dice: 0.7317
2026-06-17 21:26:49.539607: 
2026-06-17 21:26:49.540997: Epoch 135
2026-06-17 21:26:49.541144: Current learning rate: 0.00013
2026-06-17 21:28:48.803246: train_loss -0.6376
2026-06-17 21:28:48.804696: val_loss -0.6104
2026-06-17 21:28:48.804826: Pseudo dice [0.6741, 0.8049, 0.6944]
2026-06-17 21:28:48.804939: Epoch time: 119.27 s
2026-06-17 21:28:49.949378: 
2026-06-17 21:28:49.950682: Epoch 136
2026-06-17 21:28:49.950829: Current learning rate: 0.00012
2026-06-17 21:30:48.902561: train_loss -0.6388
2026-06-17 21:30:48.904086: val_loss -0.641
2026-06-17 21:30:48.904217: Pseudo dice [0.7044, 0.8101, 0.7152]
2026-06-17 21:30:48.904338: Epoch time: 118.96 s
2026-06-17 21:30:48.904437: Yayy! New best EMA pseudo Dice: 0.7322
2026-06-17 21:30:50.252773: 
2026-06-17 21:30:50.254059: Epoch 137
2026-06-17 21:30:50.254207: Current learning rate: 0.00011
2026-06-17 21:32:48.974786: train_loss -0.647
2026-06-17 21:32:48.976346: val_loss -0.6432
2026-06-17 21:32:48.976477: Pseudo dice [0.6896, 0.8165, 0.7057]
2026-06-17 21:32:48.976591: Epoch time: 118.73 s
2026-06-17 21:32:48.976691: Yayy! New best EMA pseudo Dice: 0.7327
2026-06-17 21:32:50.319102: 
2026-06-17 21:32:50.322537: Epoch 138
2026-06-17 21:32:50.322680: Current learning rate: 0.0001
2026-06-17 21:34:49.349217: train_loss -0.6467
2026-06-17 21:34:49.350830: val_loss -0.6324
2026-06-17 21:34:49.350966: Pseudo dice [0.6744, 0.8032, 0.732]
2026-06-17 21:34:49.351100: Epoch time: 119.03 s
2026-06-17 21:34:49.351203: Yayy! New best EMA pseudo Dice: 0.7331
2026-06-17 21:34:50.696589: 
2026-06-17 21:34:50.697755: Epoch 139
2026-06-17 21:34:50.697898: Current learning rate: 0.0001
2026-06-17 21:36:49.431253: train_loss -0.6477
2026-06-17 21:36:49.432712: val_loss -0.6428
2026-06-17 21:36:49.432852: Pseudo dice [0.6636, 0.822, 0.7362]
2026-06-17 21:36:49.432973: Epoch time: 118.74 s
2026-06-17 21:36:49.433079: Yayy! New best EMA pseudo Dice: 0.7338
2026-06-17 21:36:50.902189: 
2026-06-17 21:36:50.918870: Epoch 140
2026-06-17 21:36:50.919014: Current learning rate: 9e-05
2026-06-17 21:38:49.995896: train_loss -0.6533
2026-06-17 21:38:49.997297: val_loss -0.618
2026-06-17 21:38:49.997435: Pseudo dice [0.6913, 0.8232, 0.7221]
2026-06-17 21:38:49.997552: Epoch time: 119.1 s
2026-06-17 21:38:49.997651: Yayy! New best EMA pseudo Dice: 0.735
2026-06-17 21:38:51.347016: 
2026-06-17 21:38:51.348505: Epoch 141
2026-06-17 21:38:51.348658: Current learning rate: 8e-05
2026-06-17 21:40:50.123707: train_loss -0.6407
2026-06-17 21:40:50.125943: val_loss -0.6347
2026-06-17 21:40:50.126085: Pseudo dice [0.6881, 0.823, 0.7252]
2026-06-17 21:40:50.126199: Epoch time: 118.78 s
2026-06-17 21:40:50.126302: Yayy! New best EMA pseudo Dice: 0.736
2026-06-17 21:40:51.470328: 
2026-06-17 21:40:51.471576: Epoch 142
2026-06-17 21:40:51.471713: Current learning rate: 7e-05
2026-06-17 21:42:50.119176: train_loss -0.6505
2026-06-17 21:42:50.123477: val_loss -0.6438
2026-06-17 21:42:50.123609: Pseudo dice [0.6778, 0.8186, 0.7289]
2026-06-17 21:42:50.123726: Epoch time: 118.65 s
2026-06-17 21:42:50.123825: Yayy! New best EMA pseudo Dice: 0.7366
2026-06-17 21:42:51.474054: 
2026-06-17 21:42:51.475320: Epoch 143
2026-06-17 21:42:51.475484: Current learning rate: 6e-05
2026-06-17 21:44:50.412971: train_loss -0.6443
2026-06-17 21:44:50.414654: val_loss -0.6362
2026-06-17 21:44:50.414794: Pseudo dice [0.676, 0.8276, 0.7268]
2026-06-17 21:44:50.414911: Epoch time: 118.94 s
2026-06-17 21:44:50.415009: Yayy! New best EMA pseudo Dice: 0.7373
2026-06-17 21:44:51.881504: 
2026-06-17 21:44:51.882603: Epoch 144
2026-06-17 21:44:51.882735: Current learning rate: 6e-05
2026-06-17 21:46:50.505551: train_loss -0.6552
2026-06-17 21:46:50.507859: val_loss -0.6397
2026-06-17 21:46:50.507997: Pseudo dice [0.6748, 0.8137, 0.7127]
2026-06-17 21:46:50.508116: Epoch time: 118.63 s
2026-06-17 21:46:51.779034: 
2026-06-17 21:46:51.780274: Epoch 145
2026-06-17 21:46:51.780412: Current learning rate: 5e-05
2026-06-17 21:48:50.482694: train_loss -0.6587
2026-06-17 21:48:50.489346: val_loss -0.6377
2026-06-17 21:48:50.489487: Pseudo dice [0.6891, 0.8141, 0.7426]
2026-06-17 21:48:50.489608: Epoch time: 118.71 s
2026-06-17 21:48:50.489707: Yayy! New best EMA pseudo Dice: 0.7381
2026-06-17 21:48:51.842372: 
2026-06-17 21:48:51.844253: Epoch 146
2026-06-17 21:48:51.844410: Current learning rate: 4e-05
2026-06-17 21:50:51.101986: train_loss -0.6615
2026-06-17 21:50:51.105934: val_loss -0.6366
2026-06-17 21:50:51.106081: Pseudo dice [0.6791, 0.7991, 0.7078]
2026-06-17 21:50:51.106197: Epoch time: 119.26 s
2026-06-17 21:50:52.259054: 
2026-06-17 21:50:52.260283: Epoch 147
2026-06-17 21:50:52.260414: Current learning rate: 3e-05
2026-06-17 21:52:50.953653: train_loss -0.6517
2026-06-17 21:52:50.955006: val_loss -0.6094
2026-06-17 21:52:50.955149: Pseudo dice [0.6762, 0.8186, 0.6991]
2026-06-17 21:52:50.955258: Epoch time: 118.7 s
2026-06-17 21:52:52.111717: 
2026-06-17 21:52:52.112987: Epoch 148
2026-06-17 21:52:52.113137: Current learning rate: 2e-05
2026-06-17 21:54:51.184388: train_loss -0.6555
2026-06-17 21:54:51.186576: val_loss -0.6349
2026-06-17 21:54:51.186713: Pseudo dice [0.6619, 0.8157, 0.7158]
2026-06-17 21:54:51.186830: Epoch time: 119.08 s
2026-06-17 21:54:52.341194: 
2026-06-17 21:54:52.342476: Epoch 149
2026-06-17 21:54:52.342612: Current learning rate: 1e-05
2026-06-17 21:56:51.124243: train_loss -0.6601
2026-06-17 21:56:51.129644: val_loss -0.6025
2026-06-17 21:56:51.129779: Pseudo dice [0.6818, 0.8129, 0.6941]
2026-06-17 21:56:51.129893: Epoch time: 118.79 s
2026-06-17 21:56:52.688891: Training done.
2026-06-17 21:56:52.714093: Using splits from existing split file: /gpfs/home1/yhussein/LightM-UNet/data/nnUNet_preprocessed/Dataset501_ARCADE/splits_final.json
2026-06-17 21:56:52.715152: The split file contains 1 splits.
2026-06-17 21:56:52.715255: Desired fold for training: 0
2026-06-17 21:56:52.715733: This split has 1000 training and 200 validation cases.
2026-06-17 21:56:52.718189: predicting val_1
2026-06-17 21:56:54.163217: predicting val_10
2026-06-17 21:56:54.399583: predicting val_100
2026-06-17 21:56:54.634530: predicting val_101
2026-06-17 21:56:54.866208: predicting val_102
2026-06-17 21:56:55.098470: predicting val_103
2026-06-17 21:56:55.333589: predicting val_104
2026-06-17 21:56:55.569384: predicting val_105
2026-06-17 21:56:55.801353: predicting val_106
2026-06-17 21:56:56.033851: predicting val_107
2026-06-17 21:57:01.583038: predicting val_108
2026-06-17 21:57:01.846184: predicting val_109
2026-06-17 21:57:02.077545: predicting val_11
2026-06-17 21:57:02.307901: predicting val_110
2026-06-17 21:57:02.537546: predicting val_111
2026-06-17 21:57:02.765896: predicting val_112
2026-06-17 21:57:02.994130: predicting val_113
2026-06-17 21:57:03.223444: predicting val_114
2026-06-17 21:57:03.451603: predicting val_115
2026-06-17 21:57:03.680776: predicting val_116
2026-06-17 21:57:03.911573: predicting val_117
2026-06-17 21:57:04.140177: predicting val_118
2026-06-17 21:57:04.369206: predicting val_119
2026-06-17 21:57:04.598655: predicting val_12
2026-06-17 21:57:04.827657: predicting val_120
2026-06-17 21:57:05.054572: predicting val_121
2026-06-17 21:57:05.281914: predicting val_122
2026-06-17 21:57:05.511920: predicting val_123
2026-06-17 21:57:05.739759: predicting val_124
2026-06-17 21:57:05.969326: predicting val_125
2026-06-17 21:57:06.195804: predicting val_126
2026-06-17 21:57:06.422877: predicting val_127
2026-06-17 21:57:06.650162: predicting val_128
2026-06-17 21:57:06.876245: predicting val_129
2026-06-17 21:57:07.103034: predicting val_13
2026-06-17 21:57:07.331599: predicting val_130
2026-06-17 21:57:07.561258: predicting val_131
2026-06-17 21:57:07.795039: predicting val_132
2026-06-17 21:57:08.028387: predicting val_133
2026-06-17 21:57:08.261008: predicting val_134
2026-06-17 21:57:08.490318: predicting val_135
2026-06-17 21:57:08.717775: predicting val_136
2026-06-17 21:57:08.945696: predicting val_137
2026-06-17 21:57:09.173312: predicting val_138
2026-06-17 21:57:09.403228: predicting val_139
2026-06-17 21:57:09.630803: predicting val_14
2026-06-17 21:57:09.858629: predicting val_140
2026-06-17 21:57:10.085691: predicting val_141
2026-06-17 21:57:10.314270: predicting val_142
2026-06-17 21:57:10.541793: predicting val_143
2026-06-17 21:57:10.771208: predicting val_144
2026-06-17 21:57:10.998441: predicting val_145
2026-06-17 21:57:11.224413: predicting val_146
2026-06-17 21:57:11.451462: predicting val_147
2026-06-17 21:57:11.678446: predicting val_148
2026-06-17 21:57:11.904904: predicting val_149
2026-06-17 21:57:12.131582: predicting val_15
2026-06-17 21:57:12.358634: predicting val_150
2026-06-17 21:57:12.584834: predicting val_151
2026-06-17 21:57:12.810889: predicting val_152
2026-06-17 21:57:13.037195: predicting val_153
2026-06-17 21:57:13.264044: predicting val_154
2026-06-17 21:57:13.490213: predicting val_155
2026-06-17 21:57:13.716195: predicting val_156
2026-06-17 21:57:13.942355: predicting val_157
2026-06-17 21:57:14.168530: predicting val_158
2026-06-17 21:57:14.394912: predicting val_159
2026-06-17 21:57:14.621434: predicting val_16
2026-06-17 21:57:14.847414: predicting val_160
2026-06-17 21:57:15.073471: predicting val_161
2026-06-17 21:57:15.300542: predicting val_162
2026-06-17 21:57:15.526622: predicting val_163
2026-06-17 21:57:15.753615: predicting val_164
2026-06-17 21:57:15.980016: predicting val_165
2026-06-17 21:57:16.205588: predicting val_166
2026-06-17 21:57:16.433320: predicting val_167
2026-06-17 21:57:16.660446: predicting val_168
2026-06-17 21:57:16.887342: predicting val_169
2026-06-17 21:57:17.114824: predicting val_17
2026-06-17 21:57:17.343554: predicting val_170
2026-06-17 21:57:17.571021: predicting val_171
2026-06-17 21:57:17.806327: predicting val_172
2026-06-17 21:57:18.041315: predicting val_173
2026-06-17 21:57:18.277691: predicting val_174
2026-06-17 21:57:18.511170: predicting val_175
2026-06-17 21:57:18.743923: predicting val_176
2026-06-17 21:57:18.974184: predicting val_177
2026-06-17 21:57:19.202269: predicting val_178
2026-06-17 21:57:19.442397: predicting val_179
2026-06-17 21:57:19.677562: predicting val_18
2026-06-17 21:57:19.909282: predicting val_180
2026-06-17 21:57:20.139667: predicting val_181
2026-06-17 21:57:20.400049: predicting val_182
2026-06-17 21:57:20.664649: predicting val_183
2026-06-17 21:57:20.895544: predicting val_184
2026-06-17 21:57:21.125834: predicting val_185
2026-06-17 21:57:21.356283: predicting val_186
2026-06-17 21:57:21.586362: predicting val_187
2026-06-17 21:57:21.816823: predicting val_188
2026-06-17 21:57:22.048914: predicting val_189
2026-06-17 21:57:22.281469: predicting val_19
2026-06-17 21:57:22.518998: predicting val_190
2026-06-17 21:57:22.750211: predicting val_191
2026-06-17 21:57:22.980967: predicting val_192
2026-06-17 21:57:23.211428: predicting val_193
2026-06-17 21:57:23.442781: predicting val_194
2026-06-17 21:57:23.673851: predicting val_195
2026-06-17 21:57:23.905084: predicting val_196
2026-06-17 21:57:24.135451: predicting val_197
2026-06-17 21:57:24.366421: predicting val_198
2026-06-17 21:57:24.596773: predicting val_199
2026-06-17 21:57:24.826905: predicting val_2
2026-06-17 21:57:25.059938: predicting val_20
2026-06-17 21:57:25.290279: predicting val_200
2026-06-17 21:57:25.521152: predicting val_21
2026-06-17 21:57:25.751023: predicting val_22
2026-06-17 21:57:25.981581: predicting val_23
2026-06-17 21:57:26.212134: predicting val_24
2026-06-17 21:57:26.446292: predicting val_25
2026-06-17 21:57:26.681414: predicting val_26
2026-06-17 21:57:26.911150: predicting val_27
2026-06-17 21:57:27.139694: predicting val_28
2026-06-17 21:57:27.368775: predicting val_29
2026-06-17 21:57:27.596736: predicting val_3
2026-06-17 21:57:27.826312: predicting val_30
2026-06-17 21:57:28.055552: predicting val_31
2026-06-17 21:57:28.283162: predicting val_32
2026-06-17 21:57:28.512304: predicting val_33
2026-06-17 21:57:28.739789: predicting val_34
2026-06-17 21:57:28.967779: predicting val_35
2026-06-17 21:57:29.196341: predicting val_36
2026-06-17 21:57:29.430370: predicting val_37
2026-06-17 21:57:29.663345: predicting val_38
2026-06-17 21:57:29.895047: predicting val_39
2026-06-17 21:57:30.126245: predicting val_4
2026-06-17 21:57:30.357584: predicting val_40
2026-06-17 21:57:30.585889: predicting val_41
2026-06-17 21:57:30.815072: predicting val_42
2026-06-17 21:57:31.043028: predicting val_43
2026-06-17 21:57:31.270063: predicting val_44
2026-06-17 21:57:31.498798: predicting val_45
2026-06-17 21:57:31.728745: predicting val_46
2026-06-17 21:57:31.955818: predicting val_47
2026-06-17 21:57:32.183797: predicting val_48
2026-06-17 21:57:32.411934: predicting val_49
2026-06-17 21:57:32.642003: predicting val_5
2026-06-17 21:57:32.869493: predicting val_50
2026-06-17 21:57:33.097095: predicting val_51
2026-06-17 21:57:33.325628: predicting val_52
2026-06-17 21:57:33.554703: predicting val_53
2026-06-17 21:57:33.782420: predicting val_54
2026-06-17 21:57:34.015390: predicting val_55
2026-06-17 21:57:34.245125: predicting val_56
2026-06-17 21:57:34.477252: predicting val_57
2026-06-17 21:57:34.708586: predicting val_58
2026-06-17 21:57:34.939228: predicting val_59
2026-06-17 21:57:35.170520: predicting val_6
2026-06-17 21:57:35.405200: predicting val_60
2026-06-17 21:57:35.637098: predicting val_61
2026-06-17 21:57:35.869237: predicting val_62
2026-06-17 21:57:36.102055: predicting val_63
2026-06-17 21:57:36.333147: predicting val_64
2026-06-17 21:57:36.565260: predicting val_65
2026-06-17 21:57:36.798396: predicting val_66
2026-06-17 21:57:37.030209: predicting val_67
2026-06-17 21:57:37.261182: predicting val_68
2026-06-17 21:57:37.493455: predicting val_69
2026-06-17 21:57:37.724785: predicting val_7
2026-06-17 21:57:37.957341: predicting val_70
2026-06-17 21:57:38.190129: predicting val_71
2026-06-17 21:57:38.429210: predicting val_72
2026-06-17 21:57:38.661236: predicting val_73
2026-06-17 21:57:38.892940: predicting val_74
2026-06-17 21:57:39.124170: predicting val_75
2026-06-17 21:57:39.360281: predicting val_76
2026-06-17 21:57:39.593042: predicting val_77
2026-06-17 21:57:39.824728: predicting val_78
2026-06-17 21:57:40.056535: predicting val_79
2026-06-17 21:57:40.287276: predicting val_8
2026-06-17 21:57:40.519033: predicting val_80
2026-06-17 21:57:40.749799: predicting val_81
2026-06-17 21:57:40.980568: predicting val_82
2026-06-17 21:57:41.211169: predicting val_83
2026-06-17 21:57:41.444787: predicting val_84
2026-06-17 21:57:41.681750: predicting val_85
2026-06-17 21:57:41.915980: predicting val_86
2026-06-17 21:57:42.150241: predicting val_87
2026-06-17 21:57:42.383663: predicting val_88
2026-06-17 21:57:42.615651: predicting val_89
2026-06-17 21:57:42.848834: predicting val_9
2026-06-17 21:57:43.079595: predicting val_90
2026-06-17 21:57:43.314337: predicting val_91
2026-06-17 21:57:43.546525: predicting val_92
2026-06-17 21:57:43.779004: predicting val_93
2026-06-17 21:57:44.009703: predicting val_94
2026-06-17 21:57:44.240522: predicting val_95
2026-06-17 21:57:44.471908: predicting val_96
2026-06-17 21:57:44.702427: predicting val_97
2026-06-17 21:57:44.933411: predicting val_98
2026-06-17 21:57:45.164021: predicting val_99
2026-06-17 21:57:50.012238: Validation complete
2026-06-17 21:57:50.013602: Mean Validation Dice:  0.7003853842528026
Training finished.
