=== Job info ===
Host: gcn2.local.snellius.surf.nl
Date: Sat Jul 11 12:32:04 CEST 2026
Dataset: Dataset504_ARCADE_6x6_1c_noempty (id 504)
SMALLENET_EPOCHS=150
SMALLENET_BATCH_SIZE=362
SMALLENET_GAP_AUG=1 (p=0.6)
SMALLENET_CLDICE_WEIGHT=1.0 (iters=12)
Output folder: /home/yhussein/LightM-UNet/data/nnUNET_results/Dataset504_ARCADE_6x6_1c_noempty/nnUNetTrainerSmallENet__nnUNetPlans__2d/fold_0
=== GPU info ===
Sat Jul 11 12:32:04 2026       
+-----------------------------------------------------------------------------------------+
| NVIDIA-SMI 595.71.05              Driver Version: 595.71.05      CUDA Version: 13.2     |
+-----------------------------------------+------------------------+----------------------+
| GPU  Name                 Persistence-M | Bus-Id          Disp.A | Volatile Uncorr. ECC |
| Fan  Temp   Perf          Pwr:Usage/Cap |           Memory-Usage | GPU-Util  Compute M. |
|                                         |                        |               MIG M. |
|=========================================+========================+======================|
|   0  NVIDIA A100-SXM4-40GB          On  |   00000000:31:00.0 Off |                   On |
| N/A   28C    P0             40W /  400W |     213MiB /  40960MiB |     N/A      Default |
|                                         |                        |              Enabled |
+-----------------------------------------+------------------------+----------------------+
|   1  NVIDIA A100-SXM4-40GB          On  |   00000000:32:00.0 Off |                   On |
| N/A   48C    P0            224W /  400W |   30182MiB /  40960MiB |     N/A      Default |
|                                         |                        |              Enabled |
+-----------------------------------------+------------------------+----------------------+
|   2  NVIDIA A100-SXM4-40GB          On  |   00000000:CA:00.0 Off |                   On |
| N/A   29C    P0             38W /  400W |     213MiB /  40960MiB |     N/A      Default |
|                                         |                        |              Enabled |
+-----------------------------------------+------------------------+----------------------+
|   3  NVIDIA A100-SXM4-40GB          On  |   00000000:E3:00.0 Off |                   On |
| N/A   28C    P0             39W /  400W |     213MiB /  40960MiB |     N/A      Default |
|                                         |                        |              Enabled |
+-----------------------------------------+------------------------+----------------------+

+-----------------------------------------------------------------------------------------+
| MIG devices:                                                                            |
+------------------+----------------------------------+-----------+-----------------------+
| GPU  GI  CI  MIG |              Shared Memory-Usage |        Vol|        Shared         |
|      ID  ID  Dev |                Shared BAR1-Usage | SM     Unc| CE ENC  DEC  OFA  JPG |
|                  |                                  |        ECC|                       |
|==================+==================================+===========+=======================|
|  0    2   0   0  |             107MiB / 20096MiB    | 42      0 |  3   0    2    0    0 |
|                  |               0MiB / 12210MiB    |           |                       |
+------------------+----------------------------------+-----------+-----------------------+

+-----------------------------------------------------------------------------------------+
| Processes:                                                                              |
|  GPU   GI   CI              PID   Type   Process name                        GPU Memory |
|        ID   ID                                                               Usage      |
|=========================================================================================|
|    1    1    0          3700347      C   .../envs/platonic-sdf/bin/python      10458MiB |
|    1    2    0          3704682      C   ...ct.actor_rollout_update_actor      19470MiB |
+-----------------------------------------------------------------------------------------+
CUDA available: True
GPU: NVIDIA A100-SXM4-40GB MIG 3g.20gb
=== Plan + preprocess (skipped if already done) ===
=== Ensure official split is present ===
=== Start SmallENet training (batch_size=362, epochs=150, gap_aug_p=0.6, cldice_weight=1.0) ===
Training finished for nnUNetTrainerSmallENet on Dataset504_ARCADE_6x6_1c_noempty.
