=== Job info ===
Host: gcn2.local.snellius.surf.nl
Date: Sat Jul 11 12:36:28 CEST 2026
Dataset: Dataset504_ARCADE_6x6_1c_noempty (id 504)
SMALLENET_EPOCHS=150
SMALLENET_BATCH_SIZE=362
SMALLENET_GAP_AUG=1 (p=0.6)
SMALLENET_CLDICE_WEIGHT=1.0 (iters=12)
Output folder: /home/yhussein/LightM-UNet/data/nnUNET_results/Dataset504_ARCADE_6x6_1c_noempty/nnUNetTrainerSmallENet__nnUNetPlans__2d/fold_0
=== GPU info ===
Sat Jul 11 12:36:28 2026       
+-----------------------------------------------------------------------------------------+
| NVIDIA-SMI 595.71.05              Driver Version: 595.71.05      CUDA Version: 13.2     |
+-----------------------------------------+------------------------+----------------------+
| GPU  Name                 Persistence-M | Bus-Id          Disp.A | Volatile Uncorr. ECC |
| Fan  Temp   Perf          Pwr:Usage/Cap |           Memory-Usage | GPU-Util  Compute M. |
|                                         |                        |               MIG M. |
|=========================================+========================+======================|
|   0  NVIDIA A100-SXM4-40GB          On  |   00000000:31:00.0 Off |                   On |
| N/A   28C    P0             40W /  400W |     213MiB /  40960MiB |     N/A      Default |
|                                         |                        |              Enabled |
+-----------------------------------------+------------------------+----------------------+
|   1  NVIDIA A100-SXM4-40GB          On  |   00000000:32:00.0 Off |                   On |
| N/A   41C    P0            170W /  400W |   20072MiB /  40960MiB |     N/A      Default |
|                                         |                        |              Enabled |
+-----------------------------------------+------------------------+----------------------+
|   2  NVIDIA A100-SXM4-40GB          On  |   00000000:CA:00.0 Off |                   On |
| N/A   29C    P0             38W /  400W |     213MiB /  40960MiB |     N/A      Default |
|                                         |                        |              Enabled |
+-----------------------------------------+------------------------+----------------------+
|   3  NVIDIA A100-SXM4-40GB          On  |   00000000:E3:00.0 Off |                   On |
| N/A   28C    P0             39W /  400W |     213MiB /  40960MiB |     N/A      Default |
|                                         |                        |              Enabled |
+-----------------------------------------+------------------------+----------------------+

+-----------------------------------------------------------------------------------------+
| MIG devices:                                                                            |
+------------------+----------------------------------+-----------+-----------------------+
| GPU  GI  CI  MIG |              Shared Memory-Usage |        Vol|        Shared         |
|      ID  ID  Dev |                Shared BAR1-Usage | SM     Unc| CE ENC  DEC  OFA  JPG |
|                  |                                  |        ECC|                       |
|==================+==================================+===========+=======================|
|  0    2   0   0  |             107MiB / 20096MiB    | 42      0 |  3   0    2    0    0 |
|                  |               0MiB / 12210MiB    |           |                       |
+------------------+----------------------------------+-----------+-----------------------+

+-----------------------------------------------------------------------------------------+
| Processes:                                                                              |
|  GPU   GI   CI              PID   Type   Process name                        GPU Memory |
|        ID   ID                                                               Usage      |
|=========================================================================================|
|    1    1    0          3700347      C   .../envs/platonic-sdf/bin/python      10458MiB |
|    1    2    0          3704682      C   ray::WorkerDict                        9360MiB |
+-----------------------------------------------------------------------------------------+
CUDA available: True
GPU: NVIDIA A100-SXM4-40GB MIG 3g.20gb
=== Plan + preprocess (skipped if already done) ===
Fingerprint extraction...
Dataset504_ARCADE_6x6_1c_noempty
Using <class 'nnunetv2.imageio.natural_image_reader_writer.NaturalImage2DIO'> as reader/writer

####################
verify_dataset_integrity Done. 
If you didn't see any error messages then your dataset is most likely OK!
####################

Using <class 'nnunetv2.imageio.natural_image_reader_writer.NaturalImage2DIO'> as reader/writer
Experiment planning...
2D U-Net configuration:
{'data_identifier': 'nnUNetPlans_2d', 'preprocessor_name': 'DefaultPreprocessor', 'batch_size': 362, 'patch_size': array([96, 96]), 'median_image_size_in_voxels': array([85., 85.]), 'spacing': array([1., 1.]), 'normalization_schemes': ['ZScoreNormalization'], 'use_mask_for_norm': [False], 'UNet_class_name': 'PlainConvUNet', 'UNet_base_num_features': 32, 'n_conv_per_stage_encoder': (2, 2, 2, 2, 2), 'n_conv_per_stage_decoder': (2, 2, 2, 2), 'num_pool_per_axis': [4, 4], 'pool_op_kernel_sizes': [[1, 1], [2, 2], [2, 2], [2, 2], [2, 2]], 'conv_kernel_sizes': [[3, 3], [3, 3], [3, 3], [3, 3], [3, 3]], 'unet_max_num_features': 512, 'resampling_fn_data': 'resample_data_or_seg_to_shape', 'resampling_fn_seg': 'resample_data_or_seg_to_shape', 'resampling_fn_data_kwargs': {'is_seg': False, 'order': 3, 'order_z': 0, 'force_separate_z': None}, 'resampling_fn_seg_kwargs': {'is_seg': True, 'order': 1, 'order_z': 0, 'force_separate_z': None}, 'resampling_fn_probabilities': 'resample_data_or_seg_to_shape', 'resampling_fn_probabilities_kwargs': {'is_seg': False, 'order': 1, 'order_z': 0, 'force_separate_z': None}, 'batch_dice': True}

Using <class 'nnunetv2.imageio.natural_image_reader_writer.NaturalImage2DIO'> as reader/writer
Plans were saved to /gpfs/home1/yhussein/LightM-UNet/data/nnUNet_preprocessed/Dataset504_ARCADE_6x6_1c_noempty/nnUNetPlans.json
Preprocessing...
Preprocessing dataset Dataset504_ARCADE_6x6_1c_noempty
Configuration: 2d...
Configuration: 3d_fullres...
INFO: Configuration 3d_fullres not found in plans file nnUNetPlans.json of dataset Dataset504_ARCADE_6x6_1c_noempty. Skipping.
Configuration: 3d_lowres...
INFO: Configuration 3d_lowres not found in plans file nnUNetPlans.json of dataset Dataset504_ARCADE_6x6_1c_noempty. Skipping.
=== Ensure official split is present ===
=== Start SmallENet training (batch_size=362, epochs=150, gap_aug_p=0.6, cldice_weight=1.0) ===
Using device: cuda:0

#######################################################################
Please cite the following paper when using nnU-Net:
Isensee, F., Jaeger, P. F., Kohl, S. A., Petersen, J., & Maier-Hein, K. H. (2021). nnU-Net: a self-configuring method for deep learning-based biomedical image segmentation. Nature methods, 18(2), 203-211.
#######################################################################


This is the configuration used by this training:
Configuration name: 2d
 {'data_identifier': 'nnUNetPlans_2d', 'preprocessor_name': 'DefaultPreprocessor', 'batch_size': 362, 'patch_size': [96, 96], 'median_image_size_in_voxels': [85.0, 85.0], 'spacing': [1.0, 1.0], 'normalization_schemes': ['ZScoreNormalization'], 'use_mask_for_norm': [False], 'UNet_class_name': 'PlainConvUNet', 'UNet_base_num_features': 32, 'n_conv_per_stage_encoder': [2, 2, 2, 2, 2], 'n_conv_per_stage_decoder': [2, 2, 2, 2], 'num_pool_per_axis': [4, 4], 'pool_op_kernel_sizes': [[1, 1], [2, 2], [2, 2], [2, 2], [2, 2]], 'conv_kernel_sizes': [[3, 3], [3, 3], [3, 3], [3, 3], [3, 3]], 'unet_max_num_features': 512, 'resampling_fn_data': 'resample_data_or_seg_to_shape', 'resampling_fn_seg': 'resample_data_or_seg_to_shape', 'resampling_fn_data_kwargs': {'is_seg': False, 'order': 3, 'order_z': 0, 'force_separate_z': None}, 'resampling_fn_seg_kwargs': {'is_seg': True, 'order': 1, 'order_z': 0, 'force_separate_z': None}, 'resampling_fn_probabilities': 'resample_data_or_seg_to_shape', 'resampling_fn_probabilities_kwargs': {'is_seg': False, 'order': 1, 'order_z': 0, 'force_separate_z': None}, 'batch_dice': True} 

These are the global plan.json settings:
 {'dataset_name': 'Dataset504_ARCADE_6x6_1c_noempty', 'plans_name': 'nnUNetPlans', 'original_median_spacing_after_transp': [999.0, 1.0, 1.0], 'original_median_shape_after_transp': [1, 85, 85], 'image_reader_writer': 'NaturalImage2DIO', 'transpose_forward': [0, 1, 2], 'transpose_backward': [0, 1, 2], 'experiment_planner_used': 'ExperimentPlanner', 'label_manager': 'LabelManager', 'foreground_intensity_properties_per_channel': {'0': {'max': 255.0, 'mean': 99.31581195795833, 'median': 96.0, 'min': 0.0, 'percentile_00_5': 32.0, 'percentile_99_5': 187.0, 'std': 31.932193591724413}}} 

2026-07-11 12:58:15.261692: unpacking dataset...
2026-07-11 12:58:37.937322: unpacking done...
2026-07-11 12:58:37.941234: do_dummy_2d_data_aug: False
2026-07-11 12:58:38.117100: Using splits from existing split file: /gpfs/home1/yhussein/LightM-UNet/data/nnUNet_preprocessed/Dataset504_ARCADE_6x6_1c_noempty/splits_final.json
2026-07-11 12:58:38.121818: The split file contains 1 splits.
2026-07-11 12:58:38.121924: Desired fold for training: 0
2026-07-11 12:58:38.121982: This split has 23082 training and 12200 validation cases.
2026-07-11 12:58:40.580284: Unable to plot network architecture:
2026-07-11 12:58:40.580404: No module named 'IPython'
2026-07-11 12:58:40.597537: 
2026-07-11 12:58:40.597651: Epoch 0
2026-07-11 12:58:40.597801: Current learning rate: 0.001
using pin_memory on device 0
using pin_memory on device 0
2026-07-11 13:00:43.836976: train_loss 0.0799
2026-07-11 13:00:43.837485: val_loss 0.2233
2026-07-11 13:00:43.837601: Pseudo dice [0.4972]
2026-07-11 13:00:43.837705: Epoch time: 123.24 s
2026-07-11 13:00:43.837787: Yayy! New best EMA pseudo Dice: 0.4972
2026-07-11 13:00:44.887775: 
2026-07-11 13:00:44.887937: Epoch 1
2026-07-11 13:00:44.888060: Current learning rate: 0.00099
2026-07-11 13:02:40.688066: train_loss -0.1108
2026-07-11 13:02:40.688528: val_loss 0.1511
2026-07-11 13:02:40.688636: Pseudo dice [0.5344]
2026-07-11 13:02:40.688732: Epoch time: 115.8 s
2026-07-11 13:02:40.688813: Yayy! New best EMA pseudo Dice: 0.5009
2026-07-11 13:02:41.868723: 
2026-07-11 13:02:41.868908: Epoch 2
2026-07-11 13:02:41.869036: Current learning rate: 0.00099
2026-07-11 13:04:37.606466: train_loss -0.1595
2026-07-11 13:04:37.606912: val_loss 0.095
2026-07-11 13:04:37.607013: Pseudo dice [0.5525]
2026-07-11 13:04:37.607111: Epoch time: 115.74 s
2026-07-11 13:04:37.607194: Yayy! New best EMA pseudo Dice: 0.5061
2026-07-11 13:04:38.819249: 
2026-07-11 13:04:38.819416: Epoch 3
2026-07-11 13:04:38.819551: Current learning rate: 0.00098
2026-07-11 13:06:34.567649: train_loss -0.1797
2026-07-11 13:06:34.568285: val_loss -0.0229
2026-07-11 13:06:34.568398: Pseudo dice [0.6041]
2026-07-11 13:06:34.569086: Epoch time: 115.75 s
2026-07-11 13:06:34.569176: Yayy! New best EMA pseudo Dice: 0.5159
2026-07-11 13:06:35.748413: 
2026-07-11 13:06:35.748571: Epoch 4
2026-07-11 13:06:35.748689: Current learning rate: 0.00098
2026-07-11 13:08:31.460637: train_loss -0.1973
2026-07-11 13:08:31.462158: val_loss 0.0201
2026-07-11 13:08:31.462264: Pseudo dice [0.5822]
2026-07-11 13:08:31.462357: Epoch time: 115.71 s
2026-07-11 13:08:31.462445: Yayy! New best EMA pseudo Dice: 0.5225
2026-07-11 13:08:32.648162: 
2026-07-11 13:08:32.649681: Epoch 5
2026-07-11 13:08:32.649813: Current learning rate: 0.00097
2026-07-11 13:10:28.375647: train_loss -0.2099
2026-07-11 13:10:28.377058: val_loss -0.0297
2026-07-11 13:10:28.377162: Pseudo dice [0.606]
2026-07-11 13:10:28.377253: Epoch time: 115.73 s
2026-07-11 13:10:28.377328: Yayy! New best EMA pseudo Dice: 0.5308
2026-07-11 13:10:29.535378: 
2026-07-11 13:10:29.536903: Epoch 6
2026-07-11 13:10:29.537029: Current learning rate: 0.00096
2026-07-11 13:12:25.265525: train_loss -0.219
2026-07-11 13:12:25.267240: val_loss -0.0461
2026-07-11 13:12:25.267347: Pseudo dice [0.613]
2026-07-11 13:12:25.267445: Epoch time: 115.73 s
2026-07-11 13:12:25.267524: Yayy! New best EMA pseudo Dice: 0.5391
2026-07-11 13:12:26.569024: 
2026-07-11 13:12:26.570792: Epoch 7
2026-07-11 13:12:26.570924: Current learning rate: 0.00096
2026-07-11 13:14:22.308990: train_loss -0.2285
2026-07-11 13:14:22.310515: val_loss 0.0525
2026-07-11 13:14:22.310622: Pseudo dice [0.5727]
2026-07-11 13:14:22.310718: Epoch time: 115.74 s
2026-07-11 13:14:22.310796: Yayy! New best EMA pseudo Dice: 0.5424
2026-07-11 13:14:23.473088: 
2026-07-11 13:14:23.474775: Epoch 8
2026-07-11 13:14:23.474924: Current learning rate: 0.00095
2026-07-11 13:16:19.212667: train_loss -0.2347
2026-07-11 13:16:19.214022: val_loss 0.0252
2026-07-11 13:16:19.214127: Pseudo dice [0.5834]
2026-07-11 13:16:19.214216: Epoch time: 115.74 s
2026-07-11 13:16:19.214291: Yayy! New best EMA pseudo Dice: 0.5465
2026-07-11 13:16:20.389378: 
2026-07-11 13:16:20.390629: Epoch 9
2026-07-11 13:16:20.390765: Current learning rate: 0.00095
2026-07-11 13:18:16.129723: train_loss -0.2424
2026-07-11 13:18:16.131217: val_loss -0.0385
2026-07-11 13:18:16.131328: Pseudo dice [0.6098]
2026-07-11 13:18:16.131424: Epoch time: 115.74 s
2026-07-11 13:18:16.131510: Yayy! New best EMA pseudo Dice: 0.5528
2026-07-11 13:18:17.400759: 
2026-07-11 13:18:17.402518: Epoch 10
2026-07-11 13:18:17.402653: Current learning rate: 0.00094
2026-07-11 13:20:13.138909: train_loss -0.2455
2026-07-11 13:20:13.141030: val_loss -0.0397
2026-07-11 13:20:13.141134: Pseudo dice [0.6116]
2026-07-11 13:20:13.141223: Epoch time: 115.74 s
2026-07-11 13:20:13.141297: Yayy! New best EMA pseudo Dice: 0.5587
2026-07-11 13:20:14.294440: 
2026-07-11 13:20:14.295770: Epoch 11
2026-07-11 13:20:14.295900: Current learning rate: 0.00093
2026-07-11 13:22:10.017510: train_loss -0.2508
2026-07-11 13:22:10.019136: val_loss -0.0661
2026-07-11 13:22:10.019238: Pseudo dice [0.6167]
2026-07-11 13:22:10.019326: Epoch time: 115.72 s
2026-07-11 13:22:10.019400: Yayy! New best EMA pseudo Dice: 0.5645
2026-07-11 13:22:11.183326: 
2026-07-11 13:22:11.185131: Epoch 12
2026-07-11 13:22:11.185267: Current learning rate: 0.00093
2026-07-11 13:24:06.947023: train_loss -0.2569
2026-07-11 13:24:06.948430: val_loss -0.0642
2026-07-11 13:24:06.948545: Pseudo dice [0.6132]
2026-07-11 13:24:06.948633: Epoch time: 115.76 s
2026-07-11 13:24:06.948707: Yayy! New best EMA pseudo Dice: 0.5694
2026-07-11 13:24:08.119035: 
2026-07-11 13:24:08.120519: Epoch 13
2026-07-11 13:24:08.120643: Current learning rate: 0.00092
2026-07-11 13:26:03.855342: train_loss -0.2595
2026-07-11 13:26:03.857226: val_loss -0.0423
2026-07-11 13:26:03.857332: Pseudo dice [0.6096]
2026-07-11 13:26:03.857422: Epoch time: 115.74 s
2026-07-11 13:26:03.857506: Yayy! New best EMA pseudo Dice: 0.5734
2026-07-11 13:26:05.113662: 
2026-07-11 13:26:05.114958: Epoch 14
2026-07-11 13:26:05.115095: Current learning rate: 0.00092
2026-07-11 13:28:00.854239: train_loss -0.2586
2026-07-11 13:28:00.855999: val_loss -0.071
2026-07-11 13:28:00.856103: Pseudo dice [0.6164]
2026-07-11 13:28:00.856197: Epoch time: 115.74 s
2026-07-11 13:28:00.856971: Yayy! New best EMA pseudo Dice: 0.5777
2026-07-11 13:28:02.033073: 
2026-07-11 13:28:02.034408: Epoch 15
2026-07-11 13:28:02.034542: Current learning rate: 0.00091
2026-07-11 13:29:57.780291: train_loss -0.2671
2026-07-11 13:29:57.782172: val_loss -0.0658
2026-07-11 13:29:57.782278: Pseudo dice [0.6161]
2026-07-11 13:29:57.782369: Epoch time: 115.75 s
2026-07-11 13:29:57.782455: Yayy! New best EMA pseudo Dice: 0.5816
2026-07-11 13:29:58.958080: 
2026-07-11 13:29:58.959559: Epoch 16
2026-07-11 13:29:58.959683: Current learning rate: 0.0009
2026-07-11 13:31:54.712848: train_loss -0.2666
2026-07-11 13:31:54.714354: val_loss -0.0938
2026-07-11 13:31:54.714470: Pseudo dice [0.6324]
2026-07-11 13:31:54.714571: Epoch time: 115.76 s
2026-07-11 13:31:54.714650: Yayy! New best EMA pseudo Dice: 0.5866
2026-07-11 13:31:55.900295: 
2026-07-11 13:31:55.901467: Epoch 17
2026-07-11 13:31:55.901598: Current learning rate: 0.0009
2026-07-11 13:33:51.646560: train_loss -0.2719
2026-07-11 13:33:51.648529: val_loss -0.0761
2026-07-11 13:33:51.648635: Pseudo dice [0.6223]
2026-07-11 13:33:51.648728: Epoch time: 115.75 s
2026-07-11 13:33:51.648805: Yayy! New best EMA pseudo Dice: 0.5902
2026-07-11 13:33:52.944751: 
2026-07-11 13:33:52.946265: Epoch 18
2026-07-11 13:33:52.946389: Current learning rate: 0.00089
2026-07-11 13:35:48.681160: train_loss -0.2757
2026-07-11 13:35:48.682609: val_loss -0.1027
2026-07-11 13:35:48.682710: Pseudo dice [0.6319]
2026-07-11 13:35:48.682800: Epoch time: 115.74 s
2026-07-11 13:35:48.682873: Yayy! New best EMA pseudo Dice: 0.5944
2026-07-11 13:35:49.862304: 
2026-07-11 13:35:49.863783: Epoch 19
2026-07-11 13:35:49.863915: Current learning rate: 0.00089
2026-07-11 13:37:45.615090: train_loss -0.2771
2026-07-11 13:37:45.616812: val_loss -0.0913
2026-07-11 13:37:45.616925: Pseudo dice [0.6277]
2026-07-11 13:37:45.617025: Epoch time: 115.75 s
2026-07-11 13:37:45.617104: Yayy! New best EMA pseudo Dice: 0.5977
2026-07-11 13:37:46.812273: 
2026-07-11 13:37:46.813755: Epoch 20
2026-07-11 13:37:46.813886: Current learning rate: 0.00088
2026-07-11 13:39:42.544974: train_loss -0.2819
2026-07-11 13:39:42.546872: val_loss -0.0707
2026-07-11 13:39:42.546977: Pseudo dice [0.6206]
2026-07-11 13:39:42.547065: Epoch time: 115.73 s
2026-07-11 13:39:42.547140: Yayy! New best EMA pseudo Dice: 0.6
2026-07-11 13:39:43.868289: 
2026-07-11 13:39:43.869855: Epoch 21
2026-07-11 13:39:43.869989: Current learning rate: 0.00087
2026-07-11 13:41:39.608674: train_loss -0.286
2026-07-11 13:41:39.610553: val_loss -0.0657
2026-07-11 13:41:39.610661: Pseudo dice [0.6209]
2026-07-11 13:41:39.610750: Epoch time: 115.74 s
2026-07-11 13:41:39.610878: Yayy! New best EMA pseudo Dice: 0.6021
2026-07-11 13:41:40.766181: 
2026-07-11 13:41:40.767558: Epoch 22
2026-07-11 13:41:40.767693: Current learning rate: 0.00087
2026-07-11 13:43:36.503493: train_loss -0.2882
2026-07-11 13:43:36.505408: val_loss -0.0686
2026-07-11 13:43:36.505518: Pseudo dice [0.6206]
2026-07-11 13:43:36.505613: Epoch time: 115.74 s
2026-07-11 13:43:36.505691: Yayy! New best EMA pseudo Dice: 0.6039
2026-07-11 13:43:37.670716: 
2026-07-11 13:43:37.672213: Epoch 23
2026-07-11 13:43:37.672343: Current learning rate: 0.00086
2026-07-11 13:45:33.424871: train_loss -0.2884
2026-07-11 13:45:33.426542: val_loss -0.1051
2026-07-11 13:45:33.426649: Pseudo dice [0.6328]
2026-07-11 13:45:33.426744: Epoch time: 115.75 s
2026-07-11 13:45:33.426822: Yayy! New best EMA pseudo Dice: 0.6068
2026-07-11 13:45:34.602163: 
2026-07-11 13:45:34.603792: Epoch 24
2026-07-11 13:45:34.603929: Current learning rate: 0.00085
2026-07-11 13:47:30.373212: train_loss -0.287
2026-07-11 13:47:30.375024: val_loss -0.0128
2026-07-11 13:47:30.375129: Pseudo dice [0.5971]
2026-07-11 13:47:30.375224: Epoch time: 115.77 s
2026-07-11 13:47:31.540341: 
2026-07-11 13:47:31.541663: Epoch 25
2026-07-11 13:47:31.541798: Current learning rate: 0.00085
2026-07-11 13:49:27.264009: train_loss -0.2942
2026-07-11 13:49:27.266230: val_loss -0.0373
2026-07-11 13:49:27.266337: Pseudo dice [0.6092]
2026-07-11 13:49:27.266428: Epoch time: 115.72 s
2026-07-11 13:49:28.413026: 
2026-07-11 13:49:28.414369: Epoch 26
2026-07-11 13:49:28.414503: Current learning rate: 0.00084
2026-07-11 13:51:24.153373: train_loss -0.2955
2026-07-11 13:51:24.154916: val_loss -0.0642
2026-07-11 13:51:24.155025: Pseudo dice [0.6182]
2026-07-11 13:51:24.155125: Epoch time: 115.74 s
2026-07-11 13:51:24.155204: Yayy! New best EMA pseudo Dice: 0.6074
2026-07-11 13:51:25.329045: 
2026-07-11 13:51:25.330626: Epoch 27
2026-07-11 13:51:25.330758: Current learning rate: 0.00084
2026-07-11 13:53:21.043043: train_loss -0.2964
2026-07-11 13:53:21.044491: val_loss -0.0881
2026-07-11 13:53:21.044604: Pseudo dice [0.6283]
2026-07-11 13:53:21.044698: Epoch time: 115.71 s
2026-07-11 13:53:21.044775: Yayy! New best EMA pseudo Dice: 0.6095
2026-07-11 13:53:22.223805: 
2026-07-11 13:53:22.225363: Epoch 28
2026-07-11 13:53:22.225499: Current learning rate: 0.00083
2026-07-11 13:55:17.948187: train_loss -0.3013
2026-07-11 13:55:17.949510: val_loss -0.1016
2026-07-11 13:55:17.949614: Pseudo dice [0.6329]
2026-07-11 13:55:17.949706: Epoch time: 115.72 s
2026-07-11 13:55:17.949781: Yayy! New best EMA pseudo Dice: 0.6118
2026-07-11 13:55:19.118114: 
2026-07-11 13:55:19.119638: Epoch 29
2026-07-11 13:55:19.119768: Current learning rate: 0.00082
2026-07-11 13:57:14.859105: train_loss -0.3024
2026-07-11 13:57:14.860598: val_loss -0.0986
2026-07-11 13:57:14.860701: Pseudo dice [0.6335]
2026-07-11 13:57:14.860792: Epoch time: 115.74 s
2026-07-11 13:57:14.860868: Yayy! New best EMA pseudo Dice: 0.614
2026-07-11 13:57:16.054803: 
2026-07-11 13:57:16.056091: Epoch 30
2026-07-11 13:57:16.056224: Current learning rate: 0.00082
2026-07-11 13:59:11.855544: train_loss -0.3037
2026-07-11 13:59:11.857086: val_loss -0.0962
2026-07-11 13:59:11.857194: Pseudo dice [0.6304]
2026-07-11 13:59:11.857291: Epoch time: 115.8 s
2026-07-11 13:59:11.857370: Yayy! New best EMA pseudo Dice: 0.6156
2026-07-11 13:59:13.049674: 
2026-07-11 13:59:13.050639: Epoch 31
2026-07-11 13:59:13.050768: Current learning rate: 0.00081
2026-07-11 14:01:08.805043: train_loss -0.3052
2026-07-11 14:01:08.806364: val_loss -0.0722
2026-07-11 14:01:08.806473: Pseudo dice [0.6204]
2026-07-11 14:01:08.806565: Epoch time: 115.76 s
2026-07-11 14:01:08.806641: Yayy! New best EMA pseudo Dice: 0.6161
2026-07-11 14:01:09.994553: 
2026-07-11 14:01:09.995827: Epoch 32
2026-07-11 14:01:09.995959: Current learning rate: 0.00081
2026-07-11 14:03:05.745063: train_loss -0.3078
2026-07-11 14:03:05.746798: val_loss -0.1016
2026-07-11 14:03:05.746913: Pseudo dice [0.6321]
2026-07-11 14:03:05.747005: Epoch time: 115.75 s
2026-07-11 14:03:05.747083: Yayy! New best EMA pseudo Dice: 0.6177
2026-07-11 14:03:07.065825: 
2026-07-11 14:03:07.067016: Epoch 33
2026-07-11 14:03:07.067151: Current learning rate: 0.0008
2026-07-11 14:05:02.799626: train_loss -0.3073
2026-07-11 14:05:02.801852: val_loss -0.1106
2026-07-11 14:05:02.801961: Pseudo dice [0.6362]
2026-07-11 14:05:02.802056: Epoch time: 115.73 s
2026-07-11 14:05:02.802134: Yayy! New best EMA pseudo Dice: 0.6196
2026-07-11 14:05:03.996856: 
2026-07-11 14:05:03.997829: Epoch 34
2026-07-11 14:05:03.997961: Current learning rate: 0.00079
2026-07-11 14:06:59.735854: train_loss -0.308
2026-07-11 14:06:59.741594: val_loss -0.0965
2026-07-11 14:06:59.741698: Pseudo dice [0.6303]
2026-07-11 14:06:59.741787: Epoch time: 115.74 s
2026-07-11 14:06:59.741863: Yayy! New best EMA pseudo Dice: 0.6206
2026-07-11 14:07:00.923744: 
2026-07-11 14:07:00.924974: Epoch 35
2026-07-11 14:07:00.925107: Current learning rate: 0.00079
2026-07-11 14:08:56.664189: train_loss -0.309
2026-07-11 14:08:56.665556: val_loss -0.0978
2026-07-11 14:08:56.665667: Pseudo dice [0.6354]
2026-07-11 14:08:56.665758: Epoch time: 115.74 s
2026-07-11 14:08:56.665836: Yayy! New best EMA pseudo Dice: 0.6221
2026-07-11 14:08:57.859380: 
2026-07-11 14:08:57.860873: Epoch 36
2026-07-11 14:08:57.862017: Current learning rate: 0.00078
2026-07-11 14:10:53.606049: train_loss -0.3103
2026-07-11 14:10:53.607211: val_loss -0.1138
2026-07-11 14:10:53.607316: Pseudo dice [0.6404]
2026-07-11 14:10:53.607405: Epoch time: 115.75 s
2026-07-11 14:10:53.607488: Yayy! New best EMA pseudo Dice: 0.6239
2026-07-11 14:10:54.793366: 
2026-07-11 14:10:54.794522: Epoch 37
2026-07-11 14:10:54.794652: Current learning rate: 0.00077
2026-07-11 14:12:50.522887: train_loss -0.3101
2026-07-11 14:12:50.524161: val_loss -0.1139
2026-07-11 14:12:50.524269: Pseudo dice [0.6365]
2026-07-11 14:12:50.524374: Epoch time: 115.73 s
2026-07-11 14:12:50.524460: Yayy! New best EMA pseudo Dice: 0.6252
2026-07-11 14:12:51.706365: 
2026-07-11 14:12:51.707575: Epoch 38
2026-07-11 14:12:51.707704: Current learning rate: 0.00077
2026-07-11 14:14:47.445980: train_loss -0.3141
2026-07-11 14:14:47.448208: val_loss -0.1116
2026-07-11 14:14:47.448319: Pseudo dice [0.6367]
2026-07-11 14:14:47.448416: Epoch time: 115.74 s
2026-07-11 14:14:47.448506: Yayy! New best EMA pseudo Dice: 0.6263
2026-07-11 14:14:48.786128: 
2026-07-11 14:14:48.787588: Epoch 39
2026-07-11 14:14:48.787724: Current learning rate: 0.00076
2026-07-11 14:16:44.530225: train_loss -0.3159
2026-07-11 14:16:44.532540: val_loss -0.1163
2026-07-11 14:16:44.532672: Pseudo dice [0.6381]
2026-07-11 14:16:44.532773: Epoch time: 115.74 s
2026-07-11 14:16:44.532851: Yayy! New best EMA pseudo Dice: 0.6275
2026-07-11 14:16:45.724665: 
2026-07-11 14:16:45.726111: Epoch 40
2026-07-11 14:16:45.726248: Current learning rate: 0.00076
2026-07-11 14:18:41.496721: train_loss -0.3117
2026-07-11 14:18:41.497830: val_loss -0.0982
2026-07-11 14:18:41.497940: Pseudo dice [0.6324]
2026-07-11 14:18:41.498036: Epoch time: 115.77 s
2026-07-11 14:18:41.498114: Yayy! New best EMA pseudo Dice: 0.628
2026-07-11 14:18:42.712798: 
2026-07-11 14:18:42.714191: Epoch 41
2026-07-11 14:18:42.714325: Current learning rate: 0.00075
2026-07-11 14:20:38.449462: train_loss -0.314
2026-07-11 14:20:38.451302: val_loss -0.0961
2026-07-11 14:20:38.451409: Pseudo dice [0.631]
2026-07-11 14:20:38.451506: Epoch time: 115.74 s
2026-07-11 14:20:38.451581: Yayy! New best EMA pseudo Dice: 0.6283
2026-07-11 14:20:39.745989: 
2026-07-11 14:20:39.747403: Epoch 42
2026-07-11 14:20:39.747541: Current learning rate: 0.00074
2026-07-11 14:22:35.472958: train_loss -0.3197
2026-07-11 14:22:35.474368: val_loss -0.1007
2026-07-11 14:22:35.474479: Pseudo dice [0.6301]
2026-07-11 14:22:35.474570: Epoch time: 115.73 s
2026-07-11 14:22:35.474644: Yayy! New best EMA pseudo Dice: 0.6285
2026-07-11 14:22:36.632022: 
2026-07-11 14:22:36.633279: Epoch 43
2026-07-11 14:22:36.633411: Current learning rate: 0.00074
2026-07-11 14:24:32.384477: train_loss -0.3178
2026-07-11 14:24:32.386279: val_loss -0.1337
2026-07-11 14:24:32.386384: Pseudo dice [0.6448]
2026-07-11 14:24:32.386524: Epoch time: 115.75 s
2026-07-11 14:24:32.386611: Yayy! New best EMA pseudo Dice: 0.6301
2026-07-11 14:24:33.544185: 
2026-07-11 14:24:33.545640: Epoch 44
2026-07-11 14:24:33.545768: Current learning rate: 0.00073
2026-07-11 14:26:29.281013: train_loss -0.317
2026-07-11 14:26:29.282342: val_loss -0.0854
2026-07-11 14:26:29.282454: Pseudo dice [0.6282]
2026-07-11 14:26:29.282544: Epoch time: 115.74 s
2026-07-11 14:26:30.419960: 
2026-07-11 14:26:30.421507: Epoch 45
2026-07-11 14:26:30.421651: Current learning rate: 0.00073
2026-07-11 14:28:26.142859: train_loss -0.3171
2026-07-11 14:28:26.145544: val_loss -0.1155
2026-07-11 14:28:26.145649: Pseudo dice [0.6382]
2026-07-11 14:28:26.145741: Epoch time: 115.72 s
2026-07-11 14:28:26.145820: Yayy! New best EMA pseudo Dice: 0.6308
2026-07-11 14:28:27.302040: 
2026-07-11 14:28:27.303380: Epoch 46
2026-07-11 14:28:27.303520: Current learning rate: 0.00072
2026-07-11 14:30:23.058173: train_loss -0.3201
2026-07-11 14:30:23.062274: val_loss -0.1035
2026-07-11 14:30:23.062388: Pseudo dice [0.632]
2026-07-11 14:30:23.062487: Epoch time: 115.76 s
2026-07-11 14:30:23.062764: Yayy! New best EMA pseudo Dice: 0.6309
2026-07-11 14:30:24.229279: 
2026-07-11 14:30:24.230605: Epoch 47
2026-07-11 14:30:24.230741: Current learning rate: 0.00071
2026-07-11 14:32:19.999895: train_loss -0.3167
2026-07-11 14:32:20.001877: val_loss -0.1185
2026-07-11 14:32:20.001984: Pseudo dice [0.6401]
2026-07-11 14:32:20.002078: Epoch time: 115.77 s
2026-07-11 14:32:20.002156: Yayy! New best EMA pseudo Dice: 0.6318
2026-07-11 14:32:21.164336: 
2026-07-11 14:32:21.165922: Epoch 48
2026-07-11 14:32:21.166054: Current learning rate: 0.00071
2026-07-11 14:34:16.939739: train_loss -0.3183
2026-07-11 14:34:16.941201: val_loss -0.1156
2026-07-11 14:34:16.941311: Pseudo dice [0.6385]
2026-07-11 14:34:16.941409: Epoch time: 115.78 s
2026-07-11 14:34:16.941501: Yayy! New best EMA pseudo Dice: 0.6325
2026-07-11 14:34:18.124596: 
2026-07-11 14:34:18.126340: Epoch 49
2026-07-11 14:34:18.126477: Current learning rate: 0.0007
2026-07-11 14:36:13.900057: train_loss -0.3228
2026-07-11 14:36:13.901381: val_loss -0.1155
2026-07-11 14:36:13.901504: Pseudo dice [0.6347]
2026-07-11 14:36:13.901605: Epoch time: 115.78 s
2026-07-11 14:36:13.929374: Yayy! New best EMA pseudo Dice: 0.6327
2026-07-11 14:36:15.105957: 
2026-07-11 14:36:15.107529: Epoch 50
2026-07-11 14:36:15.107665: Current learning rate: 0.00069
2026-07-11 14:38:10.841307: train_loss -0.3211
2026-07-11 14:38:10.842680: val_loss -0.0914
2026-07-11 14:38:10.842787: Pseudo dice [0.6267]
2026-07-11 14:38:10.842879: Epoch time: 115.74 s
2026-07-11 14:38:11.992291: 
2026-07-11 14:38:11.993388: Epoch 51
2026-07-11 14:38:11.993528: Current learning rate: 0.00069
2026-07-11 14:40:07.710052: train_loss -0.3192
2026-07-11 14:40:07.711599: val_loss -0.0798
2026-07-11 14:40:07.711703: Pseudo dice [0.6248]
2026-07-11 14:40:07.711792: Epoch time: 115.72 s
2026-07-11 14:40:08.856518: 
2026-07-11 14:40:08.858064: Epoch 52
2026-07-11 14:40:08.858192: Current learning rate: 0.00068
2026-07-11 14:42:04.582776: train_loss -0.3262
2026-07-11 14:42:04.584282: val_loss -0.0817
2026-07-11 14:42:04.584390: Pseudo dice [0.6254]
2026-07-11 14:42:04.584504: Epoch time: 115.73 s
2026-07-11 14:42:05.734376: 
2026-07-11 14:42:05.735778: Epoch 53
2026-07-11 14:42:05.735908: Current learning rate: 0.00068
2026-07-11 14:44:01.462770: train_loss -0.3214
2026-07-11 14:44:01.464042: val_loss -0.1047
2026-07-11 14:44:01.464147: Pseudo dice [0.6348]
2026-07-11 14:44:01.464237: Epoch time: 115.73 s
2026-07-11 14:44:02.618134: 
2026-07-11 14:44:02.619510: Epoch 54
2026-07-11 14:44:02.619639: Current learning rate: 0.00067
2026-07-11 14:45:58.352157: train_loss -0.3242
2026-07-11 14:45:58.353903: val_loss -0.1038
2026-07-11 14:45:58.354010: Pseudo dice [0.6359]
2026-07-11 14:45:58.354102: Epoch time: 115.73 s
2026-07-11 14:45:59.506099: 
2026-07-11 14:45:59.507567: Epoch 55
2026-07-11 14:45:59.507692: Current learning rate: 0.00066
2026-07-11 14:47:55.270092: train_loss -0.3255
2026-07-11 14:47:55.272258: val_loss -0.0738
2026-07-11 14:47:55.272370: Pseudo dice [0.6214]
2026-07-11 14:47:55.272468: Epoch time: 115.76 s
2026-07-11 14:47:56.440103: 
2026-07-11 14:47:56.441661: Epoch 56
2026-07-11 14:47:56.441798: Current learning rate: 0.00066
2026-07-11 14:49:52.197638: train_loss -0.3272
2026-07-11 14:49:52.199172: val_loss -0.1017
2026-07-11 14:49:52.199279: Pseudo dice [0.6366]
2026-07-11 14:49:52.199369: Epoch time: 115.76 s
2026-07-11 14:49:53.359735: 
2026-07-11 14:49:53.361234: Epoch 57
2026-07-11 14:49:53.361370: Current learning rate: 0.00065
2026-07-11 14:51:49.155893: train_loss -0.3269
2026-07-11 14:51:49.160235: val_loss -0.1337
2026-07-11 14:51:49.160351: Pseudo dice [0.6463]
2026-07-11 14:51:49.160450: Epoch time: 115.8 s
2026-07-11 14:51:49.160528: Yayy! New best EMA pseudo Dice: 0.6327
2026-07-11 14:51:50.352007: 
2026-07-11 14:51:50.354958: Epoch 58
2026-07-11 14:51:50.355095: Current learning rate: 0.00064
2026-07-11 14:53:46.120458: train_loss -0.3307
2026-07-11 14:53:46.122340: val_loss -0.1221
2026-07-11 14:53:46.123223: Pseudo dice [0.6373]
2026-07-11 14:53:46.123328: Epoch time: 115.77 s
2026-07-11 14:53:46.123410: Yayy! New best EMA pseudo Dice: 0.6332
2026-07-11 14:53:47.313669: 
2026-07-11 14:53:47.315059: Epoch 59
2026-07-11 14:53:47.315189: Current learning rate: 0.00064
2026-07-11 14:55:43.050717: train_loss -0.3266
2026-07-11 14:55:43.052019: val_loss -0.1223
2026-07-11 14:55:43.052125: Pseudo dice [0.6388]
2026-07-11 14:55:43.052216: Epoch time: 115.74 s
2026-07-11 14:55:43.052292: Yayy! New best EMA pseudo Dice: 0.6337
2026-07-11 14:55:44.271466: 
2026-07-11 14:55:44.272940: Epoch 60
2026-07-11 14:55:44.273075: Current learning rate: 0.00063
2026-07-11 14:57:40.015836: train_loss -0.3286
2026-07-11 14:57:40.020113: val_loss -0.1187
2026-07-11 14:57:40.020211: Pseudo dice [0.6399]
2026-07-11 14:57:40.020299: Epoch time: 115.74 s
2026-07-11 14:57:40.020374: Yayy! New best EMA pseudo Dice: 0.6344
2026-07-11 14:57:41.210957: 
2026-07-11 14:57:41.214350: Epoch 61
2026-07-11 14:57:41.214486: Current learning rate: 0.00063
2026-07-11 14:59:36.970027: train_loss -0.3276
2026-07-11 14:59:36.971471: val_loss -0.1185
2026-07-11 14:59:36.971576: Pseudo dice [0.6402]
2026-07-11 14:59:36.971668: Epoch time: 115.76 s
2026-07-11 14:59:36.971745: Yayy! New best EMA pseudo Dice: 0.6349
2026-07-11 14:59:38.162477: 
2026-07-11 14:59:38.163823: Epoch 62
2026-07-11 14:59:38.163960: Current learning rate: 0.00062
2026-07-11 15:01:33.926603: train_loss -0.328
2026-07-11 15:01:33.927910: val_loss -0.1203
2026-07-11 15:01:33.928011: Pseudo dice [0.6416]
2026-07-11 15:01:33.928097: Epoch time: 115.76 s
2026-07-11 15:01:33.928172: Yayy! New best EMA pseudo Dice: 0.6356
2026-07-11 15:01:35.260538: 
2026-07-11 15:01:35.261964: Epoch 63
2026-07-11 15:01:35.262101: Current learning rate: 0.00061
2026-07-11 15:03:31.011109: train_loss -0.3308
2026-07-11 15:03:31.012266: val_loss -0.1057
2026-07-11 15:03:31.012373: Pseudo dice [0.6344]
2026-07-11 15:03:31.012470: Epoch time: 115.75 s
2026-07-11 15:03:32.201183: 
2026-07-11 15:03:32.202230: Epoch 64
2026-07-11 15:03:32.202361: Current learning rate: 0.00061
2026-07-11 15:05:27.944762: train_loss -0.3292
2026-07-11 15:05:27.946602: val_loss -0.1321
2026-07-11 15:05:27.946714: Pseudo dice [0.643]
2026-07-11 15:05:27.946808: Epoch time: 115.74 s
2026-07-11 15:05:27.946887: Yayy! New best EMA pseudo Dice: 0.6362
2026-07-11 15:05:29.147737: 
2026-07-11 15:05:29.149249: Epoch 65
2026-07-11 15:05:29.149386: Current learning rate: 0.0006
2026-07-11 15:07:24.882803: train_loss -0.3305
2026-07-11 15:07:24.884505: val_loss -0.122
2026-07-11 15:07:24.884619: Pseudo dice [0.643]
2026-07-11 15:07:24.884720: Epoch time: 115.74 s
2026-07-11 15:07:24.884800: Yayy! New best EMA pseudo Dice: 0.6369
2026-07-11 15:07:26.091740: 
2026-07-11 15:07:26.093197: Epoch 66
2026-07-11 15:07:26.093332: Current learning rate: 0.00059
2026-07-11 15:09:21.831089: train_loss -0.3306
2026-07-11 15:09:21.832657: val_loss -0.1203
2026-07-11 15:09:21.832759: Pseudo dice [0.6395]
2026-07-11 15:09:21.832896: Epoch time: 115.74 s
2026-07-11 15:09:21.832980: Yayy! New best EMA pseudo Dice: 0.6372
2026-07-11 15:09:23.032618: 
2026-07-11 15:09:23.033828: Epoch 67
2026-07-11 15:09:23.033957: Current learning rate: 0.00059
2026-07-11 15:11:18.799486: train_loss -0.3316
2026-07-11 15:11:18.801318: val_loss -0.121
2026-07-11 15:11:18.801440: Pseudo dice [0.6407]
2026-07-11 15:11:18.801537: Epoch time: 115.77 s
2026-07-11 15:11:18.801615: Yayy! New best EMA pseudo Dice: 0.6375
2026-07-11 15:11:19.994962: 
2026-07-11 15:11:19.996296: Epoch 68
2026-07-11 15:11:19.996449: Current learning rate: 0.00058
2026-07-11 15:13:15.743931: train_loss -0.3329
2026-07-11 15:13:15.747975: val_loss -0.1133
2026-07-11 15:13:15.748084: Pseudo dice [0.6388]
2026-07-11 15:13:15.748176: Epoch time: 115.75 s
2026-07-11 15:13:15.748253: Yayy! New best EMA pseudo Dice: 0.6376
2026-07-11 15:13:17.057133: 
2026-07-11 15:13:17.058287: Epoch 69
2026-07-11 15:13:17.058418: Current learning rate: 0.00057
2026-07-11 15:15:12.807768: train_loss -0.3362
2026-07-11 15:15:12.811335: val_loss -0.1281
2026-07-11 15:15:12.811451: Pseudo dice [0.6417]
2026-07-11 15:15:12.811543: Epoch time: 115.75 s
2026-07-11 15:15:12.811621: Yayy! New best EMA pseudo Dice: 0.6381
2026-07-11 15:15:13.996502: 
2026-07-11 15:15:13.997775: Epoch 70
2026-07-11 15:15:13.997908: Current learning rate: 0.00057
2026-07-11 15:17:09.764151: train_loss -0.3318
2026-07-11 15:17:09.767972: val_loss -0.113
2026-07-11 15:17:09.768088: Pseudo dice [0.6367]
2026-07-11 15:17:09.768187: Epoch time: 115.77 s
2026-07-11 15:17:10.930180: 
2026-07-11 15:17:10.931602: Epoch 71
2026-07-11 15:17:10.931736: Current learning rate: 0.00056
2026-07-11 15:19:06.665802: train_loss -0.3343
2026-07-11 15:19:06.667479: val_loss -0.1031
2026-07-11 15:19:06.667588: Pseudo dice [0.6327]
2026-07-11 15:19:06.667679: Epoch time: 115.74 s
2026-07-11 15:19:07.821186: 
2026-07-11 15:19:07.822720: Epoch 72
2026-07-11 15:19:07.822854: Current learning rate: 0.00056
2026-07-11 15:21:03.531619: train_loss -0.3336
2026-07-11 15:21:03.533709: val_loss -0.1263
2026-07-11 15:21:03.533818: Pseudo dice [0.6433]
2026-07-11 15:21:03.533911: Epoch time: 115.71 s
2026-07-11 15:21:04.688245: 
2026-07-11 15:21:04.689410: Epoch 73
2026-07-11 15:21:04.689549: Current learning rate: 0.00055
2026-07-11 15:23:00.372906: train_loss -0.3323
2026-07-11 15:23:00.374951: val_loss -0.1165
2026-07-11 15:23:00.375058: Pseudo dice [0.6391]
2026-07-11 15:23:00.375148: Epoch time: 115.69 s
2026-07-11 15:23:00.375223: Yayy! New best EMA pseudo Dice: 0.6381
2026-07-11 15:23:01.550497: 
2026-07-11 15:23:01.552109: Epoch 74
2026-07-11 15:23:01.552236: Current learning rate: 0.00054
2026-07-11 15:24:57.252378: train_loss -0.335
2026-07-11 15:24:57.254033: val_loss -0.1434
2026-07-11 15:24:57.254136: Pseudo dice [0.6462]
2026-07-11 15:24:57.254228: Epoch time: 115.7 s
2026-07-11 15:24:57.280324: Yayy! New best EMA pseudo Dice: 0.6389
2026-07-11 15:24:58.593025: 
2026-07-11 15:24:58.594759: Epoch 75
2026-07-11 15:24:58.594889: Current learning rate: 0.00054
2026-07-11 15:26:54.275000: train_loss -0.3357
2026-07-11 15:26:54.277030: val_loss -0.1341
2026-07-11 15:26:54.277135: Pseudo dice [0.6459]
2026-07-11 15:26:54.277230: Epoch time: 115.68 s
2026-07-11 15:26:54.277309: Yayy! New best EMA pseudo Dice: 0.6396
2026-07-11 15:26:55.445903: 
2026-07-11 15:26:55.447957: Epoch 76
2026-07-11 15:26:55.448086: Current learning rate: 0.00053
2026-07-11 15:28:51.159268: train_loss -0.3346
2026-07-11 15:28:51.160840: val_loss -0.1281
2026-07-11 15:28:51.160948: Pseudo dice [0.6432]
2026-07-11 15:28:51.161044: Epoch time: 115.71 s
2026-07-11 15:28:51.161120: Yayy! New best EMA pseudo Dice: 0.64
2026-07-11 15:28:52.342757: 
2026-07-11 15:28:52.344370: Epoch 77
2026-07-11 15:28:52.344509: Current learning rate: 0.00052
2026-07-11 15:30:48.064296: train_loss -0.3333
2026-07-11 15:30:48.065674: val_loss -0.1409
2026-07-11 15:30:48.065779: Pseudo dice [0.6491]
2026-07-11 15:30:48.065873: Epoch time: 115.72 s
2026-07-11 15:30:48.065950: Yayy! New best EMA pseudo Dice: 0.6409
2026-07-11 15:30:49.385319: 
2026-07-11 15:30:49.386513: Epoch 78
2026-07-11 15:30:49.386644: Current learning rate: 0.00052
2026-07-11 15:32:45.099789: train_loss -0.3352
2026-07-11 15:32:45.101357: val_loss -0.1326
2026-07-11 15:32:45.101473: Pseudo dice [0.6433]
2026-07-11 15:32:45.101565: Epoch time: 115.71 s
2026-07-11 15:32:45.101644: Yayy! New best EMA pseudo Dice: 0.6411
2026-07-11 15:32:46.284403: 
2026-07-11 15:32:46.285833: Epoch 79
2026-07-11 15:32:46.285961: Current learning rate: 0.00051
2026-07-11 15:34:42.051639: train_loss -0.3345
2026-07-11 15:34:42.052828: val_loss -0.1223
2026-07-11 15:34:42.052933: Pseudo dice [0.6427]
2026-07-11 15:34:42.053024: Epoch time: 115.77 s
2026-07-11 15:34:42.053100: Yayy! New best EMA pseudo Dice: 0.6413
2026-07-11 15:34:43.240391: 
2026-07-11 15:34:43.242170: Epoch 80
2026-07-11 15:34:43.242310: Current learning rate: 0.0005
2026-07-11 15:36:38.933358: train_loss -0.3391
2026-07-11 15:36:38.935242: val_loss -0.1211
2026-07-11 15:36:38.935344: Pseudo dice [0.6423]
2026-07-11 15:36:38.935440: Epoch time: 115.69 s
2026-07-11 15:36:38.935517: Yayy! New best EMA pseudo Dice: 0.6414
2026-07-11 15:36:40.243622: 
2026-07-11 15:36:40.244898: Epoch 81
2026-07-11 15:36:40.245029: Current learning rate: 0.0005
2026-07-11 15:38:35.949018: train_loss -0.3368
2026-07-11 15:38:35.950891: val_loss -0.1169
2026-07-11 15:38:35.950999: Pseudo dice [0.6384]
2026-07-11 15:38:35.951089: Epoch time: 115.71 s
2026-07-11 15:38:37.110423: 
2026-07-11 15:38:37.111525: Epoch 82
2026-07-11 15:38:37.111660: Current learning rate: 0.00049
2026-07-11 15:40:32.824943: train_loss -0.3374
2026-07-11 15:40:32.827525: val_loss -0.1395
2026-07-11 15:40:32.827632: Pseudo dice [0.6486]
2026-07-11 15:40:32.827723: Epoch time: 115.71 s
2026-07-11 15:40:32.827800: Yayy! New best EMA pseudo Dice: 0.6418
2026-07-11 15:40:33.976176: 
2026-07-11 15:40:33.977439: Epoch 83
2026-07-11 15:40:33.977569: Current learning rate: 0.00048
2026-07-11 15:42:29.680086: train_loss -0.3366
2026-07-11 15:42:29.682042: val_loss -0.1362
2026-07-11 15:42:29.682148: Pseudo dice [0.6468]
2026-07-11 15:42:29.682240: Epoch time: 115.7 s
2026-07-11 15:42:29.682317: Yayy! New best EMA pseudo Dice: 0.6423
2026-07-11 15:42:30.832121: 
2026-07-11 15:42:30.833517: Epoch 84
2026-07-11 15:42:30.833646: Current learning rate: 0.00048
2026-07-11 15:44:26.542367: train_loss -0.3343
2026-07-11 15:44:26.544534: val_loss -0.1177
2026-07-11 15:44:26.544641: Pseudo dice [0.6392]
2026-07-11 15:44:26.544737: Epoch time: 115.71 s
2026-07-11 15:44:27.686646: 
2026-07-11 15:44:27.688344: Epoch 85
2026-07-11 15:44:27.688483: Current learning rate: 0.00047
2026-07-11 15:46:23.375531: train_loss -0.3404
2026-07-11 15:46:23.376879: val_loss -0.1327
2026-07-11 15:46:23.376981: Pseudo dice [0.6456]
2026-07-11 15:46:23.377069: Epoch time: 115.69 s
2026-07-11 15:46:23.377142: Yayy! New best EMA pseudo Dice: 0.6424
2026-07-11 15:46:24.521693: 
2026-07-11 15:46:24.523232: Epoch 86
2026-07-11 15:46:24.523360: Current learning rate: 0.00046
2026-07-11 15:48:20.217810: train_loss -0.3382
2026-07-11 15:48:20.219009: val_loss -0.1172
2026-07-11 15:48:20.219117: Pseudo dice [0.6369]
2026-07-11 15:48:20.219210: Epoch time: 115.7 s
2026-07-11 15:48:21.348150: 
2026-07-11 15:48:21.349521: Epoch 87
2026-07-11 15:48:21.349651: Current learning rate: 0.00046
2026-07-11 15:50:17.041986: train_loss -0.3408
2026-07-11 15:50:17.043332: val_loss -0.1472
2026-07-11 15:50:17.043447: Pseudo dice [0.6507]
2026-07-11 15:50:17.043540: Epoch time: 115.69 s
2026-07-11 15:50:17.043617: Yayy! New best EMA pseudo Dice: 0.6427
2026-07-11 15:50:18.324991: 
2026-07-11 15:50:18.326249: Epoch 88
2026-07-11 15:50:18.326374: Current learning rate: 0.00045
2026-07-11 15:52:14.058774: train_loss -0.343
2026-07-11 15:52:14.060038: val_loss -0.0958
2026-07-11 15:52:14.060143: Pseudo dice [0.6297]
2026-07-11 15:52:14.060234: Epoch time: 115.73 s
2026-07-11 15:52:15.189272: 
2026-07-11 15:52:15.190408: Epoch 89
2026-07-11 15:52:15.190543: Current learning rate: 0.00044
2026-07-11 15:54:13.641237: train_loss -0.3375
2026-07-11 15:54:13.643706: val_loss -0.1225
2026-07-11 15:54:13.643815: Pseudo dice [0.6437]
2026-07-11 15:54:13.643909: Epoch time: 118.45 s
2026-07-11 15:54:14.803147: 
2026-07-11 15:54:14.804810: Epoch 90
2026-07-11 15:54:14.804966: Current learning rate: 0.00044
2026-07-11 15:56:10.526803: train_loss -0.3417
2026-07-11 15:56:10.529298: val_loss -0.1451
2026-07-11 15:56:10.529403: Pseudo dice [0.6498]
2026-07-11 15:56:10.529502: Epoch time: 115.72 s
2026-07-11 15:56:11.662856: 
2026-07-11 15:56:11.664669: Epoch 91
2026-07-11 15:56:11.664806: Current learning rate: 0.00043
2026-07-11 15:58:07.404607: train_loss -0.3385
2026-07-11 15:58:07.407209: val_loss -0.1129
2026-07-11 15:58:07.407323: Pseudo dice [0.6376]
2026-07-11 15:58:07.407448: Epoch time: 115.74 s
2026-07-11 15:58:08.702323: 
2026-07-11 15:58:08.704825: Epoch 92
2026-07-11 15:58:08.704968: Current learning rate: 0.00043
2026-07-11 16:00:04.490372: train_loss -0.3398
2026-07-11 16:00:04.492880: val_loss -0.1457
2026-07-11 16:00:04.492985: Pseudo dice [0.651]
2026-07-11 16:00:04.493080: Epoch time: 115.79 s
2026-07-11 16:00:04.493158: Yayy! New best EMA pseudo Dice: 0.6429
2026-07-11 16:00:05.679889: 
2026-07-11 16:00:05.681706: Epoch 93
2026-07-11 16:00:05.681840: Current learning rate: 0.00042
2026-07-11 16:02:01.436194: train_loss -0.3398
2026-07-11 16:02:01.438706: val_loss -0.1156
2026-07-11 16:02:01.438813: Pseudo dice [0.6388]
2026-07-11 16:02:01.438908: Epoch time: 115.76 s
2026-07-11 16:02:02.580499: 
2026-07-11 16:02:02.582363: Epoch 94
2026-07-11 16:02:02.582505: Current learning rate: 0.00041
2026-07-11 16:03:58.326667: train_loss -0.3392
2026-07-11 16:03:58.329313: val_loss -0.1285
2026-07-11 16:03:58.329422: Pseudo dice [0.6432]
2026-07-11 16:03:58.329525: Epoch time: 115.75 s
2026-07-11 16:03:59.483067: 
2026-07-11 16:03:59.484886: Epoch 95
2026-07-11 16:03:59.485022: Current learning rate: 0.00041
2026-07-11 16:05:55.224579: train_loss -0.3416
2026-07-11 16:05:55.226766: val_loss -0.1274
2026-07-11 16:05:55.226873: Pseudo dice [0.6432]
2026-07-11 16:05:55.226969: Epoch time: 115.74 s
2026-07-11 16:05:56.379353: 
2026-07-11 16:05:56.380869: Epoch 96
2026-07-11 16:05:56.381001: Current learning rate: 0.0004
2026-07-11 16:07:52.110630: train_loss -0.3445
2026-07-11 16:07:52.112576: val_loss -0.1218
2026-07-11 16:07:52.112682: Pseudo dice [0.6417]
2026-07-11 16:07:52.112774: Epoch time: 115.73 s
2026-07-11 16:07:53.249243: 
2026-07-11 16:07:53.250536: Epoch 97
2026-07-11 16:07:53.250665: Current learning rate: 0.00039
2026-07-11 16:09:48.981015: train_loss -0.3401
2026-07-11 16:09:48.983168: val_loss -0.1302
2026-07-11 16:09:48.983339: Pseudo dice [0.6476]
2026-07-11 16:09:48.983443: Epoch time: 115.73 s
2026-07-11 16:09:48.983526: Yayy! New best EMA pseudo Dice: 0.643
2026-07-11 16:09:50.166340: 
2026-07-11 16:09:50.167859: Epoch 98
2026-07-11 16:09:50.168004: Current learning rate: 0.00039
2026-07-11 16:11:45.921224: train_loss -0.3453
2026-07-11 16:11:45.923473: val_loss -0.1479
2026-07-11 16:11:45.923580: Pseudo dice [0.6501]
2026-07-11 16:11:45.923705: Epoch time: 115.76 s
2026-07-11 16:11:45.923785: Yayy! New best EMA pseudo Dice: 0.6437
2026-07-11 16:11:47.107028: 
2026-07-11 16:11:47.108537: Epoch 99
2026-07-11 16:11:47.108675: Current learning rate: 0.00038
2026-07-11 16:13:42.843675: train_loss -0.3432
2026-07-11 16:13:42.845704: val_loss -0.1433
2026-07-11 16:13:42.845808: Pseudo dice [0.6498]
2026-07-11 16:13:42.845899: Epoch time: 115.74 s
2026-07-11 16:13:42.875123: Yayy! New best EMA pseudo Dice: 0.6443
2026-07-11 16:13:44.049758: 
2026-07-11 16:13:44.051189: Epoch 100
2026-07-11 16:13:44.051333: Current learning rate: 0.00037
2026-07-11 16:15:39.790003: train_loss -0.3423
2026-07-11 16:15:39.792378: val_loss -0.14
2026-07-11 16:15:39.792495: Pseudo dice [0.649]
2026-07-11 16:15:39.792587: Epoch time: 115.74 s
2026-07-11 16:15:39.792661: Yayy! New best EMA pseudo Dice: 0.6448
2026-07-11 16:15:40.992660: 
2026-07-11 16:15:40.994242: Epoch 101
2026-07-11 16:15:40.994374: Current learning rate: 0.00037
2026-07-11 16:17:36.733034: train_loss -0.3439
2026-07-11 16:17:36.735419: val_loss -0.1222
2026-07-11 16:17:36.735535: Pseudo dice [0.643]
2026-07-11 16:17:36.735627: Epoch time: 115.74 s
2026-07-11 16:17:37.889323: 
2026-07-11 16:17:37.891297: Epoch 102
2026-07-11 16:17:37.891445: Current learning rate: 0.00036
2026-07-11 16:19:33.648893: train_loss -0.3453
2026-07-11 16:19:33.651326: val_loss -0.1311
2026-07-11 16:19:33.651430: Pseudo dice [0.6441]
2026-07-11 16:19:33.652430: Epoch time: 115.76 s
2026-07-11 16:19:34.802037: 
2026-07-11 16:19:34.803824: Epoch 103
2026-07-11 16:19:34.803958: Current learning rate: 0.00035
2026-07-11 16:21:30.553524: train_loss -0.3413
2026-07-11 16:21:30.556056: val_loss -0.1426
2026-07-11 16:21:30.563337: Pseudo dice [0.648]
2026-07-11 16:21:30.563479: Epoch time: 115.75 s
2026-07-11 16:21:30.563588: Yayy! New best EMA pseudo Dice: 0.6449
2026-07-11 16:21:31.771386: 
2026-07-11 16:21:31.772889: Epoch 104
2026-07-11 16:21:31.773036: Current learning rate: 0.00035
2026-07-11 16:23:27.509656: train_loss -0.343
2026-07-11 16:23:27.512302: val_loss -0.138
2026-07-11 16:23:27.512433: Pseudo dice [0.6487]
2026-07-11 16:23:27.512556: Epoch time: 115.74 s
2026-07-11 16:23:27.512657: Yayy! New best EMA pseudo Dice: 0.6453
2026-07-11 16:23:28.835854: 
2026-07-11 16:23:28.837842: Epoch 105
2026-07-11 16:23:28.838006: Current learning rate: 0.00034
2026-07-11 16:25:24.569071: train_loss -0.3446
2026-07-11 16:25:24.572160: val_loss -0.1419
2026-07-11 16:25:24.572287: Pseudo dice [0.6474]
2026-07-11 16:25:24.572403: Epoch time: 115.73 s
2026-07-11 16:25:24.572513: Yayy! New best EMA pseudo Dice: 0.6455
2026-07-11 16:25:25.744153: 
2026-07-11 16:25:25.745917: Epoch 106
2026-07-11 16:25:25.746063: Current learning rate: 0.00033
2026-07-11 16:27:21.468491: train_loss -0.344
2026-07-11 16:27:21.470600: val_loss -0.133
2026-07-11 16:27:21.470726: Pseudo dice [0.6482]
2026-07-11 16:27:21.470841: Epoch time: 115.72 s
2026-07-11 16:27:21.470939: Yayy! New best EMA pseudo Dice: 0.6458
2026-07-11 16:27:22.658689: 
2026-07-11 16:27:22.660450: Epoch 107
2026-07-11 16:27:22.660603: Current learning rate: 0.00032
2026-07-11 16:29:18.404601: train_loss -0.3445
2026-07-11 16:29:18.407454: val_loss -0.1158
2026-07-11 16:29:18.407581: Pseudo dice [0.6408]
2026-07-11 16:29:18.407693: Epoch time: 115.75 s
2026-07-11 16:29:19.717559: 
2026-07-11 16:29:19.719240: Epoch 108
2026-07-11 16:29:19.719396: Current learning rate: 0.00032
2026-07-11 16:31:15.450320: train_loss -0.3406
2026-07-11 16:31:15.452463: val_loss -0.1067
2026-07-11 16:31:15.452588: Pseudo dice [0.6369]
2026-07-11 16:31:15.452698: Epoch time: 115.73 s
2026-07-11 16:31:16.611796: 
2026-07-11 16:31:16.613463: Epoch 109
2026-07-11 16:31:16.613615: Current learning rate: 0.00031
2026-07-11 16:33:12.363024: train_loss -0.3434
2026-07-11 16:33:12.365415: val_loss -0.1313
2026-07-11 16:33:12.365543: Pseudo dice [0.6436]
2026-07-11 16:33:12.365656: Epoch time: 115.75 s
2026-07-11 16:33:13.525923: 
2026-07-11 16:33:13.527866: Epoch 110
2026-07-11 16:33:13.528017: Current learning rate: 0.0003
2026-07-11 16:35:09.269069: train_loss -0.3474
2026-07-11 16:35:09.271308: val_loss -0.1486
2026-07-11 16:35:09.271430: Pseudo dice [0.652]
2026-07-11 16:35:09.271551: Epoch time: 115.74 s
2026-07-11 16:35:10.436831: 
2026-07-11 16:35:10.438636: Epoch 111
2026-07-11 16:35:10.438789: Current learning rate: 0.0003
2026-07-11 16:37:06.160883: train_loss -0.3463
2026-07-11 16:37:06.163409: val_loss -0.1319
2026-07-11 16:37:06.163548: Pseudo dice [0.6473]
2026-07-11 16:37:06.163664: Epoch time: 115.72 s
2026-07-11 16:37:07.324331: 
2026-07-11 16:37:07.325870: Epoch 112
2026-07-11 16:37:07.326046: Current learning rate: 0.00029
2026-07-11 16:39:03.072185: train_loss -0.3462
2026-07-11 16:39:03.074144: val_loss -0.1177
2026-07-11 16:39:03.074269: Pseudo dice [0.6384]
2026-07-11 16:39:03.074381: Epoch time: 115.75 s
2026-07-11 16:39:04.234606: 
2026-07-11 16:39:04.236529: Epoch 113
2026-07-11 16:39:04.236671: Current learning rate: 0.00028
2026-07-11 16:40:59.966767: train_loss -0.3469
2026-07-11 16:40:59.969652: val_loss -0.1335
2026-07-11 16:40:59.969781: Pseudo dice [0.6449]
2026-07-11 16:40:59.969897: Epoch time: 115.73 s
2026-07-11 16:41:01.131933: 
2026-07-11 16:41:01.133892: Epoch 114
2026-07-11 16:41:01.134048: Current learning rate: 0.00028
2026-07-11 16:42:56.888942: train_loss -0.3447
2026-07-11 16:42:56.891333: val_loss -0.1384
2026-07-11 16:42:56.891466: Pseudo dice [0.647]
2026-07-11 16:42:56.891584: Epoch time: 115.76 s
2026-07-11 16:42:58.053999: 
2026-07-11 16:42:58.055327: Epoch 115
2026-07-11 16:42:58.055483: Current learning rate: 0.00027
2026-07-11 16:44:53.792505: train_loss -0.3454
2026-07-11 16:44:53.795344: val_loss -0.1351
2026-07-11 16:44:53.795479: Pseudo dice [0.6451]
2026-07-11 16:44:53.795601: Epoch time: 115.74 s
2026-07-11 16:44:54.973840: 
2026-07-11 16:44:54.975658: Epoch 116
2026-07-11 16:44:54.975820: Current learning rate: 0.00026
2026-07-11 16:46:50.705162: train_loss -0.3468
2026-07-11 16:46:50.707714: val_loss -0.1284
2026-07-11 16:46:50.707854: Pseudo dice [0.6437]
2026-07-11 16:46:50.707972: Epoch time: 115.73 s
2026-07-11 16:46:51.887484: 
2026-07-11 16:46:51.889364: Epoch 117
2026-07-11 16:46:51.889534: Current learning rate: 0.00026
2026-07-11 16:48:47.625556: train_loss -0.3445
2026-07-11 16:48:47.628815: val_loss -0.1431
2026-07-11 16:48:47.628948: Pseudo dice [0.6501]
2026-07-11 16:48:47.629067: Epoch time: 115.74 s
2026-07-11 16:48:48.937898: 
2026-07-11 16:48:48.939552: Epoch 118
2026-07-11 16:48:48.939706: Current learning rate: 0.00025
2026-07-11 16:50:44.677018: train_loss -0.3416
2026-07-11 16:50:44.679992: val_loss -0.1339
2026-07-11 16:50:44.680118: Pseudo dice [0.6498]
2026-07-11 16:50:44.680230: Epoch time: 115.74 s
2026-07-11 16:50:44.680327: Yayy! New best EMA pseudo Dice: 0.6458
2026-07-11 16:50:45.876581: 
2026-07-11 16:50:45.878352: Epoch 119
2026-07-11 16:50:45.878506: Current learning rate: 0.00024
2026-07-11 16:52:41.627970: train_loss -0.3492
2026-07-11 16:52:41.629846: val_loss -0.1411
2026-07-11 16:52:41.629974: Pseudo dice [0.6492]
2026-07-11 16:52:41.630091: Epoch time: 115.75 s
2026-07-11 16:52:41.630201: Yayy! New best EMA pseudo Dice: 0.6461
2026-07-11 16:52:42.822374: 
2026-07-11 16:52:42.823808: Epoch 120
2026-07-11 16:52:42.823969: Current learning rate: 0.00023
2026-07-11 16:54:38.552037: train_loss -0.3485
2026-07-11 16:54:38.554306: val_loss -0.155
2026-07-11 16:54:38.554430: Pseudo dice [0.6545]
2026-07-11 16:54:38.554549: Epoch time: 115.73 s
2026-07-11 16:54:38.554647: Yayy! New best EMA pseudo Dice: 0.647
2026-07-11 16:54:39.908383: 
2026-07-11 16:54:39.909817: Epoch 121
2026-07-11 16:54:39.909965: Current learning rate: 0.00023
2026-07-11 16:56:35.655332: train_loss -0.3432
2026-07-11 16:56:35.657983: val_loss -0.1456
2026-07-11 16:56:35.658106: Pseudo dice [0.6505]
2026-07-11 16:56:35.658222: Epoch time: 115.75 s
2026-07-11 16:56:35.658320: Yayy! New best EMA pseudo Dice: 0.6473
2026-07-11 16:56:36.871093: 
2026-07-11 16:56:36.872825: Epoch 122
2026-07-11 16:56:36.872975: Current learning rate: 0.00022
2026-07-11 16:58:32.623641: train_loss -0.3486
2026-07-11 16:58:32.625901: val_loss -0.1306
2026-07-11 16:58:32.626034: Pseudo dice [0.6462]
2026-07-11 16:58:32.626151: Epoch time: 115.75 s
2026-07-11 16:58:33.810618: 
2026-07-11 16:58:33.812187: Epoch 123
2026-07-11 16:58:33.812343: Current learning rate: 0.00021
2026-07-11 17:00:29.578290: train_loss -0.3513
2026-07-11 17:00:29.580763: val_loss -0.1497
2026-07-11 17:00:29.580891: Pseudo dice [0.6537]
2026-07-11 17:00:29.581007: Epoch time: 115.77 s
2026-07-11 17:00:29.581106: Yayy! New best EMA pseudo Dice: 0.6478
2026-07-11 17:00:30.959276: 
2026-07-11 17:00:30.960739: Epoch 124
2026-07-11 17:00:30.960897: Current learning rate: 0.00021
2026-07-11 17:02:26.701538: train_loss -0.3487
2026-07-11 17:02:26.704007: val_loss -0.1331
2026-07-11 17:02:26.704132: Pseudo dice [0.6443]
2026-07-11 17:02:26.704246: Epoch time: 115.74 s
2026-07-11 17:02:27.914906: 
2026-07-11 17:02:27.916407: Epoch 125
2026-07-11 17:02:27.916567: Current learning rate: 0.0002
2026-07-11 17:04:23.671626: train_loss -0.3483
2026-07-11 17:04:23.674179: val_loss -0.1449
2026-07-11 17:04:23.674307: Pseudo dice [0.6506]
2026-07-11 17:04:23.674423: Epoch time: 115.76 s
2026-07-11 17:04:24.852078: 
2026-07-11 17:04:24.853735: Epoch 126
2026-07-11 17:04:24.853886: Current learning rate: 0.00019
2026-07-11 17:06:20.575689: train_loss -0.346
2026-07-11 17:06:20.578060: val_loss -0.1278
2026-07-11 17:06:20.578188: Pseudo dice [0.6469]
2026-07-11 17:06:20.578302: Epoch time: 115.72 s
2026-07-11 17:06:21.763994: 
2026-07-11 17:06:21.765790: Epoch 127
2026-07-11 17:06:21.766118: Current learning rate: 0.00018
2026-07-11 17:08:17.505347: train_loss -0.3492
2026-07-11 17:08:17.507309: val_loss -0.1235
2026-07-11 17:08:17.507442: Pseudo dice [0.6431]
2026-07-11 17:08:17.507562: Epoch time: 115.74 s
2026-07-11 17:08:18.696391: 
2026-07-11 17:08:18.698175: Epoch 128
2026-07-11 17:08:18.698332: Current learning rate: 0.00018
2026-07-11 17:10:14.445853: train_loss -0.3496
2026-07-11 17:10:14.448323: val_loss -0.148
2026-07-11 17:10:14.448455: Pseudo dice [0.6544]
2026-07-11 17:10:14.448571: Epoch time: 115.75 s
2026-07-11 17:10:14.448670: Yayy! New best EMA pseudo Dice: 0.648
2026-07-11 17:10:15.643807: 
2026-07-11 17:10:15.645894: Epoch 129
2026-07-11 17:10:15.646049: Current learning rate: 0.00017
2026-07-11 17:12:11.405556: train_loss -0.3495
2026-07-11 17:12:11.407911: val_loss -0.1416
2026-07-11 17:12:11.408037: Pseudo dice [0.6508]
2026-07-11 17:12:11.408153: Epoch time: 115.76 s
2026-07-11 17:12:11.408255: Yayy! New best EMA pseudo Dice: 0.6482
2026-07-11 17:12:12.594883: 
2026-07-11 17:12:12.597039: Epoch 130
2026-07-11 17:12:12.597205: Current learning rate: 0.00016
2026-07-11 17:14:08.350731: train_loss -0.3477
2026-07-11 17:14:08.353250: val_loss -0.1346
2026-07-11 17:14:08.353379: Pseudo dice [0.6462]
2026-07-11 17:14:08.353502: Epoch time: 115.76 s
2026-07-11 17:14:09.510097: 
2026-07-11 17:14:09.511682: Epoch 131
2026-07-11 17:14:09.511842: Current learning rate: 0.00016
2026-07-11 17:16:05.242765: train_loss -0.3474
2026-07-11 17:16:05.251242: val_loss -0.1536
2026-07-11 17:16:05.251363: Pseudo dice [0.6553]
2026-07-11 17:16:05.251474: Epoch time: 115.73 s
2026-07-11 17:16:05.251573: Yayy! New best EMA pseudo Dice: 0.6488
2026-07-11 17:16:06.435705: 
2026-07-11 17:16:06.437350: Epoch 132
2026-07-11 17:16:06.437504: Current learning rate: 0.00015
2026-07-11 17:18:02.178298: train_loss -0.3526
2026-07-11 17:18:02.180682: val_loss -0.1236
2026-07-11 17:18:02.180817: Pseudo dice [0.6434]
2026-07-11 17:18:02.180934: Epoch time: 115.74 s
2026-07-11 17:18:03.349949: 
2026-07-11 17:18:03.353184: Epoch 133
2026-07-11 17:18:03.353340: Current learning rate: 0.00014
2026-07-11 17:19:59.116515: train_loss -0.3452
2026-07-11 17:19:59.118870: val_loss -0.1521
2026-07-11 17:19:59.118994: Pseudo dice [0.6534]
2026-07-11 17:19:59.119111: Epoch time: 115.77 s
2026-07-11 17:20:00.429870: 
2026-07-11 17:20:00.433552: Epoch 134
2026-07-11 17:20:00.433712: Current learning rate: 0.00013
2026-07-11 17:21:56.162726: train_loss -0.3496
2026-07-11 17:21:56.165094: val_loss -0.137
2026-07-11 17:21:56.165216: Pseudo dice [0.6482]
2026-07-11 17:21:56.165330: Epoch time: 115.73 s
2026-07-11 17:21:57.329120: 
2026-07-11 17:21:57.331101: Epoch 135
2026-07-11 17:21:57.331298: Current learning rate: 0.00013
2026-07-11 17:23:53.063348: train_loss -0.35
2026-07-11 17:23:53.065461: val_loss -0.1383
2026-07-11 17:23:53.065587: Pseudo dice [0.6491]
2026-07-11 17:23:53.065703: Epoch time: 115.73 s
2026-07-11 17:23:54.240152: 
2026-07-11 17:23:54.241858: Epoch 136
2026-07-11 17:23:54.242011: Current learning rate: 0.00012
2026-07-11 17:25:50.000196: train_loss -0.3516
2026-07-11 17:25:50.003461: val_loss -0.1358
2026-07-11 17:25:50.003597: Pseudo dice [0.6454]
2026-07-11 17:25:50.003714: Epoch time: 115.76 s
2026-07-11 17:25:51.355937: 
2026-07-11 17:25:51.357613: Epoch 137
2026-07-11 17:25:51.357769: Current learning rate: 0.00011
2026-07-11 17:27:47.135044: train_loss -0.3493
2026-07-11 17:27:47.137245: val_loss -0.1387
2026-07-11 17:27:47.137410: Pseudo dice [0.6472]
2026-07-11 17:27:47.137540: Epoch time: 115.78 s
2026-07-11 17:27:48.307029: 
2026-07-11 17:27:48.309290: Epoch 138
2026-07-11 17:27:48.309453: Current learning rate: 0.0001
2026-07-11 17:29:44.033154: train_loss -0.3515
2026-07-11 17:29:44.035292: val_loss -0.1437
2026-07-11 17:29:44.035423: Pseudo dice [0.6506]
2026-07-11 17:29:44.035547: Epoch time: 115.73 s
2026-07-11 17:29:45.210377: 
2026-07-11 17:29:45.211920: Epoch 139
2026-07-11 17:29:45.212079: Current learning rate: 0.0001
2026-07-11 17:31:40.935615: train_loss -0.3496
2026-07-11 17:31:40.938196: val_loss -0.1386
2026-07-11 17:31:40.938329: Pseudo dice [0.6466]
2026-07-11 17:31:40.938450: Epoch time: 115.73 s
2026-07-11 17:31:42.109440: 
2026-07-11 17:31:42.111338: Epoch 140
2026-07-11 17:31:42.111506: Current learning rate: 9e-05
2026-07-11 17:33:37.869769: train_loss -0.3504
2026-07-11 17:33:37.872309: val_loss -0.1501
2026-07-11 17:33:37.872444: Pseudo dice [0.6519]
2026-07-11 17:33:37.872564: Epoch time: 115.76 s
2026-07-11 17:33:39.122923: 
2026-07-11 17:33:39.128929: Epoch 141
2026-07-11 17:33:39.129090: Current learning rate: 8e-05
2026-07-11 17:35:34.872843: train_loss -0.3497
2026-07-11 17:35:34.875430: val_loss -0.1488
2026-07-11 17:35:34.875579: Pseudo dice [0.6532]
2026-07-11 17:35:34.875699: Epoch time: 115.75 s
2026-07-11 17:35:34.875804: Yayy! New best EMA pseudo Dice: 0.6491
2026-07-11 17:35:36.082038: 
2026-07-11 17:35:36.083918: Epoch 142
2026-07-11 17:35:36.084084: Current learning rate: 7e-05
2026-07-11 17:37:31.818202: train_loss -0.3501
2026-07-11 17:37:31.821150: val_loss -0.1435
2026-07-11 17:37:31.821287: Pseudo dice [0.651]
2026-07-11 17:37:31.821405: Epoch time: 115.74 s
2026-07-11 17:37:31.821515: Yayy! New best EMA pseudo Dice: 0.6493
2026-07-11 17:37:33.021122: 
2026-07-11 17:37:33.023204: Epoch 143
2026-07-11 17:37:33.023364: Current learning rate: 6e-05
2026-07-11 17:39:28.760053: train_loss -0.3504
2026-07-11 17:39:28.762264: val_loss -0.1482
2026-07-11 17:39:28.762391: Pseudo dice [0.653]
2026-07-11 17:39:28.762514: Epoch time: 115.74 s
2026-07-11 17:39:28.762617: Yayy! New best EMA pseudo Dice: 0.6497
2026-07-11 17:39:30.116141: 
2026-07-11 17:39:30.117612: Epoch 144
2026-07-11 17:39:30.117781: Current learning rate: 6e-05
2026-07-11 17:41:25.875974: train_loss -0.3526
2026-07-11 17:41:25.878418: val_loss -0.1274
2026-07-11 17:41:25.878544: Pseudo dice [0.6429]
2026-07-11 17:41:25.878651: Epoch time: 115.76 s
2026-07-11 17:41:27.041630: 
2026-07-11 17:41:27.043262: Epoch 145
2026-07-11 17:41:27.043420: Current learning rate: 5e-05
2026-07-11 17:43:22.786386: train_loss -0.3496
2026-07-11 17:43:22.789070: val_loss -0.1453
2026-07-11 17:43:22.789209: Pseudo dice [0.649]
2026-07-11 17:43:22.789368: Epoch time: 115.75 s
2026-07-11 17:43:23.969211: 
2026-07-11 17:43:23.971091: Epoch 146
2026-07-11 17:43:23.971250: Current learning rate: 4e-05
2026-07-11 17:45:19.715279: train_loss -0.3484
2026-07-11 17:45:19.718118: val_loss -0.1433
2026-07-11 17:45:19.718242: Pseudo dice [0.6507]
2026-07-11 17:45:19.718363: Epoch time: 115.75 s
2026-07-11 17:45:21.032221: 
2026-07-11 17:45:21.033750: Epoch 147
2026-07-11 17:45:21.033901: Current learning rate: 3e-05
2026-07-11 17:47:16.762614: train_loss -0.3504
2026-07-11 17:47:16.764532: val_loss -0.1439
2026-07-11 17:47:16.764664: Pseudo dice [0.6491]
2026-07-11 17:47:16.764781: Epoch time: 115.73 s
2026-07-11 17:47:17.943182: 
2026-07-11 17:47:17.945032: Epoch 148
2026-07-11 17:47:17.945189: Current learning rate: 2e-05
2026-07-11 17:49:13.675372: train_loss -0.3472
2026-07-11 17:49:13.678110: val_loss -0.1397
2026-07-11 17:49:13.678238: Pseudo dice [0.6509]
2026-07-11 17:49:13.678353: Epoch time: 115.73 s
2026-07-11 17:49:14.860444: 
2026-07-11 17:49:14.862168: Epoch 149
2026-07-11 17:49:14.862327: Current learning rate: 1e-05
2026-07-11 17:51:10.579546: train_loss -0.3497
2026-07-11 17:51:10.583537: val_loss -0.1355
2026-07-11 17:51:10.583660: Pseudo dice [0.6456]
2026-07-11 17:51:10.583772: Epoch time: 115.72 s
2026-07-11 17:51:12.022760: Training done.
2026-07-11 17:51:12.026489: Skipping final full validation because SMALLENET_SKIP_FINAL_VALIDATION=1
Training finished for nnUNetTrainerSmallENet on Dataset504_ARCADE_6x6_1c_noempty.
