=== Job info ===
Host: gcn2.local.snellius.surf.nl
Date: Sun Jul 12 16:29:56 CEST 2026
Dataset: Dataset505_ARCADE_oversampled (id 505)
SMALLENET_EPOCHS=150
SMALLENET_BATCH_SIZE=362
SMALLENET_GAP_AUG=1 (p=0.6)
SMALLENET_CLDICE_WEIGHT=1.0 (iters=12)
Output folder: /home/yhussein/LightM-UNet/data/nnUNET_results/Dataset505_ARCADE_oversampled/nnUNetTrainerSmallENet__nnUNetPlans__2d/fold_0
=== GPU info ===
Sun Jul 12 16:29:56 2026       
+-----------------------------------------------------------------------------------------+
| NVIDIA-SMI 595.71.05              Driver Version: 595.71.05      CUDA Version: 13.2     |
+-----------------------------------------+------------------------+----------------------+
| GPU  Name                 Persistence-M | Bus-Id          Disp.A | Volatile Uncorr. ECC |
| Fan  Temp   Perf          Pwr:Usage/Cap |           Memory-Usage | GPU-Util  Compute M. |
|                                         |                        |               MIG M. |
|=========================================+========================+======================|
|   0  NVIDIA A100-SXM4-40GB          On  |   00000000:31:00.0 Off |                   On |
| N/A   32C    P0            102W /  400W |     672MiB /  40960MiB |     N/A      Default |
|                                         |                        |              Enabled |
+-----------------------------------------+------------------------+----------------------+
|   1  NVIDIA A100-SXM4-40GB          On  |   00000000:32:00.0 Off |                   On |
| N/A   33C    P0            111W /  400W |    1011MiB /  40960MiB |     N/A      Default |
|                                         |                        |              Enabled |
+-----------------------------------------+------------------------+----------------------+
|   2  NVIDIA A100-SXM4-40GB          On  |   00000000:CA:00.0 Off |                   On |
| N/A   33C    P0             91W /  400W |    1095MiB /  40960MiB |     N/A      Default |
|                                         |                        |              Enabled |
+-----------------------------------------+------------------------+----------------------+
|   3  NVIDIA A100-SXM4-40GB          On  |   00000000:E3:00.0 Off |                   On |
| N/A   31C    P0             78W /  400W |    1103MiB /  40960MiB |     N/A      Default |
|                                         |                        |              Enabled |
+-----------------------------------------+------------------------+----------------------+

+-----------------------------------------------------------------------------------------+
| MIG devices:                                                                            |
+------------------+----------------------------------+-----------+-----------------------+
| GPU  GI  CI  MIG |              Shared Memory-Usage |        Vol|        Shared         |
|      ID  ID  Dev |                Shared BAR1-Usage | SM     Unc| CE ENC  DEC  OFA  JPG |
|                  |                                  |        ECC|                       |
|==================+==================================+===========+=======================|
|  0    1   0   0  |             107MiB / 20096MiB    | 42      0 |  3   0    2    0    0 |
|                  |               0MiB / 12210MiB    |           |                       |
+------------------+----------------------------------+-----------+-----------------------+

+-----------------------------------------------------------------------------------------+
| Processes:                                                                              |
|  GPU   GI   CI              PID   Type   Process name                        GPU Memory |
|        ID   ID                                                               Usage      |
|=========================================================================================|
|    1    1    0           440939      C   ...nda/envs/platonict/bin/python        452MiB |
|    1    2    0           441499      C   ...nda/envs/platonict/bin/python        328MiB |
|    2    1    0           358723      C   ...nda/envs/platonict/bin/python        482MiB |
|    2    2    0           424046      C   ...nda/envs/platonict/bin/python        382MiB |
|    3    2    0           433845      C   ...nda/envs/platonict/bin/python        490MiB |
|    3    1    0           441938      C   ...nda/envs/platonict/bin/python        382MiB |
+-----------------------------------------------------------------------------------------+
CUDA available: True
GPU: NVIDIA A100-SXM4-40GB MIG 3g.20gb
=== Plan + preprocess (skipped if already done) ===
Fingerprint extraction...
Dataset505_ARCADE_oversampled
Using <class 'nnunetv2.imageio.natural_image_reader_writer.NaturalImage2DIO'> as reader/writer

####################
verify_dataset_integrity Done. 
If you didn't see any error messages then your dataset is most likely OK!
####################

Using <class 'nnunetv2.imageio.natural_image_reader_writer.NaturalImage2DIO'> as reader/writer
Experiment planning...
2D U-Net configuration:
{'data_identifier': 'nnUNetPlans_2d', 'preprocessor_name': 'DefaultPreprocessor', 'batch_size': 362, 'patch_size': array([96, 96]), 'median_image_size_in_voxels': array([85., 85.]), 'spacing': array([1., 1.]), 'normalization_schemes': ['ZScoreNormalization'], 'use_mask_for_norm': [False], 'UNet_class_name': 'PlainConvUNet', 'UNet_base_num_features': 32, 'n_conv_per_stage_encoder': (2, 2, 2, 2, 2), 'n_conv_per_stage_decoder': (2, 2, 2, 2), 'num_pool_per_axis': [4, 4], 'pool_op_kernel_sizes': [[1, 1], [2, 2], [2, 2], [2, 2], [2, 2]], 'conv_kernel_sizes': [[3, 3], [3, 3], [3, 3], [3, 3], [3, 3]], 'unet_max_num_features': 512, 'resampling_fn_data': 'resample_data_or_seg_to_shape', 'resampling_fn_seg': 'resample_data_or_seg_to_shape', 'resampling_fn_data_kwargs': {'is_seg': False, 'order': 3, 'order_z': 0, 'force_separate_z': None}, 'resampling_fn_seg_kwargs': {'is_seg': True, 'order': 1, 'order_z': 0, 'force_separate_z': None}, 'resampling_fn_probabilities': 'resample_data_or_seg_to_shape', 'resampling_fn_probabilities_kwargs': {'is_seg': False, 'order': 1, 'order_z': 0, 'force_separate_z': None}, 'batch_dice': True}

Using <class 'nnunetv2.imageio.natural_image_reader_writer.NaturalImage2DIO'> as reader/writer
Plans were saved to /gpfs/home1/yhussein/LightM-UNet/data/nnUNet_preprocessed/Dataset505_ARCADE_oversampled/nnUNetPlans.json
Preprocessing...
Preprocessing dataset Dataset505_ARCADE_oversampled
Configuration: 2d...
Configuration: 3d_fullres...
INFO: Configuration 3d_fullres not found in plans file nnUNetPlans.json of dataset Dataset505_ARCADE_oversampled. Skipping.
Configuration: 3d_lowres...
INFO: Configuration 3d_lowres not found in plans file nnUNetPlans.json of dataset Dataset505_ARCADE_oversampled. Skipping.
=== Ensure official split is present ===
=== Start SmallENet training (batch_size=362, epochs=150, gap_aug_p=0.6, cldice_weight=1.0) ===
Using device: cuda:0

#######################################################################
Please cite the following paper when using nnU-Net:
Isensee, F., Jaeger, P. F., Kohl, S. A., Petersen, J., & Maier-Hein, K. H. (2021). nnU-Net: a self-configuring method for deep learning-based biomedical image segmentation. Nature methods, 18(2), 203-211.
#######################################################################


This is the configuration used by this training:
Configuration name: 2d
 {'data_identifier': 'nnUNetPlans_2d', 'preprocessor_name': 'DefaultPreprocessor', 'batch_size': 362, 'patch_size': [96, 96], 'median_image_size_in_voxels': [85.0, 85.0], 'spacing': [1.0, 1.0], 'normalization_schemes': ['ZScoreNormalization'], 'use_mask_for_norm': [False], 'UNet_class_name': 'PlainConvUNet', 'UNet_base_num_features': 32, 'n_conv_per_stage_encoder': [2, 2, 2, 2, 2], 'n_conv_per_stage_decoder': [2, 2, 2, 2], 'num_pool_per_axis': [4, 4], 'pool_op_kernel_sizes': [[1, 1], [2, 2], [2, 2], [2, 2], [2, 2]], 'conv_kernel_sizes': [[3, 3], [3, 3], [3, 3], [3, 3], [3, 3]], 'unet_max_num_features': 512, 'resampling_fn_data': 'resample_data_or_seg_to_shape', 'resampling_fn_seg': 'resample_data_or_seg_to_shape', 'resampling_fn_data_kwargs': {'is_seg': False, 'order': 3, 'order_z': 0, 'force_separate_z': None}, 'resampling_fn_seg_kwargs': {'is_seg': True, 'order': 1, 'order_z': 0, 'force_separate_z': None}, 'resampling_fn_probabilities': 'resample_data_or_seg_to_shape', 'resampling_fn_probabilities_kwargs': {'is_seg': False, 'order': 1, 'order_z': 0, 'force_separate_z': None}, 'batch_dice': True} 

These are the global plan.json settings:
 {'dataset_name': 'Dataset505_ARCADE_oversampled', 'plans_name': 'nnUNetPlans', 'original_median_spacing_after_transp': [999.0, 1.0, 1.0], 'original_median_shape_after_transp': [1, 85, 85], 'image_reader_writer': 'NaturalImage2DIO', 'transpose_forward': [0, 1, 2], 'transpose_backward': [0, 1, 2], 'experiment_planner_used': 'ExperimentPlanner', 'label_manager': 'LabelManager', 'foreground_intensity_properties_per_channel': {'0': {'max': 255.0, 'mean': 98.55817413330078, 'median': 96.0, 'min': 0.0, 'percentile_00_5': 32.0, 'percentile_99_5': 185.0, 'std': 31.55732536315918}}} 

2026-07-12 17:01:26.335288: unpacking dataset...
2026-07-12 17:01:55.375262: unpacking done...
2026-07-12 17:01:55.382065: do_dummy_2d_data_aug: False
2026-07-12 17:01:55.600582: Using splits from existing split file: /gpfs/home1/yhussein/LightM-UNet/data/nnUNet_preprocessed/Dataset505_ARCADE_oversampled/splits_final.json
2026-07-12 17:01:55.606172: The split file contains 1 splits.
2026-07-12 17:01:55.606286: Desired fold for training: 0
2026-07-12 17:01:55.606343: This split has 36000 training and 7200 validation cases.
2026-07-12 17:01:57.912773: Unable to plot network architecture:
2026-07-12 17:01:57.912892: No module named 'IPython'
2026-07-12 17:01:57.927872: 
2026-07-12 17:01:57.928009: Epoch 0
2026-07-12 17:01:57.928183: Current learning rate: 0.001
using pin_memory on device 0
using pin_memory on device 0
2026-07-12 17:04:01.313969: train_loss -0.1039
2026-07-12 17:04:01.314457: val_loss -0.2737
2026-07-12 17:04:01.314577: Pseudo dice [0.7516]
2026-07-12 17:04:01.314709: Epoch time: 123.39 s
2026-07-12 17:04:01.314806: Yayy! New best EMA pseudo Dice: 0.7516
2026-07-12 17:04:02.383915: 
2026-07-12 17:04:02.384111: Epoch 1
2026-07-12 17:04:02.384239: Current learning rate: 0.00099
2026-07-12 17:05:57.694226: train_loss -0.2895
2026-07-12 17:05:57.694634: val_loss -0.3103
2026-07-12 17:05:57.694739: Pseudo dice [0.7663]
2026-07-12 17:05:57.694834: Epoch time: 115.31 s
2026-07-12 17:05:57.694916: Yayy! New best EMA pseudo Dice: 0.7531
2026-07-12 17:05:58.869661: 
2026-07-12 17:05:58.869828: Epoch 2
2026-07-12 17:05:58.869932: Current learning rate: 0.00099
2026-07-12 17:07:54.169756: train_loss -0.3191
2026-07-12 17:07:54.170262: val_loss -0.3432
2026-07-12 17:07:54.170366: Pseudo dice [0.7752]
2026-07-12 17:07:54.170460: Epoch time: 115.3 s
2026-07-12 17:07:54.170551: Yayy! New best EMA pseudo Dice: 0.7553
2026-07-12 17:07:55.368578: 
2026-07-12 17:07:55.368746: Epoch 3
2026-07-12 17:07:55.368847: Current learning rate: 0.00098
2026-07-12 17:09:50.685652: train_loss -0.341
2026-07-12 17:09:50.686128: val_loss -0.3645
2026-07-12 17:09:50.686235: Pseudo dice [0.7816]
2026-07-12 17:09:50.686929: Epoch time: 115.32 s
2026-07-12 17:09:50.687025: Yayy! New best EMA pseudo Dice: 0.7579
2026-07-12 17:09:51.875695: 
2026-07-12 17:09:51.875860: Epoch 4
2026-07-12 17:09:51.875982: Current learning rate: 0.00098
2026-07-12 17:11:47.217026: train_loss -0.3607
2026-07-12 17:11:47.217922: val_loss -0.3496
2026-07-12 17:11:47.218024: Pseudo dice [0.7764]
2026-07-12 17:11:47.218115: Epoch time: 115.34 s
2026-07-12 17:11:47.218191: Yayy! New best EMA pseudo Dice: 0.7598
2026-07-12 17:11:48.422717: 
2026-07-12 17:11:48.422897: Epoch 5
2026-07-12 17:11:48.423020: Current learning rate: 0.00097
2026-07-12 17:13:43.735160: train_loss -0.3755
2026-07-12 17:13:43.735842: val_loss -0.3777
2026-07-12 17:13:43.735946: Pseudo dice [0.7861]
2026-07-12 17:13:43.736036: Epoch time: 115.31 s
2026-07-12 17:13:43.736112: Yayy! New best EMA pseudo Dice: 0.7624
2026-07-12 17:13:44.906146: 
2026-07-12 17:13:44.906293: Epoch 6
2026-07-12 17:13:44.906391: Current learning rate: 0.00096
2026-07-12 17:15:40.226970: train_loss -0.3898
2026-07-12 17:15:40.227625: val_loss -0.3532
2026-07-12 17:15:40.227731: Pseudo dice [0.7755]
2026-07-12 17:15:40.227825: Epoch time: 115.32 s
2026-07-12 17:15:40.227904: Yayy! New best EMA pseudo Dice: 0.7637
2026-07-12 17:15:41.416430: 
2026-07-12 17:15:41.416591: Epoch 7
2026-07-12 17:15:41.416689: Current learning rate: 0.00096
2026-07-12 17:17:36.754764: train_loss -0.3986
2026-07-12 17:17:36.755522: val_loss -0.382
2026-07-12 17:17:36.755627: Pseudo dice [0.7884]
2026-07-12 17:17:36.755721: Epoch time: 115.34 s
2026-07-12 17:17:36.755795: Yayy! New best EMA pseudo Dice: 0.7662
2026-07-12 17:17:37.945772: 
2026-07-12 17:17:37.945926: Epoch 8
2026-07-12 17:17:37.946025: Current learning rate: 0.00095
2026-07-12 17:19:33.280705: train_loss -0.407
2026-07-12 17:19:33.281579: val_loss -0.4035
2026-07-12 17:19:33.281696: Pseudo dice [0.7938]
2026-07-12 17:19:33.281791: Epoch time: 115.34 s
2026-07-12 17:19:33.281871: Yayy! New best EMA pseudo Dice: 0.7689
2026-07-12 17:19:34.469942: 
2026-07-12 17:19:34.470091: Epoch 9
2026-07-12 17:19:34.470186: Current learning rate: 0.00095
2026-07-12 17:21:29.794856: train_loss -0.4104
2026-07-12 17:21:29.795635: val_loss -0.38
2026-07-12 17:21:29.795739: Pseudo dice [0.7869]
2026-07-12 17:21:29.795837: Epoch time: 115.33 s
2026-07-12 17:21:29.795918: Yayy! New best EMA pseudo Dice: 0.7707
2026-07-12 17:21:30.943986: 
2026-07-12 17:21:30.944129: Epoch 10
2026-07-12 17:21:30.944226: Current learning rate: 0.00094
2026-07-12 17:23:26.277451: train_loss -0.4167
2026-07-12 17:23:26.278111: val_loss -0.4023
2026-07-12 17:23:26.278218: Pseudo dice [0.7946]
2026-07-12 17:23:26.278313: Epoch time: 115.33 s
2026-07-12 17:23:26.278391: Yayy! New best EMA pseudo Dice: 0.7731
2026-07-12 17:23:27.445226: 
2026-07-12 17:23:27.445382: Epoch 11
2026-07-12 17:23:27.445482: Current learning rate: 0.00093
2026-07-12 17:25:22.771817: train_loss -0.4207
2026-07-12 17:25:22.772479: val_loss -0.3989
2026-07-12 17:25:22.772594: Pseudo dice [0.7928]
2026-07-12 17:25:22.772686: Epoch time: 115.33 s
2026-07-12 17:25:22.772762: Yayy! New best EMA pseudo Dice: 0.7751
2026-07-12 17:25:23.941852: 
2026-07-12 17:25:23.942004: Epoch 12
2026-07-12 17:25:23.942106: Current learning rate: 0.00093
2026-07-12 17:27:19.252645: train_loss -0.423
2026-07-12 17:27:19.253245: val_loss -0.3564
2026-07-12 17:27:19.253347: Pseudo dice [0.7783]
2026-07-12 17:27:19.253439: Epoch time: 115.31 s
2026-07-12 17:27:19.253525: Yayy! New best EMA pseudo Dice: 0.7754
2026-07-12 17:27:20.432826: 
2026-07-12 17:27:20.432973: Epoch 13
2026-07-12 17:27:20.433072: Current learning rate: 0.00092
2026-07-12 17:29:15.748133: train_loss -0.4265
2026-07-12 17:29:15.748915: val_loss -0.4112
2026-07-12 17:29:15.749051: Pseudo dice [0.7972]
2026-07-12 17:29:15.749145: Epoch time: 115.32 s
2026-07-12 17:29:15.749222: Yayy! New best EMA pseudo Dice: 0.7776
2026-07-12 17:29:16.936188: 
2026-07-12 17:29:16.936352: Epoch 14
2026-07-12 17:29:16.936453: Current learning rate: 0.00092
2026-07-12 17:31:12.249409: train_loss -0.4281
2026-07-12 17:31:12.250036: val_loss -0.3913
2026-07-12 17:31:12.250146: Pseudo dice [0.7895]
2026-07-12 17:31:12.250241: Epoch time: 115.31 s
2026-07-12 17:31:12.251217: Yayy! New best EMA pseudo Dice: 0.7788
2026-07-12 17:31:13.431344: 
2026-07-12 17:31:13.431495: Epoch 15
2026-07-12 17:31:13.431610: Current learning rate: 0.00091
2026-07-12 17:33:08.739755: train_loss -0.4327
2026-07-12 17:33:08.740447: val_loss -0.3981
2026-07-12 17:33:08.740558: Pseudo dice [0.7928]
2026-07-12 17:33:08.740650: Epoch time: 115.31 s
2026-07-12 17:33:08.740729: Yayy! New best EMA pseudo Dice: 0.7802
2026-07-12 17:33:09.917861: 
2026-07-12 17:33:09.918010: Epoch 16
2026-07-12 17:33:09.918107: Current learning rate: 0.0009
2026-07-12 17:35:05.236667: train_loss -0.4362
2026-07-12 17:35:05.237343: val_loss -0.4052
2026-07-12 17:35:05.237449: Pseudo dice [0.7945]
2026-07-12 17:35:05.237551: Epoch time: 115.32 s
2026-07-12 17:35:05.237630: Yayy! New best EMA pseudo Dice: 0.7816
2026-07-12 17:35:06.437719: 
2026-07-12 17:35:06.437874: Epoch 17
2026-07-12 17:35:06.437973: Current learning rate: 0.0009
2026-07-12 17:37:01.748759: train_loss -0.4371
2026-07-12 17:37:01.749361: val_loss -0.4133
2026-07-12 17:37:01.749466: Pseudo dice [0.7977]
2026-07-12 17:37:01.749570: Epoch time: 115.31 s
2026-07-12 17:37:01.749652: Yayy! New best EMA pseudo Dice: 0.7832
2026-07-12 17:37:02.939828: 
2026-07-12 17:37:02.939979: Epoch 18
2026-07-12 17:37:02.940078: Current learning rate: 0.00089
2026-07-12 17:38:58.270981: train_loss -0.4379
2026-07-12 17:38:58.271578: val_loss -0.4008
2026-07-12 17:38:58.271682: Pseudo dice [0.7918]
2026-07-12 17:38:58.271777: Epoch time: 115.33 s
2026-07-12 17:38:58.271859: Yayy! New best EMA pseudo Dice: 0.7841
2026-07-12 17:38:59.464626: 
2026-07-12 17:38:59.464771: Epoch 19
2026-07-12 17:38:59.464889: Current learning rate: 0.00089
2026-07-12 17:40:54.782012: train_loss -0.4417
2026-07-12 17:40:54.782853: val_loss -0.4169
2026-07-12 17:40:54.782958: Pseudo dice [0.7985]
2026-07-12 17:40:54.783049: Epoch time: 115.32 s
2026-07-12 17:40:54.783125: Yayy! New best EMA pseudo Dice: 0.7855
2026-07-12 17:40:56.001531: 
2026-07-12 17:40:56.001681: Epoch 20
2026-07-12 17:40:56.001787: Current learning rate: 0.00088
2026-07-12 17:42:51.389632: train_loss -0.4428
2026-07-12 17:42:51.390391: val_loss -0.4154
2026-07-12 17:42:51.390494: Pseudo dice [0.797]
2026-07-12 17:42:51.390593: Epoch time: 115.39 s
2026-07-12 17:42:51.390674: Yayy! New best EMA pseudo Dice: 0.7867
2026-07-12 17:42:52.623611: 
2026-07-12 17:42:52.623770: Epoch 21
2026-07-12 17:42:52.623897: Current learning rate: 0.00087
2026-07-12 17:44:48.003843: train_loss -0.4471
2026-07-12 17:44:48.004494: val_loss -0.4142
2026-07-12 17:44:48.004609: Pseudo dice [0.798]
2026-07-12 17:44:48.004704: Epoch time: 115.38 s
2026-07-12 17:44:48.004828: Yayy! New best EMA pseudo Dice: 0.7878
2026-07-12 17:44:49.198814: 
2026-07-12 17:44:49.198976: Epoch 22
2026-07-12 17:44:49.199105: Current learning rate: 0.00087
2026-07-12 17:46:44.568527: train_loss -0.4436
2026-07-12 17:46:44.569402: val_loss -0.4007
2026-07-12 17:46:44.569514: Pseudo dice [0.7928]
2026-07-12 17:46:44.569608: Epoch time: 115.37 s
2026-07-12 17:46:44.569688: Yayy! New best EMA pseudo Dice: 0.7883
2026-07-12 17:46:45.749752: 
2026-07-12 17:46:45.749898: Epoch 23
2026-07-12 17:46:45.750024: Current learning rate: 0.00086
2026-07-12 17:48:41.122039: train_loss -0.448
2026-07-12 17:48:41.122902: val_loss -0.4003
2026-07-12 17:48:41.123013: Pseudo dice [0.7949]
2026-07-12 17:48:41.123110: Epoch time: 115.37 s
2026-07-12 17:48:41.123189: Yayy! New best EMA pseudo Dice: 0.789
2026-07-12 17:48:42.319649: 
2026-07-12 17:48:42.319807: Epoch 24
2026-07-12 17:48:42.319927: Current learning rate: 0.00085
2026-07-12 17:50:37.698101: train_loss -0.4484
2026-07-12 17:50:37.698983: val_loss -0.4043
2026-07-12 17:50:37.699090: Pseudo dice [0.7939]
2026-07-12 17:50:37.699184: Epoch time: 115.38 s
2026-07-12 17:50:37.723938: Yayy! New best EMA pseudo Dice: 0.7895
2026-07-12 17:50:38.924017: 
2026-07-12 17:50:38.924170: Epoch 25
2026-07-12 17:50:38.924299: Current learning rate: 0.00085
2026-07-12 17:52:34.315710: train_loss -0.4504
2026-07-12 17:52:34.316594: val_loss -0.3992
2026-07-12 17:52:34.316698: Pseudo dice [0.7931]
2026-07-12 17:52:34.316791: Epoch time: 115.39 s
2026-07-12 17:52:34.316867: Yayy! New best EMA pseudo Dice: 0.7898
2026-07-12 17:52:35.517741: 
2026-07-12 17:52:35.517893: Epoch 26
2026-07-12 17:52:35.518017: Current learning rate: 0.00084
2026-07-12 17:54:30.865890: train_loss -0.4478
2026-07-12 17:54:30.866661: val_loss -0.4262
2026-07-12 17:54:30.866766: Pseudo dice [0.8017]
2026-07-12 17:54:30.866858: Epoch time: 115.35 s
2026-07-12 17:54:30.866935: Yayy! New best EMA pseudo Dice: 0.791
2026-07-12 17:54:32.089940: 
2026-07-12 17:54:32.090090: Epoch 27
2026-07-12 17:54:32.090213: Current learning rate: 0.00084
2026-07-12 17:56:27.427153: train_loss -0.4513
2026-07-12 17:56:27.428072: val_loss -0.4101
2026-07-12 17:56:27.428182: Pseudo dice [0.7957]
2026-07-12 17:56:27.428281: Epoch time: 115.34 s
2026-07-12 17:56:27.428360: Yayy! New best EMA pseudo Dice: 0.7915
2026-07-12 17:56:28.624464: 
2026-07-12 17:56:28.624620: Epoch 28
2026-07-12 17:56:28.624744: Current learning rate: 0.00083
2026-07-12 17:58:23.988579: train_loss -0.4533
2026-07-12 17:58:23.989326: val_loss -0.3835
2026-07-12 17:58:23.989436: Pseudo dice [0.7878]
2026-07-12 17:58:23.989540: Epoch time: 115.36 s
2026-07-12 17:58:25.191521: 
2026-07-12 17:58:25.191669: Epoch 29
2026-07-12 17:58:25.191791: Current learning rate: 0.00082
2026-07-12 18:00:20.557289: train_loss -0.4545
2026-07-12 18:00:20.557830: val_loss -0.3953
2026-07-12 18:00:20.557935: Pseudo dice [0.7915]
2026-07-12 18:00:20.558030: Epoch time: 115.37 s
2026-07-12 18:00:21.730669: 
2026-07-12 18:00:21.730819: Epoch 30
2026-07-12 18:00:21.730940: Current learning rate: 0.00082
2026-07-12 18:02:17.079923: train_loss -0.4547
2026-07-12 18:02:17.080574: val_loss -0.4053
2026-07-12 18:02:17.080678: Pseudo dice [0.7959]
2026-07-12 18:02:17.080774: Epoch time: 115.35 s
2026-07-12 18:02:17.080853: Yayy! New best EMA pseudo Dice: 0.7916
2026-07-12 18:02:18.272672: 
2026-07-12 18:02:18.272823: Epoch 31
2026-07-12 18:02:18.272919: Current learning rate: 0.00081
2026-07-12 18:04:13.591801: train_loss -0.4581
2026-07-12 18:04:13.592634: val_loss -0.4224
2026-07-12 18:04:13.592746: Pseudo dice [0.7991]
2026-07-12 18:04:13.592838: Epoch time: 115.32 s
2026-07-12 18:04:13.592913: Yayy! New best EMA pseudo Dice: 0.7924
2026-07-12 18:04:14.793664: 
2026-07-12 18:04:14.793817: Epoch 32
2026-07-12 18:04:14.793917: Current learning rate: 0.00081
2026-07-12 18:06:10.108552: train_loss -0.4556
2026-07-12 18:06:10.109134: val_loss -0.4139
2026-07-12 18:06:10.109244: Pseudo dice [0.7979]
2026-07-12 18:06:10.109339: Epoch time: 115.32 s
2026-07-12 18:06:10.109417: Yayy! New best EMA pseudo Dice: 0.7929
2026-07-12 18:06:11.312625: 
2026-07-12 18:06:11.312780: Epoch 33
2026-07-12 18:06:11.312879: Current learning rate: 0.0008
2026-07-12 18:08:06.646713: train_loss -0.4591
2026-07-12 18:08:06.647360: val_loss -0.4182
2026-07-12 18:08:06.647466: Pseudo dice [0.7974]
2026-07-12 18:08:06.647595: Epoch time: 115.33 s
2026-07-12 18:08:06.647674: Yayy! New best EMA pseudo Dice: 0.7934
2026-07-12 18:08:07.849173: 
2026-07-12 18:08:07.849324: Epoch 34
2026-07-12 18:08:07.849424: Current learning rate: 0.00079
2026-07-12 18:10:03.154221: train_loss -0.4573
2026-07-12 18:10:03.154832: val_loss -0.426
2026-07-12 18:10:03.154935: Pseudo dice [0.8008]
2026-07-12 18:10:03.155027: Epoch time: 115.31 s
2026-07-12 18:10:03.155104: Yayy! New best EMA pseudo Dice: 0.7941
2026-07-12 18:10:04.343576: 
2026-07-12 18:10:04.343728: Epoch 35
2026-07-12 18:10:04.343830: Current learning rate: 0.00079
2026-07-12 18:11:59.658175: train_loss -0.4594
2026-07-12 18:11:59.658888: val_loss -0.4142
2026-07-12 18:11:59.658995: Pseudo dice [0.7987]
2026-07-12 18:11:59.659090: Epoch time: 115.31 s
2026-07-12 18:11:59.659168: Yayy! New best EMA pseudo Dice: 0.7946
2026-07-12 18:12:00.858931: 
2026-07-12 18:12:00.859076: Epoch 36
2026-07-12 18:12:00.860042: Current learning rate: 0.00078
2026-07-12 18:13:56.179299: train_loss -0.4609
2026-07-12 18:13:56.179920: val_loss -0.4244
2026-07-12 18:13:56.180026: Pseudo dice [0.8012]
2026-07-12 18:13:56.180121: Epoch time: 115.32 s
2026-07-12 18:13:56.180201: Yayy! New best EMA pseudo Dice: 0.7952
2026-07-12 18:13:57.372122: 
2026-07-12 18:13:57.372277: Epoch 37
2026-07-12 18:13:57.372375: Current learning rate: 0.00077
2026-07-12 18:15:52.675524: train_loss -0.4585
2026-07-12 18:15:52.676183: val_loss -0.4245
2026-07-12 18:15:52.676288: Pseudo dice [0.8015]
2026-07-12 18:15:52.676381: Epoch time: 115.3 s
2026-07-12 18:15:52.676459: Yayy! New best EMA pseudo Dice: 0.7959
2026-07-12 18:15:53.872577: 
2026-07-12 18:15:53.872730: Epoch 38
2026-07-12 18:15:53.872826: Current learning rate: 0.00077
2026-07-12 18:17:49.181022: train_loss -0.4618
2026-07-12 18:17:49.181606: val_loss -0.398
2026-07-12 18:17:49.181713: Pseudo dice [0.7918]
2026-07-12 18:17:49.181805: Epoch time: 115.31 s
2026-07-12 18:17:50.347913: 
2026-07-12 18:17:50.348061: Epoch 39
2026-07-12 18:17:50.348157: Current learning rate: 0.00076
2026-07-12 18:19:45.657002: train_loss -0.4611
2026-07-12 18:19:45.657681: val_loss -0.4197
2026-07-12 18:19:45.657784: Pseudo dice [0.798]
2026-07-12 18:19:45.657881: Epoch time: 115.31 s
2026-07-12 18:19:46.835531: 
2026-07-12 18:19:46.835682: Epoch 40
2026-07-12 18:19:46.835779: Current learning rate: 0.00076
2026-07-12 18:21:42.131509: train_loss -0.4607
2026-07-12 18:21:42.132576: val_loss -0.4205
2026-07-12 18:21:42.132680: Pseudo dice [0.7985]
2026-07-12 18:21:42.132771: Epoch time: 115.3 s
2026-07-12 18:21:42.132847: Yayy! New best EMA pseudo Dice: 0.796
2026-07-12 18:21:43.341557: 
2026-07-12 18:21:43.341700: Epoch 41
2026-07-12 18:21:43.341798: Current learning rate: 0.00075
2026-07-12 18:23:38.639190: train_loss -0.4617
2026-07-12 18:23:38.640077: val_loss -0.4254
2026-07-12 18:23:38.640176: Pseudo dice [0.801]
2026-07-12 18:23:38.640268: Epoch time: 115.3 s
2026-07-12 18:23:38.640344: Yayy! New best EMA pseudo Dice: 0.7965
2026-07-12 18:23:39.807307: 
2026-07-12 18:23:39.807461: Epoch 42
2026-07-12 18:23:39.807571: Current learning rate: 0.00074
2026-07-12 18:25:35.125178: train_loss -0.4646
2026-07-12 18:25:35.126224: val_loss -0.4173
2026-07-12 18:25:35.126326: Pseudo dice [0.799]
2026-07-12 18:25:35.126416: Epoch time: 115.32 s
2026-07-12 18:25:35.126491: Yayy! New best EMA pseudo Dice: 0.7967
2026-07-12 18:25:36.293308: 
2026-07-12 18:25:36.293456: Epoch 43
2026-07-12 18:25:36.293562: Current learning rate: 0.00074
2026-07-12 18:27:31.615878: train_loss -0.4651
2026-07-12 18:27:31.616610: val_loss -0.411
2026-07-12 18:27:31.616717: Pseudo dice [0.7971]
2026-07-12 18:27:31.616810: Epoch time: 115.32 s
2026-07-12 18:27:31.616888: Yayy! New best EMA pseudo Dice: 0.7968
2026-07-12 18:27:32.791326: 
2026-07-12 18:27:32.791480: Epoch 44
2026-07-12 18:27:32.791605: Current learning rate: 0.00073
2026-07-12 18:29:28.118701: train_loss -0.4646
2026-07-12 18:29:28.119377: val_loss -0.4123
2026-07-12 18:29:28.119483: Pseudo dice [0.7968]
2026-07-12 18:29:28.119587: Epoch time: 115.33 s
2026-07-12 18:29:28.119668: Yayy! New best EMA pseudo Dice: 0.7968
2026-07-12 18:29:29.288072: 
2026-07-12 18:29:29.288221: Epoch 45
2026-07-12 18:29:29.288326: Current learning rate: 0.00073
2026-07-12 18:31:24.591521: train_loss -0.4653
2026-07-12 18:31:24.592191: val_loss -0.4272
2026-07-12 18:31:24.592292: Pseudo dice [0.8013]
2026-07-12 18:31:24.592382: Epoch time: 115.3 s
2026-07-12 18:31:24.592460: Yayy! New best EMA pseudo Dice: 0.7972
2026-07-12 18:31:25.757610: 
2026-07-12 18:31:25.757759: Epoch 46
2026-07-12 18:31:25.757856: Current learning rate: 0.00072
2026-07-12 18:33:21.080627: train_loss -0.4659
2026-07-12 18:33:21.081590: val_loss -0.4153
2026-07-12 18:33:21.081694: Pseudo dice [0.7955]
2026-07-12 18:33:21.081788: Epoch time: 115.32 s
2026-07-12 18:33:22.225141: 
2026-07-12 18:33:22.225285: Epoch 47
2026-07-12 18:33:22.225617: Current learning rate: 0.00071
2026-07-12 18:35:17.556297: train_loss -0.4674
2026-07-12 18:35:17.557191: val_loss -0.4118
2026-07-12 18:35:17.557292: Pseudo dice [0.7959]
2026-07-12 18:35:17.557384: Epoch time: 115.33 s
2026-07-12 18:35:18.737610: 
2026-07-12 18:35:18.737753: Epoch 48
2026-07-12 18:35:18.737849: Current learning rate: 0.00071
2026-07-12 18:37:14.059123: train_loss -0.4671
2026-07-12 18:37:14.060021: val_loss -0.4139
2026-07-12 18:37:14.060133: Pseudo dice [0.7985]
2026-07-12 18:37:14.060231: Epoch time: 115.32 s
2026-07-12 18:37:15.229482: 
2026-07-12 18:37:15.229638: Epoch 49
2026-07-12 18:37:15.229737: Current learning rate: 0.0007
2026-07-12 18:39:10.547993: train_loss -0.4668
2026-07-12 18:39:10.549084: val_loss -0.4189
2026-07-12 18:39:10.549189: Pseudo dice [0.7988]
2026-07-12 18:39:10.549285: Epoch time: 115.32 s
2026-07-12 18:39:10.576418: Yayy! New best EMA pseudo Dice: 0.7973
2026-07-12 18:39:11.756639: 
2026-07-12 18:39:11.756789: Epoch 50
2026-07-12 18:39:11.756886: Current learning rate: 0.00069
2026-07-12 18:41:07.078068: train_loss -0.4678
2026-07-12 18:41:07.078766: val_loss -0.4293
2026-07-12 18:41:07.078870: Pseudo dice [0.8022]
2026-07-12 18:41:07.078965: Epoch time: 115.32 s
2026-07-12 18:41:07.079046: Yayy! New best EMA pseudo Dice: 0.7978
2026-07-12 18:41:08.260062: 
2026-07-12 18:41:08.260220: Epoch 51
2026-07-12 18:41:08.260319: Current learning rate: 0.00069
2026-07-12 18:43:03.590168: train_loss -0.4656
2026-07-12 18:43:03.590921: val_loss -0.4297
2026-07-12 18:43:03.591029: Pseudo dice [0.8023]
2026-07-12 18:43:03.591128: Epoch time: 115.33 s
2026-07-12 18:43:03.591205: Yayy! New best EMA pseudo Dice: 0.7982
2026-07-12 18:43:04.772073: 
2026-07-12 18:43:04.772223: Epoch 52
2026-07-12 18:43:04.772321: Current learning rate: 0.00068
2026-07-12 18:45:00.082907: train_loss -0.4684
2026-07-12 18:45:00.083642: val_loss -0.4249
2026-07-12 18:45:00.083748: Pseudo dice [0.8012]
2026-07-12 18:45:00.083844: Epoch time: 115.31 s
2026-07-12 18:45:00.083923: Yayy! New best EMA pseudo Dice: 0.7985
2026-07-12 18:45:01.272782: 
2026-07-12 18:45:01.272937: Epoch 53
2026-07-12 18:45:01.273037: Current learning rate: 0.00068
2026-07-12 18:46:56.597799: train_loss -0.47
2026-07-12 18:46:56.598522: val_loss -0.4294
2026-07-12 18:46:56.598629: Pseudo dice [0.8013]
2026-07-12 18:46:56.598723: Epoch time: 115.33 s
2026-07-12 18:46:56.598800: Yayy! New best EMA pseudo Dice: 0.7988
2026-07-12 18:46:57.870428: 
2026-07-12 18:46:57.870590: Epoch 54
2026-07-12 18:46:57.870690: Current learning rate: 0.00067
2026-07-12 18:48:53.196222: train_loss -0.4677
2026-07-12 18:48:53.196886: val_loss -0.4183
2026-07-12 18:48:53.196988: Pseudo dice [0.7983]
2026-07-12 18:48:53.197082: Epoch time: 115.33 s
2026-07-12 18:48:54.353990: 
2026-07-12 18:48:54.354134: Epoch 55
2026-07-12 18:48:54.354229: Current learning rate: 0.00066
2026-07-12 18:50:49.677596: train_loss -0.4701
2026-07-12 18:50:49.678423: val_loss -0.4256
2026-07-12 18:50:49.678540: Pseudo dice [0.8014]
2026-07-12 18:50:49.678636: Epoch time: 115.32 s
2026-07-12 18:50:49.678714: Yayy! New best EMA pseudo Dice: 0.799
2026-07-12 18:50:50.870124: 
2026-07-12 18:50:50.870271: Epoch 56
2026-07-12 18:50:50.870367: Current learning rate: 0.00066
2026-07-12 18:52:46.199830: train_loss -0.4688
2026-07-12 18:52:46.200637: val_loss -0.4203
2026-07-12 18:52:46.200746: Pseudo dice [0.8001]
2026-07-12 18:52:46.200840: Epoch time: 115.33 s
2026-07-12 18:52:46.200920: Yayy! New best EMA pseudo Dice: 0.7991
2026-07-12 18:52:47.396413: 
2026-07-12 18:52:47.396573: Epoch 57
2026-07-12 18:52:47.396673: Current learning rate: 0.00065
2026-07-12 18:54:42.711289: train_loss -0.4671
2026-07-12 18:54:42.711940: val_loss -0.4249
2026-07-12 18:54:42.712041: Pseudo dice [0.8009]
2026-07-12 18:54:42.712133: Epoch time: 115.32 s
2026-07-12 18:54:42.712210: Yayy! New best EMA pseudo Dice: 0.7993
2026-07-12 18:54:43.900935: 
2026-07-12 18:54:43.901088: Epoch 58
2026-07-12 18:54:43.901187: Current learning rate: 0.00064
2026-07-12 18:56:39.226842: train_loss -0.471
2026-07-12 18:56:39.227691: val_loss -0.4266
2026-07-12 18:56:39.227797: Pseudo dice [0.8005]
2026-07-12 18:56:39.227888: Epoch time: 115.33 s
2026-07-12 18:56:39.227965: Yayy! New best EMA pseudo Dice: 0.7994
2026-07-12 18:56:40.422513: 
2026-07-12 18:56:40.422666: Epoch 59
2026-07-12 18:56:40.422765: Current learning rate: 0.00064
2026-07-12 18:58:35.730381: train_loss -0.4727
2026-07-12 18:58:35.731043: val_loss -0.4339
2026-07-12 18:58:35.731150: Pseudo dice [0.8031]
2026-07-12 18:58:35.731246: Epoch time: 115.31 s
2026-07-12 18:58:35.731327: Yayy! New best EMA pseudo Dice: 0.7998
2026-07-12 18:58:36.929208: 
2026-07-12 18:58:36.929359: Epoch 60
2026-07-12 18:58:36.929457: Current learning rate: 0.00063
2026-07-12 19:00:32.238791: train_loss -0.4721
2026-07-12 19:00:32.239552: val_loss -0.4169
2026-07-12 19:00:32.239657: Pseudo dice [0.7981]
2026-07-12 19:00:32.239768: Epoch time: 115.31 s
2026-07-12 19:00:33.413409: 
2026-07-12 19:00:33.413571: Epoch 61
2026-07-12 19:00:33.413673: Current learning rate: 0.00063
2026-07-12 19:02:28.723528: train_loss -0.4705
2026-07-12 19:02:28.724180: val_loss -0.4246
2026-07-12 19:02:28.724287: Pseudo dice [0.7993]
2026-07-12 19:02:28.724386: Epoch time: 115.31 s
2026-07-12 19:02:29.901293: 
2026-07-12 19:02:29.901440: Epoch 62
2026-07-12 19:02:29.901551: Current learning rate: 0.00062
2026-07-12 19:04:25.199842: train_loss -0.4721
2026-07-12 19:04:25.200544: val_loss -0.4361
2026-07-12 19:04:25.200655: Pseudo dice [0.8048]
2026-07-12 19:04:25.200751: Epoch time: 115.3 s
2026-07-12 19:04:25.200829: Yayy! New best EMA pseudo Dice: 0.8001
2026-07-12 19:04:26.405641: 
2026-07-12 19:04:26.405791: Epoch 63
2026-07-12 19:04:26.405890: Current learning rate: 0.00061
2026-07-12 19:06:21.724781: train_loss -0.4712
2026-07-12 19:06:21.725516: val_loss -0.4301
2026-07-12 19:06:21.725625: Pseudo dice [0.8016]
2026-07-12 19:06:21.725717: Epoch time: 115.32 s
2026-07-12 19:06:21.725794: Yayy! New best EMA pseudo Dice: 0.8003
2026-07-12 19:06:22.927130: 
2026-07-12 19:06:22.927305: Epoch 64
2026-07-12 19:06:22.927427: Current learning rate: 0.00061
2026-07-12 19:08:18.254806: train_loss -0.4712
2026-07-12 19:08:18.255851: val_loss -0.4241
2026-07-12 19:08:18.255957: Pseudo dice [0.8012]
2026-07-12 19:08:18.256047: Epoch time: 115.33 s
2026-07-12 19:08:18.256123: Yayy! New best EMA pseudo Dice: 0.8004
2026-07-12 19:08:19.456721: 
2026-07-12 19:08:19.456867: Epoch 65
2026-07-12 19:08:19.456968: Current learning rate: 0.0006
2026-07-12 19:10:14.771110: train_loss -0.4741
2026-07-12 19:10:14.771957: val_loss -0.424
2026-07-12 19:10:14.772059: Pseudo dice [0.8011]
2026-07-12 19:10:14.772151: Epoch time: 115.31 s
2026-07-12 19:10:14.772228: Yayy! New best EMA pseudo Dice: 0.8004
2026-07-12 19:10:15.972817: 
2026-07-12 19:10:15.972971: Epoch 66
2026-07-12 19:10:15.973069: Current learning rate: 0.00059
2026-07-12 19:12:11.282881: train_loss -0.4724
2026-07-12 19:12:11.283591: val_loss -0.4246
2026-07-12 19:12:11.283702: Pseudo dice [0.8002]
2026-07-12 19:12:11.283797: Epoch time: 115.31 s
2026-07-12 19:12:12.464536: 
2026-07-12 19:12:12.464692: Epoch 67
2026-07-12 19:12:12.464792: Current learning rate: 0.00059
2026-07-12 19:14:07.785221: train_loss -0.4699
2026-07-12 19:14:07.785988: val_loss -0.4279
2026-07-12 19:14:07.786095: Pseudo dice [0.8018]
2026-07-12 19:14:07.786188: Epoch time: 115.32 s
2026-07-12 19:14:07.786267: Yayy! New best EMA pseudo Dice: 0.8005
2026-07-12 19:14:08.979451: 
2026-07-12 19:14:08.979615: Epoch 68
2026-07-12 19:14:08.979713: Current learning rate: 0.00058
2026-07-12 19:16:04.294646: train_loss -0.4734
2026-07-12 19:16:04.295272: val_loss -0.424
2026-07-12 19:16:04.295382: Pseudo dice [0.8005]
2026-07-12 19:16:04.295477: Epoch time: 115.32 s
2026-07-12 19:16:05.460795: 
2026-07-12 19:16:05.460945: Epoch 69
2026-07-12 19:16:05.461044: Current learning rate: 0.00057
2026-07-12 19:18:00.766706: train_loss -0.471
2026-07-12 19:18:00.767758: val_loss -0.4301
2026-07-12 19:18:00.767863: Pseudo dice [0.8027]
2026-07-12 19:18:00.767955: Epoch time: 115.31 s
2026-07-12 19:18:00.768032: Yayy! New best EMA pseudo Dice: 0.8008
2026-07-12 19:18:01.959148: 
2026-07-12 19:18:01.959300: Epoch 70
2026-07-12 19:18:01.959396: Current learning rate: 0.00057
2026-07-12 19:19:57.253752: train_loss -0.4712
2026-07-12 19:19:57.254515: val_loss -0.4339
2026-07-12 19:19:57.254620: Pseudo dice [0.8032]
2026-07-12 19:19:57.254712: Epoch time: 115.29 s
2026-07-12 19:19:57.254791: Yayy! New best EMA pseudo Dice: 0.801
2026-07-12 19:19:58.450472: 
2026-07-12 19:19:58.450641: Epoch 71
2026-07-12 19:19:58.450743: Current learning rate: 0.00056
2026-07-12 19:21:53.781304: train_loss -0.474
2026-07-12 19:21:53.781935: val_loss -0.4355
2026-07-12 19:21:53.782040: Pseudo dice [0.8047]
2026-07-12 19:21:53.782135: Epoch time: 115.33 s
2026-07-12 19:21:53.782214: Yayy! New best EMA pseudo Dice: 0.8014
2026-07-12 19:21:54.974681: 
2026-07-12 19:21:54.974831: Epoch 72
2026-07-12 19:21:54.974928: Current learning rate: 0.00056
2026-07-12 19:23:50.284738: train_loss -0.4764
2026-07-12 19:23:50.285396: val_loss -0.4194
2026-07-12 19:23:50.285510: Pseudo dice [0.7988]
2026-07-12 19:23:50.285612: Epoch time: 115.31 s
2026-07-12 19:23:51.450902: 
2026-07-12 19:23:51.451056: Epoch 73
2026-07-12 19:23:51.451156: Current learning rate: 0.00055
2026-07-12 19:25:46.788851: train_loss -0.4746
2026-07-12 19:25:46.789576: val_loss -0.4312
2026-07-12 19:25:46.789679: Pseudo dice [0.8031]
2026-07-12 19:25:46.789770: Epoch time: 115.34 s
2026-07-12 19:25:47.959854: 
2026-07-12 19:25:47.960001: Epoch 74
2026-07-12 19:25:47.960101: Current learning rate: 0.00054
2026-07-12 19:27:43.270847: train_loss -0.4746
2026-07-12 19:27:43.271508: val_loss -0.4369
2026-07-12 19:27:43.271616: Pseudo dice [0.804]
2026-07-12 19:27:43.271708: Epoch time: 115.31 s
2026-07-12 19:27:43.297765: Yayy! New best EMA pseudo Dice: 0.8016
2026-07-12 19:27:44.487964: 
2026-07-12 19:27:44.488116: Epoch 75
2026-07-12 19:27:44.488215: Current learning rate: 0.00054
2026-07-12 19:29:39.750405: train_loss -0.475
2026-07-12 19:29:39.751281: val_loss -0.4376
2026-07-12 19:29:39.751389: Pseudo dice [0.8058]
2026-07-12 19:29:39.751482: Epoch time: 115.26 s
2026-07-12 19:29:39.751588: Yayy! New best EMA pseudo Dice: 0.802
2026-07-12 19:29:41.065256: 
2026-07-12 19:29:41.065413: Epoch 76
2026-07-12 19:29:41.065524: Current learning rate: 0.00053
2026-07-12 19:31:36.339461: train_loss -0.4745
2026-07-12 19:31:36.340368: val_loss -0.4415
2026-07-12 19:31:36.340471: Pseudo dice [0.8055]
2026-07-12 19:31:36.340572: Epoch time: 115.27 s
2026-07-12 19:31:36.340649: Yayy! New best EMA pseudo Dice: 0.8023
2026-07-12 19:31:37.529895: 
2026-07-12 19:31:37.530050: Epoch 77
2026-07-12 19:31:37.530145: Current learning rate: 0.00052
2026-07-12 19:33:32.810489: train_loss -0.4737
2026-07-12 19:33:32.811118: val_loss -0.4399
2026-07-12 19:33:32.811223: Pseudo dice [0.8054]
2026-07-12 19:33:32.811316: Epoch time: 115.28 s
2026-07-12 19:33:32.811395: Yayy! New best EMA pseudo Dice: 0.8027
2026-07-12 19:33:34.011483: 
2026-07-12 19:33:34.011646: Epoch 78
2026-07-12 19:33:34.011744: Current learning rate: 0.00052
2026-07-12 19:35:29.286923: train_loss -0.4755
2026-07-12 19:35:29.287585: val_loss -0.4209
2026-07-12 19:35:29.287686: Pseudo dice [0.7992]
2026-07-12 19:35:29.287780: Epoch time: 115.28 s
2026-07-12 19:35:30.471357: 
2026-07-12 19:35:30.471516: Epoch 79
2026-07-12 19:35:30.471620: Current learning rate: 0.00051
2026-07-12 19:37:25.754842: train_loss -0.4742
2026-07-12 19:37:25.755622: val_loss -0.4356
2026-07-12 19:37:25.755724: Pseudo dice [0.8051]
2026-07-12 19:37:25.755814: Epoch time: 115.28 s
2026-07-12 19:37:26.934880: 
2026-07-12 19:37:26.935030: Epoch 80
2026-07-12 19:37:26.935127: Current learning rate: 0.0005
2026-07-12 19:39:22.222849: train_loss -0.4763
2026-07-12 19:39:22.223629: val_loss -0.4143
2026-07-12 19:39:22.223734: Pseudo dice [0.7967]
2026-07-12 19:39:22.225520: Epoch time: 115.29 s
2026-07-12 19:39:23.408457: 
2026-07-12 19:39:23.408638: Epoch 81
2026-07-12 19:39:23.408757: Current learning rate: 0.0005
2026-07-12 19:41:18.689463: train_loss -0.4764
2026-07-12 19:41:18.690403: val_loss -0.4322
2026-07-12 19:41:18.690513: Pseudo dice [0.8021]
2026-07-12 19:41:18.690611: Epoch time: 115.28 s
2026-07-12 19:41:19.876738: 
2026-07-12 19:41:19.876887: Epoch 82
2026-07-12 19:41:19.876986: Current learning rate: 0.00049
2026-07-12 19:43:15.151663: train_loss -0.477
2026-07-12 19:43:15.152590: val_loss -0.4182
2026-07-12 19:43:15.152692: Pseudo dice [0.7985]
2026-07-12 19:43:15.152785: Epoch time: 115.28 s
2026-07-12 19:43:16.296007: 
2026-07-12 19:43:16.296148: Epoch 83
2026-07-12 19:43:16.296242: Current learning rate: 0.00048
2026-07-12 19:45:11.594807: train_loss -0.4762
2026-07-12 19:45:11.595515: val_loss -0.429
2026-07-12 19:45:11.595623: Pseudo dice [0.8013]
2026-07-12 19:45:11.595720: Epoch time: 115.3 s
2026-07-12 19:45:12.741082: 
2026-07-12 19:45:12.741232: Epoch 84
2026-07-12 19:45:12.741332: Current learning rate: 0.00048
2026-07-12 19:47:08.087684: train_loss -0.4752
2026-07-12 19:47:08.088727: val_loss -0.4245
2026-07-12 19:47:08.088831: Pseudo dice [0.8005]
2026-07-12 19:47:08.088925: Epoch time: 115.35 s
2026-07-12 19:47:09.229413: 
2026-07-12 19:47:09.229571: Epoch 85
2026-07-12 19:47:09.229671: Current learning rate: 0.00047
2026-07-12 19:49:04.558247: train_loss -0.4746
2026-07-12 19:49:04.559155: val_loss -0.4424
2026-07-12 19:49:04.559259: Pseudo dice [0.8068]
2026-07-12 19:49:04.559351: Epoch time: 115.33 s
2026-07-12 19:49:05.703490: 
2026-07-12 19:49:05.703653: Epoch 86
2026-07-12 19:49:05.703762: Current learning rate: 0.00046
2026-07-12 19:51:01.021681: train_loss -0.4764
2026-07-12 19:51:01.022371: val_loss -0.4206
2026-07-12 19:51:01.022479: Pseudo dice [0.7993]
2026-07-12 19:51:01.022582: Epoch time: 115.32 s
2026-07-12 19:51:02.163050: 
2026-07-12 19:51:02.163198: Epoch 87
2026-07-12 19:51:02.163295: Current learning rate: 0.00046
2026-07-12 19:52:57.472973: train_loss -0.4769
2026-07-12 19:52:57.473649: val_loss -0.4256
2026-07-12 19:52:57.473752: Pseudo dice [0.8007]
2026-07-12 19:52:57.473850: Epoch time: 115.31 s
2026-07-12 19:52:58.620649: 
2026-07-12 19:52:58.620795: Epoch 88
2026-07-12 19:52:58.620893: Current learning rate: 0.00045
2026-07-12 19:54:53.933690: train_loss -0.4781
2026-07-12 19:54:53.934383: val_loss -0.4353
2026-07-12 19:54:53.934488: Pseudo dice [0.8038]
2026-07-12 19:54:53.934592: Epoch time: 115.31 s
2026-07-12 19:54:55.074911: 
2026-07-12 19:54:55.075057: Epoch 89
2026-07-12 19:54:55.075153: Current learning rate: 0.00044
2026-07-12 19:56:50.395925: train_loss -0.478
2026-07-12 19:56:50.396636: val_loss -0.426
2026-07-12 19:56:50.396739: Pseudo dice [0.8014]
2026-07-12 19:56:50.396831: Epoch time: 115.32 s
2026-07-12 19:56:51.542531: 
2026-07-12 19:56:51.542675: Epoch 90
2026-07-12 19:56:51.542774: Current learning rate: 0.00044
2026-07-12 19:58:46.855988: train_loss -0.4779
2026-07-12 19:58:46.856620: val_loss -0.4416
2026-07-12 19:58:46.856725: Pseudo dice [0.8079]
2026-07-12 19:58:46.856905: Epoch time: 115.31 s
2026-07-12 19:58:48.005449: 
2026-07-12 19:58:48.005606: Epoch 91
2026-07-12 19:58:48.005707: Current learning rate: 0.00043
2026-07-12 20:00:43.314088: train_loss -0.4761
2026-07-12 20:00:43.317309: val_loss -0.4347
2026-07-12 20:00:43.317415: Pseudo dice [0.8038]
2026-07-12 20:00:43.317514: Epoch time: 115.31 s
2026-07-12 20:00:44.472427: 
2026-07-12 20:00:44.472586: Epoch 92
2026-07-12 20:00:44.472688: Current learning rate: 0.00043
2026-07-12 20:02:39.767877: train_loss -0.4789
2026-07-12 20:02:39.768577: val_loss -0.4258
2026-07-12 20:02:39.768682: Pseudo dice [0.8004]
2026-07-12 20:02:39.768775: Epoch time: 115.3 s
2026-07-12 20:02:40.926577: 
2026-07-12 20:02:40.926723: Epoch 93
2026-07-12 20:02:40.926821: Current learning rate: 0.00042
2026-07-12 20:04:36.223306: train_loss -0.4785
2026-07-12 20:04:36.224222: val_loss -0.4359
2026-07-12 20:04:36.224325: Pseudo dice [0.8042]
2026-07-12 20:04:36.224421: Epoch time: 115.3 s
2026-07-12 20:04:37.380076: 
2026-07-12 20:04:37.380220: Epoch 94
2026-07-12 20:04:37.380315: Current learning rate: 0.00041
2026-07-12 20:06:32.638706: train_loss -0.4778
2026-07-12 20:06:32.639476: val_loss -0.437
2026-07-12 20:06:32.639586: Pseudo dice [0.8047]
2026-07-12 20:06:32.639681: Epoch time: 115.26 s
2026-07-12 20:06:32.639758: Yayy! New best EMA pseudo Dice: 0.8027
2026-07-12 20:06:33.943298: 
2026-07-12 20:06:33.943454: Epoch 95
2026-07-12 20:06:33.943568: Current learning rate: 0.00041
2026-07-12 20:08:29.218655: train_loss -0.4776
2026-07-12 20:08:29.219387: val_loss -0.4312
2026-07-12 20:08:29.219492: Pseudo dice [0.803]
2026-07-12 20:08:29.219596: Epoch time: 115.28 s
2026-07-12 20:08:29.219675: Yayy! New best EMA pseudo Dice: 0.8028
2026-07-12 20:08:30.538056: 
2026-07-12 20:08:30.538216: Epoch 96
2026-07-12 20:08:30.538318: Current learning rate: 0.0004
2026-07-12 20:10:25.795545: train_loss -0.4756
2026-07-12 20:10:25.796250: val_loss -0.4222
2026-07-12 20:10:25.796353: Pseudo dice [0.7992]
2026-07-12 20:10:25.796445: Epoch time: 115.26 s
2026-07-12 20:10:26.966526: 
2026-07-12 20:10:26.966673: Epoch 97
2026-07-12 20:10:26.966790: Current learning rate: 0.00039
2026-07-12 20:12:22.245912: train_loss -0.4754
2026-07-12 20:12:22.247262: val_loss -0.4423
2026-07-12 20:12:22.247364: Pseudo dice [0.8062]
2026-07-12 20:12:22.247458: Epoch time: 115.28 s
2026-07-12 20:12:22.247544: Yayy! New best EMA pseudo Dice: 0.8028
2026-07-12 20:12:23.449582: 
2026-07-12 20:12:23.449742: Epoch 98
2026-07-12 20:12:23.449868: Current learning rate: 0.00039
2026-07-12 20:14:18.748842: train_loss -0.4798
2026-07-12 20:14:18.751690: val_loss -0.4365
2026-07-12 20:14:18.751797: Pseudo dice [0.8046]
2026-07-12 20:14:18.751893: Epoch time: 115.3 s
2026-07-12 20:14:18.751971: Yayy! New best EMA pseudo Dice: 0.803
2026-07-12 20:14:19.961723: 
2026-07-12 20:14:19.961876: Epoch 99
2026-07-12 20:14:19.962001: Current learning rate: 0.00038
2026-07-12 20:16:15.234534: train_loss -0.4775
2026-07-12 20:16:15.235246: val_loss -0.4332
2026-07-12 20:16:15.235351: Pseudo dice [0.8048]
2026-07-12 20:16:15.235444: Epoch time: 115.27 s
2026-07-12 20:16:15.262780: Yayy! New best EMA pseudo Dice: 0.8032
2026-07-12 20:16:16.455412: 
2026-07-12 20:16:16.455563: Epoch 100
2026-07-12 20:16:16.455679: Current learning rate: 0.00037
2026-07-12 20:18:11.763136: train_loss -0.4776
2026-07-12 20:18:11.764055: val_loss -0.4399
2026-07-12 20:18:11.764160: Pseudo dice [0.8055]
2026-07-12 20:18:11.764252: Epoch time: 115.31 s
2026-07-12 20:18:11.764328: Yayy! New best EMA pseudo Dice: 0.8034
2026-07-12 20:18:12.969331: 
2026-07-12 20:18:12.969480: Epoch 101
2026-07-12 20:18:12.969611: Current learning rate: 0.00037
2026-07-12 20:20:08.266874: train_loss -0.4796
2026-07-12 20:20:08.267585: val_loss -0.4411
2026-07-12 20:20:08.267692: Pseudo dice [0.8054]
2026-07-12 20:20:08.267791: Epoch time: 115.3 s
2026-07-12 20:20:08.267878: Yayy! New best EMA pseudo Dice: 0.8036
2026-07-12 20:20:09.475827: 
2026-07-12 20:20:09.475993: Epoch 102
2026-07-12 20:20:09.476114: Current learning rate: 0.00036
2026-07-12 20:22:04.762808: train_loss -0.4788
2026-07-12 20:22:04.763767: val_loss -0.4343
2026-07-12 20:22:04.763870: Pseudo dice [0.8035]
2026-07-12 20:22:04.763966: Epoch time: 115.29 s
2026-07-12 20:22:05.938486: 
2026-07-12 20:22:05.938655: Epoch 103
2026-07-12 20:22:05.938780: Current learning rate: 0.00035
2026-07-12 20:24:01.296698: train_loss -0.4791
2026-07-12 20:24:01.297608: val_loss -0.4351
2026-07-12 20:24:01.297721: Pseudo dice [0.8045]
2026-07-12 20:24:01.297820: Epoch time: 115.36 s
2026-07-12 20:24:01.297902: Yayy! New best EMA pseudo Dice: 0.8037
2026-07-12 20:24:02.505811: 
2026-07-12 20:24:02.506017: Epoch 104
2026-07-12 20:24:02.506192: Current learning rate: 0.00035
2026-07-12 20:25:57.878945: train_loss -0.4807
2026-07-12 20:25:57.880694: val_loss -0.4343
2026-07-12 20:25:57.880804: Pseudo dice [0.8046]
2026-07-12 20:25:57.880901: Epoch time: 115.37 s
2026-07-12 20:25:57.880980: Yayy! New best EMA pseudo Dice: 0.8038
2026-07-12 20:25:59.079286: 
2026-07-12 20:25:59.079470: Epoch 105
2026-07-12 20:25:59.079603: Current learning rate: 0.00034
2026-07-12 20:27:54.405986: train_loss -0.4824
2026-07-12 20:27:54.406822: val_loss -0.4296
2026-07-12 20:27:54.406927: Pseudo dice [0.8017]
2026-07-12 20:27:54.407017: Epoch time: 115.33 s
2026-07-12 20:27:55.583031: 
2026-07-12 20:27:55.583179: Epoch 106
2026-07-12 20:27:55.583279: Current learning rate: 0.00033
2026-07-12 20:29:50.876265: train_loss -0.4815
2026-07-12 20:29:50.876774: val_loss -0.4379
2026-07-12 20:29:50.876879: Pseudo dice [0.8053]
2026-07-12 20:29:50.876976: Epoch time: 115.29 s
2026-07-12 20:29:52.051258: 
2026-07-12 20:29:52.051410: Epoch 107
2026-07-12 20:29:52.051522: Current learning rate: 0.00032
2026-07-12 20:31:47.385768: train_loss -0.4795
2026-07-12 20:31:47.386460: val_loss -0.4268
2026-07-12 20:31:47.386571: Pseudo dice [0.8011]
2026-07-12 20:31:47.386667: Epoch time: 115.33 s
2026-07-12 20:31:48.569018: 
2026-07-12 20:31:48.569174: Epoch 108
2026-07-12 20:31:48.569275: Current learning rate: 0.00032
2026-07-12 20:33:43.885629: train_loss -0.4812
2026-07-12 20:33:43.886333: val_loss -0.4312
2026-07-12 20:33:43.886441: Pseudo dice [0.8029]
2026-07-12 20:33:43.886547: Epoch time: 115.32 s
2026-07-12 20:33:45.061888: 
2026-07-12 20:33:45.062032: Epoch 109
2026-07-12 20:33:45.062130: Current learning rate: 0.00031
2026-07-12 20:35:40.402652: train_loss -0.4809
2026-07-12 20:35:40.403281: val_loss -0.4356
2026-07-12 20:35:40.403392: Pseudo dice [0.8052]
2026-07-12 20:35:40.403487: Epoch time: 115.34 s
2026-07-12 20:35:41.608161: 
2026-07-12 20:35:41.608307: Epoch 110
2026-07-12 20:35:41.608407: Current learning rate: 0.0003
2026-07-12 20:37:36.927576: train_loss -0.4788
2026-07-12 20:37:36.928141: val_loss -0.4419
2026-07-12 20:37:36.928243: Pseudo dice [0.8055]
2026-07-12 20:37:36.928333: Epoch time: 115.32 s
2026-07-12 20:37:36.928409: Yayy! New best EMA pseudo Dice: 0.8038
2026-07-12 20:37:38.133349: 
2026-07-12 20:37:38.133506: Epoch 111
2026-07-12 20:37:38.133611: Current learning rate: 0.0003
2026-07-12 20:39:33.455456: train_loss -0.4808
2026-07-12 20:39:33.456173: val_loss -0.4434
2026-07-12 20:39:33.456277: Pseudo dice [0.8064]
2026-07-12 20:39:33.456371: Epoch time: 115.32 s
2026-07-12 20:39:33.456452: Yayy! New best EMA pseudo Dice: 0.804
2026-07-12 20:39:34.655260: 
2026-07-12 20:39:34.655407: Epoch 112
2026-07-12 20:39:34.655512: Current learning rate: 0.00029
2026-07-12 20:41:29.970101: train_loss -0.4823
2026-07-12 20:41:29.970807: val_loss -0.4392
2026-07-12 20:41:29.970911: Pseudo dice [0.8052]
2026-07-12 20:41:29.971005: Epoch time: 115.32 s
2026-07-12 20:41:29.971082: Yayy! New best EMA pseudo Dice: 0.8042
2026-07-12 20:41:31.170336: 
2026-07-12 20:41:31.170492: Epoch 113
2026-07-12 20:41:31.170607: Current learning rate: 0.00028
2026-07-12 20:43:26.445275: train_loss -0.4817
2026-07-12 20:43:26.446207: val_loss -0.4354
2026-07-12 20:43:26.446309: Pseudo dice [0.8046]
2026-07-12 20:43:26.446407: Epoch time: 115.28 s
2026-07-12 20:43:26.446484: Yayy! New best EMA pseudo Dice: 0.8042
2026-07-12 20:43:27.786041: 
2026-07-12 20:43:27.786202: Epoch 114
2026-07-12 20:43:27.786302: Current learning rate: 0.00028
2026-07-12 20:45:23.056620: train_loss -0.4823
2026-07-12 20:45:23.057196: val_loss -0.4266
2026-07-12 20:45:23.057302: Pseudo dice [0.8023]
2026-07-12 20:45:23.057401: Epoch time: 115.27 s
2026-07-12 20:45:24.350279: 
2026-07-12 20:45:24.350435: Epoch 115
2026-07-12 20:45:24.350554: Current learning rate: 0.00027
2026-07-12 20:47:19.613607: train_loss -0.4823
2026-07-12 20:47:19.614357: val_loss -0.4328
2026-07-12 20:47:19.614460: Pseudo dice [0.8037]
2026-07-12 20:47:19.614567: Epoch time: 115.26 s
2026-07-12 20:47:20.801296: 
2026-07-12 20:47:20.801442: Epoch 116
2026-07-12 20:47:20.802208: Current learning rate: 0.00026
2026-07-12 20:49:16.068220: train_loss -0.4818
2026-07-12 20:49:16.068852: val_loss -0.4304
2026-07-12 20:49:16.068957: Pseudo dice [0.8016]
2026-07-12 20:49:16.069053: Epoch time: 115.27 s
2026-07-12 20:49:17.250778: 
2026-07-12 20:49:17.250930: Epoch 117
2026-07-12 20:49:17.251027: Current learning rate: 0.00026
2026-07-12 20:51:12.512946: train_loss -0.481
2026-07-12 20:51:12.513605: val_loss -0.4353
2026-07-12 20:51:12.513710: Pseudo dice [0.8045]
2026-07-12 20:51:12.513808: Epoch time: 115.26 s
2026-07-12 20:51:13.701320: 
2026-07-12 20:51:13.701468: Epoch 118
2026-07-12 20:51:13.701581: Current learning rate: 0.00025
2026-07-12 20:53:08.959230: train_loss -0.4823
2026-07-12 20:53:08.959960: val_loss -0.4373
2026-07-12 20:53:08.960061: Pseudo dice [0.8044]
2026-07-12 20:53:08.960153: Epoch time: 115.26 s
2026-07-12 20:53:10.149260: 
2026-07-12 20:53:10.149412: Epoch 119
2026-07-12 20:53:10.149523: Current learning rate: 0.00024
2026-07-12 20:55:05.447299: train_loss -0.4813
2026-07-12 20:55:05.448298: val_loss -0.4353
2026-07-12 20:55:05.448404: Pseudo dice [0.8046]
2026-07-12 20:55:05.448507: Epoch time: 115.3 s
2026-07-12 20:55:06.648491: 
2026-07-12 20:55:06.648680: Epoch 120
2026-07-12 20:55:06.648803: Current learning rate: 0.00023
2026-07-12 20:57:02.069072: train_loss -0.4827
2026-07-12 20:57:02.072573: val_loss -0.4296
2026-07-12 20:57:02.072682: Pseudo dice [0.8034]
2026-07-12 20:57:02.072787: Epoch time: 115.42 s
2026-07-12 20:57:03.279736: 
2026-07-12 20:57:03.279915: Epoch 121
2026-07-12 20:57:03.280039: Current learning rate: 0.00023
2026-07-12 20:58:58.733696: train_loss -0.4824
2026-07-12 20:58:58.734303: val_loss -0.4251
2026-07-12 20:58:58.734411: Pseudo dice [0.8002]
2026-07-12 20:58:58.734518: Epoch time: 115.45 s
2026-07-12 20:58:59.934591: 
2026-07-12 20:58:59.934764: Epoch 122
2026-07-12 20:58:59.934887: Current learning rate: 0.00022
2026-07-12 21:00:55.343253: train_loss -0.4841
2026-07-12 21:00:55.343950: val_loss -0.4298
2026-07-12 21:00:55.344054: Pseudo dice [0.8031]
2026-07-12 21:00:55.344148: Epoch time: 115.41 s
2026-07-12 21:00:56.548174: 
2026-07-12 21:00:56.548350: Epoch 123
2026-07-12 21:00:56.548473: Current learning rate: 0.00021
2026-07-12 21:02:51.950914: train_loss -0.483
2026-07-12 21:02:51.951613: val_loss -0.4402
2026-07-12 21:02:51.951718: Pseudo dice [0.8059]
2026-07-12 21:02:51.951813: Epoch time: 115.4 s
2026-07-12 21:02:53.156454: 
2026-07-12 21:02:53.156644: Epoch 124
2026-07-12 21:02:53.156767: Current learning rate: 0.00021
2026-07-12 21:04:48.588139: train_loss -0.4805
2026-07-12 21:04:48.588917: val_loss -0.4373
2026-07-12 21:04:48.589025: Pseudo dice [0.805]
2026-07-12 21:04:48.589121: Epoch time: 115.43 s
2026-07-12 21:04:49.820960: 
2026-07-12 21:04:49.821138: Epoch 125
2026-07-12 21:04:49.821262: Current learning rate: 0.0002
2026-07-12 21:06:45.233162: train_loss -0.4822
2026-07-12 21:06:45.234324: val_loss -0.4247
2026-07-12 21:06:45.234426: Pseudo dice [0.8013]
2026-07-12 21:06:45.234522: Epoch time: 115.41 s
2026-07-12 21:06:46.434998: 
2026-07-12 21:06:46.435182: Epoch 126
2026-07-12 21:06:46.435314: Current learning rate: 0.00019
2026-07-12 21:08:41.865535: train_loss -0.4824
2026-07-12 21:08:41.866313: val_loss -0.4326
2026-07-12 21:08:41.866418: Pseudo dice [0.803]
2026-07-12 21:08:41.866558: Epoch time: 115.43 s
2026-07-12 21:08:43.069875: 
2026-07-12 21:08:43.070051: Epoch 127
2026-07-12 21:08:43.070177: Current learning rate: 0.00018
2026-07-12 21:10:38.489604: train_loss -0.4827
2026-07-12 21:10:38.490398: val_loss -0.436
2026-07-12 21:10:38.490511: Pseudo dice [0.8042]
2026-07-12 21:10:38.490607: Epoch time: 115.42 s
2026-07-12 21:10:39.691125: 
2026-07-12 21:10:39.691291: Epoch 128
2026-07-12 21:10:39.691411: Current learning rate: 0.00018
2026-07-12 21:12:35.108197: train_loss -0.4835
2026-07-12 21:12:35.108913: val_loss -0.4373
2026-07-12 21:12:35.109017: Pseudo dice [0.8053]
2026-07-12 21:12:35.109109: Epoch time: 115.42 s
2026-07-12 21:12:36.294573: 
2026-07-12 21:12:36.294745: Epoch 129
2026-07-12 21:12:36.294868: Current learning rate: 0.00017
2026-07-12 21:14:31.715997: train_loss -0.483
2026-07-12 21:14:31.716936: val_loss -0.4282
2026-07-12 21:14:31.717038: Pseudo dice [0.8018]
2026-07-12 21:14:31.717131: Epoch time: 115.42 s
2026-07-12 21:14:32.900109: 
2026-07-12 21:14:32.900282: Epoch 130
2026-07-12 21:14:32.900405: Current learning rate: 0.00016
2026-07-12 21:16:28.342088: train_loss -0.4846
2026-07-12 21:16:28.342657: val_loss -0.4394
2026-07-12 21:16:28.342761: Pseudo dice [0.8057]
2026-07-12 21:16:28.342857: Epoch time: 115.44 s
2026-07-12 21:16:29.525485: 
2026-07-12 21:16:29.525662: Epoch 131
2026-07-12 21:16:29.525784: Current learning rate: 0.00016
2026-07-12 21:18:24.952415: train_loss -0.4832
2026-07-12 21:18:24.953398: val_loss -0.4373
2026-07-12 21:18:24.953513: Pseudo dice [0.8048]
2026-07-12 21:18:24.953611: Epoch time: 115.43 s
2026-07-12 21:18:26.137994: 
2026-07-12 21:18:26.138171: Epoch 132
2026-07-12 21:18:26.138300: Current learning rate: 0.00015
2026-07-12 21:20:21.565130: train_loss -0.4827
2026-07-12 21:20:21.566059: val_loss -0.4374
2026-07-12 21:20:21.566161: Pseudo dice [0.8048]
2026-07-12 21:20:21.566254: Epoch time: 115.43 s
2026-07-12 21:20:22.753434: 
2026-07-12 21:20:22.753622: Epoch 133
2026-07-12 21:20:22.753746: Current learning rate: 0.00014
2026-07-12 21:22:18.197278: train_loss -0.4851
2026-07-12 21:22:18.198069: val_loss -0.4366
2026-07-12 21:22:18.198174: Pseudo dice [0.8047]
2026-07-12 21:22:18.198270: Epoch time: 115.44 s
2026-07-12 21:22:19.381783: 
2026-07-12 21:22:19.381949: Epoch 134
2026-07-12 21:22:19.382074: Current learning rate: 0.00013
2026-07-12 21:24:14.805094: train_loss -0.4838
2026-07-12 21:24:14.806001: val_loss -0.4395
2026-07-12 21:24:14.806105: Pseudo dice [0.8052]
2026-07-12 21:24:14.806230: Epoch time: 115.42 s
2026-07-12 21:24:16.001873: 
2026-07-12 21:24:16.002038: Epoch 135
2026-07-12 21:24:16.002160: Current learning rate: 0.00013
2026-07-12 21:26:11.362490: train_loss -0.484
2026-07-12 21:26:11.363429: val_loss -0.4356
2026-07-12 21:26:11.363543: Pseudo dice [0.8049]
2026-07-12 21:26:11.363640: Epoch time: 115.36 s
2026-07-12 21:26:11.363719: Yayy! New best EMA pseudo Dice: 0.8042
2026-07-12 21:26:12.582978: 
2026-07-12 21:26:12.583147: Epoch 136
2026-07-12 21:26:12.583270: Current learning rate: 0.00012
2026-07-12 21:28:07.911939: train_loss -0.4845
2026-07-12 21:28:07.913000: val_loss -0.4372
2026-07-12 21:28:07.913100: Pseudo dice [0.8046]
2026-07-12 21:28:07.913190: Epoch time: 115.33 s
2026-07-12 21:28:07.913265: Yayy! New best EMA pseudo Dice: 0.8043
2026-07-12 21:28:09.129486: 
2026-07-12 21:28:09.129662: Epoch 137
2026-07-12 21:28:09.129781: Current learning rate: 0.00011
2026-07-12 21:30:04.496093: train_loss -0.4836
2026-07-12 21:30:04.496742: val_loss -0.4381
2026-07-12 21:30:04.496850: Pseudo dice [0.8055]
2026-07-12 21:30:04.496942: Epoch time: 115.37 s
2026-07-12 21:30:04.497020: Yayy! New best EMA pseudo Dice: 0.8044
2026-07-12 21:30:05.716722: 
2026-07-12 21:30:05.716907: Epoch 138
2026-07-12 21:30:05.717028: Current learning rate: 0.0001
2026-07-12 21:32:01.088600: train_loss -0.4853
2026-07-12 21:32:01.089270: val_loss -0.4381
2026-07-12 21:32:01.089376: Pseudo dice [0.8058]
2026-07-12 21:32:01.089470: Epoch time: 115.37 s
2026-07-12 21:32:01.089556: Yayy! New best EMA pseudo Dice: 0.8045
2026-07-12 21:32:02.314068: 
2026-07-12 21:32:02.314248: Epoch 139
2026-07-12 21:32:02.314372: Current learning rate: 0.0001
2026-07-12 21:33:57.677808: train_loss -0.4855
2026-07-12 21:33:57.678758: val_loss -0.4351
2026-07-12 21:33:57.678864: Pseudo dice [0.8045]
2026-07-12 21:33:57.678956: Epoch time: 115.36 s
2026-07-12 21:33:58.867638: 
2026-07-12 21:33:58.867821: Epoch 140
2026-07-12 21:33:58.867947: Current learning rate: 9e-05
2026-07-12 21:35:54.186484: train_loss -0.4836
2026-07-12 21:35:54.187546: val_loss -0.4347
2026-07-12 21:35:54.187651: Pseudo dice [0.8044]
2026-07-12 21:35:54.188156: Epoch time: 115.32 s
2026-07-12 21:35:55.539238: 
2026-07-12 21:35:55.539422: Epoch 141
2026-07-12 21:35:55.539559: Current learning rate: 8e-05
2026-07-12 21:37:50.882105: train_loss -0.484
2026-07-12 21:37:50.882726: val_loss -0.4324
2026-07-12 21:37:50.882836: Pseudo dice [0.8031]
2026-07-12 21:37:50.882932: Epoch time: 115.34 s
2026-07-12 21:37:52.217263: 
2026-07-12 21:37:52.217430: Epoch 142
2026-07-12 21:37:52.217566: Current learning rate: 7e-05
2026-07-12 21:39:47.549712: train_loss -0.4841
2026-07-12 21:39:47.550492: val_loss -0.444
2026-07-12 21:39:47.550604: Pseudo dice [0.8072]
2026-07-12 21:39:47.550700: Epoch time: 115.33 s
2026-07-12 21:39:47.550778: Yayy! New best EMA pseudo Dice: 0.8047
2026-07-12 21:39:48.929697: 
2026-07-12 21:39:48.929874: Epoch 143
2026-07-12 21:39:48.930001: Current learning rate: 6e-05
2026-07-12 21:41:44.221903: train_loss -0.4839
2026-07-12 21:41:44.222906: val_loss -0.4357
2026-07-12 21:41:44.223009: Pseudo dice [0.8036]
2026-07-12 21:41:44.223100: Epoch time: 115.29 s
2026-07-12 21:41:45.414137: 
2026-07-12 21:41:45.414301: Epoch 144
2026-07-12 21:41:45.414421: Current learning rate: 6e-05
2026-07-12 21:43:40.740617: train_loss -0.4838
2026-07-12 21:43:40.741359: val_loss -0.4357
2026-07-12 21:43:40.741465: Pseudo dice [0.8041]
2026-07-12 21:43:40.741573: Epoch time: 115.33 s
2026-07-12 21:43:41.935632: 
2026-07-12 21:43:41.935807: Epoch 145
2026-07-12 21:43:41.935931: Current learning rate: 5e-05
2026-07-12 21:45:37.261676: train_loss -0.4855
2026-07-12 21:45:37.262367: val_loss -0.4358
2026-07-12 21:45:37.262470: Pseudo dice [0.8038]
2026-07-12 21:45:37.262575: Epoch time: 115.33 s
2026-07-12 21:45:38.459321: 
2026-07-12 21:45:38.459489: Epoch 146
2026-07-12 21:45:38.459622: Current learning rate: 4e-05
2026-07-12 21:47:33.856229: train_loss -0.4832
2026-07-12 21:47:33.856960: val_loss -0.4359
2026-07-12 21:47:33.857062: Pseudo dice [0.8043]
2026-07-12 21:47:33.857158: Epoch time: 115.4 s
2026-07-12 21:47:35.055234: 
2026-07-12 21:47:35.055410: Epoch 147
2026-07-12 21:47:35.055540: Current learning rate: 3e-05
2026-07-12 21:49:30.446887: train_loss -0.4855
2026-07-12 21:49:30.447610: val_loss -0.4423
2026-07-12 21:49:30.447717: Pseudo dice [0.8062]
2026-07-12 21:49:30.447816: Epoch time: 115.39 s
2026-07-12 21:49:31.649746: 
2026-07-12 21:49:31.649971: Epoch 148
2026-07-12 21:49:31.650116: Current learning rate: 2e-05
2026-07-12 21:51:27.056185: train_loss -0.4848
2026-07-12 21:51:27.056752: val_loss -0.426
2026-07-12 21:51:27.056862: Pseudo dice [0.8013]
2026-07-12 21:51:27.056957: Epoch time: 115.41 s
2026-07-12 21:51:28.250009: 
2026-07-12 21:51:28.250173: Epoch 149
2026-07-12 21:51:28.250295: Current learning rate: 1e-05
2026-07-12 21:53:23.566356: train_loss -0.486
2026-07-12 21:53:23.567023: val_loss -0.4368
2026-07-12 21:53:23.567126: Pseudo dice [0.8041]
2026-07-12 21:53:23.567223: Epoch time: 115.32 s
2026-07-12 21:53:24.874614: Training done.
2026-07-12 21:53:24.875524: Skipping final full validation because SMALLENET_SKIP_FINAL_VALIDATION=1
Training finished for nnUNetTrainerSmallENet on Dataset505_ARCADE_oversampled.
