Overriding CANDIDATE_BITS to (4, 6, 8) (from --candidate-bits).
Predecessor map: 86/88 layers have a real, traced predecessor (the rest are the network's own first layer(s), with no real predecessor to fall back to anything but self-sensitivity).
Extra dataflow nodes: 143 {'input_quant': 1, 'concat': 1, 'act': 1, 'upsample': 2, 'out_act': 27, 'residual_add': 27, 'skip_quant': 27, 'add': 27, 'dup': 28, 'pad_mvau': 2}.
Note: ['down1.pool', 'down2.pool', 'initial.pool'] have no sensitivity entry (MaxPool2d, no weight, never HAWQ-measured) -- given a fixed raw sensitivity of 0.0 for every (w,a), see module docstring.
Traced 88 layers (per-layer granularity, no block grouping). candidate_bits=(4, 6, 8) -> 9 (w,a) pairs. y: 792 binaries, z: 39843 binaries (40635 total). Solving (time_limit=600s, gap_rel=0.02)...
--target-fps 250.0 @ 100.0MHz -> every node <= 400000 cycles (hard constraint).
Wrote MILP/artifacts/S12_dense_nearest_upsample_512_hwsweep_partition2_wm_fps250/baseline_both_off/layer_bits_folding_baseline_both_off.json
ILP status: Optimal
LUT used (calibrated): 227740 (98.8% of 230400 budget) -- GUARANTEED (hard constraint).
BRAM_18K used (calibrated): 619 (99.1% of 624 budget) -- GUARANTEED (hard constraint).
DSP used: 1713 (99.1% of 1728 budget) -- GUARANTEED (hard constraint).
Bottleneck: down2.conv.0 at 393216 cycles/frame -> 254.3 FPS @ 100.0MHz
Total cycles (sum over nodes): 26917438
Branch imbalance (diagnostic, 28 fork/join diamonds): median=2.75x max=12.00x
Chain-rate imbalance (diagnostic, 230 nodes with a descendant): median=12.00x max=148.07x
  input_quant   x  1: LUT     1171  BRAM_18K    0.0  DSP    0  cycles     262144
  concat        x  1: LUT        0  BRAM_18K    0.0  DSP    0  cycles      65536
  act           x  1: LUT     2342  BRAM_18K    0.0  DSP    0  cycles     131072
  upsample      x  2: LUT        0  BRAM_18K    0.0  DSP    0  cycles      81920
  out_act       x 27: LUT    25143  BRAM_18K  100.8  DSP    0  cycles    3391488
  residual_add  x 27: LUT    26513  BRAM_18K   74.6  DSP    0  cycles    3997696
  skip_quant    x 27: LUT    28820  BRAM_18K  164.2  DSP    0  cycles    2998272
  add           x 27: LUT    16244  BRAM_18K    0.0  DSP    0  cycles    2293760
  dup           x 28: LUT    12075  BRAM_18K    0.0  DSP    0  cycles    2752512
  pad_mvau      x  2: LUT      639  BRAM_18K    0.0  DSP   12  cycles     327680
Wrote MILP/artifacts/S12_dense_nearest_upsample_512_hwsweep_partition2_wm_fps250/baseline_both_off/pruning_layer_bits_folding_baseline_both_off.json
Wrote MILP/artifacts/S12_dense_nearest_upsample_512_hwsweep_partition2_wm_fps250/baseline_both_off/final_output.onnx
Wrote MILP/artifacts/S12_dense_nearest_upsample_512_hwsweep_partition2_wm_fps250/baseline_both_off/summary.csv.
Wrote MILP/artifacts/S12_dense_nearest_upsample_512_hwsweep_partition2_wm_fps250/baseline_both_off/run_args.json.
