Overriding CANDIDATE_BITS to (4, 6, 8) (from --candidate-bits).
Predecessor map: 86/88 layers have a real, traced predecessor (the rest are the network's own first layer(s), with no real predecessor to fall back to anything but self-sensitivity).
Extra dataflow nodes: 143 {'input_quant': 1, 'concat': 1, 'act': 1, 'upsample': 2, 'out_act': 27, 'residual_add': 27, 'skip_quant': 27, 'add': 27, 'dup': 28, 'pad_mvau': 2}.
Note: ['down1.pool', 'down2.pool', 'initial.pool'] have no sensitivity entry (MaxPool2d, no weight, never HAWQ-measured) -- given a fixed raw sensitivity of 0.0 for every (w,a), see module docstring.
Traced 88 layers (per-layer granularity, no block grouping). candidate_bits=(4, 6, 8) -> 9 (w,a) pairs. y: 792 binaries, z: 39843 binaries (40635 total). Solving (time_limit=900s, gap_rel=0.005)...
--target-fps 250.0 @ 100.0MHz -> every node <= 400000 cycles (hard constraint).
--lexicographic: pass 1 (accuracy) Optimal -> MILP/artifacts/S12_dense_joinbits_regression_v1/fixed_dsr2_1.5/stage1_layer_bits_folding_fixed_dsr2_1.5.json; pass 2 pins its bits and minimizes resources under roof LUT 69.32% BRAM 57.85% DSP 30.15%.
--dsr-ratio-pass2 1.5: pass 2 roof = hard caps (0.7, 0.7, 0.7) (not pass 1's use).
Wrote MILP/artifacts/S12_dense_joinbits_regression_v1/fixed_dsr2_1.5/layer_bits_folding_fixed_dsr2_1.5.json
ILP status: Optimal
LUT used (calibrated): 161186 (70.0% of 230400 budget) -- GUARANTEED (hard constraint).
BRAM_18K used (calibrated): 311 (49.8% of 624 budget) -- GUARANTEED (hard constraint).
DSP used: 1074 (62.2% of 1728 budget) -- GUARANTEED (hard constraint).
Bottleneck: initial.pool at 327680 cycles/frame -> 305.2 FPS @ 100.0MHz
Total cycles (sum over nodes): 34677015
Branch imbalance (diagnostic, 28 fork/join diamonds): median=1.62x max=1.62x
Chain-rate imbalance (diagnostic, 230 nodes with a descendant): median=1.50x max=24.00x
  input_quant   x  1: LUT      139  BRAM_18K    0.0  DSP    0  cycles     262144
  concat        x  1: LUT        0  BRAM_18K    0.0  DSP    0  cycles      65536
  act           x  1: LUT      257  BRAM_18K    0.0  DSP    0  cycles     262144
  upsample      x  2: LUT        0  BRAM_18K    0.0  DSP    0  cycles      81920
  out_act       x 27: LUT    15779  BRAM_18K   41.0  DSP    0  cycles    4849664
  residual_add  x 27: LUT    20256  BRAM_18K   59.0  DSP    0  cycles    4849664
  skip_quant    x 27: LUT    20256  BRAM_18K   59.0  DSP    0  cycles    4849664
  add           x 27: LUT     3537  BRAM_18K    0.0  DSP    0  cycles    4849664
  dup           x 28: LUT     3220  BRAM_18K    0.0  DSP    0  cycles    5111808
  pad_mvau      x  2: LUT      574  BRAM_18K    0.0  DSP   10  cycles     393216
Wrote MILP/artifacts/S12_dense_joinbits_regression_v1/fixed_dsr2_1.5/pruning_layer_bits_folding_fixed_dsr2_1.5.json
Wrote MILP/artifacts/S12_dense_joinbits_regression_v1/fixed_dsr2_1.5/final_output.onnx
Wrote MILP/artifacts/S12_dense_joinbits_regression_v1/fixed_dsr2_1.5/summary.csv.
Wrote MILP/artifacts/S12_dense_joinbits_regression_v1/fixed_dsr2_1.5/run_args.json.
