/home/thelegendiv/finn/src/finn/custom_op/fpgadataflow/rtl/streamingfifo_rtl.py:70: UserWarning: StreamingFIFO_rtl_3: rounding-up FIFO depth from 16459 to 32768 for impl_style=vivado
  warnings.warn(
/home/thelegendiv/finn/src/finn/custom_op/fpgadataflow/rtl/streamingfifo_rtl.py:70: UserWarning: StreamingFIFO_rtl_11: rounding-up FIFO depth from 672 to 1024 for impl_style=vivado
  warnings.warn(
/home/thelegendiv/finn/src/finn/custom_op/fpgadataflow/rtl/streamingfifo_rtl.py:70: UserWarning: StreamingFIFO_rtl_12: rounding-up FIFO depth from 36992 to 65536 for impl_style=vivado
  warnings.warn(
/home/thelegendiv/finn/src/finn/custom_op/fpgadataflow/rtl/streamingfifo_rtl.py:70: UserWarning: StreamingFIFO_rtl_27: rounding-up FIFO depth from 9483 to 16384 for impl_style=vivado
  warnings.warn(
/home/thelegendiv/finn/src/finn/custom_op/fpgadataflow/rtl/streamingfifo_rtl.py:70: UserWarning: StreamingFIFO_rtl_32: rounding-up FIFO depth from 4368 to 8192 for impl_style=vivado
  warnings.warn(
/home/thelegendiv/finn/src/finn/custom_op/fpgadataflow/rtl/streamingfifo_rtl.py:70: UserWarning: StreamingFIFO_rtl_48: rounding-up FIFO depth from 19230 to 32768 for impl_style=vivado
  warnings.warn(
/home/thelegendiv/finn/src/finn/custom_op/fpgadataflow/rtl/streamingfifo_rtl.py:70: UserWarning: StreamingFIFO_rtl_53: rounding-up FIFO depth from 1135 to 2048 for impl_style=vivado
  warnings.warn(
/home/thelegendiv/finn/src/finn/custom_op/fpgadataflow/rtl/streamingfifo_rtl.py:70: UserWarning: StreamingFIFO_rtl_54: rounding-up FIFO depth from 9728 to 16384 for impl_style=vivado
  warnings.warn(
/home/thelegendiv/finn/src/finn/custom_op/fpgadataflow/rtl/streamingfifo_rtl.py:70: UserWarning: StreamingFIFO_rtl_70: rounding-up FIFO depth from 45420 to 65536 for impl_style=vivado
  warnings.warn(
/home/thelegendiv/finn/src/finn/custom_op/fpgadataflow/rtl/streamingfifo_rtl.py:70: UserWarning: StreamingFIFO_rtl_75: rounding-up FIFO depth from 2717 to 4096 for impl_style=vivado
  warnings.warn(
/home/thelegendiv/finn/src/finn/custom_op/fpgadataflow/rtl/streamingfifo_rtl.py:70: UserWarning: StreamingFIFO_rtl_76: rounding-up FIFO depth from 25160 to 32768 for impl_style=vivado
  warnings.warn(
/home/thelegendiv/finn/src/finn/custom_op/fpgadataflow/rtl/streamingfifo_rtl.py:70: UserWarning: StreamingFIFO_rtl_93: rounding-up FIFO depth from 4222 to 8192 for impl_style=vivado
  warnings.warn(
/home/thelegendiv/finn/src/finn/custom_op/fpgadataflow/rtl/streamingfifo_rtl.py:70: UserWarning: StreamingFIFO_rtl_98: rounding-up FIFO depth from 1920 to 2048 for impl_style=vivado
  warnings.warn(
[dsrSweep_pbiOff_dsr3.0_milpfold] loading prefifo-autosize checkpoint: finn_deployment_outputs/S12_dense_nearest_upsample_512_hwsweep_wm_dsrSweep_pbiOff_dsr3.0_milpfold_partition2_20260929_172638/partition2_dsrSweep_pbiOff_dsr3.0_milpfold_prefifo_autosize.onnx
[dsrSweep_pbiOff_dsr3.0_milpfold] Running: SplitLargeFIFOs
[dsrSweep_pbiOff_dsr3.0_milpfold] Running: PrepareIP + HLSSynthIP (regenerates all per-node IP -- old paths pointed at the now-wiped /tmp)
